Problem executing hardhat to fetch configuration, using defaults: [Errno 2] No such file or directory: 'hardhat'
[mvscan-config] {"ATOMIC_GROUP": [], "DIVERGENCE_BUDGET": 1000, "ENABLE_BRANCH_GROUPS": true, "ENABLE_EXTERNAL_STATE": true, "ENABLE_MULTI_RETURN_GROUPS": true, "MAPPING_MODE": "precise", "MERGE_OVERLOADS": false, "MVSCAN_ABLATION": "full", "MVSCAN_CONTEXTUAL_KEYS": false, "MVSCAN_INCLUDE_SCALAR_WITNESSES": false, "MVSCAN_INTERFACE_DISPATCH": false, "MVSCAN_MAX_CONTEXTS_PER_OWNER_BLOCK": 128, "MVSCAN_MAX_DISPATCH_TARGETS": 16, "MVSCAN_REQUIRE_DISTINCT_OUTER_ROOTS": false, "MVSCAN_ROOT_CONTEXT_SINKS": false, "NOOP_WRITE_FILTER": true, "REQUIRE_SAME_SLOT_KEY": true, "SINK_TEST": "none", "USER_CALLABLE_ALWAYS": [], "USER_CALLABLE_DENY": []}
[mvscan-stage] icfg-built blocks=1489 vars=57
[mvscan-stage] root-seeding-done eligible_exposures=48 seeded=38 multi_exposure_entry_blocks=10 collapsed_contextual_aliases=10 excluded_dependency=0 excluded_interface=37 excluded_library=0 excluded_abstract=2 missing_entry_point=0 missing_entry_block=0
[mvscan-pairs] call_target_digest=803ec478b6b0377786d30f2f9ebabae5baba736050b2130c3c0bdd51602e5823 candidate_count=10 candidate_digest=1659edb58a1bdee9896fee04bb96f2706cc0fc5034b78d777e902b4b5ace6959 context_instance_count=30 eligible_readers=16 eligible_writers=9 execution_context_digest=d62add05b2a7fde99266ba9e61307523c72d5bb8126fd18ce81c0578543d7883 insensitive_readers_filtered=10 invalid_partial_write_filtered=0 must_full_relation_filtered=16 omitted_member_evidence_filtered=0 omitted_member_not_sensitive_filtered=0 owner_context_pairs=30 owner_context_pairs_considered=46 raw_block_pairs=48 reader_witness_count=30 relation_base_members_shadowed=6 relation_context_incompatible=0 relation_digest=ee963320a3770306258e1ec0e1c5ad2d60c776c9221bd5d0b11e7921637c183a relation_evidence_edges=28 relation_incompatible=20 relation_members_raw=57 relation_origins_registered=3 relation_origins_rejected_unary_after_shadowing=45 relation_origins_rejected_unreachable=15 relation_origins_seen=48 root_context_sink_filtered=0 same_outer_root_filtered=0 scalar_variables_skipped=42 storage_context_mismatch=0 variables_considered=45
INFO:Detectors:

[MV-SI candidate 36aa09b5898e41275a01] {ibRatio, weights[@local::contracts/Basket.sol::Basket.pullUnderlying(uint256,address)::LocalVariable::i_2]}
 writer root       -> contracts/Basket.sol::Basket.updateIBRatio(uint256)
 writer effect     -> contracts/Basket.sol:235
 written member    -> ('SV', 'contracts/Basket.sol', 'Basket.ibRatio')
 potentially stale -> ('MS', 'contracts/Basket.sol', 'Basket.weights', '@local::contracts/Basket.sol::Basket.pullUnderlying(uint256,address)::LocalVariable::i_2')
 reader witnesses  -> 2
 storage exposures -> 1
[MV-SI candidate 3c3d385a9d347ab023bf] {ibRatio, weights[@local::contracts/Basket.sol::Basket.pullUnderlying(uint256,address)::LocalVariable::i_2]}
 writer root       -> contracts/Basket.sol::Basket.mintTo(uint256,address)
 writer effect     -> contracts/Basket.sol:139
 written member    -> ('SV', 'contracts/Basket.sol', 'Basket.ibRatio')
 potentially stale -> ('MS', 'contracts/Basket.sol', 'Basket.weights', '@local::contracts/Basket.sol::Basket.pullUnderlying(uint256,address)::LocalVariable::i_2')
 reader witnesses  -> 2
 storage exposures -> 1
[MV-SI candidate 87fc1b04fa4b88830150] {ibRatio, weights[@local::contracts/Basket.sol::Basket.pullUnderlying(uint256,address)::LocalVariable::i_2]}
 writer root       -> contracts/Basket.sol::Basket.burn(uint256)
 writer effect     -> contracts/Basket.sol:139
 written member    -> ('SV', 'contracts/Basket.sol', 'Basket.ibRatio')
 potentially stale -> ('MS', 'contracts/Basket.sol', 'Basket.weights', '@local::contracts/Basket.sol::Basket.pullUnderlying(uint256,address)::LocalVariable::i_2')
 reader witnesses  -> 2
 storage exposures -> 1
[MV-SI candidate 88eab82174c5cdf1eb89] {ibRatio, weights[@local::contracts/Basket.sol::Basket.pullUnderlying(uint256,address)::LocalVariable::i_2]}
 writer root       -> contracts/Basket.sol::Basket.mint(uint256)
 writer effect     -> contracts/Basket.sol:139
 written member    -> ('SV', 'contracts/Basket.sol', 'Basket.ibRatio')
 potentially stale -> ('MS', 'contracts/Basket.sol', 'Basket.weights', '@local::contracts/Basket.sol::Basket.pullUnderlying(uint256,address)::LocalVariable::i_2')
 reader witnesses  -> 2
 storage exposures -> 1
[MV-SI candidate 88fbdb762fc22e8e5ca1] {ibRatio, weights[@local::contracts/Basket.sol::Basket.pullUnderlying(uint256,address)::LocalVariable::i_2]}
 writer root       -> contracts/Basket.sol::Basket.initialize(IFactory.Proposal,IAuction)
 writer effect     -> contracts/Basket.sol:49
 written member    -> ('SV', 'contracts/Basket.sol', 'Basket.ibRatio')
 potentially stale -> ('MS', 'contracts/Basket.sol', 'Basket.weights', '@local::contracts/Basket.sol::Basket.pullUnderlying(uint256,address)::LocalVariable::i_2')
 reader witnesses  -> 2
 storage exposures -> 1
[MV-SI candidate 8e1a517158a054f36ebb] {auctionStart, bondBlock}
 writer root       -> contracts/Auction.sol::Auction.startAuction()
 writer effect     -> contracts/Auction.sol:39
 written member    -> ('SV', 'contracts/Auction.sol', 'Auction.auctionStart')
 potentially stale -> ('SV', 'contracts/Auction.sol', 'Auction.bondBlock')
 reader witnesses  -> 3
 storage exposures -> 1
[MV-SI candidate 9130c256bcc18918e456] {ibRatio, weights[@local::contracts/Basket.sol::Basket.pullUnderlying(uint256,address)::LocalVariable::i_2]}
 writer root       -> contracts/Basket.sol::Basket.auctionBurn(uint256)
 writer effect     -> contracts/Basket.sol:139
 written member    -> ('SV', 'contracts/Basket.sol', 'Basket.ibRatio')
 potentially stale -> ('MS', 'contracts/Basket.sol', 'Basket.weights', '@local::contracts/Basket.sol::Basket.pullUnderlying(uint256,address)::LocalVariable::i_2')
 reader witnesses  -> 2
 storage exposures -> 1
[MV-SI candidate accca7646f8eb3f9adfd] {auctionStart, bondBlock}
 writer root       -> contracts/Auction.sol::Auction.bondForRebalance()
 writer effect     -> contracts/Auction.sol:61
 written member    -> ('SV', 'contracts/Auction.sol', 'Auction.bondBlock')
 potentially stale -> ('SV', 'contracts/Auction.sol', 'Auction.auctionStart')
 reader witnesses  -> 1
 storage exposures -> 1
[MV-SI candidate dc30f5b302790544283d] {auction, publisher}
 writer root       -> contracts/Basket.sol::Basket.changePublisher(address)
 writer effect     -> contracts/Basket.sol:152
 written member    -> ('SV', 'contracts/Basket.sol', 'Basket.publisher')
 potentially stale -> ('SV', 'contracts/Basket.sol', 'Basket.auction')
 reader witnesses  -> 12
 storage exposures -> 1
[MV-SI candidate f21536a6bd8c92c23506] {ibRatio, weights[@local::contracts/Basket.sol::Basket.pullUnderlying(uint256,address)::LocalVariable::i_2]}
 writer root       -> contracts/Basket.sol::Basket.auctionBurn(uint256)
 writer effect     -> contracts/Basket.sol:118
 written member    -> ('SV', 'contracts/Basket.sol', 'Basket.ibRatio')
 potentially stale -> ('MS', 'contracts/Basket.sol', 'Basket.weights', '@local::contracts/Basket.sol::Basket.pullUnderlying(uint256,address)::LocalVariable::i_2')
 reader witnesses  -> 2
 storage exposures -> 1Reference: https://github.com/crytic/slither/wiki/Detector-Documentation
INFO:Slither:. analyzed (23 contracts with 1 detectors), 10 result(s) found
