'/mnt/compiler-bin/solc --version' running
'solc --standard-json --allow-paths /tmp/analysis-input' running
Warning: Warning: SPDX license identifier not provided in source file. Before publishing, consider adding a comment containing "SPDX-License-Identifier: <SPDX-License>" to each source file. Use "SPDX-License-Identifier: UNLICENSED" for non-open-source code. Please see https://spdx.org for more information.
--> interfaces/balancer/IVault.sol


Warning: Warning: SPDX license identifier not provided in source file. Before publishing, consider adding a comment containing "SPDX-License-Identifier: <SPDX-License>" to each source file. Use "SPDX-License-Identifier: UNLICENSED" for non-open-source code. Please see https://spdx.org for more information.
--> interfaces/balancer/IWeightedPool.sol


Warning: Warning: "error" will be promoted to keyword in the future and will not be allowed as an identifier anymore.
  --> @openzeppelin-upgradeable/contracts/utils/cryptography/ECDSAUpgradeable.sol:23:26:
   |
23 |     function _throwError(RecoverError error) private pure {
   |                          ^^^^^^^^^^^^^^^^^^


Warning: Warning: "error" will be promoted to keyword in the future and will not be allowed as an identifier anymore.
   --> @openzeppelin-upgradeable/contracts/utils/cryptography/ECDSAUpgradeable.sol:103:29:
    |
103 |         (address recovered, RecoverError error) = tryRecover(hash, signature);
    |                             ^^^^^^^^^^^^^^^^^^


Warning: Warning: "error" will be promoted to keyword in the future and will not be allowed as an identifier anymore.
   --> @openzeppelin-upgradeable/contracts/utils/cryptography/ECDSAUpgradeable.sol:139:29:
    |
139 |         (address recovered, RecoverError error) = tryRecover(hash, r, vs);
    |                             ^^^^^^^^^^^^^^^^^^


Warning: Warning: "error" will be promoted to keyword in the future and will not be allowed as an identifier anymore.
   --> @openzeppelin-upgradeable/contracts/utils/cryptography/ECDSAUpgradeable.sol:191:29:
    |
191 |         (address recovered, RecoverError error) = tryRecover(hash, v, r, s);
    |                             ^^^^^^^^^^^^^^^^^^


Warning: Warning: "error" will be promoted to keyword in the future and will not be allowed as an identifier anymore.
  --> @openzeppelin/contracts/utils/cryptography/ECDSA.sol:23:26:
   |
23 |     function _throwError(RecoverError error) private pure {
   |                          ^^^^^^^^^^^^^^^^^^


Warning: Warning: "error" will be promoted to keyword in the future and will not be allowed as an identifier anymore.
   --> @openzeppelin/contracts/utils/cryptography/ECDSA.sol:103:29:
    |
103 |         (address recovered, RecoverError error) = tryRecover(hash, signature);
    |                             ^^^^^^^^^^^^^^^^^^


Warning: Warning: "error" will be promoted to keyword in the future and will not be allowed as an identifier anymore.
   --> @openzeppelin/contracts/utils/cryptography/ECDSA.sol:139:29:
    |
139 |         (address recovered, RecoverError error) = tryRecover(hash, r, vs);
    |                             ^^^^^^^^^^^^^^^^^^


Warning: Warning: "error" will be promoted to keyword in the future and will not be allowed as an identifier anymore.
   --> @openzeppelin/contracts/utils/cryptography/ECDSA.sol:191:29:
    |
191 |         (address recovered, RecoverError error) = tryRecover(hash, v, r, s);
    |                             ^^^^^^^^^^^^^^^^^^


Warning: Warning: "error" will be promoted to keyword in the future and will not be allowed as an identifier anymore.
   --> contracts/utils/EIP1271Wallet.sol:200:29:
    |
200 |         (address recovered, ECDSA.RecoverError error) = ECDSA.tryRecover(
    |                             ^^^^^^^^^^^^^^^^^^^^^^^^


Warning: Warning: Comparison of variables of contract type is deprecated and scheduled for removal. Use an explicit cast to address type and compare the addresses instead.
   --> contracts/sNOTE.sol:193:28:
    |
193 |         uint256 msgValue = assets[0] == IAsset(address(0)) ? maxAmountsIn[0] : 0;
    |                            ^^^^^^^^^^^^^^^^^^^^^^^^^^^^^^^


Warning: Warning: Unused function parameter. Remove or comment out the variable name to silence this warning.
  --> @openzeppelin-upgradeable/contracts/token/ERC20/extensions/draft-ERC20PermitUpgradeable.sol:42:43:
   |
42 |     function __ERC20Permit_init_unchained(string memory name) internal onlyInitializing {
   |                                           ^^^^^^^^^^^^^^^^^^


Warning: Warning: Unused function parameter. Remove or comment out the variable name to silence this warning.
  --> contracts/utils/EmptyProxy.sol:15:32:
   |
15 |     function _authorizeUpgrade(address newImplementation) internal override {
   |                                ^^^^^^^^^^^^^^^^^^^^^^^^^


Warning: Warning: Function state mutability can be restricted to view
  --> contracts/utils/EmptyProxy.sol:15:5:
   |
15 |     function _authorizeUpgrade(address newImplementation) internal override {
   |     ^ (Relevant source part starts here and spans across multiple lines).



[mvscan-config] {"ATOMIC_GROUP": [], "DIVERGENCE_BUDGET": 1000, "ENABLE_BRANCH_GROUPS": false, "ENABLE_EXTERNAL_STATE": true, "ENABLE_MULTI_RETURN_GROUPS": true, "MAPPING_MODE": "precise", "MERGE_OVERLOADS": false, "MVSCAN_ABLATION": "no_branch_groups", "MVSCAN_CONTEXTUAL_KEYS": true, "MVSCAN_INCLUDE_SCALAR_WITNESSES": false, "MVSCAN_INTERFACE_DISPATCH": false, "MVSCAN_MAX_CONTEXTS_PER_OWNER_BLOCK": 128, "MVSCAN_MAX_DISPATCH_TARGETS": 16, "MVSCAN_REQUIRE_DISTINCT_OUTER_ROOTS": false, "MVSCAN_ROOT_CONTEXT_SINKS": false, "NOOP_WRITE_FILTER": true, "REQUIRE_SAME_SLOT_KEY": true, "SINK_TEST": "none", "USER_CALLABLE_ALWAYS": [], "USER_CALLABLE_DENY": []}
[mvscan-stage] icfg-built blocks=1253 vars=71
[mvscan-stage] root-seeding-done eligible_exposures=56 seeded=42 multi_exposure_entry_blocks=10 collapsed_contextual_aliases=14 excluded_dependency=0 excluded_interface=22 excluded_library=0 excluded_abstract=18 missing_entry_point=0 missing_entry_block=0
[mvscan-pairs] call_target_digest=fdf322291f2f3355c247ac0ab9acb194c70c35a041ca7ec931eaaf00b0125363 candidate_count=0 candidate_digest=4f53cda18c2baa0c0354bb5f9a3ecbe5ed12ab4d8e11ba873c2f11161202b945 context_instance_count=0 eligible_readers=6 eligible_writers=8 execution_context_digest=f62d1bffd24d76a78526982dbbf86e269264f3491cb984afc170b89e5a462026 insensitive_readers_filtered=28 invalid_partial_write_filtered=0 must_full_relation_filtered=0 omitted_member_evidence_filtered=0 omitted_member_not_sensitive_filtered=0 owner_context_pairs=0 owner_context_pairs_considered=146 raw_block_pairs=24 reader_witness_count=0 relation_base_members_shadowed=0 relation_context_incompatible=66 relation_digest=764491282c0c082cef94b64b112d3b9b96ac650245a577ea2eb62f79827ef969 relation_members_raw=10 relation_origins_registered=2 relation_origins_rejected_unary_after_shadowing=6 relation_origins_rejected_unreachable=23 relation_origins_seen=8 relation_unbound_key_templates=30 root_context_sink_filtered=0 same_outer_root_filtered=0 same_static_block_filtered=4 scalar_variables_skipped=28 storage_context_mismatch=80 variables_considered=30
INFO:Slither:mvscan-standard-input.json analyzed (47 contracts with 1 detectors), 0 result(s) found
