Problem executing hardhat to fetch configuration, using defaults: [Errno 2] No such file or directory: 'hardhat'
ERROR:ContractSolcParsing:Impossible to generate IR for Ladle._pour (contracts/Ladle.sol#296-321):
 'NoneType' object has no attribute 'parameters'
ERROR:ContractSolcParsing:Impossible to generate IR for Ladle._roll (contracts/Ladle.sol#410-441):
 'NoneType' object has no attribute 'parameters'
ERROR:ContractSolcParsing:Impossible to generate IR for Pool._mintInternal (contracts/yieldspace/Pool.sol#231-298):
 'NoneType' object has no attribute 'parameters'
[mvscan-config] {"ATOMIC_GROUP": [], "DIVERGENCE_BUDGET": 1000, "ENABLE_BRANCH_GROUPS": false, "ENABLE_EXTERNAL_STATE": true, "ENABLE_MULTI_RETURN_GROUPS": true, "MAPPING_MODE": "precise", "MERGE_OVERLOADS": false, "MVSCAN_ABLATION": "no_branch_groups", "MVSCAN_CONTEXTUAL_KEYS": true, "MVSCAN_INCLUDE_SCALAR_WITNESSES": false, "MVSCAN_INTERFACE_DISPATCH": false, "MVSCAN_MAX_CONTEXTS_PER_OWNER_BLOCK": 128, "MVSCAN_MAX_DISPATCH_TARGETS": 16, "MVSCAN_REQUIRE_DISTINCT_OUTER_ROOTS": false, "MVSCAN_ROOT_CONTEXT_SINKS": false, "NOOP_WRITE_FILTER": true, "REQUIRE_SAME_SLOT_KEY": true, "SINK_TEST": "none", "USER_CALLABLE_ALWAYS": [], "USER_CALLABLE_DENY": []}
[mvscan-stage] icfg-built blocks=3087 vars=128
[mvscan-stage] root-seeding-done eligible_exposures=198 seeded=102 multi_exposure_entry_blocks=12 collapsed_contextual_aliases=96 excluded_dependency=0 excluded_interface=75 excluded_library=0 excluded_abstract=4 missing_entry_point=0 missing_entry_block=0
[mvscan-pairs] call_target_digest=4c598b8d37a69ca13606718136104299a8a355dbd974242183889a795648357b candidate_count=2 candidate_digest=71eda9ee4f4cdf2f7d0006f13f1cdb04957fd0c3937c130dc311c47f38386181 context_instance_count=4 eligible_readers=15 eligible_writers=24 execution_context_digest=675e718f42e8d1cd3d6a66a84dbaf70063cc564ec7f599d2fc4a80b5a46e6361 insensitive_readers_filtered=39 invalid_partial_write_filtered=0 must_full_relation_filtered=0 omitted_member_evidence_filtered=0 omitted_member_not_sensitive_filtered=0 owner_context_pairs=12 owner_context_pairs_considered=4896 raw_block_pairs=120 reader_witness_count=12 relation_base_members_shadowed=0 relation_context_incompatible=879 relation_digest=2596a736d54277482342cd147ced3d234a4ec2f15653b5a6babbae5c7ebbfc8c relation_members_raw=21 relation_origins_registered=3 relation_origins_rejected_unary_after_shadowing=15 relation_origins_rejected_unreachable=39 relation_origins_seen=18 relation_unbound_key_templates=51 root_context_sink_filtered=0 same_outer_root_filtered=0 same_static_block_filtered=6 scalar_variables_skipped=70 storage_context_mismatch=4005 variables_considered=73
INFO:Detectors:

[MV-SI candidate 7b3098f1b4bc01489bb8] {_balanceOf[@local::contracts/yieldspace/Pool.sol::Pool._burnInternal(address,bool,uint256,uint256)::TemporaryVariable::TMP_2838], _totalSupply}
 writer root       -> contracts/yieldspace/Pool.sol::Pool.burn(address,uint256,uint256)
 writer effect     -> contracts/utils/token/ERC20.sol:191
 written member    -> ('SV', 'contracts/utils/token/ERC20.sol', 'ERC20._totalSupply')
 potentially stale -> ('MS', 'contracts/utils/token/ERC20.sol', 'ERC20._balanceOf', '@local::contracts/yieldspace/Pool.sol::Pool._burnInternal(address,bool,uint256,uint256)::TemporaryVariable::TMP_2838')
 reader witnesses  -> 6
 storage exposures -> 1
[MV-SI candidate d6a82a472f86ba1bb4da] {_balanceOf[@local::contracts/yieldspace/Pool.sol::Pool._burnInternal(address,bool,uint256,uint256)::TemporaryVariable::TMP_2838], _totalSupply}
 writer root       -> contracts/yieldspace/Pool.sol::Pool.burnForBase(address,uint256)
 writer effect     -> contracts/utils/token/ERC20.sol:191
 written member    -> ('SV', 'contracts/utils/token/ERC20.sol', 'ERC20._totalSupply')
 potentially stale -> ('MS', 'contracts/utils/token/ERC20.sol', 'ERC20._balanceOf', '@local::contracts/yieldspace/Pool.sol::Pool._burnInternal(address,bool,uint256,uint256)::TemporaryVariable::TMP_2838')
 reader witnesses  -> 6
 storage exposures -> 1Reference: https://github.com/crytic/slither/wiki/Detector-Documentation
[mvscan-config] {"ATOMIC_GROUP": [], "DIVERGENCE_BUDGET": 1000, "ENABLE_BRANCH_GROUPS": false, "ENABLE_EXTERNAL_STATE": true, "ENABLE_MULTI_RETURN_GROUPS": true, "MAPPING_MODE": "precise", "MERGE_OVERLOADS": false, "MVSCAN_ABLATION": "no_branch_groups", "MVSCAN_CONTEXTUAL_KEYS": true, "MVSCAN_INCLUDE_SCALAR_WITNESSES": false, "MVSCAN_INTERFACE_DISPATCH": false, "MVSCAN_MAX_CONTEXTS_PER_OWNER_BLOCK": 128, "MVSCAN_MAX_DISPATCH_TARGETS": 16, "MVSCAN_REQUIRE_DISTINCT_OUTER_ROOTS": false, "MVSCAN_ROOT_CONTEXT_SINKS": false, "NOOP_WRITE_FILTER": true, "REQUIRE_SAME_SLOT_KEY": true, "SINK_TEST": "none", "USER_CALLABLE_ALWAYS": [], "USER_CALLABLE_DENY": []}
[mvscan-stage] icfg-built blocks=4 vars=0
[mvscan-stage] root-seeding-done eligible_exposures=0 seeded=0 multi_exposure_entry_blocks=0 collapsed_contextual_aliases=0 excluded_dependency=0 excluded_interface=0 excluded_library=0 excluded_abstract=0 missing_entry_point=0 missing_entry_block=0
[mvscan-pairs] call_target_digest=4f53cda18c2baa0c0354bb5f9a3ecbe5ed12ab4d8e11ba873c2f11161202b945 candidate_count=0 candidate_digest=4f53cda18c2baa0c0354bb5f9a3ecbe5ed12ab4d8e11ba873c2f11161202b945 context_instance_count=0 execution_context_digest=4f53cda18c2baa0c0354bb5f9a3ecbe5ed12ab4d8e11ba873c2f11161202b945 invalid_partial_write_filtered=0 must_full_relation_filtered=0 omitted_member_evidence_filtered=0 omitted_member_not_sensitive_filtered=0 owner_context_pairs=0 owner_context_pairs_considered=0 reader_witness_count=0 relation_context_incompatible=0 relation_digest=4f53cda18c2baa0c0354bb5f9a3ecbe5ed12ab4d8e11ba873c2f11161202b945 root_context_sink_filtered=0 same_outer_root_filtered=0 storage_context_mismatch=0
[mvscan-config] {"ATOMIC_GROUP": [], "DIVERGENCE_BUDGET": 1000, "ENABLE_BRANCH_GROUPS": false, "ENABLE_EXTERNAL_STATE": true, "ENABLE_MULTI_RETURN_GROUPS": true, "MAPPING_MODE": "precise", "MERGE_OVERLOADS": false, "MVSCAN_ABLATION": "no_branch_groups", "MVSCAN_CONTEXTUAL_KEYS": true, "MVSCAN_INCLUDE_SCALAR_WITNESSES": false, "MVSCAN_INTERFACE_DISPATCH": false, "MVSCAN_MAX_CONTEXTS_PER_OWNER_BLOCK": 128, "MVSCAN_MAX_DISPATCH_TARGETS": 16, "MVSCAN_REQUIRE_DISTINCT_OUTER_ROOTS": false, "MVSCAN_ROOT_CONTEXT_SINKS": false, "NOOP_WRITE_FILTER": true, "REQUIRE_SAME_SLOT_KEY": true, "SINK_TEST": "none", "USER_CALLABLE_ALWAYS": [], "USER_CALLABLE_DENY": []}
[mvscan-stage] icfg-built blocks=9 vars=5
[mvscan-stage] root-seeding-done eligible_exposures=2 seeded=2 multi_exposure_entry_blocks=0 collapsed_contextual_aliases=0 excluded_dependency=0 excluded_interface=0 excluded_library=0 excluded_abstract=0 missing_entry_point=0 missing_entry_block=0
[mvscan-pairs] call_target_digest=4f53cda18c2baa0c0354bb5f9a3ecbe5ed12ab4d8e11ba873c2f11161202b945 candidate_count=0 candidate_digest=4f53cda18c2baa0c0354bb5f9a3ecbe5ed12ab4d8e11ba873c2f11161202b945 context_instance_count=0 execution_context_digest=01eb6c78a80670da8aab04b19b3c5d9eb77a8a316a8c7619b426789855fd6adf invalid_partial_write_filtered=0 must_full_relation_filtered=0 omitted_member_evidence_filtered=0 omitted_member_not_sensitive_filtered=0 owner_context_pairs=0 owner_context_pairs_considered=0 reader_witness_count=0 relation_context_incompatible=0 relation_digest=4f53cda18c2baa0c0354bb5f9a3ecbe5ed12ab4d8e11ba873c2f11161202b945 relation_origins_rejected_unreachable=3 root_context_sink_filtered=0 same_outer_root_filtered=0 scalar_variables_skipped=5 storage_context_mismatch=0 variables_considered=5
INFO:Slither:. analyzed (80 contracts with 1 detectors), 2 result(s) found
