Problem executing hardhat to fetch configuration, using defaults: [Errno 2] No such file or directory: 'hardhat'
[mvscan-config] {"ATOMIC_GROUP": [], "DIVERGENCE_BUDGET": 1000, "ENABLE_BRANCH_GROUPS": false, "ENABLE_EXTERNAL_STATE": true, "ENABLE_MULTI_RETURN_GROUPS": true, "MAPPING_MODE": "precise", "MERGE_OVERLOADS": false, "MVSCAN_ABLATION": "no_branch_groups", "MVSCAN_CONTEXTUAL_KEYS": true, "MVSCAN_INCLUDE_SCALAR_WITNESSES": false, "MVSCAN_INTERFACE_DISPATCH": false, "MVSCAN_MAX_CONTEXTS_PER_OWNER_BLOCK": 128, "MVSCAN_MAX_DISPATCH_TARGETS": 16, "MVSCAN_REQUIRE_DISTINCT_OUTER_ROOTS": false, "MVSCAN_ROOT_CONTEXT_SINKS": false, "NOOP_WRITE_FILTER": true, "REQUIRE_SAME_SLOT_KEY": true, "SINK_TEST": "none", "USER_CALLABLE_ALWAYS": [], "USER_CALLABLE_DENY": []}
[mvscan-stage] icfg-built blocks=147 vars=10
[mvscan-stage] root-seeding-done eligible_exposures=10 seeded=10 multi_exposure_entry_blocks=0 collapsed_contextual_aliases=0 excluded_dependency=0 excluded_interface=4 excluded_library=0 excluded_abstract=0 missing_entry_point=0 missing_entry_block=0
[mvscan-pairs] call_target_digest=1607775dfbfbfa516f85370adf56e28fc65a8ea863398adcc2cc68cd8364c058 candidate_count=0 candidate_digest=4f53cda18c2baa0c0354bb5f9a3ecbe5ed12ab4d8e11ba873c2f11161202b945 context_instance_count=0 execution_context_digest=4790dca92b5701ee12f3194585a462a7c990b31edd1f6de94a012a8e74897a9c invalid_partial_write_filtered=0 must_full_relation_filtered=0 omitted_member_evidence_filtered=0 omitted_member_not_sensitive_filtered=0 owner_context_pairs=0 owner_context_pairs_considered=0 reader_witness_count=0 relation_context_incompatible=0 relation_digest=4f53cda18c2baa0c0354bb5f9a3ecbe5ed12ab4d8e11ba873c2f11161202b945 relation_origins_rejected_unreachable=1 root_context_sink_filtered=0 same_outer_root_filtered=0 scalar_variables_skipped=5 storage_context_mismatch=0 variables_considered=5
[mvscan-config] {"ATOMIC_GROUP": [], "DIVERGENCE_BUDGET": 1000, "ENABLE_BRANCH_GROUPS": false, "ENABLE_EXTERNAL_STATE": true, "ENABLE_MULTI_RETURN_GROUPS": true, "MAPPING_MODE": "precise", "MERGE_OVERLOADS": false, "MVSCAN_ABLATION": "no_branch_groups", "MVSCAN_CONTEXTUAL_KEYS": true, "MVSCAN_INCLUDE_SCALAR_WITNESSES": false, "MVSCAN_INTERFACE_DISPATCH": false, "MVSCAN_MAX_CONTEXTS_PER_OWNER_BLOCK": 128, "MVSCAN_MAX_DISPATCH_TARGETS": 16, "MVSCAN_REQUIRE_DISTINCT_OUTER_ROOTS": false, "MVSCAN_ROOT_CONTEXT_SINKS": false, "NOOP_WRITE_FILTER": true, "REQUIRE_SAME_SLOT_KEY": true, "SINK_TEST": "none", "USER_CALLABLE_ALWAYS": [], "USER_CALLABLE_DENY": []}
[mvscan-stage] icfg-built blocks=0 vars=0
[mvscan-stage] root-seeding-done eligible_exposures=0 seeded=0 multi_exposure_entry_blocks=0 collapsed_contextual_aliases=0 excluded_dependency=0 excluded_interface=3 excluded_library=0 excluded_abstract=0 missing_entry_point=0 missing_entry_block=0
[mvscan-pairs] call_target_digest=4f53cda18c2baa0c0354bb5f9a3ecbe5ed12ab4d8e11ba873c2f11161202b945 candidate_count=0 candidate_digest=4f53cda18c2baa0c0354bb5f9a3ecbe5ed12ab4d8e11ba873c2f11161202b945 context_instance_count=0 execution_context_digest=4f53cda18c2baa0c0354bb5f9a3ecbe5ed12ab4d8e11ba873c2f11161202b945 invalid_partial_write_filtered=0 must_full_relation_filtered=0 omitted_member_evidence_filtered=0 omitted_member_not_sensitive_filtered=0 owner_context_pairs=0 owner_context_pairs_considered=0 reader_witness_count=0 relation_context_incompatible=0 relation_digest=4f53cda18c2baa0c0354bb5f9a3ecbe5ed12ab4d8e11ba873c2f11161202b945 root_context_sink_filtered=0 same_outer_root_filtered=0 storage_context_mismatch=0
[mvscan-config] {"ATOMIC_GROUP": [], "DIVERGENCE_BUDGET": 1000, "ENABLE_BRANCH_GROUPS": false, "ENABLE_EXTERNAL_STATE": true, "ENABLE_MULTI_RETURN_GROUPS": true, "MAPPING_MODE": "precise", "MERGE_OVERLOADS": false, "MVSCAN_ABLATION": "no_branch_groups", "MVSCAN_CONTEXTUAL_KEYS": true, "MVSCAN_INCLUDE_SCALAR_WITNESSES": false, "MVSCAN_INTERFACE_DISPATCH": false, "MVSCAN_MAX_CONTEXTS_PER_OWNER_BLOCK": 128, "MVSCAN_MAX_DISPATCH_TARGETS": 16, "MVSCAN_REQUIRE_DISTINCT_OUTER_ROOTS": false, "MVSCAN_ROOT_CONTEXT_SINKS": false, "NOOP_WRITE_FILTER": true, "REQUIRE_SAME_SLOT_KEY": true, "SINK_TEST": "none", "USER_CALLABLE_ALWAYS": [], "USER_CALLABLE_DENY": []}
[mvscan-stage] icfg-built blocks=16 vars=1
[mvscan-stage] root-seeding-done eligible_exposures=0 seeded=0 multi_exposure_entry_blocks=0 collapsed_contextual_aliases=0 excluded_dependency=0 excluded_interface=0 excluded_library=0 excluded_abstract=0 missing_entry_point=0 missing_entry_block=0
[mvscan-pairs] call_target_digest=e07d79b7b3fb5c05c6eacac35a3d360e97920b82703efc0c9f98e5598bb9f8de candidate_count=0 candidate_digest=4f53cda18c2baa0c0354bb5f9a3ecbe5ed12ab4d8e11ba873c2f11161202b945 context_instance_count=0 execution_context_digest=4f53cda18c2baa0c0354bb5f9a3ecbe5ed12ab4d8e11ba873c2f11161202b945 invalid_partial_write_filtered=0 must_full_relation_filtered=0 omitted_member_evidence_filtered=0 omitted_member_not_sensitive_filtered=0 owner_context_pairs=0 owner_context_pairs_considered=0 reader_witness_count=0 relation_context_incompatible=0 relation_digest=4f53cda18c2baa0c0354bb5f9a3ecbe5ed12ab4d8e11ba873c2f11161202b945 relation_origins_rejected_unreachable=1 root_context_sink_filtered=0 same_outer_root_filtered=0 storage_context_mismatch=0
[mvscan-config] {"ATOMIC_GROUP": [], "DIVERGENCE_BUDGET": 1000, "ENABLE_BRANCH_GROUPS": false, "ENABLE_EXTERNAL_STATE": true, "ENABLE_MULTI_RETURN_GROUPS": true, "MAPPING_MODE": "precise", "MERGE_OVERLOADS": false, "MVSCAN_ABLATION": "no_branch_groups", "MVSCAN_CONTEXTUAL_KEYS": true, "MVSCAN_INCLUDE_SCALAR_WITNESSES": false, "MVSCAN_INTERFACE_DISPATCH": false, "MVSCAN_MAX_CONTEXTS_PER_OWNER_BLOCK": 128, "MVSCAN_MAX_DISPATCH_TARGETS": 16, "MVSCAN_REQUIRE_DISTINCT_OUTER_ROOTS": false, "MVSCAN_ROOT_CONTEXT_SINKS": false, "NOOP_WRITE_FILTER": true, "REQUIRE_SAME_SLOT_KEY": true, "SINK_TEST": "none", "USER_CALLABLE_ALWAYS": [], "USER_CALLABLE_DENY": []}
[mvscan-stage] icfg-built blocks=217 vars=23
[mvscan-stage] root-seeding-done eligible_exposures=15 seeded=15 multi_exposure_entry_blocks=0 collapsed_contextual_aliases=0 excluded_dependency=0 excluded_interface=5 excluded_library=0 excluded_abstract=0 missing_entry_point=0 missing_entry_block=0
[mvscan-pairs] call_target_digest=3de2a413633a14d382d267af93463ed443532347eb8717477594683e7bc0b290 candidate_count=0 candidate_digest=4f53cda18c2baa0c0354bb5f9a3ecbe5ed12ab4d8e11ba873c2f11161202b945 context_instance_count=0 execution_context_digest=4c3d615fa4e234855336e51df0d7382a811bdc3173aef00a8f8fb16eb48c2a70 invalid_partial_write_filtered=0 must_full_relation_filtered=0 omitted_member_evidence_filtered=0 omitted_member_not_sensitive_filtered=0 owner_context_pairs=0 owner_context_pairs_considered=0 reader_witness_count=0 relation_base_members_shadowed=0 relation_context_incompatible=0 relation_digest=4f53cda18c2baa0c0354bb5f9a3ecbe5ed12ab4d8e11ba873c2f11161202b945 relation_members_raw=1 relation_origins_rejected_unary_after_shadowing=1 relation_origins_rejected_unreachable=1 relation_origins_seen=1 root_context_sink_filtered=0 same_outer_root_filtered=0 scalar_variables_skipped=13 storage_context_mismatch=0 variables_considered=13
[mvscan-config] {"ATOMIC_GROUP": [], "DIVERGENCE_BUDGET": 1000, "ENABLE_BRANCH_GROUPS": false, "ENABLE_EXTERNAL_STATE": true, "ENABLE_MULTI_RETURN_GROUPS": true, "MAPPING_MODE": "precise", "MERGE_OVERLOADS": false, "MVSCAN_ABLATION": "no_branch_groups", "MVSCAN_CONTEXTUAL_KEYS": true, "MVSCAN_INCLUDE_SCALAR_WITNESSES": false, "MVSCAN_INTERFACE_DISPATCH": false, "MVSCAN_MAX_CONTEXTS_PER_OWNER_BLOCK": 128, "MVSCAN_MAX_DISPATCH_TARGETS": 16, "MVSCAN_REQUIRE_DISTINCT_OUTER_ROOTS": false, "MVSCAN_ROOT_CONTEXT_SINKS": false, "NOOP_WRITE_FILTER": true, "REQUIRE_SAME_SLOT_KEY": true, "SINK_TEST": "none", "USER_CALLABLE_ALWAYS": [], "USER_CALLABLE_DENY": []}
[mvscan-stage] icfg-built blocks=12 vars=2
[mvscan-stage] root-seeding-done eligible_exposures=3 seeded=3 multi_exposure_entry_blocks=0 collapsed_contextual_aliases=0 excluded_dependency=0 excluded_interface=0 excluded_library=0 excluded_abstract=0 missing_entry_point=0 missing_entry_block=0
[mvscan-pairs] call_target_digest=4f53cda18c2baa0c0354bb5f9a3ecbe5ed12ab4d8e11ba873c2f11161202b945 candidate_count=0 candidate_digest=4f53cda18c2baa0c0354bb5f9a3ecbe5ed12ab4d8e11ba873c2f11161202b945 context_instance_count=0 execution_context_digest=ccd1fa3b07af47ae5a5abcf275c6d4495d0f0a7b6f45777d7f87e646bc6128a1 invalid_partial_write_filtered=0 must_full_relation_filtered=0 omitted_member_evidence_filtered=0 omitted_member_not_sensitive_filtered=0 owner_context_pairs=0 owner_context_pairs_considered=0 reader_witness_count=0 relation_context_incompatible=0 relation_digest=4f53cda18c2baa0c0354bb5f9a3ecbe5ed12ab4d8e11ba873c2f11161202b945 root_context_sink_filtered=0 same_outer_root_filtered=0 scalar_variables_skipped=2 storage_context_mismatch=0 variables_considered=2
[mvscan-config] {"ATOMIC_GROUP": [], "DIVERGENCE_BUDGET": 1000, "ENABLE_BRANCH_GROUPS": false, "ENABLE_EXTERNAL_STATE": true, "ENABLE_MULTI_RETURN_GROUPS": true, "MAPPING_MODE": "precise", "MERGE_OVERLOADS": false, "MVSCAN_ABLATION": "no_branch_groups", "MVSCAN_CONTEXTUAL_KEYS": true, "MVSCAN_INCLUDE_SCALAR_WITNESSES": false, "MVSCAN_INTERFACE_DISPATCH": false, "MVSCAN_MAX_CONTEXTS_PER_OWNER_BLOCK": 128, "MVSCAN_MAX_DISPATCH_TARGETS": 16, "MVSCAN_REQUIRE_DISTINCT_OUTER_ROOTS": false, "MVSCAN_ROOT_CONTEXT_SINKS": false, "NOOP_WRITE_FILTER": true, "REQUIRE_SAME_SLOT_KEY": true, "SINK_TEST": "none", "USER_CALLABLE_ALWAYS": [], "USER_CALLABLE_DENY": []}
[mvscan-stage] icfg-built blocks=0 vars=0
[mvscan-stage] root-seeding-done eligible_exposures=0 seeded=0 multi_exposure_entry_blocks=0 collapsed_contextual_aliases=0 excluded_dependency=0 excluded_interface=0 excluded_library=0 excluded_abstract=0 missing_entry_point=1 missing_entry_block=0
[mvscan-pairs] call_target_digest=4f53cda18c2baa0c0354bb5f9a3ecbe5ed12ab4d8e11ba873c2f11161202b945 candidate_count=0 candidate_digest=4f53cda18c2baa0c0354bb5f9a3ecbe5ed12ab4d8e11ba873c2f11161202b945 context_instance_count=0 execution_context_digest=4f53cda18c2baa0c0354bb5f9a3ecbe5ed12ab4d8e11ba873c2f11161202b945 invalid_partial_write_filtered=0 must_full_relation_filtered=0 omitted_member_evidence_filtered=0 omitted_member_not_sensitive_filtered=0 owner_context_pairs=0 owner_context_pairs_considered=0 reader_witness_count=0 relation_context_incompatible=0 relation_digest=4f53cda18c2baa0c0354bb5f9a3ecbe5ed12ab4d8e11ba873c2f11161202b945 root_context_sink_filtered=0 same_outer_root_filtered=0 storage_context_mismatch=0
[mvscan-config] {"ATOMIC_GROUP": [], "DIVERGENCE_BUDGET": 1000, "ENABLE_BRANCH_GROUPS": false, "ENABLE_EXTERNAL_STATE": true, "ENABLE_MULTI_RETURN_GROUPS": true, "MAPPING_MODE": "precise", "MERGE_OVERLOADS": false, "MVSCAN_ABLATION": "no_branch_groups", "MVSCAN_CONTEXTUAL_KEYS": true, "MVSCAN_INCLUDE_SCALAR_WITNESSES": false, "MVSCAN_INTERFACE_DISPATCH": false, "MVSCAN_MAX_CONTEXTS_PER_OWNER_BLOCK": 128, "MVSCAN_MAX_DISPATCH_TARGETS": 16, "MVSCAN_REQUIRE_DISTINCT_OUTER_ROOTS": false, "MVSCAN_ROOT_CONTEXT_SINKS": false, "NOOP_WRITE_FILTER": true, "REQUIRE_SAME_SLOT_KEY": true, "SINK_TEST": "none", "USER_CALLABLE_ALWAYS": [], "USER_CALLABLE_DENY": []}
[mvscan-stage] icfg-built blocks=2 vars=2
[mvscan-stage] root-seeding-done eligible_exposures=0 seeded=0 multi_exposure_entry_blocks=0 collapsed_contextual_aliases=0 excluded_dependency=0 excluded_interface=0 excluded_library=0 excluded_abstract=0 missing_entry_point=0 missing_entry_block=0
[mvscan-pairs] call_target_digest=4f53cda18c2baa0c0354bb5f9a3ecbe5ed12ab4d8e11ba873c2f11161202b945 candidate_count=0 candidate_digest=4f53cda18c2baa0c0354bb5f9a3ecbe5ed12ab4d8e11ba873c2f11161202b945 context_instance_count=0 execution_context_digest=4f53cda18c2baa0c0354bb5f9a3ecbe5ed12ab4d8e11ba873c2f11161202b945 invalid_partial_write_filtered=0 must_full_relation_filtered=0 omitted_member_evidence_filtered=0 omitted_member_not_sensitive_filtered=0 owner_context_pairs=0 owner_context_pairs_considered=0 reader_witness_count=0 relation_context_incompatible=0 relation_digest=4f53cda18c2baa0c0354bb5f9a3ecbe5ed12ab4d8e11ba873c2f11161202b945 root_context_sink_filtered=0 same_outer_root_filtered=0 storage_context_mismatch=0
[mvscan-config] {"ATOMIC_GROUP": [], "DIVERGENCE_BUDGET": 1000, "ENABLE_BRANCH_GROUPS": false, "ENABLE_EXTERNAL_STATE": true, "ENABLE_MULTI_RETURN_GROUPS": true, "MAPPING_MODE": "precise", "MERGE_OVERLOADS": false, "MVSCAN_ABLATION": "no_branch_groups", "MVSCAN_CONTEXTUAL_KEYS": true, "MVSCAN_INCLUDE_SCALAR_WITNESSES": false, "MVSCAN_INTERFACE_DISPATCH": false, "MVSCAN_MAX_CONTEXTS_PER_OWNER_BLOCK": 128, "MVSCAN_MAX_DISPATCH_TARGETS": 16, "MVSCAN_REQUIRE_DISTINCT_OUTER_ROOTS": false, "MVSCAN_ROOT_CONTEXT_SINKS": false, "NOOP_WRITE_FILTER": true, "REQUIRE_SAME_SLOT_KEY": true, "SINK_TEST": "none", "USER_CALLABLE_ALWAYS": [], "USER_CALLABLE_DENY": []}
[mvscan-stage] icfg-built blocks=11 vars=3
[mvscan-stage] root-seeding-done eligible_exposures=3 seeded=3 multi_exposure_entry_blocks=0 collapsed_contextual_aliases=0 excluded_dependency=0 excluded_interface=0 excluded_library=0 excluded_abstract=0 missing_entry_point=0 missing_entry_block=0
[mvscan-pairs] call_target_digest=0eb0a83a36cb1b68aa1e4049dcd49c2e90dd90e6e6d9ce20fd6820d2a98e2336 candidate_count=0 candidate_digest=4f53cda18c2baa0c0354bb5f9a3ecbe5ed12ab4d8e11ba873c2f11161202b945 context_instance_count=0 execution_context_digest=174620c01762f2ef06f4c8698085bc9e47939bce0721bffc9d813ac834b2ca50 invalid_partial_write_filtered=0 must_full_relation_filtered=0 omitted_member_evidence_filtered=0 omitted_member_not_sensitive_filtered=0 owner_context_pairs=0 owner_context_pairs_considered=0 reader_witness_count=0 relation_context_incompatible=0 relation_digest=4f53cda18c2baa0c0354bb5f9a3ecbe5ed12ab4d8e11ba873c2f11161202b945 root_context_sink_filtered=0 same_outer_root_filtered=0 scalar_variables_skipped=3 storage_context_mismatch=0 variables_considered=3
[mvscan-config] {"ATOMIC_GROUP": [], "DIVERGENCE_BUDGET": 1000, "ENABLE_BRANCH_GROUPS": false, "ENABLE_EXTERNAL_STATE": true, "ENABLE_MULTI_RETURN_GROUPS": true, "MAPPING_MODE": "precise", "MERGE_OVERLOADS": false, "MVSCAN_ABLATION": "no_branch_groups", "MVSCAN_CONTEXTUAL_KEYS": true, "MVSCAN_INCLUDE_SCALAR_WITNESSES": false, "MVSCAN_INTERFACE_DISPATCH": false, "MVSCAN_MAX_CONTEXTS_PER_OWNER_BLOCK": 128, "MVSCAN_MAX_DISPATCH_TARGETS": 16, "MVSCAN_REQUIRE_DISTINCT_OUTER_ROOTS": false, "MVSCAN_ROOT_CONTEXT_SINKS": false, "NOOP_WRITE_FILTER": true, "REQUIRE_SAME_SLOT_KEY": true, "SINK_TEST": "none", "USER_CALLABLE_ALWAYS": [], "USER_CALLABLE_DENY": []}
[mvscan-stage] icfg-built blocks=2 vars=0
[mvscan-stage] root-seeding-done eligible_exposures=0 seeded=0 multi_exposure_entry_blocks=0 collapsed_contextual_aliases=0 excluded_dependency=0 excluded_interface=1 excluded_library=0 excluded_abstract=0 missing_entry_point=0 missing_entry_block=0
[mvscan-pairs] call_target_digest=50797828fe8ec18fcfe1fb891d14b53cd4ff2013fc017605238606f9ce7d6e44 candidate_count=0 candidate_digest=4f53cda18c2baa0c0354bb5f9a3ecbe5ed12ab4d8e11ba873c2f11161202b945 context_instance_count=0 execution_context_digest=4f53cda18c2baa0c0354bb5f9a3ecbe5ed12ab4d8e11ba873c2f11161202b945 invalid_partial_write_filtered=0 must_full_relation_filtered=0 omitted_member_evidence_filtered=0 omitted_member_not_sensitive_filtered=0 owner_context_pairs=0 owner_context_pairs_considered=0 reader_witness_count=0 relation_context_incompatible=0 relation_digest=4f53cda18c2baa0c0354bb5f9a3ecbe5ed12ab4d8e11ba873c2f11161202b945 root_context_sink_filtered=0 same_outer_root_filtered=0 storage_context_mismatch=0
[mvscan-config] {"ATOMIC_GROUP": [], "DIVERGENCE_BUDGET": 1000, "ENABLE_BRANCH_GROUPS": false, "ENABLE_EXTERNAL_STATE": true, "ENABLE_MULTI_RETURN_GROUPS": true, "MAPPING_MODE": "precise", "MERGE_OVERLOADS": false, "MVSCAN_ABLATION": "no_branch_groups", "MVSCAN_CONTEXTUAL_KEYS": true, "MVSCAN_INCLUDE_SCALAR_WITNESSES": false, "MVSCAN_INTERFACE_DISPATCH": false, "MVSCAN_MAX_CONTEXTS_PER_OWNER_BLOCK": 128, "MVSCAN_MAX_DISPATCH_TARGETS": 16, "MVSCAN_REQUIRE_DISTINCT_OUTER_ROOTS": false, "MVSCAN_ROOT_CONTEXT_SINKS": false, "NOOP_WRITE_FILTER": true, "REQUIRE_SAME_SLOT_KEY": true, "SINK_TEST": "none", "USER_CALLABLE_ALWAYS": [], "USER_CALLABLE_DENY": []}
[mvscan-stage] icfg-built blocks=2 vars=0
[mvscan-stage] root-seeding-done eligible_exposures=0 seeded=0 multi_exposure_entry_blocks=0 collapsed_contextual_aliases=0 excluded_dependency=0 excluded_interface=0 excluded_library=0 excluded_abstract=0 missing_entry_point=0 missing_entry_block=0
[mvscan-pairs] call_target_digest=4f53cda18c2baa0c0354bb5f9a3ecbe5ed12ab4d8e11ba873c2f11161202b945 candidate_count=0 candidate_digest=4f53cda18c2baa0c0354bb5f9a3ecbe5ed12ab4d8e11ba873c2f11161202b945 context_instance_count=0 execution_context_digest=4f53cda18c2baa0c0354bb5f9a3ecbe5ed12ab4d8e11ba873c2f11161202b945 invalid_partial_write_filtered=0 must_full_relation_filtered=0 omitted_member_evidence_filtered=0 omitted_member_not_sensitive_filtered=0 owner_context_pairs=0 owner_context_pairs_considered=0 reader_witness_count=0 relation_context_incompatible=0 relation_digest=4f53cda18c2baa0c0354bb5f9a3ecbe5ed12ab4d8e11ba873c2f11161202b945 root_context_sink_filtered=0 same_outer_root_filtered=0 storage_context_mismatch=0
[mvscan-config] {"ATOMIC_GROUP": [], "DIVERGENCE_BUDGET": 1000, "ENABLE_BRANCH_GROUPS": false, "ENABLE_EXTERNAL_STATE": true, "ENABLE_MULTI_RETURN_GROUPS": true, "MAPPING_MODE": "precise", "MERGE_OVERLOADS": false, "MVSCAN_ABLATION": "no_branch_groups", "MVSCAN_CONTEXTUAL_KEYS": true, "MVSCAN_INCLUDE_SCALAR_WITNESSES": false, "MVSCAN_INTERFACE_DISPATCH": false, "MVSCAN_MAX_CONTEXTS_PER_OWNER_BLOCK": 128, "MVSCAN_MAX_DISPATCH_TARGETS": 16, "MVSCAN_REQUIRE_DISTINCT_OUTER_ROOTS": false, "MVSCAN_ROOT_CONTEXT_SINKS": false, "NOOP_WRITE_FILTER": true, "REQUIRE_SAME_SLOT_KEY": true, "SINK_TEST": "none", "USER_CALLABLE_ALWAYS": [], "USER_CALLABLE_DENY": []}
[mvscan-stage] icfg-built blocks=8 vars=2
[mvscan-stage] root-seeding-done eligible_exposures=2 seeded=2 multi_exposure_entry_blocks=0 collapsed_contextual_aliases=0 excluded_dependency=0 excluded_interface=0 excluded_library=0 excluded_abstract=0 missing_entry_point=0 missing_entry_block=0
[mvscan-pairs] call_target_digest=4f53cda18c2baa0c0354bb5f9a3ecbe5ed12ab4d8e11ba873c2f11161202b945 candidate_count=0 candidate_digest=4f53cda18c2baa0c0354bb5f9a3ecbe5ed12ab4d8e11ba873c2f11161202b945 context_instance_count=0 execution_context_digest=3bcf705099db3c1645b2eda397b4196baa38f730840a0a0e85d711e7eae5bf0e invalid_partial_write_filtered=0 must_full_relation_filtered=0 omitted_member_evidence_filtered=0 omitted_member_not_sensitive_filtered=0 owner_context_pairs=0 owner_context_pairs_considered=0 reader_witness_count=0 relation_context_incompatible=0 relation_digest=4f53cda18c2baa0c0354bb5f9a3ecbe5ed12ab4d8e11ba873c2f11161202b945 root_context_sink_filtered=0 same_outer_root_filtered=0 scalar_variables_skipped=2 storage_context_mismatch=0 variables_considered=2
[mvscan-config] {"ATOMIC_GROUP": [], "DIVERGENCE_BUDGET": 1000, "ENABLE_BRANCH_GROUPS": false, "ENABLE_EXTERNAL_STATE": true, "ENABLE_MULTI_RETURN_GROUPS": true, "MAPPING_MODE": "precise", "MERGE_OVERLOADS": false, "MVSCAN_ABLATION": "no_branch_groups", "MVSCAN_CONTEXTUAL_KEYS": true, "MVSCAN_INCLUDE_SCALAR_WITNESSES": false, "MVSCAN_INTERFACE_DISPATCH": false, "MVSCAN_MAX_CONTEXTS_PER_OWNER_BLOCK": 128, "MVSCAN_MAX_DISPATCH_TARGETS": 16, "MVSCAN_REQUIRE_DISTINCT_OUTER_ROOTS": false, "MVSCAN_ROOT_CONTEXT_SINKS": false, "NOOP_WRITE_FILTER": true, "REQUIRE_SAME_SLOT_KEY": true, "SINK_TEST": "none", "USER_CALLABLE_ALWAYS": [], "USER_CALLABLE_DENY": []}
[mvscan-stage] icfg-built blocks=32 vars=8
[mvscan-stage] root-seeding-done eligible_exposures=7 seeded=7 multi_exposure_entry_blocks=0 collapsed_contextual_aliases=0 excluded_dependency=0 excluded_interface=0 excluded_library=0 excluded_abstract=0 missing_entry_point=0 missing_entry_block=0
[mvscan-pairs] call_target_digest=85847e41f7c870956026959b414d4ffe97272bcf6555a3a8019d37399e428972 candidate_count=0 candidate_digest=4f53cda18c2baa0c0354bb5f9a3ecbe5ed12ab4d8e11ba873c2f11161202b945 context_instance_count=0 execution_context_digest=c3c9459475dc93ad6bee56a4f3cbcfe0603ae1704a510ee8779ce0c342504539 invalid_partial_write_filtered=0 must_full_relation_filtered=0 omitted_member_evidence_filtered=0 omitted_member_not_sensitive_filtered=0 owner_context_pairs=0 owner_context_pairs_considered=0 reader_witness_count=0 relation_context_incompatible=0 relation_digest=4f53cda18c2baa0c0354bb5f9a3ecbe5ed12ab4d8e11ba873c2f11161202b945 root_context_sink_filtered=0 same_outer_root_filtered=0 scalar_variables_skipped=5 storage_context_mismatch=0 variables_considered=5
[mvscan-config] {"ATOMIC_GROUP": [], "DIVERGENCE_BUDGET": 1000, "ENABLE_BRANCH_GROUPS": false, "ENABLE_EXTERNAL_STATE": true, "ENABLE_MULTI_RETURN_GROUPS": true, "MAPPING_MODE": "precise", "MERGE_OVERLOADS": false, "MVSCAN_ABLATION": "no_branch_groups", "MVSCAN_CONTEXTUAL_KEYS": true, "MVSCAN_INCLUDE_SCALAR_WITNESSES": false, "MVSCAN_INTERFACE_DISPATCH": false, "MVSCAN_MAX_CONTEXTS_PER_OWNER_BLOCK": 128, "MVSCAN_MAX_DISPATCH_TARGETS": 16, "MVSCAN_REQUIRE_DISTINCT_OUTER_ROOTS": false, "MVSCAN_ROOT_CONTEXT_SINKS": false, "NOOP_WRITE_FILTER": true, "REQUIRE_SAME_SLOT_KEY": true, "SINK_TEST": "none", "USER_CALLABLE_ALWAYS": [], "USER_CALLABLE_DENY": []}
[mvscan-stage] icfg-built blocks=3 vars=0
[mvscan-stage] root-seeding-done eligible_exposures=0 seeded=0 multi_exposure_entry_blocks=0 collapsed_contextual_aliases=0 excluded_dependency=0 excluded_interface=0 excluded_library=0 excluded_abstract=0 missing_entry_point=0 missing_entry_block=0
[mvscan-pairs] call_target_digest=4f53cda18c2baa0c0354bb5f9a3ecbe5ed12ab4d8e11ba873c2f11161202b945 candidate_count=0 candidate_digest=4f53cda18c2baa0c0354bb5f9a3ecbe5ed12ab4d8e11ba873c2f11161202b945 context_instance_count=0 execution_context_digest=4f53cda18c2baa0c0354bb5f9a3ecbe5ed12ab4d8e11ba873c2f11161202b945 invalid_partial_write_filtered=0 must_full_relation_filtered=0 omitted_member_evidence_filtered=0 omitted_member_not_sensitive_filtered=0 owner_context_pairs=0 owner_context_pairs_considered=0 reader_witness_count=0 relation_context_incompatible=0 relation_digest=4f53cda18c2baa0c0354bb5f9a3ecbe5ed12ab4d8e11ba873c2f11161202b945 root_context_sink_filtered=0 same_outer_root_filtered=0 storage_context_mismatch=0
[mvscan-config] {"ATOMIC_GROUP": [], "DIVERGENCE_BUDGET": 1000, "ENABLE_BRANCH_GROUPS": false, "ENABLE_EXTERNAL_STATE": true, "ENABLE_MULTI_RETURN_GROUPS": true, "MAPPING_MODE": "precise", "MERGE_OVERLOADS": false, "MVSCAN_ABLATION": "no_branch_groups", "MVSCAN_CONTEXTUAL_KEYS": true, "MVSCAN_INCLUDE_SCALAR_WITNESSES": false, "MVSCAN_INTERFACE_DISPATCH": false, "MVSCAN_MAX_CONTEXTS_PER_OWNER_BLOCK": 128, "MVSCAN_MAX_DISPATCH_TARGETS": 16, "MVSCAN_REQUIRE_DISTINCT_OUTER_ROOTS": false, "MVSCAN_ROOT_CONTEXT_SINKS": false, "NOOP_WRITE_FILTER": true, "REQUIRE_SAME_SLOT_KEY": true, "SINK_TEST": "none", "USER_CALLABLE_ALWAYS": [], "USER_CALLABLE_DENY": []}
[mvscan-stage] icfg-built blocks=176 vars=13
[mvscan-stage] root-seeding-done eligible_exposures=57 seeded=24 multi_exposure_entry_blocks=18 collapsed_contextual_aliases=33 excluded_dependency=0 excluded_interface=0 excluded_library=0 excluded_abstract=0 missing_entry_point=7 missing_entry_block=0
[mvscan-pairs] call_target_digest=37580a1070e9b4e03adc3171fa0fab46e7b7cbe7fee1ffe237b64cd40cdf8eb5 candidate_count=0 candidate_digest=4f53cda18c2baa0c0354bb5f9a3ecbe5ed12ab4d8e11ba873c2f11161202b945 context_instance_count=0 execution_context_digest=1b1620161510c50aa52755a16cea88f5d693c40cc89e284fde6cf4ab7c30938a invalid_partial_write_filtered=0 must_full_relation_filtered=0 omitted_member_evidence_filtered=0 omitted_member_not_sensitive_filtered=0 owner_context_pairs=0 owner_context_pairs_considered=0 reader_witness_count=0 relation_context_incompatible=0 relation_digest=4f53cda18c2baa0c0354bb5f9a3ecbe5ed12ab4d8e11ba873c2f11161202b945 relation_origins_rejected_unreachable=3 root_context_sink_filtered=0 same_outer_root_filtered=0 scalar_variables_skipped=10 storage_context_mismatch=0 variables_considered=10
[mvscan-config] {"ATOMIC_GROUP": [], "DIVERGENCE_BUDGET": 1000, "ENABLE_BRANCH_GROUPS": false, "ENABLE_EXTERNAL_STATE": true, "ENABLE_MULTI_RETURN_GROUPS": true, "MAPPING_MODE": "precise", "MERGE_OVERLOADS": false, "MVSCAN_ABLATION": "no_branch_groups", "MVSCAN_CONTEXTUAL_KEYS": true, "MVSCAN_INCLUDE_SCALAR_WITNESSES": false, "MVSCAN_INTERFACE_DISPATCH": false, "MVSCAN_MAX_CONTEXTS_PER_OWNER_BLOCK": 128, "MVSCAN_MAX_DISPATCH_TARGETS": 16, "MVSCAN_REQUIRE_DISTINCT_OUTER_ROOTS": false, "MVSCAN_ROOT_CONTEXT_SINKS": false, "NOOP_WRITE_FILTER": true, "REQUIRE_SAME_SLOT_KEY": true, "SINK_TEST": "none", "USER_CALLABLE_ALWAYS": [], "USER_CALLABLE_DENY": []}
[mvscan-stage] icfg-built blocks=122 vars=9
[mvscan-stage] root-seeding-done eligible_exposures=11 seeded=9 multi_exposure_entry_blocks=2 collapsed_contextual_aliases=2 excluded_dependency=0 excluded_interface=3 excluded_library=0 excluded_abstract=0 missing_entry_point=0 missing_entry_block=0
[mvscan-pairs] call_target_digest=27218621f14a28f73b73746be144723963e5462f811c0f1bd6f057bd30fe6c07 candidate_count=0 candidate_digest=4f53cda18c2baa0c0354bb5f9a3ecbe5ed12ab4d8e11ba873c2f11161202b945 context_instance_count=0 execution_context_digest=804a1a751630d122e8872e3519b4d74d3496aca01140e9dd6c90b15e0a880031 invalid_partial_write_filtered=0 must_full_relation_filtered=0 omitted_member_evidence_filtered=0 omitted_member_not_sensitive_filtered=0 owner_context_pairs=0 owner_context_pairs_considered=0 reader_witness_count=0 relation_context_incompatible=0 relation_digest=4f53cda18c2baa0c0354bb5f9a3ecbe5ed12ab4d8e11ba873c2f11161202b945 relation_origins_rejected_unreachable=8 root_context_sink_filtered=0 same_outer_root_filtered=0 scalar_variables_skipped=5 storage_context_mismatch=0 variables_considered=5
[mvscan-config] {"ATOMIC_GROUP": [], "DIVERGENCE_BUDGET": 1000, "ENABLE_BRANCH_GROUPS": false, "ENABLE_EXTERNAL_STATE": true, "ENABLE_MULTI_RETURN_GROUPS": true, "MAPPING_MODE": "precise", "MERGE_OVERLOADS": false, "MVSCAN_ABLATION": "no_branch_groups", "MVSCAN_CONTEXTUAL_KEYS": true, "MVSCAN_INCLUDE_SCALAR_WITNESSES": false, "MVSCAN_INTERFACE_DISPATCH": false, "MVSCAN_MAX_CONTEXTS_PER_OWNER_BLOCK": 128, "MVSCAN_MAX_DISPATCH_TARGETS": 16, "MVSCAN_REQUIRE_DISTINCT_OUTER_ROOTS": false, "MVSCAN_ROOT_CONTEXT_SINKS": false, "NOOP_WRITE_FILTER": true, "REQUIRE_SAME_SLOT_KEY": true, "SINK_TEST": "none", "USER_CALLABLE_ALWAYS": [], "USER_CALLABLE_DENY": []}
[mvscan-stage] icfg-built blocks=122 vars=9
[mvscan-stage] root-seeding-done eligible_exposures=11 seeded=9 multi_exposure_entry_blocks=2 collapsed_contextual_aliases=2 excluded_dependency=0 excluded_interface=3 excluded_library=0 excluded_abstract=0 missing_entry_point=0 missing_entry_block=0
[mvscan-pairs] call_target_digest=4a069614a164dbdd5c88bae7bbebad141d6c65f87d2262a98f8c771a69f3a118 candidate_count=0 candidate_digest=4f53cda18c2baa0c0354bb5f9a3ecbe5ed12ab4d8e11ba873c2f11161202b945 context_instance_count=0 execution_context_digest=ea0061b5ab17ca3d1bb42390a4558b04207ee66353cacf0c3172c64ae2657f99 invalid_partial_write_filtered=0 must_full_relation_filtered=0 omitted_member_evidence_filtered=0 omitted_member_not_sensitive_filtered=0 owner_context_pairs=0 owner_context_pairs_considered=0 reader_witness_count=0 relation_context_incompatible=0 relation_digest=4f53cda18c2baa0c0354bb5f9a3ecbe5ed12ab4d8e11ba873c2f11161202b945 relation_origins_rejected_unreachable=8 root_context_sink_filtered=0 same_outer_root_filtered=0 scalar_variables_skipped=5 storage_context_mismatch=0 variables_considered=5
[mvscan-config] {"ATOMIC_GROUP": [], "DIVERGENCE_BUDGET": 1000, "ENABLE_BRANCH_GROUPS": false, "ENABLE_EXTERNAL_STATE": true, "ENABLE_MULTI_RETURN_GROUPS": true, "MAPPING_MODE": "precise", "MERGE_OVERLOADS": false, "MVSCAN_ABLATION": "no_branch_groups", "MVSCAN_CONTEXTUAL_KEYS": true, "MVSCAN_INCLUDE_SCALAR_WITNESSES": false, "MVSCAN_INTERFACE_DISPATCH": false, "MVSCAN_MAX_CONTEXTS_PER_OWNER_BLOCK": 128, "MVSCAN_MAX_DISPATCH_TARGETS": 16, "MVSCAN_REQUIRE_DISTINCT_OUTER_ROOTS": false, "MVSCAN_ROOT_CONTEXT_SINKS": false, "NOOP_WRITE_FILTER": true, "REQUIRE_SAME_SLOT_KEY": true, "SINK_TEST": "none", "USER_CALLABLE_ALWAYS": [], "USER_CALLABLE_DENY": []}
[mvscan-stage] icfg-built blocks=122 vars=9
[mvscan-stage] root-seeding-done eligible_exposures=11 seeded=9 multi_exposure_entry_blocks=2 collapsed_contextual_aliases=2 excluded_dependency=0 excluded_interface=3 excluded_library=0 excluded_abstract=0 missing_entry_point=0 missing_entry_block=0
[mvscan-pairs] call_target_digest=0f272a40817dda7979cc2f1aa7fff7b1f16fab7c9c5d884ed83f3ff3bd0307ea candidate_count=0 candidate_digest=4f53cda18c2baa0c0354bb5f9a3ecbe5ed12ab4d8e11ba873c2f11161202b945 context_instance_count=0 execution_context_digest=76225f8cb64fe48b0acd825acc9dd69bfcdbded6fd4bc854ba01c916ee6576c2 invalid_partial_write_filtered=0 must_full_relation_filtered=0 omitted_member_evidence_filtered=0 omitted_member_not_sensitive_filtered=0 owner_context_pairs=0 owner_context_pairs_considered=0 reader_witness_count=0 relation_context_incompatible=0 relation_digest=4f53cda18c2baa0c0354bb5f9a3ecbe5ed12ab4d8e11ba873c2f11161202b945 relation_origins_rejected_unreachable=8 root_context_sink_filtered=0 same_outer_root_filtered=0 scalar_variables_skipped=5 storage_context_mismatch=0 variables_considered=5
[mvscan-config] {"ATOMIC_GROUP": [], "DIVERGENCE_BUDGET": 1000, "ENABLE_BRANCH_GROUPS": false, "ENABLE_EXTERNAL_STATE": true, "ENABLE_MULTI_RETURN_GROUPS": true, "MAPPING_MODE": "precise", "MERGE_OVERLOADS": false, "MVSCAN_ABLATION": "no_branch_groups", "MVSCAN_CONTEXTUAL_KEYS": true, "MVSCAN_INCLUDE_SCALAR_WITNESSES": false, "MVSCAN_INTERFACE_DISPATCH": false, "MVSCAN_MAX_CONTEXTS_PER_OWNER_BLOCK": 128, "MVSCAN_MAX_DISPATCH_TARGETS": 16, "MVSCAN_REQUIRE_DISTINCT_OUTER_ROOTS": false, "MVSCAN_ROOT_CONTEXT_SINKS": false, "NOOP_WRITE_FILTER": true, "REQUIRE_SAME_SLOT_KEY": true, "SINK_TEST": "none", "USER_CALLABLE_ALWAYS": [], "USER_CALLABLE_DENY": []}
[mvscan-stage] icfg-built blocks=122 vars=9
[mvscan-stage] root-seeding-done eligible_exposures=11 seeded=9 multi_exposure_entry_blocks=2 collapsed_contextual_aliases=2 excluded_dependency=0 excluded_interface=3 excluded_library=0 excluded_abstract=0 missing_entry_point=0 missing_entry_block=0
[mvscan-pairs] call_target_digest=ef99e10cf992ae04d335af44a7040c2000f8f51e39162aafa9309f26a6d515f7 candidate_count=0 candidate_digest=4f53cda18c2baa0c0354bb5f9a3ecbe5ed12ab4d8e11ba873c2f11161202b945 context_instance_count=0 execution_context_digest=4bdba26c562d99326cda31066760f6c418b9d13393d42b1dbe86908c91f65491 invalid_partial_write_filtered=0 must_full_relation_filtered=0 omitted_member_evidence_filtered=0 omitted_member_not_sensitive_filtered=0 owner_context_pairs=0 owner_context_pairs_considered=0 reader_witness_count=0 relation_context_incompatible=0 relation_digest=4f53cda18c2baa0c0354bb5f9a3ecbe5ed12ab4d8e11ba873c2f11161202b945 relation_origins_rejected_unreachable=8 root_context_sink_filtered=0 same_outer_root_filtered=0 scalar_variables_skipped=5 storage_context_mismatch=0 variables_considered=5
[mvscan-config] {"ATOMIC_GROUP": [], "DIVERGENCE_BUDGET": 1000, "ENABLE_BRANCH_GROUPS": false, "ENABLE_EXTERNAL_STATE": true, "ENABLE_MULTI_RETURN_GROUPS": true, "MAPPING_MODE": "precise", "MERGE_OVERLOADS": false, "MVSCAN_ABLATION": "no_branch_groups", "MVSCAN_CONTEXTUAL_KEYS": true, "MVSCAN_INCLUDE_SCALAR_WITNESSES": false, "MVSCAN_INTERFACE_DISPATCH": false, "MVSCAN_MAX_CONTEXTS_PER_OWNER_BLOCK": 128, "MVSCAN_MAX_DISPATCH_TARGETS": 16, "MVSCAN_REQUIRE_DISTINCT_OUTER_ROOTS": false, "MVSCAN_ROOT_CONTEXT_SINKS": false, "NOOP_WRITE_FILTER": true, "REQUIRE_SAME_SLOT_KEY": true, "SINK_TEST": "none", "USER_CALLABLE_ALWAYS": [], "USER_CALLABLE_DENY": []}
[mvscan-stage] icfg-built blocks=2668 vars=100
[mvscan-stage] root-seeding-done eligible_exposures=144 seeded=96 multi_exposure_entry_blocks=28 collapsed_contextual_aliases=48 excluded_dependency=0 excluded_interface=101 excluded_library=0 excluded_abstract=14 missing_entry_point=0 missing_entry_block=0
[mvscan-pairs] call_target_digest=d6fc70e3a58530315f0e2b0467e25a50dff51c010f9c297f8e8e31901b1fe962 candidate_count=52 candidate_digest=03ebcaee99384d425e0f79e0e194677e4f7812131a7ca2d694999bd5ddc57a81 context_instance_count=5764 eligible_readers=86 eligible_writers=84 execution_context_digest=4920aecefa8f9fb52940d298d3bd1b72de178e2329e87c8fb623d9e91df13236 insensitive_readers_filtered=72 invalid_partial_write_filtered=0 must_full_relation_filtered=4 omitted_member_evidence_filtered=0 omitted_member_not_sensitive_filtered=2344 owner_context_pairs=23044 owner_context_pairs_considered=83600 raw_block_pairs=1688 reader_witness_count=23044 relation_base_members_shadowed=0 relation_context_incompatible=16416 relation_digest=926b03f623af3b7b292b954a937cc8979446b2c7f3bf72fd319c510053e56c54 relation_members_raw=24 relation_origins_registered=5 relation_origins_rejected_unary_after_shadowing=14 relation_origins_rejected_unreachable=17 relation_origins_seen=19 root_context_sink_filtered=0 same_outer_root_filtered=0 same_static_block_filtered=32 scalar_variables_skipped=64 storage_context_mismatch=41792 variables_considered=69
INFO:Detectors:

[MV-SI candidate 011bd855139a552d281c] {interests, markets}
 writer root       -> contracts/Tokens/Prime/Prime.sol::Prime.burn(address)
 writer effect     -> contracts/Tokens/Prime/Prime.sol:737
 written member    -> ('SV', 'contracts/Tokens/Prime/PrimeStorage.sol', 'PrimeStorageV1.interests')
 potentially stale -> ('SV', 'contracts/Tokens/Prime/PrimeStorage.sol', 'PrimeStorageV1.markets')
 reader witnesses  -> 776
 storage exposures -> 2
[MV-SI candidate 02f8e1a4f6bcc87d8c49] {interests, markets}
 writer root       -> contracts/Tokens/Prime/Prime.sol::Prime.burn(address)
 writer effect     -> contracts/Tokens/Prime/Prime.sol:588
 written member    -> ('SV', 'contracts/Tokens/Prime/PrimeStorage.sol', 'PrimeStorageV1.markets')
 potentially stale -> ('SV', 'contracts/Tokens/Prime/PrimeStorage.sol', 'PrimeStorageV1.interests')
 reader witnesses  -> 208
 storage exposures -> 2
[MV-SI candidate 05c5f1e497c1b27160cd] {interests, markets}
 writer root       -> contracts/Tokens/Prime/Prime.sol::Prime.updateScores(address[])
 writer effect     -> contracts/Tokens/Prime/Prime.sol:786
 written member    -> ('SV', 'contracts/Tokens/Prime/PrimeStorage.sol', 'PrimeStorageV1.interests')
 potentially stale -> ('SV', 'contracts/Tokens/Prime/PrimeStorage.sol', 'PrimeStorageV1.markets')
 reader witnesses  -> 744
 storage exposures -> 2
[MV-SI candidate 05f0ce453790a9780331] {interests, markets}
 writer root       -> contracts/Tokens/Prime/Prime.sol::Prime.claim()
 writer effect     -> contracts/Tokens/Prime/Prime.sol:633
 written member    -> ('SV', 'contracts/Tokens/Prime/PrimeStorage.sol', 'PrimeStorageV1.markets')
 potentially stale -> ('SV', 'contracts/Tokens/Prime/PrimeStorage.sol', 'PrimeStorageV1.interests')
 reader witnesses  -> 208
 storage exposures -> 2
[MV-SI candidate 160f6b4816a234ebf9b8] {interests, markets}
 writer root       -> contracts/Tokens/Prime/Prime.sol::Prime.xvsUpdated(address)
 writer effect     -> contracts/Tokens/Prime/Prime.sol:786
 written member    -> ('SV', 'contracts/Tokens/Prime/PrimeStorage.sol', 'PrimeStorageV1.interests')
 potentially stale -> ('SV', 'contracts/Tokens/Prime/PrimeStorage.sol', 'PrimeStorageV1.markets')
 reader witnesses  -> 744
 storage exposures -> 2
[MV-SI candidate 18a63a58c183236beb6e] {interests, markets}
 writer root       -> contracts/Tokens/Prime/Prime.sol::Prime.updateMultipliers(address,uint256,uint256)
 writer effect     -> contracts/Tokens/Prime/Prime.sol:276
 written member    -> ('SV', 'contracts/Tokens/Prime/PrimeStorage.sol', 'PrimeStorageV1.markets')
 potentially stale -> ('SV', 'contracts/Tokens/Prime/PrimeStorage.sol', 'PrimeStorageV1.interests')
 reader witnesses  -> 208
 storage exposures -> 2
[MV-SI candidate 1e2ff59d6eb472d01097] {interests, markets}
 writer root       -> contracts/Tokens/Prime/Prime.sol::Prime.burn(address)
 writer effect     -> contracts/Tokens/Prime/Prime.sol:785
 written member    -> ('SV', 'contracts/Tokens/Prime/PrimeStorage.sol', 'PrimeStorageV1.interests')
 potentially stale -> ('SV', 'contracts/Tokens/Prime/PrimeStorage.sol', 'PrimeStorageV1.markets')
 reader witnesses  -> 744
 storage exposures -> 2
[MV-SI candidate 221307aa1b306812d14e] {interests, markets}
 writer root       -> contracts/Tokens/Prime/Prime.sol::Prime.addMarket(address,uint256,uint256)
 writer effect     -> contracts/Tokens/Prime/Prime.sol:297
 written member    -> ('SV', 'contracts/Tokens/Prime/PrimeStorage.sol', 'PrimeStorageV1.markets')
 potentially stale -> ('SV', 'contracts/Tokens/Prime/PrimeStorage.sol', 'PrimeStorageV1.interests')
 reader witnesses  -> 208
 storage exposures -> 2
[MV-SI candidate 28d4359bb52435ea881a] {interests, markets}
 writer root       -> contracts/Tokens/Prime/Prime.sol::Prime.accrueInterest(address)
 writer effect     -> contracts/Tokens/Prime/Prime.sol:588
 written member    -> ('SV', 'contracts/Tokens/Prime/PrimeStorage.sol', 'PrimeStorageV1.markets')
 potentially stale -> ('SV', 'contracts/Tokens/Prime/PrimeStorage.sol', 'PrimeStorageV1.interests')
 reader witnesses  -> 208
 storage exposures -> 2
[MV-SI candidate 2da4daffd01a199ca39c] {interests, markets}
 writer root       -> contracts/Tokens/Prime/Prime.sol::Prime.updateScores(address[])
 writer effect     -> contracts/Tokens/Prime/Prime.sol:785
 written member    -> ('SV', 'contracts/Tokens/Prime/PrimeStorage.sol', 'PrimeStorageV1.interests')
 potentially stale -> ('SV', 'contracts/Tokens/Prime/PrimeStorage.sol', 'PrimeStorageV1.markets')
 reader witnesses  -> 744
 storage exposures -> 2
[MV-SI candidate 2f9c8733086d4587edc8] {interests, markets}
 writer root       -> contracts/Tokens/Prime/Prime.sol::Prime.claimInterest(address)
 writer effect     -> contracts/Tokens/Prime/Prime.sol:676
 written member    -> ('SV', 'contracts/Tokens/Prime/PrimeStorage.sol', 'PrimeStorageV1.interests')
 potentially stale -> ('SV', 'contracts/Tokens/Prime/PrimeStorage.sol', 'PrimeStorageV1.markets')
 reader witnesses  -> 760
 storage exposures -> 2
[MV-SI candidate 307694958ccf00b6603a] {interests, markets}
 writer root       -> contracts/Tokens/Prime/Prime.sol::Prime.xvsUpdated(address)
 writer effect     -> contracts/Tokens/Prime/Prime.sol:785
 written member    -> ('SV', 'contracts/Tokens/Prime/PrimeStorage.sol', 'PrimeStorageV1.interests')
 potentially stale -> ('SV', 'contracts/Tokens/Prime/PrimeStorage.sol', 'PrimeStorageV1.markets')
 reader witnesses  -> 744
 storage exposures -> 2
[MV-SI candidate 30fd227920d24c31a840] {interests, markets}
 writer root       -> contracts/Tokens/Prime/Prime.sol::Prime.addMarket(address,uint256,uint256)
 writer effect     -> contracts/Tokens/Prime/Prime.sol:299
 written member    -> ('SV', 'contracts/Tokens/Prime/PrimeStorage.sol', 'PrimeStorageV1.markets')
 potentially stale -> ('SV', 'contracts/Tokens/Prime/PrimeStorage.sol', 'PrimeStorageV1.interests')
 reader witnesses  -> 208
 storage exposures -> 2
[MV-SI candidate 328caddbce8e6c2cc819] {interests, markets}
 writer root       -> contracts/Tokens/Prime/Prime.sol::Prime.accrueInterestAndUpdateScore(address,address)
 writer effect     -> contracts/Tokens/Prime/Prime.sol:588
 written member    -> ('SV', 'contracts/Tokens/Prime/PrimeStorage.sol', 'PrimeStorageV1.markets')
 potentially stale -> ('SV', 'contracts/Tokens/Prime/PrimeStorage.sol', 'PrimeStorageV1.interests')
 reader witnesses  -> 208
 storage exposures -> 2
[MV-SI candidate 4112d7f94dcde9c3376f] {interests, markets}
 writer root       -> contracts/Tokens/Prime/Prime.sol::Prime.issue(bool,address[])
 writer effect     -> contracts/Tokens/Prime/Prime.sol:629
 written member    -> ('SV', 'contracts/Tokens/Prime/PrimeStorage.sol', 'PrimeStorageV1.interests')
 potentially stale -> ('SV', 'contracts/Tokens/Prime/PrimeStorage.sol', 'PrimeStorageV1.markets')
 reader witnesses  -> 760
 storage exposures -> 2
[MV-SI candidate 480f42fce985fdbaf248] {interests, markets}
 writer root       -> contracts/Tokens/Prime/Prime.sol::Prime.updateScores(address[])
 writer effect     -> contracts/Tokens/Prime/Prime.sol:588
 written member    -> ('SV', 'contracts/Tokens/Prime/PrimeStorage.sol', 'PrimeStorageV1.markets')
 potentially stale -> ('SV', 'contracts/Tokens/Prime/PrimeStorage.sol', 'PrimeStorageV1.interests')
 reader witnesses  -> 208
 storage exposures -> 2
[MV-SI candidate 4b37294b4a858438c888] {interests, markets}
 writer root       -> contracts/Tokens/Prime/Prime.sol::Prime.claim()
 writer effect     -> contracts/Tokens/Prime/Prime.sol:629
 written member    -> ('SV', 'contracts/Tokens/Prime/PrimeStorage.sol', 'PrimeStorageV1.interests')
 potentially stale -> ('SV', 'contracts/Tokens/Prime/PrimeStorage.sol', 'PrimeStorageV1.markets')
 reader witnesses  -> 760
 storage exposures -> 2
[MV-SI candidate 67e631340de3c7a69ad9] {interests, markets}
 writer root       -> contracts/Tokens/Prime/Prime.sol::Prime.xvsUpdated(address)
 writer effect     -> contracts/Tokens/Prime/Prime.sol:737
 written member    -> ('SV', 'contracts/Tokens/Prime/PrimeStorage.sol', 'PrimeStorageV1.interests')
 potentially stale -> ('SV', 'contracts/Tokens/Prime/PrimeStorage.sol', 'PrimeStorageV1.markets')
 reader witnesses  -> 776
 storage exposures -> 2
[MV-SI candidate 6c73ff933dc485d35c39] {interests, markets}
 writer root       -> contracts/Tokens/Prime/Prime.sol::Prime.addMarket(address,uint256,uint256)
 writer effect     -> contracts/Tokens/Prime/Prime.sol:298
 written member    -> ('SV', 'contracts/Tokens/Prime/PrimeStorage.sol', 'PrimeStorageV1.markets')
 potentially stale -> ('SV', 'contracts/Tokens/Prime/PrimeStorage.sol', 'PrimeStorageV1.interests')
 reader witnesses  -> 208
 storage exposures -> 2
[MV-SI candidate 6cb4857bbb002e4bcb9c] {interests, markets}
 writer root       -> contracts/Tokens/Prime/Prime.sol::Prime.burn(address)
 writer effect     -> contracts/Tokens/Prime/Prime.sol:786
 written member    -> ('SV', 'contracts/Tokens/Prime/PrimeStorage.sol', 'PrimeStorageV1.interests')
 potentially stale -> ('SV', 'contracts/Tokens/Prime/PrimeStorage.sol', 'PrimeStorageV1.markets')
 reader witnesses  -> 744
 storage exposures -> 2
[MV-SI candidate 6cf98e754492474b4d7b] {interests, markets}
 writer root       -> contracts/Tokens/Prime/Prime.sol::Prime.claimInterest(address)
 writer effect     -> contracts/Tokens/Prime/Prime.sol:588
 written member    -> ('SV', 'contracts/Tokens/Prime/PrimeStorage.sol', 'PrimeStorageV1.markets')
 potentially stale -> ('SV', 'contracts/Tokens/Prime/PrimeStorage.sol', 'PrimeStorageV1.interests')
 reader witnesses  -> 208
 storage exposures -> 2
[MV-SI candidate 6e38babd09f9b8a5a766] {interests, markets}
 writer root       -> contracts/Tokens/Prime/Prime.sol::Prime.updateMultipliers(address,uint256,uint256)
 writer effect     -> contracts/Tokens/Prime/Prime.sol:277
 written member    -> ('SV', 'contracts/Tokens/Prime/PrimeStorage.sol', 'PrimeStorageV1.markets')
 potentially stale -> ('SV', 'contracts/Tokens/Prime/PrimeStorage.sol', 'PrimeStorageV1.interests')
 reader witnesses  -> 208
 storage exposures -> 2
[MV-SI candidate 6f9b63a0b94f2f40881d] {interests, markets}
 writer root       -> contracts/Tokens/Prime/Prime.sol::Prime.claimInterest(address,address)
 writer effect     -> contracts/Tokens/Prime/Prime.sol:588
 written member    -> ('SV', 'contracts/Tokens/Prime/PrimeStorage.sol', 'PrimeStorageV1.markets')
 potentially stale -> ('SV', 'contracts/Tokens/Prime/PrimeStorage.sol', 'PrimeStorageV1.interests')
 reader witnesses  -> 208
 storage exposures -> 2
[MV-SI candidate 71c6845f9f05c6f34c40] {interests, markets}
 writer root       -> contracts/Tokens/Prime/Prime.sol::Prime.getPendingInterests(address)
 writer effect     -> contracts/Tokens/Prime/Prime.sol:588
 written member    -> ('SV', 'contracts/Tokens/Prime/PrimeStorage.sol', 'PrimeStorageV1.markets')
 potentially stale -> ('SV', 'contracts/Tokens/Prime/PrimeStorage.sol', 'PrimeStorageV1.interests')
 reader witnesses  -> 208
 storage exposures -> 2
[MV-SI candidate 78a327c55e535ffd0df8] {interests, markets}
 writer root       -> contracts/Tokens/Prime/Prime.sol::Prime.xvsUpdated(address)
 writer effect     -> contracts/Tokens/Prime/Prime.sol:800
 written member    -> ('SV', 'contracts/Tokens/Prime/PrimeStorage.sol', 'PrimeStorageV1.markets')
 potentially stale -> ('SV', 'contracts/Tokens/Prime/PrimeStorage.sol', 'PrimeStorageV1.interests')
 reader witnesses  -> 184
 storage exposures -> 2
[MV-SI candidate 7a7b76f3957af8072b00] {feeIn, feeOut}
 writer root       -> contracts/PegStability/PegStability.sol::PegStability.setFeeIn(uint256)
 writer effect     -> contracts/PegStability/PegStability.sol:324
 written member    -> ('SV', 'contracts/PegStability/PegStability.sol', 'PegStability.feeIn')
 potentially stale -> ('SV', 'contracts/PegStability/PegStability.sol', 'PegStability.feeOut')
 reader witnesses  -> 2
 storage exposures -> 1
[MV-SI candidate 7dc192d77cbe47f5338b] {interests, markets}
 writer root       -> contracts/Tokens/Prime/Prime.sol::Prime.updateScores(address[])
 writer effect     -> contracts/Tokens/Prime/Prime.sol:800
 written member    -> ('SV', 'contracts/Tokens/Prime/PrimeStorage.sol', 'PrimeStorageV1.markets')
 potentially stale -> ('SV', 'contracts/Tokens/Prime/PrimeStorage.sol', 'PrimeStorageV1.interests')
 reader witnesses  -> 184
 storage exposures -> 2
[MV-SI candidate 8812897e8b7da9decc99] {interests, markets}
 writer root       -> contracts/Tokens/Prime/Prime.sol::Prime.claimInterest(address,address)
 writer effect     -> contracts/Tokens/Prime/Prime.sol:677
 written member    -> ('SV', 'contracts/Tokens/Prime/PrimeStorage.sol', 'PrimeStorageV1.interests')
 potentially stale -> ('SV', 'contracts/Tokens/Prime/PrimeStorage.sol', 'PrimeStorageV1.markets')
 reader witnesses  -> 776
 storage exposures -> 2
[MV-SI candidate 8b67f6d0b96d3d24ac6b] {interests, markets}
 writer root       -> contracts/Tokens/Prime/Prime.sol::Prime.issue(bool,address[])
 writer effect     -> contracts/Tokens/Prime/Prime.sol:588
 written member    -> ('SV', 'contracts/Tokens/Prime/PrimeStorage.sol', 'PrimeStorageV1.markets')
 potentially stale -> ('SV', 'contracts/Tokens/Prime/PrimeStorage.sol', 'PrimeStorageV1.interests')
 reader witnesses  -> 208
 storage exposures -> 2
[MV-SI candidate 8c9fcef0b7c85d33d6e3] {interests, markets}
 writer root       -> contracts/Tokens/Prime/Prime.sol::Prime.issue(bool,address[])
 writer effect     -> contracts/Tokens/Prime/Prime.sol:632
 written member    -> ('SV', 'contracts/Tokens/Prime/PrimeStorage.sol', 'PrimeStorageV1.interests')
 potentially stale -> ('SV', 'contracts/Tokens/Prime/PrimeStorage.sol', 'PrimeStorageV1.markets')
 reader witnesses  -> 776
 storage exposures -> 2
[MV-SI candidate 8f7b3a7fa7a92bbc98e0] {interests, markets}
 writer root       -> contracts/Tokens/Prime/Prime.sol::Prime.issue(bool,address[])
 writer effect     -> contracts/Tokens/Prime/Prime.sol:633
 written member    -> ('SV', 'contracts/Tokens/Prime/PrimeStorage.sol', 'PrimeStorageV1.markets')
 potentially stale -> ('SV', 'contracts/Tokens/Prime/PrimeStorage.sol', 'PrimeStorageV1.interests')
 reader witnesses  -> 208
 storage exposures -> 2
[MV-SI candidate 9095f3a1edda9efd1961] {interests, markets}
 writer root       -> contracts/Tokens/Prime/Prime.sol::Prime.burn(address)
 writer effect     -> contracts/Tokens/Prime/Prime.sol:733
 written member    -> ('SV', 'contracts/Tokens/Prime/PrimeStorage.sol', 'PrimeStorageV1.markets')
 potentially stale -> ('SV', 'contracts/Tokens/Prime/PrimeStorage.sol', 'PrimeStorageV1.interests')
 reader witnesses  -> 192
 storage exposures -> 2
[MV-SI candidate 91a43ccef2b1c25de147] {interests, markets}
 writer root       -> contracts/Tokens/Prime/Prime.sol::Prime.claim()
 writer effect     -> contracts/Tokens/Prime/Prime.sol:588
 written member    -> ('SV', 'contracts/Tokens/Prime/PrimeStorage.sol', 'PrimeStorageV1.markets')
 potentially stale -> ('SV', 'contracts/Tokens/Prime/PrimeStorage.sol', 'PrimeStorageV1.interests')
 reader witnesses  -> 208
 storage exposures -> 2
[MV-SI candidate 9d78a89942af8553bc55] {interests, markets}
 writer root       -> contracts/Tokens/Prime/Prime.sol::Prime.claimInterest(address,address)
 writer effect     -> contracts/Tokens/Prime/Prime.sol:676
 written member    -> ('SV', 'contracts/Tokens/Prime/PrimeStorage.sol', 'PrimeStorageV1.interests')
 potentially stale -> ('SV', 'contracts/Tokens/Prime/PrimeStorage.sol', 'PrimeStorageV1.markets')
 reader witnesses  -> 760
 storage exposures -> 2
[MV-SI candidate 9fabdf5b0bd2f2c69a4c] {interests, markets}
 writer root       -> contracts/Tokens/Prime/Prime.sol::Prime.xvsUpdated(address)
 writer effect     -> contracts/Tokens/Prime/Prime.sol:736
 written member    -> ('SV', 'contracts/Tokens/Prime/PrimeStorage.sol', 'PrimeStorageV1.interests')
 potentially stale -> ('SV', 'contracts/Tokens/Prime/PrimeStorage.sol', 'PrimeStorageV1.markets')
 reader witnesses  -> 776
 storage exposures -> 2
[MV-SI candidate a25f34a42c4df349a83c] {interests, markets}
 writer root       -> contracts/Tokens/Prime/Prime.sol::Prime.xvsUpdated(address)
 writer effect     -> contracts/Tokens/Prime/Prime.sol:588
 written member    -> ('SV', 'contracts/Tokens/Prime/PrimeStorage.sol', 'PrimeStorageV1.markets')
 potentially stale -> ('SV', 'contracts/Tokens/Prime/PrimeStorage.sol', 'PrimeStorageV1.interests')
 reader witnesses  -> 208
 storage exposures -> 2
[MV-SI candidate a60a9039b91e0d7359c2] {interests, markets}
 writer root       -> contracts/Tokens/Prime/Prime.sol::Prime.updateAlpha(uint128,uint128)
 writer effect     -> contracts/Tokens/Prime/Prime.sol:588
 written member    -> ('SV', 'contracts/Tokens/Prime/PrimeStorage.sol', 'PrimeStorageV1.markets')
 potentially stale -> ('SV', 'contracts/Tokens/Prime/PrimeStorage.sol', 'PrimeStorageV1.interests')
 reader witnesses  -> 208
 storage exposures -> 2
[MV-SI candidate accb11d24bb2edc89241] {interests, markets}
 writer root       -> contracts/Tokens/Prime/Prime.sol::Prime.burn(address)
 writer effect     -> contracts/Tokens/Prime/Prime.sol:736
 written member    -> ('SV', 'contracts/Tokens/Prime/PrimeStorage.sol', 'PrimeStorageV1.interests')
 potentially stale -> ('SV', 'contracts/Tokens/Prime/PrimeStorage.sol', 'PrimeStorageV1.markets')
 reader witnesses  -> 776
 storage exposures -> 2
[MV-SI candidate ad6c135a40ce1d2b7496] {interests, markets}
 writer root       -> contracts/Tokens/Prime/Prime.sol::Prime.accrueInterestAndUpdateScore(address,address)
 writer effect     -> contracts/Tokens/Prime/Prime.sol:786
 written member    -> ('SV', 'contracts/Tokens/Prime/PrimeStorage.sol', 'PrimeStorageV1.interests')
 potentially stale -> ('SV', 'contracts/Tokens/Prime/PrimeStorage.sol', 'PrimeStorageV1.markets')
 reader witnesses  -> 744
 storage exposures -> 2
[MV-SI candidate ad82972134d99acff58f] {interests, markets}
 writer root       -> contracts/Tokens/Prime/Prime.sol::Prime.claim()
 writer effect     -> contracts/Tokens/Prime/Prime.sol:632
 written member    -> ('SV', 'contracts/Tokens/Prime/PrimeStorage.sol', 'PrimeStorageV1.interests')
 potentially stale -> ('SV', 'contracts/Tokens/Prime/PrimeStorage.sol', 'PrimeStorageV1.markets')
 reader witnesses  -> 776
 storage exposures -> 2
[MV-SI candidate b0c084c01b9dce5da7c9] {interests, markets}
 writer root       -> contracts/Tokens/Prime/Prime.sol::Prime.xvsUpdated(address)
 writer effect     -> contracts/Tokens/Prime/Prime.sol:733
 written member    -> ('SV', 'contracts/Tokens/Prime/PrimeStorage.sol', 'PrimeStorageV1.markets')
 potentially stale -> ('SV', 'contracts/Tokens/Prime/PrimeStorage.sol', 'PrimeStorageV1.interests')
 reader witnesses  -> 192
 storage exposures -> 2
[MV-SI candidate b2b25b4640a1d92c8dbb] {interests, markets}
 writer root       -> contracts/Tokens/Prime/Prime.sol::Prime.accrueInterestAndUpdateScore(address,address)
 writer effect     -> contracts/Tokens/Prime/Prime.sol:785
 written member    -> ('SV', 'contracts/Tokens/Prime/PrimeStorage.sol', 'PrimeStorageV1.interests')
 potentially stale -> ('SV', 'contracts/Tokens/Prime/PrimeStorage.sol', 'PrimeStorageV1.markets')
 reader witnesses  -> 744
 storage exposures -> 2
[MV-SI candidate bacbd983f8f9b3425d34] {interests, markets}
 writer root       -> contracts/Tokens/Prime/Prime.sol::Prime.getInterestAccrued(address,address)
 writer effect     -> contracts/Tokens/Prime/Prime.sol:588
 written member    -> ('SV', 'contracts/Tokens/Prime/PrimeStorage.sol', 'PrimeStorageV1.markets')
 potentially stale -> ('SV', 'contracts/Tokens/Prime/PrimeStorage.sol', 'PrimeStorageV1.interests')
 reader witnesses  -> 208
 storage exposures -> 2
[MV-SI candidate bc169ca8833dbefaa05c] {interests, markets}
 writer root       -> contracts/Tokens/Prime/Prime.sol::Prime.xvsUpdated(address)
 writer effect     -> contracts/Tokens/Prime/Prime.sol:801
 written member    -> ('SV', 'contracts/Tokens/Prime/PrimeStorage.sol', 'PrimeStorageV1.interests')
 potentially stale -> ('SV', 'contracts/Tokens/Prime/PrimeStorage.sol', 'PrimeStorageV1.markets')
 reader witnesses  -> 776
 storage exposures -> 2
[MV-SI candidate c4791f4873a0a5267454] {interests, markets}
 writer root       -> contracts/Tokens/Prime/Prime.sol::Prime.claimInterest(address)
 writer effect     -> contracts/Tokens/Prime/Prime.sol:677
 written member    -> ('SV', 'contracts/Tokens/Prime/PrimeStorage.sol', 'PrimeStorageV1.interests')
 potentially stale -> ('SV', 'contracts/Tokens/Prime/PrimeStorage.sol', 'PrimeStorageV1.markets')
 reader witnesses  -> 776
 storage exposures -> 2
[MV-SI candidate c4cfeb9ccadc8054729e] {interests, markets}
 writer root       -> contracts/Tokens/Prime/Prime.sol::Prime.addMarket(address,uint256,uint256)
 writer effect     -> contracts/Tokens/Prime/Prime.sol:295
 written member    -> ('SV', 'contracts/Tokens/Prime/PrimeStorage.sol', 'PrimeStorageV1.markets')
 potentially stale -> ('SV', 'contracts/Tokens/Prime/PrimeStorage.sol', 'PrimeStorageV1.interests')
 reader witnesses  -> 208
 storage exposures -> 2
[MV-SI candidate ca1b02a7081497e5867f] {interests, markets}
 writer root       -> contracts/Tokens/Prime/Prime.sol::Prime.updateMultipliers(address,uint256,uint256)
 writer effect     -> contracts/Tokens/Prime/Prime.sol:588
 written member    -> ('SV', 'contracts/Tokens/Prime/PrimeStorage.sol', 'PrimeStorageV1.markets')
 potentially stale -> ('SV', 'contracts/Tokens/Prime/PrimeStorage.sol', 'PrimeStorageV1.interests')
 reader witnesses  -> 208
 storage exposures -> 2
[MV-SI candidate ca243deeb5f3091d2047] {interests, markets}
 writer root       -> contracts/Tokens/Prime/Prime.sol::Prime.accrueInterestAndUpdateScore(address,address)
 writer effect     -> contracts/Tokens/Prime/Prime.sol:801
 written member    -> ('SV', 'contracts/Tokens/Prime/PrimeStorage.sol', 'PrimeStorageV1.interests')
 potentially stale -> ('SV', 'contracts/Tokens/Prime/PrimeStorage.sol', 'PrimeStorageV1.markets')
 reader witnesses  -> 776
 storage exposures -> 2
[MV-SI candidate cfb710c84ecf78ae6e34] {feeIn, feeOut}
 writer root       -> contracts/PegStability/PegStability.sol::PegStability.setFeeOut(uint256)
 writer effect     -> contracts/PegStability/PegStability.sol:341
 written member    -> ('SV', 'contracts/PegStability/PegStability.sol', 'PegStability.feeOut')
 potentially stale -> ('SV', 'contracts/PegStability/PegStability.sol', 'PegStability.feeIn')
 reader witnesses  -> 2
 storage exposures -> 1
[MV-SI candidate d63d4e37626e7e1ae61f] {interests, markets}
 writer root       -> contracts/Tokens/Prime/Prime.sol::Prime.updateScores(address[])
 writer effect     -> contracts/Tokens/Prime/Prime.sol:801
 written member    -> ('SV', 'contracts/Tokens/Prime/PrimeStorage.sol', 'PrimeStorageV1.interests')
 potentially stale -> ('SV', 'contracts/Tokens/Prime/PrimeStorage.sol', 'PrimeStorageV1.markets')
 reader witnesses  -> 776
 storage exposures -> 2
[MV-SI candidate dcfa0183699282ca34c6] {interests, markets}
 writer root       -> contracts/Tokens/Prime/Prime.sol::Prime.accrueInterestAndUpdateScore(address,address)
 writer effect     -> contracts/Tokens/Prime/Prime.sol:800
 written member    -> ('SV', 'contracts/Tokens/Prime/PrimeStorage.sol', 'PrimeStorageV1.markets')
 potentially stale -> ('SV', 'contracts/Tokens/Prime/PrimeStorage.sol', 'PrimeStorageV1.interests')
 reader witnesses  -> 184
 storage exposures -> 2
[MV-SI candidate ff8a7822228e22b7882e] {interests, markets}
 writer root       -> contracts/Tokens/Prime/Prime.sol::Prime.addMarket(address,uint256,uint256)
 writer effect     -> contracts/Tokens/Prime/Prime.sol:296
 written member    -> ('SV', 'contracts/Tokens/Prime/PrimeStorage.sol', 'PrimeStorageV1.markets')
 potentially stale -> ('SV', 'contracts/Tokens/Prime/PrimeStorage.sol', 'PrimeStorageV1.interests')
 reader witnesses  -> 208
 storage exposures -> 2Reference: https://github.com/crytic/slither/wiki/Detector-Documentation
[mvscan-config] {"ATOMIC_GROUP": [], "DIVERGENCE_BUDGET": 1000, "ENABLE_BRANCH_GROUPS": false, "ENABLE_EXTERNAL_STATE": true, "ENABLE_MULTI_RETURN_GROUPS": true, "MAPPING_MODE": "precise", "MERGE_OVERLOADS": false, "MVSCAN_ABLATION": "no_branch_groups", "MVSCAN_CONTEXTUAL_KEYS": true, "MVSCAN_INCLUDE_SCALAR_WITNESSES": false, "MVSCAN_INTERFACE_DISPATCH": false, "MVSCAN_MAX_CONTEXTS_PER_OWNER_BLOCK": 128, "MVSCAN_MAX_DISPATCH_TARGETS": 16, "MVSCAN_REQUIRE_DISTINCT_OUTER_ROOTS": false, "MVSCAN_ROOT_CONTEXT_SINKS": false, "NOOP_WRITE_FILTER": true, "REQUIRE_SAME_SLOT_KEY": true, "SINK_TEST": "none", "USER_CALLABLE_ALWAYS": [], "USER_CALLABLE_DENY": []}
[mvscan-stage] icfg-built blocks=6262 vars=348
[mvscan-stage] root-seeding-done eligible_exposures=1091 seeded=485 multi_exposure_entry_blocks=203 collapsed_contextual_aliases=606 excluded_dependency=0 excluded_interface=79 excluded_library=0 excluded_abstract=0 missing_entry_point=57 missing_entry_block=0
[mvscan-pairs] call_target_digest=f79a80d08519bed33f749c6c81944c175ff64e1267a36b7b80f854aaad957f92 candidate_count=16 candidate_digest=8d0d915625457287de24665b62225595eeaec52d2e8a739b3867d960fdcb26f7 context_instance_count=780 eligible_readers=22 eligible_writers=26 execution_context_digest=50655606ca6045a4cf23c3dfb39e05bcfc32813cfee3a1356b3efcce3a79bbee insensitive_readers_filtered=8 invalid_partial_write_filtered=0 must_full_relation_filtered=120 omitted_member_evidence_filtered=0 omitted_member_not_sensitive_filtered=0 owner_context_pairs=932 owner_context_pairs_considered=15804 raw_block_pairs=298 reader_witness_count=932 relation_base_members_shadowed=0 relation_context_incompatible=8296 relation_digest=fbd7b83dca0d002a2b96c6a07a05d9b27022f76284a42a3fd9f187646d3f6ebf relation_members_raw=31 relation_origins_registered=2 relation_origins_rejected_unary_after_shadowing=26 relation_origins_rejected_unreachable=54 relation_origins_seen=28 root_context_sink_filtered=0 same_outer_root_filtered=0 same_static_block_filtered=14 scalar_variables_skipped=267 storage_context_mismatch=6456 variables_considered=269
INFO:Detectors:

[MV-SI candidate 0b2a21cf674c0fc6b040] {allowance, balanceOf, totalSupply}
 writer root       -> contracts/Tokens/VAI/VAI.sol::VAI.burn(address,uint256)
 writer effect     -> contracts/Tokens/VAI/VAI.sol:110
 written member    -> ('SV', 'contracts/Tokens/VAI/VAI.sol', 'VAI.totalSupply')
 potentially stale -> ('SV', 'contracts/Tokens/VAI/VAI.sol', 'VAI.allowance'), ('SV', 'contracts/Tokens/VAI/VAI.sol', 'VAI.balanceOf')
 reader witnesses  -> 64
 storage exposures -> 2
[MV-SI candidate 24a5656367f5a638f2d3] {allowance, balanceOf, totalSupply}
 writer root       -> contracts/Tokens/VAI/VAI.sol::VAI.mint(address,uint256)
 writer effect     -> contracts/Tokens/VAI/VAI.sol:99
 written member    -> ('SV', 'contracts/Tokens/VAI/VAI.sol', 'VAI.totalSupply')
 potentially stale -> ('SV', 'contracts/Tokens/VAI/VAI.sol', 'VAI.allowance'), ('SV', 'contracts/Tokens/VAI/VAI.sol', 'VAI.balanceOf')
 reader witnesses  -> 64
 storage exposures -> 2
[MV-SI candidate 256744bb998dbb6b4e29] {balanceOf, totalSupply}
 writer root       -> contracts/Tokens/VAI/VAIController.sol::VAIController.repayVAI(uint256)
 writer effect     -> contracts/Tokens/VAI/VAI.sol:110
 written member    -> ('SV', 'contracts/Tokens/VAI/VAI.sol', 'VAI.totalSupply')
 potentially stale -> ('SV', 'contracts/Tokens/VAI/VAI.sol', 'VAI.balanceOf')
 reader witnesses  -> 58
 storage exposures -> 1
[MV-SI candidate 28865fac0a3ba2eaa8da] {allowance, balanceOf, totalSupply}
 writer root       -> contracts/test/VAIControllerHarness.sol::VAIControllerHarness.harnessRepayVAIFresh(address,address,uint256)
 writer effect     -> contracts/Tokens/VAI/VAI.sol:110
 written member    -> ('SV', 'contracts/Tokens/VAI/VAI.sol', 'VAI.totalSupply')
 potentially stale -> ('SV', 'contracts/Tokens/VAI/VAI.sol', 'VAI.allowance'), ('SV', 'contracts/Tokens/VAI/VAI.sol', 'VAI.balanceOf')
 reader witnesses  -> 47
 storage exposures -> 1
[MV-SI candidate 377d52358e518bccd4c5] {allowance, balanceOf, totalSupply}
 writer root       -> contracts/Tokens/VAI/VAIController.sol::VAIController.repayVAI(uint256)
 writer effect     -> contracts/Tokens/VAI/VAI.sol:110
 written member    -> ('SV', 'contracts/Tokens/VAI/VAI.sol', 'VAI.totalSupply')
 potentially stale -> ('SV', 'contracts/Tokens/VAI/VAI.sol', 'VAI.allowance'), ('SV', 'contracts/Tokens/VAI/VAI.sol', 'VAI.balanceOf')
 reader witnesses  -> 94
 storage exposures -> 1
[MV-SI candidate 4eb77e6892fc20e7f54b] {balanceOf, totalSupply}
 writer root       -> contracts/test/VAIControllerHarness.sol::VAIControllerHarness.harnessLiquidateVAIFresh(address,address,uint256,VToken)
 writer effect     -> contracts/Tokens/VAI/VAI.sol:110
 written member    -> ('SV', 'contracts/Tokens/VAI/VAI.sol', 'VAI.totalSupply')
 potentially stale -> ('SV', 'contracts/Tokens/VAI/VAI.sol', 'VAI.balanceOf')
 reader witnesses  -> 29
 storage exposures -> 1
[MV-SI candidate 4ef9a21e4fb4cb735420] {balanceOf, totalSupply}
 writer root       -> contracts/Tokens/VAI/VAIController.sol::VAIController.mintVAI(uint256)
 writer effect     -> contracts/Tokens/VAI/VAI.sol:99
 written member    -> ('SV', 'contracts/Tokens/VAI/VAI.sol', 'VAI.totalSupply')
 potentially stale -> ('SV', 'contracts/Tokens/VAI/VAI.sol', 'VAI.balanceOf')
 reader witnesses  -> 116
 storage exposures -> 1
[MV-SI candidate 5652e6fe5eb7d736606d] {allowance, balanceOf, totalSupply}
 writer root       -> contracts/test/VAIHarness.sol::VAIScenario.allocateTo(address,uint256)
 writer effect     -> contracts/test/VAIHarness.sol:28
 written member    -> ('SV', 'contracts/Tokens/VAI/VAI.sol', 'VAI.totalSupply')
 potentially stale -> ('SV', 'contracts/Tokens/VAI/VAI.sol', 'VAI.allowance'), ('SV', 'contracts/Tokens/VAI/VAI.sol', 'VAI.balanceOf')
 reader witnesses  -> 17
 storage exposures -> 1
[MV-SI candidate 6b7b0163d30f4515c02f] {allowance, balanceOf, totalSupply}
 writer root       -> contracts/test/VAIHarness.sol::VAIScenario.harnessIncrementTotalSupply(uint256)
 writer effect     -> contracts/test/VAIHarness.sol:19
 written member    -> ('SV', 'contracts/Tokens/VAI/VAI.sol', 'VAI.totalSupply')
 potentially stale -> ('SV', 'contracts/Tokens/VAI/VAI.sol', 'VAI.allowance'), ('SV', 'contracts/Tokens/VAI/VAI.sol', 'VAI.balanceOf')
 reader witnesses  -> 17
 storage exposures -> 1
[MV-SI candidate 76698ca02e43b4af7ab5] {allowance, balanceOf, totalSupply}
 writer root       -> contracts/test/VAIControllerHarness.sol::VAIControllerHarness.harnessLiquidateVAIFresh(address,address,uint256,VToken)
 writer effect     -> contracts/Tokens/VAI/VAI.sol:110
 written member    -> ('SV', 'contracts/Tokens/VAI/VAI.sol', 'VAI.totalSupply')
 potentially stale -> ('SV', 'contracts/Tokens/VAI/VAI.sol', 'VAI.allowance'), ('SV', 'contracts/Tokens/VAI/VAI.sol', 'VAI.balanceOf')
 reader witnesses  -> 47
 storage exposures -> 1
[MV-SI candidate 768844286f0b886c261e] {allowance, balanceOf, totalSupply}
 writer root       -> contracts/Tokens/VAI/VAIController.sol::VAIController.mintVAI(uint256)
 writer effect     -> contracts/Tokens/VAI/VAI.sol:99
 written member    -> ('SV', 'contracts/Tokens/VAI/VAI.sol', 'VAI.totalSupply')
 potentially stale -> ('SV', 'contracts/Tokens/VAI/VAI.sol', 'VAI.allowance'), ('SV', 'contracts/Tokens/VAI/VAI.sol', 'VAI.balanceOf')
 reader witnesses  -> 188
 storage exposures -> 1
[MV-SI candidate 863c08bee825ad50788c] {balanceOf, totalSupply}
 writer root       -> contracts/test/VAIHarness.sol::VAIScenario.harnessSetTotalSupply(uint256)
 writer effect     -> contracts/test/VAIHarness.sol:15
 written member    -> ('SV', 'contracts/Tokens/VAI/VAI.sol', 'VAI.totalSupply')
 potentially stale -> ('SV', 'contracts/Tokens/VAI/VAI.sol', 'VAI.balanceOf')
 reader witnesses  -> 11
 storage exposures -> 1
[MV-SI candidate 95b20bf7168d64919f54] {allowance, balanceOf, totalSupply}
 writer root       -> contracts/Tokens/VAI/VAIController.sol::VAIController.liquidateVAI(address,uint256,VTokenInterface)
 writer effect     -> contracts/Tokens/VAI/VAI.sol:110
 written member    -> ('SV', 'contracts/Tokens/VAI/VAI.sol', 'VAI.totalSupply')
 potentially stale -> ('SV', 'contracts/Tokens/VAI/VAI.sol', 'VAI.allowance'), ('SV', 'contracts/Tokens/VAI/VAI.sol', 'VAI.balanceOf')
 reader witnesses  -> 94
 storage exposures -> 1
[MV-SI candidate ccb2e759a01a5cda5882] {allowance, balanceOf, totalSupply}
 writer root       -> contracts/test/VAIHarness.sol::VAIScenario.harnessSetTotalSupply(uint256)
 writer effect     -> contracts/test/VAIHarness.sol:15
 written member    -> ('SV', 'contracts/Tokens/VAI/VAI.sol', 'VAI.totalSupply')
 potentially stale -> ('SV', 'contracts/Tokens/VAI/VAI.sol', 'VAI.allowance'), ('SV', 'contracts/Tokens/VAI/VAI.sol', 'VAI.balanceOf')
 reader witnesses  -> 17
 storage exposures -> 1
[MV-SI candidate edabb18128dfd083da61] {balanceOf, totalSupply}
 writer root       -> contracts/Tokens/VAI/VAIController.sol::VAIController.liquidateVAI(address,uint256,VTokenInterface)
 writer effect     -> contracts/Tokens/VAI/VAI.sol:110
 written member    -> ('SV', 'contracts/Tokens/VAI/VAI.sol', 'VAI.totalSupply')
 potentially stale -> ('SV', 'contracts/Tokens/VAI/VAI.sol', 'VAI.balanceOf')
 reader witnesses  -> 58
 storage exposures -> 1
[MV-SI candidate fdd908fa64d8595c1239] {balanceOf, totalSupply}
 writer root       -> contracts/test/VAIHarness.sol::VAIScenario.harnessIncrementTotalSupply(uint256)
 writer effect     -> contracts/test/VAIHarness.sol:19
 written member    -> ('SV', 'contracts/Tokens/VAI/VAI.sol', 'VAI.totalSupply')
 potentially stale -> ('SV', 'contracts/Tokens/VAI/VAI.sol', 'VAI.balanceOf')
 reader witnesses  -> 11
 storage exposures -> 1Reference: https://github.com/crytic/slither/wiki/Detector-Documentation
INFO:Slither:. analyzed (297 contracts with 1 detectors), 68 result(s) found
