'/tmp/.svm/0.8.20/solc-0.8.20 --version' running
'solc --standard-json --allow-paths /tmp/analysis-input' running
[mvscan-config] {"ATOMIC_GROUP": [], "DIVERGENCE_BUDGET": 1000, "ENABLE_BRANCH_GROUPS": true, "ENABLE_EXTERNAL_STATE": true, "ENABLE_MULTI_RETURN_GROUPS": false, "MAPPING_MODE": "precise", "MERGE_OVERLOADS": false, "MVSCAN_ABLATION": "no_multi_return_groups", "MVSCAN_CONTEXTUAL_KEYS": true, "MVSCAN_INCLUDE_SCALAR_WITNESSES": false, "MVSCAN_INTERFACE_DISPATCH": false, "MVSCAN_MAX_CONTEXTS_PER_OWNER_BLOCK": 128, "MVSCAN_MAX_DISPATCH_TARGETS": 16, "MVSCAN_REQUIRE_DISTINCT_OUTER_ROOTS": false, "MVSCAN_ROOT_CONTEXT_SINKS": false, "NOOP_WRITE_FILTER": true, "REQUIRE_SAME_SLOT_KEY": true, "SINK_TEST": "none", "USER_CALLABLE_ALWAYS": [], "USER_CALLABLE_DENY": []}
[mvscan-stage] icfg-built blocks=516 vars=20
[mvscan-stage] root-seeding-done eligible_exposures=14 seeded=14 multi_exposure_entry_blocks=0 collapsed_contextual_aliases=0 excluded_dependency=0 excluded_interface=15 excluded_library=0 excluded_abstract=0 missing_entry_point=0 missing_entry_block=0
[mvscan-pairs] call_target_digest=3d13761db451e85338b3ddb2c38e7cbc84c47142eb0b737e4639d0413bf5dd96 candidate_count=4 candidate_digest=c45770ecad935d5d1a6a30ce4e6a2af3a5a37509528acd287a0c20f436c2df68 context_instance_count=15 eligible_readers=10 eligible_writers=4 execution_context_digest=2444f1780cc7e22cea56f855a27dea6636da61316b6611bb8225cb6d280ec442 insensitive_readers_filtered=6 invalid_partial_write_filtered=0 must_full_relation_filtered=0 omitted_member_evidence_filtered=0 omitted_member_not_sensitive_filtered=0 owner_context_pairs=15 owner_context_pairs_considered=28 raw_block_pairs=20 reader_witness_count=15 relation_base_members_shadowed=2 relation_context_incompatible=13 relation_digest=253ed996e166a130cb697969618daae3c8663acd91a0cae7c7104a947f41dd9e relation_members_raw=16 relation_origins_registered=2 relation_origins_rejected_unary_after_shadowing=10 relation_origins_seen=12 root_context_sink_filtered=0 same_outer_root_filtered=0 scalar_variables_skipped=12 storage_context_mismatch=0 variables_considered=14
INFO:Detectors:

[MV-SI candidate 09afe98d5595709b56b9] {isTokenAllowed[$arg0], lpETH}
 writer root       -> src/PrelaunchPoints.sol::PrelaunchPoints.allowToken(address)
 writer effect     -> src/PrelaunchPoints.sol:365
 written member    -> ('MS', 'src/PrelaunchPoints.sol', 'PrelaunchPoints.isTokenAllowed', '$arg0')
 potentially stale -> ('SV', 'src/PrelaunchPoints.sol', 'PrelaunchPoints.lpETH')
 reader witnesses  -> 6
 storage exposures -> 1
[MV-SI candidate 2a211ff7467061ade30e] {isTokenAllowed[$arg0], lpETH}
 writer root       -> src/PrelaunchPoints.sol::PrelaunchPoints.setLoopAddresses(address,address)
 writer effect     -> src/PrelaunchPoints.sol:353
 written member    -> ('SV', 'src/PrelaunchPoints.sol', 'PrelaunchPoints.lpETH')
 potentially stale -> ('MS', 'src/PrelaunchPoints.sol', 'PrelaunchPoints.isTokenAllowed', '$arg0')
 reader witnesses  -> 5
 storage exposures -> 1
[MV-SI candidate 2bbbe0c01f06e0983479] {loopActivation, startClaimDate}
 writer root       -> src/PrelaunchPoints.sol::PrelaunchPoints.setLoopAddresses(address,address)
 writer effect     -> src/PrelaunchPoints.sol:355
 written member    -> ('SV', 'src/PrelaunchPoints.sol', 'PrelaunchPoints.loopActivation')
 potentially stale -> ('SV', 'src/PrelaunchPoints.sol', 'PrelaunchPoints.startClaimDate')
 reader witnesses  -> 2
 storage exposures -> 1
[MV-SI candidate bb1d49674fe1ed414b08] {loopActivation, startClaimDate}
 writer root       -> src/PrelaunchPoints.sol::PrelaunchPoints.convertAllETH()
 writer effect     -> src/PrelaunchPoints.sol:327
 written member    -> ('SV', 'src/PrelaunchPoints.sol', 'PrelaunchPoints.startClaimDate')
 potentially stale -> ('SV', 'src/PrelaunchPoints.sol', 'PrelaunchPoints.loopActivation')
 reader witnesses  -> 2
 storage exposures -> 1Reference: https://github.com/crytic/slither/wiki/Detector-Documentation
INFO:Slither:mvscan-standard-input.json analyzed (9 contracts with 1 detectors), 4 result(s) found
