Problem executing hardhat to fetch configuration, using defaults: [Errno 2] No such file or directory: 'hardhat'
[mvscan-config] {"ATOMIC_GROUP": [], "DIVERGENCE_BUDGET": 1000, "ENABLE_BRANCH_GROUPS": true, "ENABLE_EXTERNAL_STATE": true, "ENABLE_MULTI_RETURN_GROUPS": false, "MAPPING_MODE": "precise", "MERGE_OVERLOADS": false, "MVSCAN_ABLATION": "no_multi_return_groups", "MVSCAN_CONTEXTUAL_KEYS": true, "MVSCAN_INCLUDE_SCALAR_WITNESSES": false, "MVSCAN_INTERFACE_DISPATCH": false, "MVSCAN_MAX_CONTEXTS_PER_OWNER_BLOCK": 128, "MVSCAN_MAX_DISPATCH_TARGETS": 16, "MVSCAN_REQUIRE_DISTINCT_OUTER_ROOTS": false, "MVSCAN_ROOT_CONTEXT_SINKS": false, "NOOP_WRITE_FILTER": true, "REQUIRE_SAME_SLOT_KEY": true, "SINK_TEST": "none", "USER_CALLABLE_ALWAYS": [], "USER_CALLABLE_DENY": []}
[mvscan-stage] icfg-built blocks=0 vars=0
[mvscan-stage] root-seeding-done eligible_exposures=0 seeded=0 multi_exposure_entry_blocks=0 collapsed_contextual_aliases=0 excluded_dependency=0 excluded_interface=1 excluded_library=0 excluded_abstract=0 missing_entry_point=0 missing_entry_block=0
[mvscan-pairs] call_target_digest=4f53cda18c2baa0c0354bb5f9a3ecbe5ed12ab4d8e11ba873c2f11161202b945 candidate_count=0 candidate_digest=4f53cda18c2baa0c0354bb5f9a3ecbe5ed12ab4d8e11ba873c2f11161202b945 context_instance_count=0 execution_context_digest=4f53cda18c2baa0c0354bb5f9a3ecbe5ed12ab4d8e11ba873c2f11161202b945 invalid_partial_write_filtered=0 must_full_relation_filtered=0 omitted_member_evidence_filtered=0 omitted_member_not_sensitive_filtered=0 owner_context_pairs=0 owner_context_pairs_considered=0 reader_witness_count=0 relation_context_incompatible=0 relation_digest=4f53cda18c2baa0c0354bb5f9a3ecbe5ed12ab4d8e11ba873c2f11161202b945 root_context_sink_filtered=0 same_outer_root_filtered=0 storage_context_mismatch=0
[mvscan-config] {"ATOMIC_GROUP": [], "DIVERGENCE_BUDGET": 1000, "ENABLE_BRANCH_GROUPS": true, "ENABLE_EXTERNAL_STATE": true, "ENABLE_MULTI_RETURN_GROUPS": false, "MAPPING_MODE": "precise", "MERGE_OVERLOADS": false, "MVSCAN_ABLATION": "no_multi_return_groups", "MVSCAN_CONTEXTUAL_KEYS": true, "MVSCAN_INCLUDE_SCALAR_WITNESSES": false, "MVSCAN_INTERFACE_DISPATCH": false, "MVSCAN_MAX_CONTEXTS_PER_OWNER_BLOCK": 128, "MVSCAN_MAX_DISPATCH_TARGETS": 16, "MVSCAN_REQUIRE_DISTINCT_OUTER_ROOTS": false, "MVSCAN_ROOT_CONTEXT_SINKS": false, "NOOP_WRITE_FILTER": true, "REQUIRE_SAME_SLOT_KEY": true, "SINK_TEST": "none", "USER_CALLABLE_ALWAYS": [], "USER_CALLABLE_DENY": []}
[mvscan-stage] icfg-built blocks=1356 vars=72
[mvscan-stage] root-seeding-done eligible_exposures=93 seeded=61 multi_exposure_entry_blocks=13 collapsed_contextual_aliases=32 excluded_dependency=0 excluded_interface=41 excluded_library=0 excluded_abstract=2 missing_entry_point=0 missing_entry_block=0
[mvscan-pairs] call_target_digest=9f8526a4e9507c4a47c26a3fc74e12e20b80dbf40f2c4f8ae73b19e7f5630e88 candidate_count=7 candidate_digest=b6fbcf8d8267e2475b464da5416a33eff8357e60b80493504d873f04be419207 context_instance_count=19 eligible_readers=27 eligible_writers=16 execution_context_digest=9aabc59f0ea594a1cbd06413e764163f5601116a6c4399c91b5f1d0eeaf981c2 insensitive_readers_filtered=14 invalid_partial_write_filtered=0 must_full_relation_filtered=0 omitted_member_evidence_filtered=0 omitted_member_not_sensitive_filtered=0 owner_context_pairs=25 owner_context_pairs_considered=714 raw_block_pairs=77 reader_witness_count=25 relation_base_members_shadowed=4 relation_context_incompatible=269 relation_digest=d5d4aad8fa05570582a4802fc6ad7c3f15983cc92149bd479d6749220e459e85 relation_members_raw=52 relation_origins_registered=6 relation_origins_rejected_unary_after_shadowing=36 relation_origins_seen=42 relation_unbound_key_templates=27 root_context_sink_filtered=0 same_outer_root_filtered=0 same_static_block_filtered=3 scalar_variables_skipped=41 storage_context_mismatch=420 variables_considered=47
INFO:Detectors:

[MV-SI candidate 0ad65dd5022040a012a2] {_initialized, _initializing}
 writer root       -> contracts/visor/Visor.sol::Visor.initializeLock()
 writer effect     -> @openzeppelin/contracts/proxy/Initializable.sol:47
 written member    -> ('SV', '@openzeppelin/contracts/proxy/Initializable.sol', 'Initializable._initializing')
 potentially stale -> ('SV', '@openzeppelin/contracts/proxy/Initializable.sol', 'Initializable._initialized')
 reader witnesses  -> 2
 storage exposures -> 1
[MV-SI candidate 114ebd7845226beeb5f6] {_initialized, _initializing}
 writer root       -> contracts/visor/Visor.sol::Visor.initializeLock()
 writer effect     -> @openzeppelin/contracts/proxy/Initializable.sol:40
 written member    -> ('SV', '@openzeppelin/contracts/proxy/Initializable.sol', 'Initializable._initializing')
 potentially stale -> ('SV', '@openzeppelin/contracts/proxy/Initializable.sol', 'Initializable._initialized')
 reader witnesses  -> 2
 storage exposures -> 1
[MV-SI candidate 2d22c8c7d464f719bf5e] {_initialized, _initializing}
 writer root       -> contracts/visor/Visor.sol::Visor.initializeLock()
 writer effect     -> @openzeppelin/contracts/proxy/Initializable.sol:41
 written member    -> ('SV', '@openzeppelin/contracts/proxy/Initializable.sol', 'Initializable._initialized')
 potentially stale -> ('SV', '@openzeppelin/contracts/proxy/Initializable.sol', 'Initializable._initializing')
 reader witnesses  -> 4
 storage exposures -> 1
[MV-SI candidate 34f5b327ccb9ff79d238] {_initialized, _initializing}
 writer root       -> contracts/visor/Visor.sol::Visor.initialize()
 writer effect     -> @openzeppelin/contracts/proxy/Initializable.sol:41
 written member    -> ('SV', '@openzeppelin/contracts/proxy/Initializable.sol', 'Initializable._initialized')
 potentially stale -> ('SV', '@openzeppelin/contracts/proxy/Initializable.sol', 'Initializable._initializing')
 reader witnesses  -> 4
 storage exposures -> 1
[MV-SI candidate 9c2ae24e65689051da6a] {_initialized, _initializing}
 writer root       -> contracts/visor/Visor.sol::Visor.initialize()
 writer effect     -> @openzeppelin/contracts/proxy/Initializable.sol:47
 written member    -> ('SV', '@openzeppelin/contracts/proxy/Initializable.sol', 'Initializable._initializing')
 potentially stale -> ('SV', '@openzeppelin/contracts/proxy/Initializable.sol', 'Initializable._initialized')
 reader witnesses  -> 2
 storage exposures -> 1
[MV-SI candidate b2908e1eeaff3ea53343] {_initialized, _initializing}
 writer root       -> contracts/visor/Visor.sol::Visor.initialize()
 writer effect     -> @openzeppelin/contracts/proxy/Initializable.sol:40
 written member    -> ('SV', '@openzeppelin/contracts/proxy/Initializable.sol', 'Initializable._initializing')
 potentially stale -> ('SV', '@openzeppelin/contracts/proxy/Initializable.sol', 'Initializable._initialized')
 reader witnesses  -> 2
 storage exposures -> 1
[MV-SI candidate b5376d6fd434d9d47015] {timelockERC721Keys[$arg1][@local::contracts/visor/Visor.sol::Visor.transferERC721(address,address,uint256)::LocalVariable::i_2], timelockERC721s}
 writer root       -> contracts/visor/Visor.sol::Visor.timeUnlockERC721(address,address,uint256,uint256)
 writer effect     -> contracts/visor/Visor.sol:572
 written member    -> ('SV', 'contracts/visor/Visor.sol', 'Visor.timelockERC721s')
 potentially stale -> ('MS', 'contracts/visor/Visor.sol', 'Visor.timelockERC721Keys', '$arg1][@local::contracts/visor/Visor.sol::Visor.transferERC721(address,address,uint256)::LocalVariable::i_2')
 reader witnesses  -> 9
 storage exposures -> 1Reference: https://github.com/crytic/slither/wiki/Detector-Documentation
INFO:Slither:. analyzed (54 contracts with 1 detectors), 7 result(s) found
