Problem executing hardhat to fetch configuration, using defaults: [Errno 2] No such file or directory: 'hardhat'
[mvscan-config] {"ATOMIC_GROUP": [], "DIVERGENCE_BUDGET": 1000, "ENABLE_BRANCH_GROUPS": true, "ENABLE_EXTERNAL_STATE": true, "ENABLE_MULTI_RETURN_GROUPS": true, "MAPPING_MODE": "base_collapsed", "MERGE_OVERLOADS": false, "MVSCAN_ABLATION": "mapping_insensitive", "MVSCAN_CONTEXTUAL_KEYS": true, "MVSCAN_INCLUDE_SCALAR_WITNESSES": false, "MVSCAN_INTERFACE_DISPATCH": false, "MVSCAN_MAX_CONTEXTS_PER_OWNER_BLOCK": 128, "MVSCAN_MAX_DISPATCH_TARGETS": 16, "MVSCAN_REQUIRE_DISTINCT_OUTER_ROOTS": false, "MVSCAN_ROOT_CONTEXT_SINKS": false, "NOOP_WRITE_FILTER": true, "REQUIRE_SAME_SLOT_KEY": false, "SINK_TEST": "none", "USER_CALLABLE_ALWAYS": [], "USER_CALLABLE_DENY": []}
[mvscan-stage] icfg-built blocks=592 vars=59
[mvscan-stage] root-seeding-done eligible_exposures=28 seeded=23 multi_exposure_entry_blocks=5 collapsed_contextual_aliases=5 excluded_dependency=0 excluded_interface=8 excluded_library=0 excluded_abstract=2 missing_entry_point=0 missing_entry_block=0
[mvscan-pairs] call_target_digest=f1c1f8950d7b94fc5e8262449de09bd331dd3e58a274e2d0b8d3164cae4bb45a candidate_count=29 candidate_digest=9261b4ab5d4e7306f3013ae7fc273a54f35b4c3885ccd225f46419092d36855c context_instance_count=280 eligible_readers=186 eligible_writers=108 execution_context_digest=f8253ef6712720c71b5280fc6c83a88dd9435976e370151c2887f71fdf64989f insensitive_readers_filtered=80 invalid_partial_write_filtered=0 must_full_relation_filtered=74 omitted_member_evidence_filtered=0 omitted_member_not_sensitive_filtered=0 owner_context_pairs=1032 owner_context_pairs_considered=1942 raw_block_pairs=1712 reader_witness_count=1032 relation_base_members_shadowed=0 relation_context_incompatible=836 relation_digest=3dc05886d1270656cc84663595c3f8b56b7d697887b1f37fc166fe555abb48eb relation_members_raw=91 relation_origins_registered=14 relation_origins_rejected_unary_after_shadowing=43 relation_origins_rejected_unreachable=7 relation_origins_seen=57 root_context_sink_filtered=0 same_outer_root_filtered=0 same_static_block_filtered=42 scalar_variables_skipped=26 storage_context_mismatch=0 variables_considered=40
INFO:Detectors:

[MV-SI candidate 0ad467d9c36b5500094f] {rate, startEpochSupply, startEpochTime}
 writer root       -> contracts/InvestorDistribution.sol::InvestorDistribution.updateEmission()
 writer effect     -> contracts/InvestorDistribution.sol:172
 written member    -> ('SV', 'contracts/InvestorDistribution.sol', 'InvestorDistribution.startEpochSupply')
 potentially stale -> ('SV', 'contracts/InvestorDistribution.sol', 'InvestorDistribution.rate'), ('SV', 'contracts/InvestorDistribution.sol', 'InvestorDistribution.startEpochTime')
 reader witnesses  -> 12
 storage exposures -> 1
[MV-SI candidate 0c1db2e58e07ca81a99f] {investors, rate, startEpochSupply, startEpochTime}
 writer root       -> contracts/InvestorDistribution.sol::InvestorDistribution.claimExact(uint256)
 writer effect     -> contracts/InvestorDistribution.sol:152
 written member    -> ('SV', 'contracts/InvestorDistribution.sol', 'InvestorDistribution.investors')
 potentially stale -> ('SV', 'contracts/InvestorDistribution.sol', 'InvestorDistribution.rate'), ('SV', 'contracts/InvestorDistribution.sol', 'InvestorDistribution.startEpochSupply'), ('SV', 'contracts/InvestorDistribution.sol', 'InvestorDistribution.startEpochTime')
 reader witnesses  -> 24
 storage exposures -> 1
[MV-SI candidate 17d531e13936e39ce05e] {airdrop, rate, startEpochSupply, startEpochTime}
 writer root       -> contracts/AirdropDistribution.sol::AirdropDistribution.claim()
 writer effect     -> contracts/AirdropDistribution.sol:539
 written member    -> ('SV', 'contracts/AirdropDistribution.sol', 'AirdropDistribution.airdrop')
 potentially stale -> ('SV', 'contracts/AirdropDistribution.sol', 'AirdropDistribution.rate'), ('SV', 'contracts/AirdropDistribution.sol', 'AirdropDistribution.startEpochSupply'), ('SV', 'contracts/AirdropDistribution.sol', 'AirdropDistribution.startEpochTime')
 reader witnesses  -> 24
 storage exposures -> 1
[MV-SI candidate 22310a37fbe88f9230a8] {investors, rate, startEpochSupply, startEpochTime}
 writer root       -> contracts/InvestorDistribution.sol::InvestorDistribution.updateEmission()
 writer effect     -> contracts/InvestorDistribution.sol:172
 written member    -> ('SV', 'contracts/InvestorDistribution.sol', 'InvestorDistribution.startEpochSupply')
 potentially stale -> ('SV', 'contracts/InvestorDistribution.sol', 'InvestorDistribution.investors'), ('SV', 'contracts/InvestorDistribution.sol', 'InvestorDistribution.rate'), ('SV', 'contracts/InvestorDistribution.sol', 'InvestorDistribution.startEpochTime')
 reader witnesses  -> 88
 storage exposures -> 1
[MV-SI candidate 2bb0b1519f6b03e7f8a0] {rate, startEpochSupply, startEpochTime}
 writer root       -> contracts/AirdropDistribution.sol::AirdropDistribution.updateEmission()
 writer effect     -> contracts/AirdropDistribution.sol:582
 written member    -> ('SV', 'contracts/AirdropDistribution.sol', 'AirdropDistribution.startEpochSupply')
 potentially stale -> ('SV', 'contracts/AirdropDistribution.sol', 'AirdropDistribution.rate'), ('SV', 'contracts/AirdropDistribution.sol', 'AirdropDistribution.startEpochTime')
 reader witnesses  -> 12
 storage exposures -> 1
[MV-SI candidate 2bcc2de58191fbbbad9c] {investors, rate, startEpochSupply, startEpochTime}
 writer root       -> contracts/InvestorDistribution.sol::InvestorDistribution.claim()
 writer effect     -> contracts/InvestorDistribution.sol:129
 written member    -> ('SV', 'contracts/InvestorDistribution.sol', 'InvestorDistribution.investors')
 potentially stale -> ('SV', 'contracts/InvestorDistribution.sol', 'InvestorDistribution.rate'), ('SV', 'contracts/InvestorDistribution.sol', 'InvestorDistribution.startEpochSupply'), ('SV', 'contracts/InvestorDistribution.sol', 'InvestorDistribution.startEpochTime')
 reader witnesses  -> 24
 storage exposures -> 1
[MV-SI candidate 34181ce00a01994b6ced] {rate, startEpochSupply, startEpochTime}
 writer root       -> contracts/AirdropDistribution.sol::AirdropDistribution.updateEmission()
 writer effect     -> contracts/AirdropDistribution.sol:585
 written member    -> ('SV', 'contracts/AirdropDistribution.sol', 'AirdropDistribution.rate')
 potentially stale -> ('SV', 'contracts/AirdropDistribution.sol', 'AirdropDistribution.startEpochSupply'), ('SV', 'contracts/AirdropDistribution.sol', 'AirdropDistribution.startEpochTime')
 reader witnesses  -> 12
 storage exposures -> 1
[MV-SI candidate 3640c4d422a1666e88bb] {investors, rate, startEpochSupply, startEpochTime}
 writer root       -> contracts/InvestorDistribution.sol::InvestorDistribution.claim()
 writer effect     -> contracts/InvestorDistribution.sol:128
 written member    -> ('SV', 'contracts/InvestorDistribution.sol', 'InvestorDistribution.investors')
 potentially stale -> ('SV', 'contracts/InvestorDistribution.sol', 'InvestorDistribution.rate'), ('SV', 'contracts/InvestorDistribution.sol', 'InvestorDistribution.startEpochSupply'), ('SV', 'contracts/InvestorDistribution.sol', 'InvestorDistribution.startEpochTime')
 reader witnesses  -> 24
 storage exposures -> 1
[MV-SI candidate 56ff502830b5390fb68c] {airdrop, rate, startEpochSupply, startEpochTime}
 writer root       -> contracts/AirdropDistribution.sol::AirdropDistribution.claimExact(uint256)
 writer effect     -> contracts/AirdropDistribution.sol:564
 written member    -> ('SV', 'contracts/AirdropDistribution.sol', 'AirdropDistribution.airdrop')
 potentially stale -> ('SV', 'contracts/AirdropDistribution.sol', 'AirdropDistribution.rate'), ('SV', 'contracts/AirdropDistribution.sol', 'AirdropDistribution.startEpochSupply'), ('SV', 'contracts/AirdropDistribution.sol', 'AirdropDistribution.startEpochTime')
 reader witnesses  -> 24
 storage exposures -> 1
[MV-SI candidate 5af4bdc9736d0d3080a2] {airdrop, rate, startEpochSupply, startEpochTime}
 writer root       -> contracts/AirdropDistribution.sol::AirdropDistribution.updateEmission()
 writer effect     -> contracts/AirdropDistribution.sol:588
 written member    -> ('SV', 'contracts/AirdropDistribution.sol', 'AirdropDistribution.rate')
 potentially stale -> ('SV', 'contracts/AirdropDistribution.sol', 'AirdropDistribution.airdrop'), ('SV', 'contracts/AirdropDistribution.sol', 'AirdropDistribution.startEpochSupply'), ('SV', 'contracts/AirdropDistribution.sol', 'AirdropDistribution.startEpochTime')
 reader witnesses  -> 84
 storage exposures -> 1
[MV-SI candidate 6796ddcbac32bc4ec9cf] {investors, rate, startEpochSupply, startEpochTime}
 writer root       -> contracts/InvestorDistribution.sol::InvestorDistribution.updateEmission()
 writer effect     -> contracts/InvestorDistribution.sol:171
 written member    -> ('SV', 'contracts/InvestorDistribution.sol', 'InvestorDistribution.startEpochTime')
 potentially stale -> ('SV', 'contracts/InvestorDistribution.sol', 'InvestorDistribution.investors'), ('SV', 'contracts/InvestorDistribution.sol', 'InvestorDistribution.rate'), ('SV', 'contracts/InvestorDistribution.sol', 'InvestorDistribution.startEpochSupply')
 reader witnesses  -> 72
 storage exposures -> 1
[MV-SI candidate 6d06cd0c66225be9c38f] {airdrop, rate, startEpochSupply, startEpochTime}
 writer root       -> contracts/AirdropDistribution.sol::AirdropDistribution.claimExact(uint256)
 writer effect     -> contracts/AirdropDistribution.sol:563
 written member    -> ('SV', 'contracts/AirdropDistribution.sol', 'AirdropDistribution.airdrop')
 potentially stale -> ('SV', 'contracts/AirdropDistribution.sol', 'AirdropDistribution.rate'), ('SV', 'contracts/AirdropDistribution.sol', 'AirdropDistribution.startEpochSupply'), ('SV', 'contracts/AirdropDistribution.sol', 'AirdropDistribution.startEpochTime')
 reader witnesses  -> 24
 storage exposures -> 1
[MV-SI candidate 7831c7b53740e92fd1e8] {airdrop, rate, startEpochSupply, startEpochTime}
 writer root       -> contracts/AirdropDistribution.sol::AirdropDistribution.claim()
 writer effect     -> contracts/AirdropDistribution.sol:538
 written member    -> ('SV', 'contracts/AirdropDistribution.sol', 'AirdropDistribution.airdrop')
 potentially stale -> ('SV', 'contracts/AirdropDistribution.sol', 'AirdropDistribution.rate'), ('SV', 'contracts/AirdropDistribution.sol', 'AirdropDistribution.startEpochSupply'), ('SV', 'contracts/AirdropDistribution.sol', 'AirdropDistribution.startEpochTime')
 reader witnesses  -> 24
 storage exposures -> 1
[MV-SI candidate 7f7b0c794959da819f0a] {investors, rate, startEpochSupply, startEpochTime}
 writer root       -> contracts/InvestorDistribution.sol::InvestorDistribution.updateEmission()
 writer effect     -> contracts/InvestorDistribution.sol:178
 written member    -> ('SV', 'contracts/InvestorDistribution.sol', 'InvestorDistribution.rate')
 potentially stale -> ('SV', 'contracts/InvestorDistribution.sol', 'InvestorDistribution.investors'), ('SV', 'contracts/InvestorDistribution.sol', 'InvestorDistribution.startEpochSupply'), ('SV', 'contracts/InvestorDistribution.sol', 'InvestorDistribution.startEpochTime')
 reader witnesses  -> 88
 storage exposures -> 1
[MV-SI candidate 82972835184f342adbb9] {investors, rate, startEpochSupply, startEpochTime}
 writer root       -> contracts/InvestorDistribution.sol::InvestorDistribution.modifyInvestor(address,address)
 writer effect     -> contracts/InvestorDistribution.sol:104
 written member    -> ('SV', 'contracts/InvestorDistribution.sol', 'InvestorDistribution.investors')
 potentially stale -> ('SV', 'contracts/InvestorDistribution.sol', 'InvestorDistribution.rate'), ('SV', 'contracts/InvestorDistribution.sol', 'InvestorDistribution.startEpochSupply'), ('SV', 'contracts/InvestorDistribution.sol', 'InvestorDistribution.startEpochTime')
 reader witnesses  -> 24
 storage exposures -> 1
[MV-SI candidate 8cffa94a08a2b0a525f1] {investors, rate, startEpochSupply, startEpochTime}
 writer root       -> contracts/InvestorDistribution.sol::InvestorDistribution.claimExact(uint256)
 writer effect     -> contracts/InvestorDistribution.sol:153
 written member    -> ('SV', 'contracts/InvestorDistribution.sol', 'InvestorDistribution.investors')
 potentially stale -> ('SV', 'contracts/InvestorDistribution.sol', 'InvestorDistribution.rate'), ('SV', 'contracts/InvestorDistribution.sol', 'InvestorDistribution.startEpochSupply'), ('SV', 'contracts/InvestorDistribution.sol', 'InvestorDistribution.startEpochTime')
 reader witnesses  -> 24
 storage exposures -> 1
[MV-SI candidate 935e038a02ad5e8c6fc3] {investors, rate, startEpochSupply, startEpochTime}
 writer root       -> contracts/InvestorDistribution.sol::InvestorDistribution.addInvestor(address,uint256)
 writer effect     -> contracts/InvestorDistribution.sol:91
 written member    -> ('SV', 'contracts/InvestorDistribution.sol', 'InvestorDistribution.investors')
 potentially stale -> ('SV', 'contracts/InvestorDistribution.sol', 'InvestorDistribution.rate'), ('SV', 'contracts/InvestorDistribution.sol', 'InvestorDistribution.startEpochSupply'), ('SV', 'contracts/InvestorDistribution.sol', 'InvestorDistribution.startEpochTime')
 reader witnesses  -> 24
 storage exposures -> 1
[MV-SI candidate 9637ff6d9fabaa7bfad1] {rate, startEpochSupply, startEpochTime}
 writer root       -> contracts/InvestorDistribution.sol::InvestorDistribution.updateEmission()
 writer effect     -> contracts/InvestorDistribution.sol:178
 written member    -> ('SV', 'contracts/InvestorDistribution.sol', 'InvestorDistribution.rate')
 potentially stale -> ('SV', 'contracts/InvestorDistribution.sol', 'InvestorDistribution.startEpochSupply'), ('SV', 'contracts/InvestorDistribution.sol', 'InvestorDistribution.startEpochTime')
 reader witnesses  -> 12
 storage exposures -> 1
[MV-SI candidate a06784141d027b014c9d] {rate, startEpochSupply, startEpochTime}
 writer root       -> contracts/AirdropDistribution.sol::AirdropDistribution.updateEmission()
 writer effect     -> contracts/AirdropDistribution.sol:581
 written member    -> ('SV', 'contracts/AirdropDistribution.sol', 'AirdropDistribution.startEpochTime')
 potentially stale -> ('SV', 'contracts/AirdropDistribution.sol', 'AirdropDistribution.rate'), ('SV', 'contracts/AirdropDistribution.sol', 'AirdropDistribution.startEpochSupply')
 reader witnesses  -> 4
 storage exposures -> 1
[MV-SI candidate a09569c06b6a4cbc0863] {airdrop, rate, startEpochSupply, startEpochTime}
 writer root       -> contracts/AirdropDistribution.sol::AirdropDistribution.validate()
 writer effect     -> contracts/AirdropDistribution.sol:511
 written member    -> ('SV', 'contracts/AirdropDistribution.sol', 'AirdropDistribution.airdrop')
 potentially stale -> ('SV', 'contracts/AirdropDistribution.sol', 'AirdropDistribution.rate'), ('SV', 'contracts/AirdropDistribution.sol', 'AirdropDistribution.startEpochSupply'), ('SV', 'contracts/AirdropDistribution.sol', 'AirdropDistribution.startEpochTime')
 reader witnesses  -> 24
 storage exposures -> 1
[MV-SI candidate b88a28b1b9e9c559f673] {airdrop, rate, startEpochSupply, startEpochTime}
 writer root       -> contracts/AirdropDistribution.sol::AirdropDistribution.updateEmission()
 writer effect     -> contracts/AirdropDistribution.sol:582
 written member    -> ('SV', 'contracts/AirdropDistribution.sol', 'AirdropDistribution.startEpochSupply')
 potentially stale -> ('SV', 'contracts/AirdropDistribution.sol', 'AirdropDistribution.airdrop'), ('SV', 'contracts/AirdropDistribution.sol', 'AirdropDistribution.rate'), ('SV', 'contracts/AirdropDistribution.sol', 'AirdropDistribution.startEpochTime')
 reader witnesses  -> 84
 storage exposures -> 1
[MV-SI candidate bc81fbe8fe20c0b6d893] {rate, startEpochSupply, startEpochTime}
 writer root       -> contracts/InvestorDistribution.sol::InvestorDistribution.updateEmission()
 writer effect     -> contracts/InvestorDistribution.sol:171
 written member    -> ('SV', 'contracts/InvestorDistribution.sol', 'InvestorDistribution.startEpochTime')
 potentially stale -> ('SV', 'contracts/InvestorDistribution.sol', 'InvestorDistribution.rate'), ('SV', 'contracts/InvestorDistribution.sol', 'InvestorDistribution.startEpochSupply')
 reader witnesses  -> 4
 storage exposures -> 1
[MV-SI candidate bdbdd72cea48fc05480d] {rate, startEpochSupply, startEpochTime}
 writer root       -> contracts/InvestorDistribution.sol::InvestorDistribution.updateEmission()
 writer effect     -> contracts/InvestorDistribution.sol:175
 written member    -> ('SV', 'contracts/InvestorDistribution.sol', 'InvestorDistribution.rate')
 potentially stale -> ('SV', 'contracts/InvestorDistribution.sol', 'InvestorDistribution.startEpochSupply'), ('SV', 'contracts/InvestorDistribution.sol', 'InvestorDistribution.startEpochTime')
 reader witnesses  -> 12
 storage exposures -> 1
[MV-SI candidate c2526020afe18a7fd2bc] {airdrop, rate, startEpochSupply, startEpochTime}
 writer root       -> contracts/AirdropDistribution.sol::AirdropDistribution.updateEmission()
 writer effect     -> contracts/AirdropDistribution.sol:585
 written member    -> ('SV', 'contracts/AirdropDistribution.sol', 'AirdropDistribution.rate')
 potentially stale -> ('SV', 'contracts/AirdropDistribution.sol', 'AirdropDistribution.airdrop'), ('SV', 'contracts/AirdropDistribution.sol', 'AirdropDistribution.startEpochSupply'), ('SV', 'contracts/AirdropDistribution.sol', 'AirdropDistribution.startEpochTime')
 reader witnesses  -> 84
 storage exposures -> 1
[MV-SI candidate d260e57c494a1637a59e] {investors, rate, startEpochSupply, startEpochTime}
 writer root       -> contracts/InvestorDistribution.sol::InvestorDistribution.modifyInvestor(address,address)
 writer effect     -> contracts/InvestorDistribution.sol:107
 written member    -> ('SV', 'contracts/InvestorDistribution.sol', 'InvestorDistribution.investors')
 potentially stale -> ('SV', 'contracts/InvestorDistribution.sol', 'InvestorDistribution.rate'), ('SV', 'contracts/InvestorDistribution.sol', 'InvestorDistribution.startEpochSupply'), ('SV', 'contracts/InvestorDistribution.sol', 'InvestorDistribution.startEpochTime')
 reader witnesses  -> 24
 storage exposures -> 1
[MV-SI candidate d470c350c651655a7b67] {rate, startEpochSupply, startEpochTime}
 writer root       -> contracts/AirdropDistribution.sol::AirdropDistribution.updateEmission()
 writer effect     -> contracts/AirdropDistribution.sol:588
 written member    -> ('SV', 'contracts/AirdropDistribution.sol', 'AirdropDistribution.rate')
 potentially stale -> ('SV', 'contracts/AirdropDistribution.sol', 'AirdropDistribution.startEpochSupply'), ('SV', 'contracts/AirdropDistribution.sol', 'AirdropDistribution.startEpochTime')
 reader witnesses  -> 12
 storage exposures -> 1
[MV-SI candidate d76593ef6f2df3e3b73a] {investors, rate, startEpochSupply, startEpochTime}
 writer root       -> contracts/InvestorDistribution.sol::InvestorDistribution.updateEmission()
 writer effect     -> contracts/InvestorDistribution.sol:175
 written member    -> ('SV', 'contracts/InvestorDistribution.sol', 'InvestorDistribution.rate')
 potentially stale -> ('SV', 'contracts/InvestorDistribution.sol', 'InvestorDistribution.investors'), ('SV', 'contracts/InvestorDistribution.sol', 'InvestorDistribution.startEpochSupply'), ('SV', 'contracts/InvestorDistribution.sol', 'InvestorDistribution.startEpochTime')
 reader witnesses  -> 88
 storage exposures -> 1
[MV-SI candidate fbb97f7e563b5b9b8b27] {benVestingIndex, timelocks}
 writer root       -> contracts/Vesting.sol::Vesting.vest(address,uint256,uint256)
 writer effect     -> contracts/Vesting.sol:81
 written member    -> ('SV', 'contracts/Vesting.sol', 'Vesting.timelocks')
 potentially stale -> ('SV', 'contracts/Vesting.sol', 'Vesting.benVestingIndex')
 reader witnesses  -> 8
 storage exposures -> 1
[MV-SI candidate fcfe5ef2be14d54d46d0] {airdrop, rate, startEpochSupply, startEpochTime}
 writer root       -> contracts/AirdropDistribution.sol::AirdropDistribution.updateEmission()
 writer effect     -> contracts/AirdropDistribution.sol:581
 written member    -> ('SV', 'contracts/AirdropDistribution.sol', 'AirdropDistribution.startEpochTime')
 potentially stale -> ('SV', 'contracts/AirdropDistribution.sol', 'AirdropDistribution.airdrop'), ('SV', 'contracts/AirdropDistribution.sol', 'AirdropDistribution.rate'), ('SV', 'contracts/AirdropDistribution.sol', 'AirdropDistribution.startEpochSupply')
 reader witnesses  -> 68
 storage exposures -> 1Reference: https://github.com/crytic/slither/wiki/Detector-Documentation
INFO:Slither:. analyzed (16 contracts with 1 detectors), 29 result(s) found
