'/tmp/.svm/0.8.12/solc-0.8.12 --version' running
'solc --standard-json --allow-paths /tmp/analysis-input' running
Warning: Warning: SPDX license identifier not provided in source file. Before publishing, consider adding a comment containing "SPDX-License-Identifier: <SPDX-License>" to each source file. Use "SPDX-License-Identifier: UNLICENSED" for non-open-source code. Please see https://spdx.org for more information.
--> @matterlabs/signature-checker/contracts/SignatureChecker.sol


Warning: Warning: SPDX license identifier not provided in source file. Before publishing, consider adding a comment containing "SPDX-License-Identifier: <SPDX-License>" to each source file. Use "SPDX-License-Identifier: UNLICENSED" for non-open-source code. Please see https://spdx.org for more information.
--> contracts/bonds/BondTreasury.sol


Warning: Warning: SPDX license identifier not provided in source file. Before publishing, consider adding a comment containing "SPDX-License-Identifier: <SPDX-License>" to each source file. Use "SPDX-License-Identifier: UNLICENSED" for non-open-source code. Please see https://spdx.org for more information.
--> contracts/libraries/FixedPoint.sol


Warning: Warning: SPDX license identifier not provided in source file. Before publishing, consider adding a comment containing "SPDX-License-Identifier: <SPDX-License>" to each source file. Use "SPDX-License-Identifier: UNLICENSED" for non-open-source code. Please see https://spdx.org for more information.
--> contracts/libraries/FullMath.sol


Warning: Warning: SPDX license identifier not provided in source file. Before publishing, consider adding a comment containing "SPDX-License-Identifier: <SPDX-License>" to each source file. Use "SPDX-License-Identifier: UNLICENSED" for non-open-source code. Please see https://spdx.org for more information.
--> contracts/libraries/WETH.sol


Warning: Warning: This contract has a payable fallback function, but no receive ether function. Consider adding a receive ether function.
 --> contracts/libraries/WETH.sol:6:1:
  |
6 | contract WETH is EIP712 {
  | ^ (Relevant source part starts here and spans across multiple lines).
Note: The payable fallback function is defined here.
  --> contracts/libraries/WETH.sol:22:5:
   |
22 |     fallback() external payable {
   |     ^ (Relevant source part starts here and spans across multiple lines).


Warning: Warning: Return value of low-level calls not used.
  --> contracts/libraries/WETH.sol:36:9:
   |
36 |         address(msg.sender).call{value: wad}("");
   |         ^^^^^^^^^^^^^^^^^^^^^^^^^^^^^^^^^^^^^^^^


Warning: Warning: Unused local variable.
   --> contracts/dynamic/MuteSwitchRouterDynamic.sol:304:33:
    |
304 |             (uint reserveInput, uint reserveOutput) = input == token0 ? (reserve0, reserve1) : (reserve1, reserve0);
    |                                 ^^^^^^^^^^^^^^^^^^


Warning: Warning: Contract code size is 26144 bytes and exceeds 24576 bytes (a limit introduced in Spurious Dragon). This contract may not be deployable on mainnet. Consider enabling the optimizer (with a low "runs" value!), turning off revert strings, or using libraries.
 --> contracts/dynamic/MuteSwitchFactoryDynamic.sol:8:1:
  |
8 | contract MuteSwitchFactoryDynamic {
  | ^ (Relevant source part starts here and spans across multiple lines).



[mvscan-config] {"ATOMIC_GROUP": [], "DIVERGENCE_BUDGET": 1000, "ENABLE_BRANCH_GROUPS": true, "ENABLE_EXTERNAL_STATE": true, "ENABLE_MULTI_RETURN_GROUPS": true, "MAPPING_MODE": "base_collapsed", "MERGE_OVERLOADS": false, "MVSCAN_ABLATION": "mapping_insensitive", "MVSCAN_CONTEXTUAL_KEYS": true, "MVSCAN_INCLUDE_SCALAR_WITNESSES": false, "MVSCAN_INTERFACE_DISPATCH": false, "MVSCAN_MAX_CONTEXTS_PER_OWNER_BLOCK": 128, "MVSCAN_MAX_DISPATCH_TARGETS": 16, "MVSCAN_REQUIRE_DISTINCT_OUTER_ROOTS": false, "MVSCAN_ROOT_CONTEXT_SINKS": false, "NOOP_WRITE_FILTER": true, "REQUIRE_SAME_SLOT_KEY": false, "SINK_TEST": "none", "USER_CALLABLE_ALWAYS": [], "USER_CALLABLE_DENY": []}
[mvscan-stage] icfg-built blocks=2232 vars=132
[mvscan-stage] root-seeding-done eligible_exposures=80 seeded=69 multi_exposure_entry_blocks=6 collapsed_contextual_aliases=11 excluded_dependency=0 excluded_interface=64 excluded_library=0 excluded_abstract=2 missing_entry_point=0 missing_entry_block=0
[mvscan-pairs] call_target_digest=4393036cc1baba08f348699440ec5b107316c95d4559f2280c08874bb984b75d candidate_count=111 candidate_digest=84f303e2d4f16629de45a0dfd8013a6dccb9c5d285510903da4da7e685aae63f context_instance_count=925 eligible_readers=116 eligible_writers=82 execution_context_digest=e4f738edc8228c66092299137e972b02010abc5a4a072baaef312f0363332fa6 insensitive_readers_filtered=91 invalid_partial_write_filtered=0 must_full_relation_filtered=80 omitted_member_evidence_filtered=0 omitted_member_not_sensitive_filtered=83 owner_context_pairs=1945 owner_context_pairs_considered=5182 raw_block_pairs=423 reader_witness_count=1945 relation_base_members_shadowed=0 relation_context_incompatible=1626 relation_digest=af759296b65daccd3a6c8696e7d035c870348cc01053ed50c04e3d52126f8bcc relation_members_raw=144 relation_origins_registered=23 relation_origins_rejected_unary_after_shadowing=92 relation_origins_rejected_unreachable=34 relation_origins_seen=115 root_context_sink_filtered=0 same_outer_root_filtered=0 same_static_block_filtered=11 scalar_variables_skipped=84 storage_context_mismatch=1448 variables_considered=107
INFO:Detectors:

[MV-SI candidate 028f1e86a203af519a40] {index1, supplyIndex1}
 writer root       -> contracts/dynamic/MuteSwitchPairDynamic.sol::MuteSwitchPairDynamic.mint(address)
 writer effect     -> contracts/dynamic/MuteSwitchPairDynamic.sol:464
 written member    -> ('SV', 'contracts/dynamic/MuteSwitchPairDynamic.sol', 'MuteSwitchPairDynamic.supplyIndex1')
 potentially stale -> ('SV', 'contracts/dynamic/MuteSwitchPairDynamic.sol', 'MuteSwitchPairDynamic.index1')
 reader witnesses  -> 6
 storage exposures -> 1
[MV-SI candidate 0580d5d3ac974f8a8417] {_userStakedLpToken, totalFees0, totalFees1}
 writer root       -> contracts/amplifier/MuteAmplifier.sol::MuteAmplifier.stake(uint256)
 writer effect     -> contracts/amplifier/MuteAmplifier.sol:324
 written member    -> ('SV', 'contracts/amplifier/MuteAmplifier.sol', 'MuteAmplifier._userStakedLpToken')
 potentially stale -> ('SV', 'contracts/amplifier/MuteAmplifier.sol', 'MuteAmplifier.totalFees0'), ('SV', 'contracts/amplifier/MuteAmplifier.sol', 'MuteAmplifier.totalFees1')
 reader witnesses  -> 12
 storage exposures -> 1
[MV-SI candidate 06df8a951506f57693a7] {checkpoints, numCheckpoints}
 writer root       -> contracts/dynamic/MuteSwitchPairDynamic.sol::MuteSwitchPairDynamic.transfer(address,uint256)
 writer effect     -> contracts/dynamic/MuteSwitchERC20Dynamic.sol:126
 written member    -> ('SV', 'contracts/dynamic/MuteSwitchERC20Dynamic.sol', 'MuteSwitchERC20Dynamic.numCheckpoints')
 potentially stale -> ('SV', 'contracts/dynamic/MuteSwitchERC20Dynamic.sol', 'MuteSwitchERC20Dynamic.checkpoints')
 reader witnesses  -> 44
 storage exposures -> 1
[MV-SI candidate 0897ad5f83104f0707d3] {claimable0, claimable1}
 writer root       -> contracts/dynamic/MuteSwitchPairDynamic.sol::MuteSwitchPairDynamic.transfer(address,uint256)
 writer effect     -> contracts/dynamic/MuteSwitchPairDynamic.sol:456
 written member    -> ('SV', 'contracts/dynamic/MuteSwitchPairDynamic.sol', 'MuteSwitchPairDynamic.claimable0')
 potentially stale -> ('SV', 'contracts/dynamic/MuteSwitchPairDynamic.sol', 'MuteSwitchPairDynamic.claimable1')
 reader witnesses  -> 6
 storage exposures -> 1
[MV-SI candidate 09eb8ff7ead1987a49d7] {epoch, maxPayout, terms}
 writer root       -> contracts/bonds/MuteBond.sol::MuteBond.deposit(uint256,address,bool)
 writer effect     -> contracts/bonds/MuteBond.sol:182
 written member    -> ('SV', 'contracts/bonds/MuteBond.sol', 'MuteBond.terms')
 potentially stale -> ('SV', 'contracts/bonds/MuteBond.sol', 'MuteBond.epoch'), ('SV', 'contracts/bonds/MuteBond.sol', 'MuteBond.maxPayout')
 reader witnesses  -> 4
 storage exposures -> 1
[MV-SI candidate 0aaa4bcf1470383d1010] {_delegates, numCheckpoints}
 writer root       -> contracts/dynamic/MuteSwitchPairDynamic.sol::MuteSwitchPairDynamic.transfer(address,uint256)
 writer effect     -> contracts/dynamic/MuteSwitchERC20Dynamic.sol:126
 written member    -> ('SV', 'contracts/dynamic/MuteSwitchERC20Dynamic.sol', 'MuteSwitchERC20Dynamic.numCheckpoints')
 potentially stale -> ('SV', 'contracts/dynamic/MuteSwitchERC20Dynamic.sol', 'MuteSwitchERC20Dynamic._delegates')
 reader witnesses  -> 14
 storage exposures -> 1
[MV-SI candidate 0aec131077980d887d78] {index0, supplyIndex0}
 writer root       -> contracts/dynamic/MuteSwitchPairDynamic.sol::MuteSwitchPairDynamic.transfer(address,uint256)
 writer effect     -> contracts/dynamic/MuteSwitchPairDynamic.sol:463
 written member    -> ('SV', 'contracts/dynamic/MuteSwitchPairDynamic.sol', 'MuteSwitchPairDynamic.supplyIndex0')
 potentially stale -> ('SV', 'contracts/dynamic/MuteSwitchPairDynamic.sol', 'MuteSwitchPairDynamic.index0')
 reader witnesses  -> 6
 storage exposures -> 1
[MV-SI candidate 0c7a0dd375c449adbf34] {_userStakedLpToken, totalFees0, totalFees1}
 writer root       -> contracts/amplifier/MuteAmplifier.sol::MuteAmplifier.withdraw()
 writer effect     -> contracts/amplifier/MuteAmplifier.sol:117
 written member    -> ('SV', 'contracts/amplifier/MuteAmplifier.sol', 'MuteAmplifier.totalFees1')
 potentially stale -> ('SV', 'contracts/amplifier/MuteAmplifier.sol', 'MuteAmplifier._userStakedLpToken'), ('SV', 'contracts/amplifier/MuteAmplifier.sol', 'MuteAmplifier.totalFees0')
 reader witnesses  -> 21
 storage exposures -> 1
[MV-SI candidate 12380930f0c869b0d10b] {_userStakedLpToken, totalFees0, totalFees1}
 writer root       -> contracts/amplifier/MuteAmplifier.sol::MuteAmplifier.stake(uint256)
 writer effect     -> contracts/amplifier/MuteAmplifier.sol:116
 written member    -> ('SV', 'contracts/amplifier/MuteAmplifier.sol', 'MuteAmplifier.totalFees0')
 potentially stale -> ('SV', 'contracts/amplifier/MuteAmplifier.sol', 'MuteAmplifier._userStakedLpToken'), ('SV', 'contracts/amplifier/MuteAmplifier.sol', 'MuteAmplifier.totalFees1')
 reader witnesses  -> 21
 storage exposures -> 1
[MV-SI candidate 13ecdc6b420f98b854b2] {checkpoints, numCheckpoints}
 writer root       -> contracts/dynamic/MuteSwitchPairDynamic.sol::MuteSwitchPairDynamic.mint(address)
 writer effect     -> contracts/dynamic/MuteSwitchERC20Dynamic.sol:123
 written member    -> ('SV', 'contracts/dynamic/MuteSwitchERC20Dynamic.sol', 'MuteSwitchERC20Dynamic.checkpoints')
 potentially stale -> ('SV', 'contracts/dynamic/MuteSwitchERC20Dynamic.sol', 'MuteSwitchERC20Dynamic.numCheckpoints')
 reader witnesses  -> 52
 storage exposures -> 1
[MV-SI candidate 149bd74734fb634f5ea0] {_userStakedLpToken, totalFees0, totalFees1}
 writer root       -> contracts/amplifier/MuteAmplifier.sol::MuteAmplifier.withdraw()
 writer effect     -> contracts/amplifier/MuteAmplifier.sol:385
 written member    -> ('SV', 'contracts/amplifier/MuteAmplifier.sol', 'MuteAmplifier._userStakedLpToken')
 potentially stale -> ('SV', 'contracts/amplifier/MuteAmplifier.sol', 'MuteAmplifier.totalFees0'), ('SV', 'contracts/amplifier/MuteAmplifier.sol', 'MuteAmplifier.totalFees1')
 reader witnesses  -> 12
 storage exposures -> 1
[MV-SI candidate 14ba53e72ab2c38d5e10] {_delegates, numCheckpoints}
 writer root       -> contracts/dynamic/MuteSwitchPairDynamic.sol::MuteSwitchPairDynamic.changeFeeType(uint256)
 writer effect     -> contracts/dynamic/MuteSwitchERC20Dynamic.sol:71
 written member    -> ('SV', 'contracts/dynamic/MuteSwitchERC20Dynamic.sol', 'MuteSwitchERC20Dynamic._delegates')
 potentially stale -> ('SV', 'contracts/dynamic/MuteSwitchERC20Dynamic.sol', 'MuteSwitchERC20Dynamic.numCheckpoints')
 reader witnesses  -> 26
 storage exposures -> 1
[MV-SI candidate 1791ddd281557575d9ab] {epochDuration, epochStart}
 writer root       -> contracts/bonds/MuteBond.sol::MuteBond.setEpochDuration(uint256)
 writer effect     -> contracts/bonds/MuteBond.sol:131
 written member    -> ('SV', 'contracts/bonds/MuteBond.sol', 'MuteBond.epochDuration')
 potentially stale -> ('SV', 'contracts/bonds/MuteBond.sol', 'MuteBond.epochStart')
 reader witnesses  -> 2
 storage exposures -> 1
[MV-SI candidate 18598f3d6115374decb6] {_mostRecentValueCalcTime, _totalStakeLpToken, endTime}
 writer root       -> contracts/amplifier/MuteAmplifier.sol::MuteAmplifier.withdraw()
 writer effect     -> contracts/amplifier/MuteAmplifier.sol:383
 written member    -> ('SV', 'contracts/amplifier/MuteAmplifier.sol', 'MuteAmplifier._totalStakeLpToken')
 potentially stale -> ('SV', 'contracts/amplifier/MuteAmplifier.sol', 'MuteAmplifier._mostRecentValueCalcTime'), ('SV', 'contracts/amplifier/MuteAmplifier.sol', 'MuteAmplifier.endTime')
 reader witnesses  -> 11
 storage exposures -> 1
[MV-SI candidate 1c3f9a44cd9c42e13bdf] {_userStakedLpToken, totalFees0, totalFees1}
 writer root       -> contracts/amplifier/MuteAmplifier.sol::MuteAmplifier.stake(uint256)
 writer effect     -> contracts/amplifier/MuteAmplifier.sol:345
 written member    -> ('SV', 'contracts/amplifier/MuteAmplifier.sol', 'MuteAmplifier._userStakedLpToken')
 potentially stale -> ('SV', 'contracts/amplifier/MuteAmplifier.sol', 'MuteAmplifier.totalFees0'), ('SV', 'contracts/amplifier/MuteAmplifier.sol', 'MuteAmplifier.totalFees1')
 reader witnesses  -> 12
 storage exposures -> 1
[MV-SI candidate 1f0d21be7dcc76193f30] {index1, supplyIndex1}
 writer root       -> contracts/dynamic/MuteSwitchPairDynamic.sol::MuteSwitchPairDynamic.claimFees()
 writer effect     -> contracts/dynamic/MuteSwitchPairDynamic.sol:451
 written member    -> ('SV', 'contracts/dynamic/MuteSwitchPairDynamic.sol', 'MuteSwitchPairDynamic.supplyIndex1')
 potentially stale -> ('SV', 'contracts/dynamic/MuteSwitchPairDynamic.sol', 'MuteSwitchPairDynamic.index1')
 reader witnesses  -> 11
 storage exposures -> 1
[MV-SI candidate 21d236d05750ee8aba25] {_delegates, numCheckpoints}
 writer root       -> contracts/dynamic/MuteSwitchPairDynamic.sol::MuteSwitchPairDynamic.changeFeeType(uint256)
 writer effect     -> contracts/dynamic/MuteSwitchERC20Dynamic.sol:126
 written member    -> ('SV', 'contracts/dynamic/MuteSwitchERC20Dynamic.sol', 'MuteSwitchERC20Dynamic.numCheckpoints')
 potentially stale -> ('SV', 'contracts/dynamic/MuteSwitchERC20Dynamic.sol', 'MuteSwitchERC20Dynamic._delegates')
 reader witnesses  -> 14
 storage exposures -> 1
[MV-SI candidate 25e5c2d7570da7c4b5e3] {claimable0, claimable1}
 writer root       -> contracts/dynamic/MuteSwitchPairDynamic.sol::MuteSwitchPairDynamic.mint(address)
 writer effect     -> contracts/dynamic/MuteSwitchPairDynamic.sol:460
 written member    -> ('SV', 'contracts/dynamic/MuteSwitchPairDynamic.sol', 'MuteSwitchPairDynamic.claimable1')
 potentially stale -> ('SV', 'contracts/dynamic/MuteSwitchPairDynamic.sol', 'MuteSwitchPairDynamic.claimable0')
 reader witnesses  -> 6
 storage exposures -> 1
[MV-SI candidate 292c14afa749def2dac2] {index1, supplyIndex1}
 writer root       -> contracts/dynamic/MuteSwitchPairDynamic.sol::MuteSwitchPairDynamic.transfer(address,uint256)
 writer effect     -> contracts/dynamic/MuteSwitchPairDynamic.sol:451
 written member    -> ('SV', 'contracts/dynamic/MuteSwitchPairDynamic.sol', 'MuteSwitchPairDynamic.supplyIndex1')
 potentially stale -> ('SV', 'contracts/dynamic/MuteSwitchPairDynamic.sol', 'MuteSwitchPairDynamic.index1')
 reader witnesses  -> 11
 storage exposures -> 1
[MV-SI candidate 29e0aa30c1c1d4a31b71] {_userStakedLpToken, totalFees0, totalFees1}
 writer root       -> contracts/amplifier/MuteAmplifier.sol::MuteAmplifier.stake(uint256)
 writer effect     -> contracts/amplifier/MuteAmplifier.sol:385
 written member    -> ('SV', 'contracts/amplifier/MuteAmplifier.sol', 'MuteAmplifier._userStakedLpToken')
 potentially stale -> ('SV', 'contracts/amplifier/MuteAmplifier.sol', 'MuteAmplifier.totalFees0'), ('SV', 'contracts/amplifier/MuteAmplifier.sol', 'MuteAmplifier.totalFees1')
 reader witnesses  -> 12
 storage exposures -> 1
[MV-SI candidate 2a57a137e5d264587744] {_delegates, numCheckpoints}
 writer root       -> contracts/dynamic/MuteSwitchPairDynamic.sol::MuteSwitchPairDynamic.changeFeeType(uint256)
 writer effect     -> contracts/dynamic/MuteSwitchERC20Dynamic.sol:74
 written member    -> ('SV', 'contracts/dynamic/MuteSwitchERC20Dynamic.sol', 'MuteSwitchERC20Dynamic._delegates')
 potentially stale -> ('SV', 'contracts/dynamic/MuteSwitchERC20Dynamic.sol', 'MuteSwitchERC20Dynamic.numCheckpoints')
 reader witnesses  -> 26
 storage exposures -> 1
[MV-SI candidate 2be102e9dd1bd4684077] {checkpoints, numCheckpoints}
 writer root       -> contracts/dynamic/MuteSwitchPairDynamic.sol::MuteSwitchPairDynamic.burn(address)
 writer effect     -> contracts/dynamic/MuteSwitchERC20Dynamic.sol:125
 written member    -> ('SV', 'contracts/dynamic/MuteSwitchERC20Dynamic.sol', 'MuteSwitchERC20Dynamic.checkpoints')
 potentially stale -> ('SV', 'contracts/dynamic/MuteSwitchERC20Dynamic.sol', 'MuteSwitchERC20Dynamic.numCheckpoints')
 reader witnesses  -> 52
 storage exposures -> 1
[MV-SI candidate 2c3c8be445ec22650c41] {claimable0, claimable1}
 writer root       -> contracts/dynamic/MuteSwitchPairDynamic.sol::MuteSwitchPairDynamic.transferFrom(address,address,uint256)
 writer effect     -> contracts/dynamic/MuteSwitchPairDynamic.sol:460
 written member    -> ('SV', 'contracts/dynamic/MuteSwitchPairDynamic.sol', 'MuteSwitchPairDynamic.claimable1')
 potentially stale -> ('SV', 'contracts/dynamic/MuteSwitchPairDynamic.sol', 'MuteSwitchPairDynamic.claimable0')
 reader witnesses  -> 6
 storage exposures -> 1
[MV-SI candidate 2cb044dd595ee70720e1] {_mostRecentValueCalcTime, _totalStakeLpToken, endTime}
 writer root       -> contracts/amplifier/MuteAmplifier.sol::MuteAmplifier.payout()
 writer effect     -> contracts/amplifier/MuteAmplifier.sol:109
 written member    -> ('SV', 'contracts/amplifier/MuteAmplifier.sol', 'MuteAmplifier._mostRecentValueCalcTime')
 potentially stale -> ('SV', 'contracts/amplifier/MuteAmplifier.sol', 'MuteAmplifier._totalStakeLpToken'), ('SV', 'contracts/amplifier/MuteAmplifier.sol', 'MuteAmplifier.endTime')
 reader witnesses  -> 11
 storage exposures -> 1
[MV-SI candidate 2d2b3749bd4ad33b5531] {checkpoints, numCheckpoints}
 writer root       -> contracts/dynamic/MuteSwitchPairDynamic.sol::MuteSwitchPairDynamic.changeFeeType(uint256)
 writer effect     -> contracts/dynamic/MuteSwitchERC20Dynamic.sol:125
 written member    -> ('SV', 'contracts/dynamic/MuteSwitchERC20Dynamic.sol', 'MuteSwitchERC20Dynamic.checkpoints')
 potentially stale -> ('SV', 'contracts/dynamic/MuteSwitchERC20Dynamic.sol', 'MuteSwitchERC20Dynamic.numCheckpoints')
 reader witnesses  -> 52
 storage exposures -> 1
[MV-SI candidate 327eb0b3a767fe9abc42] {checkpoints, numCheckpoints}
 writer root       -> contracts/dynamic/MuteSwitchPairDynamic.sol::MuteSwitchPairDynamic.mint(address)
 writer effect     -> contracts/dynamic/MuteSwitchERC20Dynamic.sol:126
 written member    -> ('SV', 'contracts/dynamic/MuteSwitchERC20Dynamic.sol', 'MuteSwitchERC20Dynamic.numCheckpoints')
 potentially stale -> ('SV', 'contracts/dynamic/MuteSwitchERC20Dynamic.sol', 'MuteSwitchERC20Dynamic.checkpoints')
 reader witnesses  -> 44
 storage exposures -> 1
[MV-SI candidate 3ab5091943a7ba9a99e5] {_delegates, numCheckpoints}
 writer root       -> contracts/dynamic/MuteSwitchPairDynamic.sol::MuteSwitchPairDynamic.transfer(address,uint256)
 writer effect     -> contracts/dynamic/MuteSwitchERC20Dynamic.sol:71
 written member    -> ('SV', 'contracts/dynamic/MuteSwitchERC20Dynamic.sol', 'MuteSwitchERC20Dynamic._delegates')
 potentially stale -> ('SV', 'contracts/dynamic/MuteSwitchERC20Dynamic.sol', 'MuteSwitchERC20Dynamic.numCheckpoints')
 reader witnesses  -> 26
 storage exposures -> 1
[MV-SI candidate 3d5ba16fbdb571568fe2] {claimable0, claimable1}
 writer root       -> contracts/dynamic/MuteSwitchPairDynamic.sol::MuteSwitchPairDynamic.transferFrom(address,address,uint256)
 writer effect     -> contracts/dynamic/MuteSwitchPairDynamic.sol:456
 written member    -> ('SV', 'contracts/dynamic/MuteSwitchPairDynamic.sol', 'MuteSwitchPairDynamic.claimable0')
 potentially stale -> ('SV', 'contracts/dynamic/MuteSwitchPairDynamic.sol', 'MuteSwitchPairDynamic.claimable1')
 reader witnesses  -> 6
 storage exposures -> 1
[MV-SI candidate 3e2b3201c4d0320b96c1] {_mostRecentValueCalcTime, _totalStakeLpToken, endTime}
 writer root       -> contracts/amplifier/MuteAmplifier.sol::MuteAmplifier.payout()
 writer effect     -> contracts/amplifier/MuteAmplifier.sol:358
 written member    -> ('SV', 'contracts/amplifier/MuteAmplifier.sol', 'MuteAmplifier._totalStakeLpToken')
 potentially stale -> ('SV', 'contracts/amplifier/MuteAmplifier.sol', 'MuteAmplifier._mostRecentValueCalcTime'), ('SV', 'contracts/amplifier/MuteAmplifier.sol', 'MuteAmplifier.endTime')
 reader witnesses  -> 11
 storage exposures -> 1
[MV-SI candidate 3f10c289cd2ee6107d84] {_mostRecentValueCalcTime, _totalStakeLpToken, endTime}
 writer root       -> contracts/amplifier/MuteAmplifier.sol::MuteAmplifier.payout()
 writer effect     -> contracts/amplifier/MuteAmplifier.sol:383
 written member    -> ('SV', 'contracts/amplifier/MuteAmplifier.sol', 'MuteAmplifier._totalStakeLpToken')
 potentially stale -> ('SV', 'contracts/amplifier/MuteAmplifier.sol', 'MuteAmplifier._mostRecentValueCalcTime'), ('SV', 'contracts/amplifier/MuteAmplifier.sol', 'MuteAmplifier.endTime')
 reader witnesses  -> 11
 storage exposures -> 1
[MV-SI candidate 3f678be4282913479a7d] {claimable0, claimable1}
 writer root       -> contracts/dynamic/MuteSwitchPairDynamic.sol::MuteSwitchPairDynamic.claimFees()
 writer effect     -> contracts/dynamic/MuteSwitchPairDynamic.sol:460
 written member    -> ('SV', 'contracts/dynamic/MuteSwitchPairDynamic.sol', 'MuteSwitchPairDynamic.claimable1')
 potentially stale -> ('SV', 'contracts/dynamic/MuteSwitchPairDynamic.sol', 'MuteSwitchPairDynamic.claimable0')
 reader witnesses  -> 6
 storage exposures -> 1
[MV-SI candidate 4021f9754901d2f8fe9e] {index1, supplyIndex1}
 writer root       -> contracts/dynamic/MuteSwitchPairDynamic.sol::MuteSwitchPairDynamic.burn(address)
 writer effect     -> contracts/dynamic/MuteSwitchPairDynamic.sol:464
 written member    -> ('SV', 'contracts/dynamic/MuteSwitchPairDynamic.sol', 'MuteSwitchPairDynamic.supplyIndex1')
 potentially stale -> ('SV', 'contracts/dynamic/MuteSwitchPairDynamic.sol', 'MuteSwitchPairDynamic.index1')
 reader witnesses  -> 6
 storage exposures -> 1
[MV-SI candidate 419b4a2756477a5c0603] {claimable0, claimable1}
 writer root       -> contracts/dynamic/MuteSwitchPairDynamic.sol::MuteSwitchPairDynamic.mint(address)
 writer effect     -> contracts/dynamic/MuteSwitchPairDynamic.sol:456
 written member    -> ('SV', 'contracts/dynamic/MuteSwitchPairDynamic.sol', 'MuteSwitchPairDynamic.claimable0')
 potentially stale -> ('SV', 'contracts/dynamic/MuteSwitchPairDynamic.sol', 'MuteSwitchPairDynamic.claimable1')
 reader witnesses  -> 6
 storage exposures -> 1
[MV-SI candidate 4251f7cce4d394942540] {_delegates, numCheckpoints}
 writer root       -> contracts/dynamic/MuteSwitchPairDynamic.sol::MuteSwitchPairDynamic.transferFrom(address,address,uint256)
 writer effect     -> contracts/dynamic/MuteSwitchERC20Dynamic.sol:74
 written member    -> ('SV', 'contracts/dynamic/MuteSwitchERC20Dynamic.sol', 'MuteSwitchERC20Dynamic._delegates')
 potentially stale -> ('SV', 'contracts/dynamic/MuteSwitchERC20Dynamic.sol', 'MuteSwitchERC20Dynamic.numCheckpoints')
 reader witnesses  -> 26
 storage exposures -> 1
[MV-SI candidate 4319566392884310e720] {claimable0, claimable1}
 writer root       -> contracts/dynamic/MuteSwitchPairDynamic.sol::MuteSwitchPairDynamic.burn(address)
 writer effect     -> contracts/dynamic/MuteSwitchPairDynamic.sol:460
 written member    -> ('SV', 'contracts/dynamic/MuteSwitchPairDynamic.sol', 'MuteSwitchPairDynamic.claimable1')
 potentially stale -> ('SV', 'contracts/dynamic/MuteSwitchPairDynamic.sol', 'MuteSwitchPairDynamic.claimable0')
 reader witnesses  -> 6
 storage exposures -> 1
[MV-SI candidate 439199b52302e340f61c] {_mostRecentValueCalcTime, _totalStakeLpToken, endTime}
 writer root       -> contracts/amplifier/MuteAmplifier.sol::MuteAmplifier.payout()
 writer effect     -> contracts/amplifier/MuteAmplifier.sol:90
 written member    -> ('SV', 'contracts/amplifier/MuteAmplifier.sol', 'MuteAmplifier._mostRecentValueCalcTime')
 potentially stale -> ('SV', 'contracts/amplifier/MuteAmplifier.sol', 'MuteAmplifier._totalStakeLpToken'), ('SV', 'contracts/amplifier/MuteAmplifier.sol', 'MuteAmplifier.endTime')
 reader witnesses  -> 11
 storage exposures -> 1
[MV-SI candidate 4530c37705ff5607d3a1] {claimable0, claimable1}
 writer root       -> contracts/dynamic/MuteSwitchPairDynamic.sol::MuteSwitchPairDynamic.claimFees()
 writer effect     -> contracts/dynamic/MuteSwitchPairDynamic.sol:498
 written member    -> ('SV', 'contracts/dynamic/MuteSwitchPairDynamic.sol', 'MuteSwitchPairDynamic.claimable1')
 potentially stale -> ('SV', 'contracts/dynamic/MuteSwitchPairDynamic.sol', 'MuteSwitchPairDynamic.claimable0')
 reader witnesses  -> 6
 storage exposures -> 1
[MV-SI candidate 47b368dcb37bc916a5ea] {checkpoints, numCheckpoints}
 writer root       -> contracts/dynamic/MuteSwitchPairDynamic.sol::MuteSwitchPairDynamic.burn(address)
 writer effect     -> contracts/dynamic/MuteSwitchERC20Dynamic.sol:123
 written member    -> ('SV', 'contracts/dynamic/MuteSwitchERC20Dynamic.sol', 'MuteSwitchERC20Dynamic.checkpoints')
 potentially stale -> ('SV', 'contracts/dynamic/MuteSwitchERC20Dynamic.sol', 'MuteSwitchERC20Dynamic.numCheckpoints')
 reader witnesses  -> 52
 storage exposures -> 1
[MV-SI candidate 49ebd4f6fe8f571ad0b6] {_mostRecentValueCalcTime, _totalStakeLpToken, endTime}
 writer root       -> contracts/amplifier/MuteAmplifier.sol::MuteAmplifier.withdraw()
 writer effect     -> contracts/amplifier/MuteAmplifier.sol:109
 written member    -> ('SV', 'contracts/amplifier/MuteAmplifier.sol', 'MuteAmplifier._mostRecentValueCalcTime')
 potentially stale -> ('SV', 'contracts/amplifier/MuteAmplifier.sol', 'MuteAmplifier._totalStakeLpToken'), ('SV', 'contracts/amplifier/MuteAmplifier.sol', 'MuteAmplifier.endTime')
 reader witnesses  -> 11
 storage exposures -> 1
[MV-SI candidate 4baa656b700cc30eb189] {epochDuration, epochStart}
 writer root       -> contracts/bonds/MuteBond.sol::MuteBond.deposit(uint256,address,bool)
 writer effect     -> contracts/bonds/MuteBond.sol:187
 written member    -> ('SV', 'contracts/bonds/MuteBond.sol', 'MuteBond.epochStart')
 potentially stale -> ('SV', 'contracts/bonds/MuteBond.sol', 'MuteBond.epochDuration')
 reader witnesses  -> 1
 storage exposures -> 1
[MV-SI candidate 4f945649561ac925c044] {_mostRecentValueCalcTime, _totalStakeLpToken, endTime}
 writer root       -> contracts/amplifier/MuteAmplifier.sol::MuteAmplifier.withdraw()
 writer effect     -> contracts/amplifier/MuteAmplifier.sol:90
 written member    -> ('SV', 'contracts/amplifier/MuteAmplifier.sol', 'MuteAmplifier._mostRecentValueCalcTime')
 potentially stale -> ('SV', 'contracts/amplifier/MuteAmplifier.sol', 'MuteAmplifier._totalStakeLpToken'), ('SV', 'contracts/amplifier/MuteAmplifier.sol', 'MuteAmplifier.endTime')
 reader witnesses  -> 11
 storage exposures -> 1
[MV-SI candidate 5143382584d976842d3b] {index0, supplyIndex0}
 writer root       -> contracts/dynamic/MuteSwitchPairDynamic.sol::MuteSwitchPairDynamic.swap(uint256,uint256,address,bytes)
 writer effect     -> contracts/dynamic/MuteSwitchPairDynamic.sol:518
 written member    -> ('SV', 'contracts/dynamic/MuteSwitchPairDynamic.sol', 'MuteSwitchPairDynamic.index0')
 potentially stale -> ('SV', 'contracts/dynamic/MuteSwitchPairDynamic.sol', 'MuteSwitchPairDynamic.supplyIndex0')
 reader witnesses  -> 5
 storage exposures -> 1
[MV-SI candidate 58e8026a402ec4c537f7] {checkpoints, numCheckpoints}
 writer root       -> contracts/dynamic/MuteSwitchPairDynamic.sol::MuteSwitchPairDynamic.transfer(address,uint256)
 writer effect     -> contracts/dynamic/MuteSwitchERC20Dynamic.sol:125
 written member    -> ('SV', 'contracts/dynamic/MuteSwitchERC20Dynamic.sol', 'MuteSwitchERC20Dynamic.checkpoints')
 potentially stale -> ('SV', 'contracts/dynamic/MuteSwitchERC20Dynamic.sol', 'MuteSwitchERC20Dynamic.numCheckpoints')
 reader witnesses  -> 52
 storage exposures -> 1
[MV-SI candidate 5a633f3f7cfe63aae0f1] {_delegates, numCheckpoints}
 writer root       -> contracts/dao/dMute.sol::dMute.LockTo(uint256,uint256,address)
 writer effect     -> contracts/dao/dSoulBound.sol:80
 written member    -> ('SV', 'contracts/dao/dSoulBound.sol', 'dSoulBound.numCheckpoints')
 potentially stale -> ('SV', 'contracts/dao/dSoulBound.sol', 'dSoulBound._delegates')
 reader witnesses  -> 4
 storage exposures -> 1
[MV-SI candidate 5c54c16cf3132cfac103] {index0, supplyIndex0}
 writer root       -> contracts/dynamic/MuteSwitchPairDynamic.sol::MuteSwitchPairDynamic.burn(address)
 writer effect     -> contracts/dynamic/MuteSwitchPairDynamic.sol:463
 written member    -> ('SV', 'contracts/dynamic/MuteSwitchPairDynamic.sol', 'MuteSwitchPairDynamic.supplyIndex0')
 potentially stale -> ('SV', 'contracts/dynamic/MuteSwitchPairDynamic.sol', 'MuteSwitchPairDynamic.index0')
 reader witnesses  -> 6
 storage exposures -> 1
[MV-SI candidate 642e94255e30375a6c2f] {index0, supplyIndex0}
 writer root       -> contracts/dynamic/MuteSwitchPairDynamic.sol::MuteSwitchPairDynamic.mint(address)
 writer effect     -> contracts/dynamic/MuteSwitchPairDynamic.sol:463
 written member    -> ('SV', 'contracts/dynamic/MuteSwitchPairDynamic.sol', 'MuteSwitchPairDynamic.supplyIndex0')
 potentially stale -> ('SV', 'contracts/dynamic/MuteSwitchPairDynamic.sol', 'MuteSwitchPairDynamic.index0')
 reader witnesses  -> 6
 storage exposures -> 1
[MV-SI candidate 6460a1ae7f7c2bb84969] {epoch, maxPayout, terms}
 writer root       -> contracts/bonds/MuteBond.sol::MuteBond.deposit(uint256,address,bool)
 writer effect     -> contracts/bonds/MuteBond.sol:196
 written member    -> ('SV', 'contracts/bonds/MuteBond.sol', 'MuteBond.epoch')
 potentially stale -> ('SV', 'contracts/bonds/MuteBond.sol', 'MuteBond.maxPayout'), ('SV', 'contracts/bonds/MuteBond.sol', 'MuteBond.terms')
 reader witnesses  -> 6
 storage exposures -> 1
[MV-SI candidate 6683c503a5e49f6bd255] {_userStakedLpToken, totalFees0, totalFees1}
 writer root       -> contracts/amplifier/MuteAmplifier.sol::MuteAmplifier.stake(uint256)
 writer effect     -> contracts/amplifier/MuteAmplifier.sol:117
 written member    -> ('SV', 'contracts/amplifier/MuteAmplifier.sol', 'MuteAmplifier.totalFees1')
 potentially stale -> ('SV', 'contracts/amplifier/MuteAmplifier.sol', 'MuteAmplifier._userStakedLpToken'), ('SV', 'contracts/amplifier/MuteAmplifier.sol', 'MuteAmplifier.totalFees0')
 reader witnesses  -> 21
 storage exposures -> 1
[MV-SI candidate 66df69300b0a4d88862e] {_delegates, numCheckpoints}
 writer root       -> contracts/dynamic/MuteSwitchERC20Dynamic.sol::MuteSwitchERC20Dynamic.delegate(address)
 writer effect     -> contracts/dynamic/MuteSwitchERC20Dynamic.sol:135
 written member    -> ('SV', 'contracts/dynamic/MuteSwitchERC20Dynamic.sol', 'MuteSwitchERC20Dynamic._delegates')
 potentially stale -> ('SV', 'contracts/dynamic/MuteSwitchERC20Dynamic.sol', 'MuteSwitchERC20Dynamic.numCheckpoints')
 reader witnesses  -> 34
 storage exposures -> 3
[MV-SI candidate 68b0ecb9e42bf80afec0] {checkpoints, numCheckpoints}
 writer root       -> contracts/dynamic/MuteSwitchPairDynamic.sol::MuteSwitchPairDynamic.transfer(address,uint256)
 writer effect     -> contracts/dynamic/MuteSwitchERC20Dynamic.sol:123
 written member    -> ('SV', 'contracts/dynamic/MuteSwitchERC20Dynamic.sol', 'MuteSwitchERC20Dynamic.checkpoints')
 potentially stale -> ('SV', 'contracts/dynamic/MuteSwitchERC20Dynamic.sol', 'MuteSwitchERC20Dynamic.numCheckpoints')
 reader witnesses  -> 52
 storage exposures -> 1
[MV-SI candidate 6c624e426a95d6251122] {index0, supplyIndex0}
 writer root       -> contracts/dynamic/MuteSwitchPairDynamic.sol::MuteSwitchPairDynamic.burn(address)
 writer effect     -> contracts/dynamic/MuteSwitchPairDynamic.sol:450
 written member    -> ('SV', 'contracts/dynamic/MuteSwitchPairDynamic.sol', 'MuteSwitchPairDynamic.supplyIndex0')
 potentially stale -> ('SV', 'contracts/dynamic/MuteSwitchPairDynamic.sol', 'MuteSwitchPairDynamic.index0')
 reader witnesses  -> 11
 storage exposures -> 1
[MV-SI candidate 6dea0688c8024d594bae] {_delegates, numCheckpoints}
 writer root       -> contracts/dynamic/MuteSwitchPairDynamic.sol::MuteSwitchPairDynamic.transfer(address,uint256)
 writer effect     -> contracts/dynamic/MuteSwitchERC20Dynamic.sol:74
 written member    -> ('SV', 'contracts/dynamic/MuteSwitchERC20Dynamic.sol', 'MuteSwitchERC20Dynamic._delegates')
 potentially stale -> ('SV', 'contracts/dynamic/MuteSwitchERC20Dynamic.sol', 'MuteSwitchERC20Dynamic.numCheckpoints')
 reader witnesses  -> 26
 storage exposures -> 1
[MV-SI candidate 6f5b20dd0806eb4d03c2] {index1, supplyIndex1}
 writer root       -> contracts/dynamic/MuteSwitchPairDynamic.sol::MuteSwitchPairDynamic.burn(address)
 writer effect     -> contracts/dynamic/MuteSwitchPairDynamic.sol:451
 written member    -> ('SV', 'contracts/dynamic/MuteSwitchPairDynamic.sol', 'MuteSwitchPairDynamic.supplyIndex1')
 potentially stale -> ('SV', 'contracts/dynamic/MuteSwitchPairDynamic.sol', 'MuteSwitchPairDynamic.index1')
 reader witnesses  -> 11
 storage exposures -> 1
[MV-SI candidate 70df28c951c554af144f] {_mostRecentValueCalcTime, _totalStakeLpToken, endTime}
 writer root       -> contracts/amplifier/MuteAmplifier.sol::MuteAmplifier.initializeDeposit(uint256,uint256)
 writer effect     -> contracts/amplifier/MuteAmplifier.sol:169
 written member    -> ('SV', 'contracts/amplifier/MuteAmplifier.sol', 'MuteAmplifier.endTime')
 potentially stale -> ('SV', 'contracts/amplifier/MuteAmplifier.sol', 'MuteAmplifier._mostRecentValueCalcTime'), ('SV', 'contracts/amplifier/MuteAmplifier.sol', 'MuteAmplifier._totalStakeLpToken')
 reader witnesses  -> 9
 storage exposures -> 1
[MV-SI candidate 7403c7c4cbf12cecbd28] {_userStakedLpToken, totalFees0, totalFees1}
 writer root       -> contracts/amplifier/MuteAmplifier.sol::MuteAmplifier.payout()
 writer effect     -> contracts/amplifier/MuteAmplifier.sol:324
 written member    -> ('SV', 'contracts/amplifier/MuteAmplifier.sol', 'MuteAmplifier._userStakedLpToken')
 potentially stale -> ('SV', 'contracts/amplifier/MuteAmplifier.sol', 'MuteAmplifier.totalFees0'), ('SV', 'contracts/amplifier/MuteAmplifier.sol', 'MuteAmplifier.totalFees1')
 reader witnesses  -> 12
 storage exposures -> 1
[MV-SI candidate 74cafb29491eb0100edb] {_delegates, numCheckpoints}
 writer root       -> contracts/dao/dMute.sol::dMute.Redeem(uint256[])
 writer effect     -> contracts/dao/dSoulBound.sol:80
 written member    -> ('SV', 'contracts/dao/dSoulBound.sol', 'dSoulBound.numCheckpoints')
 potentially stale -> ('SV', 'contracts/dao/dSoulBound.sol', 'dSoulBound._delegates')
 reader witnesses  -> 4
 storage exposures -> 1
[MV-SI candidate 74ccec8e5ec1b0fd76e6] {_mostRecentValueCalcTime, _totalStakeLpToken, endTime}
 writer root       -> contracts/amplifier/MuteAmplifier.sol::MuteAmplifier.stake(uint256)
 writer effect     -> contracts/amplifier/MuteAmplifier.sol:109
 written member    -> ('SV', 'contracts/amplifier/MuteAmplifier.sol', 'MuteAmplifier._mostRecentValueCalcTime')
 potentially stale -> ('SV', 'contracts/amplifier/MuteAmplifier.sol', 'MuteAmplifier._totalStakeLpToken'), ('SV', 'contracts/amplifier/MuteAmplifier.sol', 'MuteAmplifier.endTime')
 reader witnesses  -> 11
 storage exposures -> 1
[MV-SI candidate 762841c598184e318e98] {checkpoints, numCheckpoints}
 writer root       -> contracts/dynamic/MuteSwitchERC20Dynamic.sol::MuteSwitchERC20Dynamic.delegate(address)
 writer effect     -> contracts/dynamic/MuteSwitchERC20Dynamic.sol:125
 written member    -> ('SV', 'contracts/dynamic/MuteSwitchERC20Dynamic.sol', 'MuteSwitchERC20Dynamic.checkpoints')
 potentially stale -> ('SV', 'contracts/dynamic/MuteSwitchERC20Dynamic.sol', 'MuteSwitchERC20Dynamic.numCheckpoints')
 reader witnesses  -> 68
 storage exposures -> 3
[MV-SI candidate 77e7a8e22e6f33ae97b3] {_delegates, numCheckpoints}
 writer root       -> contracts/dynamic/MuteSwitchPairDynamic.sol::MuteSwitchPairDynamic.mint(address)
 writer effect     -> contracts/dynamic/MuteSwitchERC20Dynamic.sol:48
 written member    -> ('SV', 'contracts/dynamic/MuteSwitchERC20Dynamic.sol', 'MuteSwitchERC20Dynamic._delegates')
 potentially stale -> ('SV', 'contracts/dynamic/MuteSwitchERC20Dynamic.sol', 'MuteSwitchERC20Dynamic.numCheckpoints')
 reader witnesses  -> 26
 storage exposures -> 1
[MV-SI candidate 7a2c8d48fe279e0b9809] {checkpoints, numCheckpoints}
 writer root       -> contracts/dynamic/MuteSwitchPairDynamic.sol::MuteSwitchPairDynamic.changeFeeType(uint256)
 writer effect     -> contracts/dynamic/MuteSwitchERC20Dynamic.sol:123
 written member    -> ('SV', 'contracts/dynamic/MuteSwitchERC20Dynamic.sol', 'MuteSwitchERC20Dynamic.checkpoints')
 potentially stale -> ('SV', 'contracts/dynamic/MuteSwitchERC20Dynamic.sol', 'MuteSwitchERC20Dynamic.numCheckpoints')
 reader witnesses  -> 52
 storage exposures -> 1
[MV-SI candidate 7c1c5375c261cc8cc0b9] {_userStakedLpToken, totalFees0, totalFees1}
 writer root       -> contracts/amplifier/MuteAmplifier.sol::MuteAmplifier.payout()
 writer effect     -> contracts/amplifier/MuteAmplifier.sol:117
 written member    -> ('SV', 'contracts/amplifier/MuteAmplifier.sol', 'MuteAmplifier.totalFees1')
 potentially stale -> ('SV', 'contracts/amplifier/MuteAmplifier.sol', 'MuteAmplifier._userStakedLpToken'), ('SV', 'contracts/amplifier/MuteAmplifier.sol', 'MuteAmplifier.totalFees0')
 reader witnesses  -> 21
 storage exposures -> 1
[MV-SI candidate 7d9375ab3347f95cce0e] {_userStakedLpToken, totalFees0, totalFees1}
 writer root       -> contracts/amplifier/MuteAmplifier.sol::MuteAmplifier.payout()
 writer effect     -> contracts/amplifier/MuteAmplifier.sol:345
 written member    -> ('SV', 'contracts/amplifier/MuteAmplifier.sol', 'MuteAmplifier._userStakedLpToken')
 potentially stale -> ('SV', 'contracts/amplifier/MuteAmplifier.sol', 'MuteAmplifier.totalFees0'), ('SV', 'contracts/amplifier/MuteAmplifier.sol', 'MuteAmplifier.totalFees1')
 reader witnesses  -> 12
 storage exposures -> 1
[MV-SI candidate 842c8393554c2aebac1e] {checkpoints, numCheckpoints}
 writer root       -> contracts/dynamic/MuteSwitchERC20Dynamic.sol::MuteSwitchERC20Dynamic.delegate(address)
 writer effect     -> contracts/dynamic/MuteSwitchERC20Dynamic.sol:126
 written member    -> ('SV', 'contracts/dynamic/MuteSwitchERC20Dynamic.sol', 'MuteSwitchERC20Dynamic.numCheckpoints')
 potentially stale -> ('SV', 'contracts/dynamic/MuteSwitchERC20Dynamic.sol', 'MuteSwitchERC20Dynamic.checkpoints')
 reader witnesses  -> 52
 storage exposures -> 3
[MV-SI candidate 89434885ca2525cc6a4b] {_mostRecentValueCalcTime, _totalStakeLpToken, endTime}
 writer root       -> contracts/amplifier/MuteAmplifier.sol::MuteAmplifier.stake(uint256)
 writer effect     -> contracts/amplifier/MuteAmplifier.sol:90
 written member    -> ('SV', 'contracts/amplifier/MuteAmplifier.sol', 'MuteAmplifier._mostRecentValueCalcTime')
 potentially stale -> ('SV', 'contracts/amplifier/MuteAmplifier.sol', 'MuteAmplifier._totalStakeLpToken'), ('SV', 'contracts/amplifier/MuteAmplifier.sol', 'MuteAmplifier.endTime')
 reader witnesses  -> 11
 storage exposures -> 1
[MV-SI candidate 8e69267fb99ccb439de8] {index1, supplyIndex1}
 writer root       -> contracts/dynamic/MuteSwitchPairDynamic.sol::MuteSwitchPairDynamic.mint(address)
 writer effect     -> contracts/dynamic/MuteSwitchPairDynamic.sol:451
 written member    -> ('SV', 'contracts/dynamic/MuteSwitchPairDynamic.sol', 'MuteSwitchPairDynamic.supplyIndex1')
 potentially stale -> ('SV', 'contracts/dynamic/MuteSwitchPairDynamic.sol', 'MuteSwitchPairDynamic.index1')
 reader witnesses  -> 11
 storage exposures -> 1
[MV-SI candidate 921c212222644542f145] {claimable0, claimable1}
 writer root       -> contracts/dynamic/MuteSwitchPairDynamic.sol::MuteSwitchPairDynamic.claimFees()
 writer effect     -> contracts/dynamic/MuteSwitchPairDynamic.sol:497
 written member    -> ('SV', 'contracts/dynamic/MuteSwitchPairDynamic.sol', 'MuteSwitchPairDynamic.claimable0')
 potentially stale -> ('SV', 'contracts/dynamic/MuteSwitchPairDynamic.sol', 'MuteSwitchPairDynamic.claimable1')
 reader witnesses  -> 6
 storage exposures -> 1
[MV-SI candidate 922883c29ca98a1c953c] {_delegates, numCheckpoints}
 writer root       -> contracts/dao/dMute.sol::dMute.Lock(uint256,uint256)
 writer effect     -> contracts/dao/dSoulBound.sol:40
 written member    -> ('SV', 'contracts/dao/dSoulBound.sol', 'dSoulBound._delegates')
 potentially stale -> ('SV', 'contracts/dao/dSoulBound.sol', 'dSoulBound.numCheckpoints')
 reader witnesses  -> 16
 storage exposures -> 1
[MV-SI candidate 92468ed8815659e41451] {checkpoints, numCheckpoints}
 writer root       -> contracts/dynamic/MuteSwitchPairDynamic.sol::MuteSwitchPairDynamic.changeFeeType(uint256)
 writer effect     -> contracts/dynamic/MuteSwitchERC20Dynamic.sol:126
 written member    -> ('SV', 'contracts/dynamic/MuteSwitchERC20Dynamic.sol', 'MuteSwitchERC20Dynamic.numCheckpoints')
 potentially stale -> ('SV', 'contracts/dynamic/MuteSwitchERC20Dynamic.sol', 'MuteSwitchERC20Dynamic.checkpoints')
 reader witnesses  -> 44
 storage exposures -> 1
[MV-SI candidate 97fb19ff615718176925] {epoch, maxPayout, terms}
 writer root       -> contracts/bonds/MuteBond.sol::MuteBond.deposit(uint256,address,bool)
 writer effect     -> contracts/bonds/MuteBond.sol:194
 written member    -> ('SV', 'contracts/bonds/MuteBond.sol', 'MuteBond.terms')
 potentially stale -> ('SV', 'contracts/bonds/MuteBond.sol', 'MuteBond.epoch'), ('SV', 'contracts/bonds/MuteBond.sol', 'MuteBond.maxPayout')
 reader witnesses  -> 5
 storage exposures -> 1
[MV-SI candidate a0fd11147f6f5c87b581] {index0, supplyIndex0}
 writer root       -> contracts/dynamic/MuteSwitchPairDynamic.sol::MuteSwitchPairDynamic.claimFees()
 writer effect     -> contracts/dynamic/MuteSwitchPairDynamic.sol:450
 written member    -> ('SV', 'contracts/dynamic/MuteSwitchPairDynamic.sol', 'MuteSwitchPairDynamic.supplyIndex0')
 potentially stale -> ('SV', 'contracts/dynamic/MuteSwitchPairDynamic.sol', 'MuteSwitchPairDynamic.index0')
 reader witnesses  -> 11
 storage exposures -> 1
[MV-SI candidate a126ed63a6fc2520e899] {index1, supplyIndex1}
 writer root       -> contracts/dynamic/MuteSwitchPairDynamic.sol::MuteSwitchPairDynamic.claimFees()
 writer effect     -> contracts/dynamic/MuteSwitchPairDynamic.sol:464
 written member    -> ('SV', 'contracts/dynamic/MuteSwitchPairDynamic.sol', 'MuteSwitchPairDynamic.supplyIndex1')
 potentially stale -> ('SV', 'contracts/dynamic/MuteSwitchPairDynamic.sol', 'MuteSwitchPairDynamic.index1')
 reader witnesses  -> 6
 storage exposures -> 1
[MV-SI candidate a1c1f633483eb445f38f] {claimable0, claimable1}
 writer root       -> contracts/dynamic/MuteSwitchPairDynamic.sol::MuteSwitchPairDynamic.claimFees()
 writer effect     -> contracts/dynamic/MuteSwitchPairDynamic.sol:456
 written member    -> ('SV', 'contracts/dynamic/MuteSwitchPairDynamic.sol', 'MuteSwitchPairDynamic.claimable0')
 potentially stale -> ('SV', 'contracts/dynamic/MuteSwitchPairDynamic.sol', 'MuteSwitchPairDynamic.claimable1')
 reader witnesses  -> 6
 storage exposures -> 1
[MV-SI candidate a24b51ab91d6fb7cfd15] {checkpoints, numCheckpoints}
 writer root       -> contracts/dynamic/MuteSwitchPairDynamic.sol::MuteSwitchPairDynamic.burn(address)
 writer effect     -> contracts/dynamic/MuteSwitchERC20Dynamic.sol:126
 written member    -> ('SV', 'contracts/dynamic/MuteSwitchERC20Dynamic.sol', 'MuteSwitchERC20Dynamic.numCheckpoints')
 potentially stale -> ('SV', 'contracts/dynamic/MuteSwitchERC20Dynamic.sol', 'MuteSwitchERC20Dynamic.checkpoints')
 reader witnesses  -> 44
 storage exposures -> 1
[MV-SI candidate a24e6bb15a2c4ef1a75b] {_mostRecentValueCalcTime, _totalStakeLpToken, endTime}
 writer root       -> contracts/amplifier/MuteAmplifier.sol::MuteAmplifier.payout()
 writer effect     -> contracts/amplifier/MuteAmplifier.sol:355
 written member    -> ('SV', 'contracts/amplifier/MuteAmplifier.sol', 'MuteAmplifier._totalStakeLpToken')
 potentially stale -> ('SV', 'contracts/amplifier/MuteAmplifier.sol', 'MuteAmplifier._mostRecentValueCalcTime'), ('SV', 'contracts/amplifier/MuteAmplifier.sol', 'MuteAmplifier.endTime')
 reader witnesses  -> 11
 storage exposures -> 1
[MV-SI candidate a3702d1fc4ea57ecf5ce] {index1, supplyIndex1}
 writer root       -> contracts/dynamic/MuteSwitchPairDynamic.sol::MuteSwitchPairDynamic.swap(uint256,uint256,address,bytes)
 writer effect     -> contracts/dynamic/MuteSwitchPairDynamic.sol:536
 written member    -> ('SV', 'contracts/dynamic/MuteSwitchPairDynamic.sol', 'MuteSwitchPairDynamic.index1')
 potentially stale -> ('SV', 'contracts/dynamic/MuteSwitchPairDynamic.sol', 'MuteSwitchPairDynamic.supplyIndex1')
 reader witnesses  -> 5
 storage exposures -> 1
[MV-SI candidate a3ebf5caa8b5d6d8b6d2] {checkpoints, numCheckpoints}
 writer root       -> contracts/dynamic/MuteSwitchERC20Dynamic.sol::MuteSwitchERC20Dynamic.delegate(address)
 writer effect     -> contracts/dynamic/MuteSwitchERC20Dynamic.sol:123
 written member    -> ('SV', 'contracts/dynamic/MuteSwitchERC20Dynamic.sol', 'MuteSwitchERC20Dynamic.checkpoints')
 potentially stale -> ('SV', 'contracts/dynamic/MuteSwitchERC20Dynamic.sol', 'MuteSwitchERC20Dynamic.numCheckpoints')
 reader witnesses  -> 68
 storage exposures -> 3
[MV-SI candidate a49529c310a357fbd7ba] {index1, supplyIndex1}
 writer root       -> contracts/dynamic/MuteSwitchPairDynamic.sol::MuteSwitchPairDynamic.transferFrom(address,address,uint256)
 writer effect     -> contracts/dynamic/MuteSwitchPairDynamic.sol:464
 written member    -> ('SV', 'contracts/dynamic/MuteSwitchPairDynamic.sol', 'MuteSwitchPairDynamic.supplyIndex1')
 potentially stale -> ('SV', 'contracts/dynamic/MuteSwitchPairDynamic.sol', 'MuteSwitchPairDynamic.index1')
 reader witnesses  -> 6
 storage exposures -> 1
[MV-SI candidate a8f6ce20d80d42d9352d] {_delegates, numCheckpoints}
 writer root       -> contracts/dao/dMute.sol::dMute.RedeemTo(uint256[],address)
 writer effect     -> contracts/dao/dSoulBound.sol:80
 written member    -> ('SV', 'contracts/dao/dSoulBound.sol', 'dSoulBound.numCheckpoints')
 potentially stale -> ('SV', 'contracts/dao/dSoulBound.sol', 'dSoulBound._delegates')
 reader witnesses  -> 4
 storage exposures -> 1
[MV-SI candidate a935080ba0e5165b5a80] {epoch, maxPayout, terms}
 writer root       -> contracts/bonds/MuteBond.sol::MuteBond.deposit(uint256,address,bool)
 writer effect     -> contracts/bonds/MuteBond.sol:181
 written member    -> ('SV', 'contracts/bonds/MuteBond.sol', 'MuteBond.terms')
 potentially stale -> ('SV', 'contracts/bonds/MuteBond.sol', 'MuteBond.epoch'), ('SV', 'contracts/bonds/MuteBond.sol', 'MuteBond.maxPayout')
 reader witnesses  -> 4
 storage exposures -> 1
[MV-SI candidate ad27957f88b4cc73285b] {epoch, maxPayout, terms}
 writer root       -> contracts/bonds/MuteBond.sol::MuteBond.deposit(uint256,address,bool)
 writer effect     -> contracts/bonds/MuteBond.sol:183
 written member    -> ('SV', 'contracts/bonds/MuteBond.sol', 'MuteBond.terms')
 potentially stale -> ('SV', 'contracts/bonds/MuteBond.sol', 'MuteBond.epoch'), ('SV', 'contracts/bonds/MuteBond.sol', 'MuteBond.maxPayout')
 reader witnesses  -> 5
 storage exposures -> 1
[MV-SI candidate ae289852a6cc6d7c61b2] {_mostRecentValueCalcTime, _totalStakeLpToken, endTime}
 writer root       -> contracts/amplifier/MuteAmplifier.sol::MuteAmplifier.stake(uint256)
 writer effect     -> contracts/amplifier/MuteAmplifier.sol:355
 written member    -> ('SV', 'contracts/amplifier/MuteAmplifier.sol', 'MuteAmplifier._totalStakeLpToken')
 potentially stale -> ('SV', 'contracts/amplifier/MuteAmplifier.sol', 'MuteAmplifier._mostRecentValueCalcTime'), ('SV', 'contracts/amplifier/MuteAmplifier.sol', 'MuteAmplifier.endTime')
 reader witnesses  -> 11
 storage exposures -> 1
[MV-SI candidate ae6861aca999150aacf5] {claimable0, claimable1}
 writer root       -> contracts/dynamic/MuteSwitchPairDynamic.sol::MuteSwitchPairDynamic.burn(address)
 writer effect     -> contracts/dynamic/MuteSwitchPairDynamic.sol:456
 written member    -> ('SV', 'contracts/dynamic/MuteSwitchPairDynamic.sol', 'MuteSwitchPairDynamic.claimable0')
 potentially stale -> ('SV', 'contracts/dynamic/MuteSwitchPairDynamic.sol', 'MuteSwitchPairDynamic.claimable1')
 reader witnesses  -> 6
 storage exposures -> 1
[MV-SI candidate b14dae04a13377f457c6] {claimable0, claimable1}
 writer root       -> contracts/dynamic/MuteSwitchPairDynamic.sol::MuteSwitchPairDynamic.transfer(address,uint256)
 writer effect     -> contracts/dynamic/MuteSwitchPairDynamic.sol:460
 written member    -> ('SV', 'contracts/dynamic/MuteSwitchPairDynamic.sol', 'MuteSwitchPairDynamic.claimable1')
 potentially stale -> ('SV', 'contracts/dynamic/MuteSwitchPairDynamic.sol', 'MuteSwitchPairDynamic.claimable0')
 reader witnesses  -> 6
 storage exposures -> 1
[MV-SI candidate b6763d7c0a3fa477e317] {index0, supplyIndex0}
 writer root       -> contracts/dynamic/MuteSwitchPairDynamic.sol::MuteSwitchPairDynamic.claimFees()
 writer effect     -> contracts/dynamic/MuteSwitchPairDynamic.sol:463
 written member    -> ('SV', 'contracts/dynamic/MuteSwitchPairDynamic.sol', 'MuteSwitchPairDynamic.supplyIndex0')
 potentially stale -> ('SV', 'contracts/dynamic/MuteSwitchPairDynamic.sol', 'MuteSwitchPairDynamic.index0')
 reader witnesses  -> 6
 storage exposures -> 1
[MV-SI candidate bcc1256a359ccdd28bec] {checkpoints, numCheckpoints}
 writer root       -> contracts/dynamic/MuteSwitchPairDynamic.sol::MuteSwitchPairDynamic.transferFrom(address,address,uint256)
 writer effect     -> contracts/dynamic/MuteSwitchERC20Dynamic.sol:126
 written member    -> ('SV', 'contracts/dynamic/MuteSwitchERC20Dynamic.sol', 'MuteSwitchERC20Dynamic.numCheckpoints')
 potentially stale -> ('SV', 'contracts/dynamic/MuteSwitchERC20Dynamic.sol', 'MuteSwitchERC20Dynamic.checkpoints')
 reader witnesses  -> 44
 storage exposures -> 1
[MV-SI candidate bee721d667650e3bebe1] {_delegates, numCheckpoints}
 writer root       -> contracts/dynamic/MuteSwitchPairDynamic.sol::MuteSwitchPairDynamic.mint(address)
 writer effect     -> contracts/dynamic/MuteSwitchERC20Dynamic.sol:126
 written member    -> ('SV', 'contracts/dynamic/MuteSwitchERC20Dynamic.sol', 'MuteSwitchERC20Dynamic.numCheckpoints')
 potentially stale -> ('SV', 'contracts/dynamic/MuteSwitchERC20Dynamic.sol', 'MuteSwitchERC20Dynamic._delegates')
 reader witnesses  -> 14
 storage exposures -> 1
[MV-SI candidate c0913370d08b3b1df1e8] {index0, supplyIndex0}
 writer root       -> contracts/dynamic/MuteSwitchPairDynamic.sol::MuteSwitchPairDynamic.transfer(address,uint256)
 writer effect     -> contracts/dynamic/MuteSwitchPairDynamic.sol:450
 written member    -> ('SV', 'contracts/dynamic/MuteSwitchPairDynamic.sol', 'MuteSwitchPairDynamic.supplyIndex0')
 potentially stale -> ('SV', 'contracts/dynamic/MuteSwitchPairDynamic.sol', 'MuteSwitchPairDynamic.index0')
 reader witnesses  -> 11
 storage exposures -> 1
[MV-SI candidate c1cc1848b14efc60ec64] {epochDuration, epochStart}
 writer root       -> contracts/bonds/MuteBond.sol::MuteBond.deposit(uint256,address,bool)
 writer effect     -> contracts/bonds/MuteBond.sol:190
 written member    -> ('SV', 'contracts/bonds/MuteBond.sol', 'MuteBond.epochStart')
 potentially stale -> ('SV', 'contracts/bonds/MuteBond.sol', 'MuteBond.epochDuration')
 reader witnesses  -> 1
 storage exposures -> 1
[MV-SI candidate c2cb16148acb4746d332] {index1, supplyIndex1}
 writer root       -> contracts/dynamic/MuteSwitchPairDynamic.sol::MuteSwitchPairDynamic.transferFrom(address,address,uint256)
 writer effect     -> contracts/dynamic/MuteSwitchPairDynamic.sol:451
 written member    -> ('SV', 'contracts/dynamic/MuteSwitchPairDynamic.sol', 'MuteSwitchPairDynamic.supplyIndex1')
 potentially stale -> ('SV', 'contracts/dynamic/MuteSwitchPairDynamic.sol', 'MuteSwitchPairDynamic.index1')
 reader witnesses  -> 11
 storage exposures -> 1
[MV-SI candidate c432691361c8b99de029] {index1, supplyIndex1}
 writer root       -> contracts/dynamic/MuteSwitchPairDynamic.sol::MuteSwitchPairDynamic.transfer(address,uint256)
 writer effect     -> contracts/dynamic/MuteSwitchPairDynamic.sol:464
 written member    -> ('SV', 'contracts/dynamic/MuteSwitchPairDynamic.sol', 'MuteSwitchPairDynamic.supplyIndex1')
 potentially stale -> ('SV', 'contracts/dynamic/MuteSwitchPairDynamic.sol', 'MuteSwitchPairDynamic.index1')
 reader witnesses  -> 6
 storage exposures -> 1
[MV-SI candidate cc7f5662f6f4e580b9f7] {epochDuration, epochStart}
 writer root       -> contracts/bonds/MuteBond.sol::MuteBond.deposit(uint256,address,bool)
 writer effect     -> contracts/bonds/MuteBond.sol:195
 written member    -> ('SV', 'contracts/bonds/MuteBond.sol', 'MuteBond.epochStart')
 potentially stale -> ('SV', 'contracts/bonds/MuteBond.sol', 'MuteBond.epochDuration')
 reader witnesses  -> 1
 storage exposures -> 1
[MV-SI candidate cd4d5b910987f98f0ff6] {index0, supplyIndex0}
 writer root       -> contracts/dynamic/MuteSwitchPairDynamic.sol::MuteSwitchPairDynamic.transferFrom(address,address,uint256)
 writer effect     -> contracts/dynamic/MuteSwitchPairDynamic.sol:463
 written member    -> ('SV', 'contracts/dynamic/MuteSwitchPairDynamic.sol', 'MuteSwitchPairDynamic.supplyIndex0')
 potentially stale -> ('SV', 'contracts/dynamic/MuteSwitchPairDynamic.sol', 'MuteSwitchPairDynamic.index0')
 reader witnesses  -> 6
 storage exposures -> 1
[MV-SI candidate d5e4e50e30b3df6018c8] {_delegates, numCheckpoints}
 writer root       -> contracts/dao/dSoulBound.sol::dSoulBound.delegate(address)
 writer effect     -> contracts/dao/dSoulBound.sol:80
 written member    -> ('SV', 'contracts/dao/dSoulBound.sol', 'dSoulBound.numCheckpoints')
 potentially stale -> ('SV', 'contracts/dao/dSoulBound.sol', 'dSoulBound._delegates')
 reader witnesses  -> 4
 storage exposures -> 1
[MV-SI candidate dc50e25aeef64d1bca4f] {_delegates, numCheckpoints}
 writer root       -> contracts/dynamic/MuteSwitchPairDynamic.sol::MuteSwitchPairDynamic.transferFrom(address,address,uint256)
 writer effect     -> contracts/dynamic/MuteSwitchERC20Dynamic.sol:71
 written member    -> ('SV', 'contracts/dynamic/MuteSwitchERC20Dynamic.sol', 'MuteSwitchERC20Dynamic._delegates')
 potentially stale -> ('SV', 'contracts/dynamic/MuteSwitchERC20Dynamic.sol', 'MuteSwitchERC20Dynamic.numCheckpoints')
 reader witnesses  -> 26
 storage exposures -> 1
[MV-SI candidate ddb7f49df530104b5ddb] {_mostRecentValueCalcTime, _totalStakeLpToken, endTime}
 writer root       -> contracts/amplifier/MuteAmplifier.sol::MuteAmplifier.stake(uint256)
 writer effect     -> contracts/amplifier/MuteAmplifier.sol:358
 written member    -> ('SV', 'contracts/amplifier/MuteAmplifier.sol', 'MuteAmplifier._totalStakeLpToken')
 potentially stale -> ('SV', 'contracts/amplifier/MuteAmplifier.sol', 'MuteAmplifier._mostRecentValueCalcTime'), ('SV', 'contracts/amplifier/MuteAmplifier.sol', 'MuteAmplifier.endTime')
 reader witnesses  -> 11
 storage exposures -> 1
[MV-SI candidate e33b185baef96b35efe7] {checkpoints, numCheckpoints}
 writer root       -> contracts/dynamic/MuteSwitchPairDynamic.sol::MuteSwitchPairDynamic.mint(address)
 writer effect     -> contracts/dynamic/MuteSwitchERC20Dynamic.sol:125
 written member    -> ('SV', 'contracts/dynamic/MuteSwitchERC20Dynamic.sol', 'MuteSwitchERC20Dynamic.checkpoints')
 potentially stale -> ('SV', 'contracts/dynamic/MuteSwitchERC20Dynamic.sol', 'MuteSwitchERC20Dynamic.numCheckpoints')
 reader witnesses  -> 52
 storage exposures -> 1
[MV-SI candidate e5249392e2340a3d6a47] {_userStakedLpToken, totalFees0, totalFees1}
 writer root       -> contracts/amplifier/MuteAmplifier.sol::MuteAmplifier.payout()
 writer effect     -> contracts/amplifier/MuteAmplifier.sol:116
 written member    -> ('SV', 'contracts/amplifier/MuteAmplifier.sol', 'MuteAmplifier.totalFees0')
 potentially stale -> ('SV', 'contracts/amplifier/MuteAmplifier.sol', 'MuteAmplifier._userStakedLpToken'), ('SV', 'contracts/amplifier/MuteAmplifier.sol', 'MuteAmplifier.totalFees1')
 reader witnesses  -> 21
 storage exposures -> 1
[MV-SI candidate e749c7c9ea1846034e3d] {_delegates, numCheckpoints}
 writer root       -> contracts/dao/dMute.sol::dMute.LockTo(uint256,uint256,address)
 writer effect     -> contracts/dao/dSoulBound.sol:40
 written member    -> ('SV', 'contracts/dao/dSoulBound.sol', 'dSoulBound._delegates')
 potentially stale -> ('SV', 'contracts/dao/dSoulBound.sol', 'dSoulBound.numCheckpoints')
 reader witnesses  -> 16
 storage exposures -> 1
[MV-SI candidate ea02cc4ebd27a9c1c111] {_delegates, numCheckpoints}
 writer root       -> contracts/dao/dSoulBound.sol::dSoulBound.delegate(address)
 writer effect     -> contracts/dao/dSoulBound.sol:89
 written member    -> ('SV', 'contracts/dao/dSoulBound.sol', 'dSoulBound._delegates')
 potentially stale -> ('SV', 'contracts/dao/dSoulBound.sol', 'dSoulBound.numCheckpoints')
 reader witnesses  -> 16
 storage exposures -> 1
[MV-SI candidate eb13d9a85608332201d5] {_delegates, numCheckpoints}
 writer root       -> contracts/dynamic/MuteSwitchERC20Dynamic.sol::MuteSwitchERC20Dynamic.delegate(address)
 writer effect     -> contracts/dynamic/MuteSwitchERC20Dynamic.sol:126
 written member    -> ('SV', 'contracts/dynamic/MuteSwitchERC20Dynamic.sol', 'MuteSwitchERC20Dynamic.numCheckpoints')
 potentially stale -> ('SV', 'contracts/dynamic/MuteSwitchERC20Dynamic.sol', 'MuteSwitchERC20Dynamic._delegates')
 reader witnesses  -> 14
 storage exposures -> 1
[MV-SI candidate ecc4f9b7cc017ba0b123] {_delegates, numCheckpoints}
 writer root       -> contracts/dynamic/MuteSwitchPairDynamic.sol::MuteSwitchPairDynamic.burn(address)
 writer effect     -> contracts/dynamic/MuteSwitchERC20Dynamic.sol:126
 written member    -> ('SV', 'contracts/dynamic/MuteSwitchERC20Dynamic.sol', 'MuteSwitchERC20Dynamic.numCheckpoints')
 potentially stale -> ('SV', 'contracts/dynamic/MuteSwitchERC20Dynamic.sol', 'MuteSwitchERC20Dynamic._delegates')
 reader witnesses  -> 14
 storage exposures -> 1
[MV-SI candidate ee0e6efe44eca1f627c4] {_delegates, numCheckpoints}
 writer root       -> contracts/dynamic/MuteSwitchPairDynamic.sol::MuteSwitchPairDynamic.transferFrom(address,address,uint256)
 writer effect     -> contracts/dynamic/MuteSwitchERC20Dynamic.sol:126
 written member    -> ('SV', 'contracts/dynamic/MuteSwitchERC20Dynamic.sol', 'MuteSwitchERC20Dynamic.numCheckpoints')
 potentially stale -> ('SV', 'contracts/dynamic/MuteSwitchERC20Dynamic.sol', 'MuteSwitchERC20Dynamic._delegates')
 reader witnesses  -> 14
 storage exposures -> 1
[MV-SI candidate ee4982ba58db8e02be45] {index0, supplyIndex0}
 writer root       -> contracts/dynamic/MuteSwitchPairDynamic.sol::MuteSwitchPairDynamic.mint(address)
 writer effect     -> contracts/dynamic/MuteSwitchPairDynamic.sol:450
 written member    -> ('SV', 'contracts/dynamic/MuteSwitchPairDynamic.sol', 'MuteSwitchPairDynamic.supplyIndex0')
 potentially stale -> ('SV', 'contracts/dynamic/MuteSwitchPairDynamic.sol', 'MuteSwitchPairDynamic.index0')
 reader witnesses  -> 11
 storage exposures -> 1
[MV-SI candidate ee6a915b3b93a67a59f6] {checkpoints, numCheckpoints}
 writer root       -> contracts/dynamic/MuteSwitchPairDynamic.sol::MuteSwitchPairDynamic.transferFrom(address,address,uint256)
 writer effect     -> contracts/dynamic/MuteSwitchERC20Dynamic.sol:125
 written member    -> ('SV', 'contracts/dynamic/MuteSwitchERC20Dynamic.sol', 'MuteSwitchERC20Dynamic.checkpoints')
 potentially stale -> ('SV', 'contracts/dynamic/MuteSwitchERC20Dynamic.sol', 'MuteSwitchERC20Dynamic.numCheckpoints')
 reader witnesses  -> 52
 storage exposures -> 1
[MV-SI candidate f3a3f6a0536b3a397a05] {checkpoints, numCheckpoints}
 writer root       -> contracts/dynamic/MuteSwitchPairDynamic.sol::MuteSwitchPairDynamic.transferFrom(address,address,uint256)
 writer effect     -> contracts/dynamic/MuteSwitchERC20Dynamic.sol:123
 written member    -> ('SV', 'contracts/dynamic/MuteSwitchERC20Dynamic.sol', 'MuteSwitchERC20Dynamic.checkpoints')
 potentially stale -> ('SV', 'contracts/dynamic/MuteSwitchERC20Dynamic.sol', 'MuteSwitchERC20Dynamic.numCheckpoints')
 reader witnesses  -> 52
 storage exposures -> 1
[MV-SI candidate f5b5745627dfb977167b] {_userStakedLpToken, totalFees0, totalFees1}
 writer root       -> contracts/amplifier/MuteAmplifier.sol::MuteAmplifier.withdraw()
 writer effect     -> contracts/amplifier/MuteAmplifier.sol:116
 written member    -> ('SV', 'contracts/amplifier/MuteAmplifier.sol', 'MuteAmplifier.totalFees0')
 potentially stale -> ('SV', 'contracts/amplifier/MuteAmplifier.sol', 'MuteAmplifier._userStakedLpToken'), ('SV', 'contracts/amplifier/MuteAmplifier.sol', 'MuteAmplifier.totalFees1')
 reader witnesses  -> 21
 storage exposures -> 1
[MV-SI candidate f5f1ed860fd4a91ba2be] {index0, supplyIndex0}
 writer root       -> contracts/dynamic/MuteSwitchPairDynamic.sol::MuteSwitchPairDynamic.transferFrom(address,address,uint256)
 writer effect     -> contracts/dynamic/MuteSwitchPairDynamic.sol:450
 written member    -> ('SV', 'contracts/dynamic/MuteSwitchPairDynamic.sol', 'MuteSwitchPairDynamic.supplyIndex0')
 potentially stale -> ('SV', 'contracts/dynamic/MuteSwitchPairDynamic.sol', 'MuteSwitchPairDynamic.index0')
 reader witnesses  -> 11
 storage exposures -> 1
[MV-SI candidate f6f131d70f452635a1da] {_userStakedLpToken, totalFees0, totalFees1}
 writer root       -> contracts/amplifier/MuteAmplifier.sol::MuteAmplifier.payout()
 writer effect     -> contracts/amplifier/MuteAmplifier.sol:385
 written member    -> ('SV', 'contracts/amplifier/MuteAmplifier.sol', 'MuteAmplifier._userStakedLpToken')
 potentially stale -> ('SV', 'contracts/amplifier/MuteAmplifier.sol', 'MuteAmplifier.totalFees0'), ('SV', 'contracts/amplifier/MuteAmplifier.sol', 'MuteAmplifier.totalFees1')
 reader witnesses  -> 12
 storage exposures -> 1
[MV-SI candidate f7d32b0691e317eb6139] {epoch, maxPayout, terms}
 writer root       -> contracts/bonds/MuteBond.sol::MuteBond.setMaxPayout(uint256)
 writer effect     -> contracts/bonds/MuteBond.sol:121
 written member    -> ('SV', 'contracts/bonds/MuteBond.sol', 'MuteBond.maxPayout')
 potentially stale -> ('SV', 'contracts/bonds/MuteBond.sol', 'MuteBond.epoch'), ('SV', 'contracts/bonds/MuteBond.sol', 'MuteBond.terms')
 reader witnesses  -> 6
 storage exposures -> 1
[MV-SI candidate f9ab6d02c610019d700b] {_delegates, numCheckpoints}
 writer root       -> contracts/dao/dMute.sol::dMute.Lock(uint256,uint256)
 writer effect     -> contracts/dao/dSoulBound.sol:80
 written member    -> ('SV', 'contracts/dao/dSoulBound.sol', 'dSoulBound.numCheckpoints')
 potentially stale -> ('SV', 'contracts/dao/dSoulBound.sol', 'dSoulBound._delegates')
 reader witnesses  -> 4
 storage exposures -> 1
[MV-SI candidate fa8bd517bc906d5a32fa] {_mostRecentValueCalcTime, _totalStakeLpToken, endTime}
 writer root       -> contracts/amplifier/MuteAmplifier.sol::MuteAmplifier.stake(uint256)
 writer effect     -> contracts/amplifier/MuteAmplifier.sol:383
 written member    -> ('SV', 'contracts/amplifier/MuteAmplifier.sol', 'MuteAmplifier._totalStakeLpToken')
 potentially stale -> ('SV', 'contracts/amplifier/MuteAmplifier.sol', 'MuteAmplifier._mostRecentValueCalcTime'), ('SV', 'contracts/amplifier/MuteAmplifier.sol', 'MuteAmplifier.endTime')
 reader witnesses  -> 11
 storage exposures -> 1Reference: https://github.com/crytic/slither/wiki/Detector-Documentation
INFO:Slither:mvscan-standard-input.json analyzed (46 contracts with 1 detectors), 111 result(s) found
