Problem executing hardhat to fetch configuration, using defaults: [Errno 2] No such file or directory: 'hardhat'
[mvscan-config] {"ATOMIC_GROUP": [], "DIVERGENCE_BUDGET": 1000, "ENABLE_BRANCH_GROUPS": true, "ENABLE_EXTERNAL_STATE": true, "ENABLE_MULTI_RETURN_GROUPS": true, "MAPPING_MODE": "precise", "MERGE_OVERLOADS": false, "MVSCAN_ABLATION": "full", "MVSCAN_CONTEXTUAL_KEYS": true, "MVSCAN_INCLUDE_SCALAR_WITNESSES": false, "MVSCAN_INTERFACE_DISPATCH": false, "MVSCAN_MAX_CONTEXTS_PER_OWNER_BLOCK": 128, "MVSCAN_MAX_DISPATCH_TARGETS": 16, "MVSCAN_REQUIRE_DISTINCT_OUTER_ROOTS": false, "MVSCAN_ROOT_CONTEXT_SINKS": false, "NOOP_WRITE_FILTER": true, "REQUIRE_SAME_SLOT_KEY": true, "SINK_TEST": "none", "USER_CALLABLE_ALWAYS": [], "USER_CALLABLE_DENY": []}
[mvscan-stage] icfg-built blocks=15 vars=2
[mvscan-stage] root-seeding-done eligible_exposures=3 seeded=3 multi_exposure_entry_blocks=0 collapsed_contextual_aliases=0 excluded_dependency=0 excluded_interface=33 excluded_library=0 excluded_abstract=0 missing_entry_point=0 missing_entry_block=0
[mvscan-pairs] call_target_digest=87417eea3ad76a9c8efc3b92385696a3324d8f38cc355f51a6b737d050af5235 candidate_count=0 candidate_digest=4f53cda18c2baa0c0354bb5f9a3ecbe5ed12ab4d8e11ba873c2f11161202b945 context_instance_count=0 execution_context_digest=7dc759ce375ca36dae24e59736da3050844786b107a9a5d6ec236bc803367ba2 invalid_partial_write_filtered=0 must_full_relation_filtered=0 omitted_member_evidence_filtered=0 omitted_member_not_sensitive_filtered=0 owner_context_pairs=0 owner_context_pairs_considered=0 reader_witness_count=0 relation_context_incompatible=0 relation_digest=4f53cda18c2baa0c0354bb5f9a3ecbe5ed12ab4d8e11ba873c2f11161202b945 relation_origins_rejected_unreachable=1 root_context_sink_filtered=0 same_outer_root_filtered=0 scalar_variables_skipped=2 storage_context_mismatch=0 variables_considered=2
[mvscan-config] {"ATOMIC_GROUP": [], "DIVERGENCE_BUDGET": 1000, "ENABLE_BRANCH_GROUPS": true, "ENABLE_EXTERNAL_STATE": true, "ENABLE_MULTI_RETURN_GROUPS": true, "MAPPING_MODE": "precise", "MERGE_OVERLOADS": false, "MVSCAN_ABLATION": "full", "MVSCAN_CONTEXTUAL_KEYS": true, "MVSCAN_INCLUDE_SCALAR_WITNESSES": false, "MVSCAN_INTERFACE_DISPATCH": false, "MVSCAN_MAX_CONTEXTS_PER_OWNER_BLOCK": 128, "MVSCAN_MAX_DISPATCH_TARGETS": 16, "MVSCAN_REQUIRE_DISTINCT_OUTER_ROOTS": false, "MVSCAN_ROOT_CONTEXT_SINKS": false, "NOOP_WRITE_FILTER": true, "REQUIRE_SAME_SLOT_KEY": true, "SINK_TEST": "none", "USER_CALLABLE_ALWAYS": [], "USER_CALLABLE_DENY": []}
[mvscan-stage] icfg-built blocks=13 vars=2
[mvscan-stage] root-seeding-done eligible_exposures=2 seeded=2 multi_exposure_entry_blocks=0 collapsed_contextual_aliases=0 excluded_dependency=0 excluded_interface=0 excluded_library=0 excluded_abstract=0 missing_entry_point=0 missing_entry_block=0
[mvscan-pairs] call_target_digest=c5bdf05cb860427f8704ca3c000e67f3ffd8a5c537dd8cf97d7b315e93dd1a0c candidate_count=0 candidate_digest=4f53cda18c2baa0c0354bb5f9a3ecbe5ed12ab4d8e11ba873c2f11161202b945 context_instance_count=0 execution_context_digest=6abfb7e721884b7bd2eee7f13341c0bbe526cce08ed5acb15d5715188ae6e679 invalid_partial_write_filtered=0 must_full_relation_filtered=0 omitted_member_evidence_filtered=0 omitted_member_not_sensitive_filtered=0 owner_context_pairs=0 owner_context_pairs_considered=0 reader_witness_count=0 relation_base_members_shadowed=0 relation_context_incompatible=0 relation_digest=4f53cda18c2baa0c0354bb5f9a3ecbe5ed12ab4d8e11ba873c2f11161202b945 relation_members_raw=1 relation_origins_rejected_unary_after_shadowing=1 relation_origins_seen=1 root_context_sink_filtered=0 same_outer_root_filtered=0 scalar_variables_skipped=1 storage_context_mismatch=0 variables_considered=1
[mvscan-config] {"ATOMIC_GROUP": [], "DIVERGENCE_BUDGET": 1000, "ENABLE_BRANCH_GROUPS": true, "ENABLE_EXTERNAL_STATE": true, "ENABLE_MULTI_RETURN_GROUPS": true, "MAPPING_MODE": "precise", "MERGE_OVERLOADS": false, "MVSCAN_ABLATION": "full", "MVSCAN_CONTEXTUAL_KEYS": true, "MVSCAN_INCLUDE_SCALAR_WITNESSES": false, "MVSCAN_INTERFACE_DISPATCH": false, "MVSCAN_MAX_CONTEXTS_PER_OWNER_BLOCK": 128, "MVSCAN_MAX_DISPATCH_TARGETS": 16, "MVSCAN_REQUIRE_DISTINCT_OUTER_ROOTS": false, "MVSCAN_ROOT_CONTEXT_SINKS": false, "NOOP_WRITE_FILTER": true, "REQUIRE_SAME_SLOT_KEY": true, "SINK_TEST": "none", "USER_CALLABLE_ALWAYS": [], "USER_CALLABLE_DENY": []}
[mvscan-stage] icfg-built blocks=15 vars=1
[mvscan-stage] root-seeding-done eligible_exposures=4 seeded=4 multi_exposure_entry_blocks=0 collapsed_contextual_aliases=0 excluded_dependency=0 excluded_interface=0 excluded_library=0 excluded_abstract=0 missing_entry_point=0 missing_entry_block=0
[mvscan-pairs] call_target_digest=4f53cda18c2baa0c0354bb5f9a3ecbe5ed12ab4d8e11ba873c2f11161202b945 candidate_count=0 candidate_digest=4f53cda18c2baa0c0354bb5f9a3ecbe5ed12ab4d8e11ba873c2f11161202b945 context_instance_count=0 execution_context_digest=7af75a8ae5d9a51d68ff1df45c07e219afdb4b582d71474b8eb3ec591325c566 invalid_partial_write_filtered=0 must_full_relation_filtered=0 omitted_member_evidence_filtered=0 omitted_member_not_sensitive_filtered=0 owner_context_pairs=0 owner_context_pairs_considered=0 reader_witness_count=0 relation_context_incompatible=0 relation_digest=4f53cda18c2baa0c0354bb5f9a3ecbe5ed12ab4d8e11ba873c2f11161202b945 root_context_sink_filtered=0 same_outer_root_filtered=0 scalar_variables_skipped=1 storage_context_mismatch=0 variables_considered=1
[mvscan-config] {"ATOMIC_GROUP": [], "DIVERGENCE_BUDGET": 1000, "ENABLE_BRANCH_GROUPS": true, "ENABLE_EXTERNAL_STATE": true, "ENABLE_MULTI_RETURN_GROUPS": true, "MAPPING_MODE": "precise", "MERGE_OVERLOADS": false, "MVSCAN_ABLATION": "full", "MVSCAN_CONTEXTUAL_KEYS": true, "MVSCAN_INCLUDE_SCALAR_WITNESSES": false, "MVSCAN_INTERFACE_DISPATCH": false, "MVSCAN_MAX_CONTEXTS_PER_OWNER_BLOCK": 128, "MVSCAN_MAX_DISPATCH_TARGETS": 16, "MVSCAN_REQUIRE_DISTINCT_OUTER_ROOTS": false, "MVSCAN_ROOT_CONTEXT_SINKS": false, "NOOP_WRITE_FILTER": true, "REQUIRE_SAME_SLOT_KEY": true, "SINK_TEST": "none", "USER_CALLABLE_ALWAYS": [], "USER_CALLABLE_DENY": []}
[mvscan-stage] icfg-built blocks=213 vars=10
[mvscan-stage] root-seeding-done eligible_exposures=59 seeded=24 multi_exposure_entry_blocks=19 collapsed_contextual_aliases=35 excluded_dependency=0 excluded_interface=3 excluded_library=0 excluded_abstract=0 missing_entry_point=3 missing_entry_block=0
[mvscan-pairs] call_target_digest=b6dc3c606e347d9c0e2af59cb80b60c1459d38861e6aea2a790fddbed7a48955 candidate_count=21 candidate_digest=e99c67fe31061093029fca8c7d02182f799add65237da48f9503d9156a88d77a context_instance_count=44 eligible_readers=2 eligible_writers=3 execution_context_digest=2df61a620b1495f9249916316cb8238ef83ab02a59b5b5dd20296d446dc2b70b invalid_partial_write_filtered=0 must_full_relation_filtered=0 omitted_member_evidence_filtered=0 omitted_member_not_sensitive_filtered=0 owner_context_pairs=44 owner_context_pairs_considered=486 raw_block_pairs=6 reader_witness_count=44 relation_base_members_shadowed=0 relation_context_incompatible=22 relation_digest=f2e8a9e909748669ef58e0e2316a70a62760600695d843db524261145ca30180 relation_members_raw=6 relation_origins_registered=1 relation_origins_rejected_unary_after_shadowing=4 relation_origins_rejected_unreachable=7 relation_origins_seen=5 root_context_sink_filtered=0 same_outer_root_filtered=0 scalar_variables_skipped=10 storage_context_mismatch=420 variables_considered=11
INFO:Detectors:

[MV-SI candidate 0778b221a0992b599578] {initialized, initializing}
 writer root       -> @openzeppelin/contracts-ethereum-package/contracts/token/ERC20/ERC20Mintable.sol::ERC20Mintable.initialize(address)
 writer effect     -> @openzeppelin/upgrades/contracts/Initializable.sol:37
 written member    -> ('SV', '@openzeppelin/upgrades/contracts/Initializable.sol', 'Initializable.initialized')
 potentially stale -> ('SV', '@openzeppelin/upgrades/contracts/Initializable.sol', 'Initializable.initializing')
 reader witnesses  -> 2
 storage exposures -> 1
[MV-SI candidate 201b56a726b56c3feb31] {initialized, initializing}
 writer root       -> @openzeppelin/contracts-ethereum-package/contracts/token/ERC20/ERC20Mintable.sol::ERC20Mintable.initialize(address)
 writer effect     -> @openzeppelin/upgrades/contracts/Initializable.sol:36
 written member    -> ('SV', '@openzeppelin/upgrades/contracts/Initializable.sol', 'Initializable.initializing')
 potentially stale -> ('SV', '@openzeppelin/upgrades/contracts/Initializable.sol', 'Initializable.initialized')
 reader witnesses  -> 1
 storage exposures -> 1
[MV-SI candidate 2c255a2795c3b01a7069] {initialized, initializing}
 writer root       -> @openzeppelin/contracts-ethereum-package/contracts/access/roles/PauserRole.sol::PauserRole.initialize(address)
 writer effect     -> @openzeppelin/upgrades/contracts/Initializable.sol:36
 written member    -> ('SV', '@openzeppelin/upgrades/contracts/Initializable.sol', 'Initializable.initializing')
 potentially stale -> ('SV', '@openzeppelin/upgrades/contracts/Initializable.sol', 'Initializable.initialized')
 reader witnesses  -> 1
 storage exposures -> 1
[MV-SI candidate 3b3d692c90eaf27727bc] {initialized, initializing}
 writer root       -> @openzeppelin/contracts-ethereum-package/contracts/lifecycle/Pausable.sol::Pausable.initialize(address)
 writer effect     -> @openzeppelin/upgrades/contracts/Initializable.sol:43
 written member    -> ('SV', '@openzeppelin/upgrades/contracts/Initializable.sol', 'Initializable.initializing')
 potentially stale -> ('SV', '@openzeppelin/upgrades/contracts/Initializable.sol', 'Initializable.initialized')
 reader witnesses  -> 1
 storage exposures -> 1
[MV-SI candidate 3e22bd7f00d9bf69d47a] {initialized, initializing}
 writer root       -> @openzeppelin/contracts-ethereum-package/contracts/access/roles/MinterRole.sol::MinterRole.initialize(address)
 writer effect     -> @openzeppelin/upgrades/contracts/Initializable.sol:43
 written member    -> ('SV', '@openzeppelin/upgrades/contracts/Initializable.sol', 'Initializable.initializing')
 potentially stale -> ('SV', '@openzeppelin/upgrades/contracts/Initializable.sol', 'Initializable.initialized')
 reader witnesses  -> 1
 storage exposures -> 1
[MV-SI candidate 46bc8d6e8c79e394e9d1] {initialized, initializing}
 writer root       -> @openzeppelin/contracts-ethereum-package/contracts/access/roles/PauserRole.sol::PauserRole.initialize(address)
 writer effect     -> @openzeppelin/upgrades/contracts/Initializable.sol:37
 written member    -> ('SV', '@openzeppelin/upgrades/contracts/Initializable.sol', 'Initializable.initialized')
 potentially stale -> ('SV', '@openzeppelin/upgrades/contracts/Initializable.sol', 'Initializable.initializing')
 reader witnesses  -> 2
 storage exposures -> 1
[MV-SI candidate 5a6e083f48c211bd53a6] {initialized, initializing}
 writer root       -> contracts/UnlockDiscountToken.sol::UnlockDiscountToken.initialize(address)
 writer effect     -> @openzeppelin/upgrades/contracts/Initializable.sol:43
 written member    -> ('SV', '@openzeppelin/upgrades/contracts/Initializable.sol', 'Initializable.initializing')
 potentially stale -> ('SV', '@openzeppelin/upgrades/contracts/Initializable.sol', 'Initializable.initialized')
 reader witnesses  -> 2
 storage exposures -> 1
[MV-SI candidate 61873fbd6f897f942591] {initialized, initializing}
 writer root       -> @openzeppelin/contracts-ethereum-package/contracts/lifecycle/Pausable.sol::Pausable.initialize(address)
 writer effect     -> @openzeppelin/upgrades/contracts/Initializable.sol:37
 written member    -> ('SV', '@openzeppelin/upgrades/contracts/Initializable.sol', 'Initializable.initialized')
 potentially stale -> ('SV', '@openzeppelin/upgrades/contracts/Initializable.sol', 'Initializable.initializing')
 reader witnesses  -> 2
 storage exposures -> 1
[MV-SI candidate 66179af245aed43a1bbd] {initialized, initializing}
 writer root       -> @openzeppelin/contracts-ethereum-package/contracts/token/ERC20/ERC20Detailed.sol::ERC20Detailed.initialize(string,string,uint8)
 writer effect     -> @openzeppelin/upgrades/contracts/Initializable.sol:43
 written member    -> ('SV', '@openzeppelin/upgrades/contracts/Initializable.sol', 'Initializable.initializing')
 potentially stale -> ('SV', '@openzeppelin/upgrades/contracts/Initializable.sol', 'Initializable.initialized')
 reader witnesses  -> 3
 storage exposures -> 2
[MV-SI candidate 70c338fdf873d208d6c3] {initialized, initializing}
 writer root       -> @openzeppelin/contracts-ethereum-package/contracts/access/roles/PauserRole.sol::PauserRole.initialize(address)
 writer effect     -> @openzeppelin/upgrades/contracts/Initializable.sol:43
 written member    -> ('SV', '@openzeppelin/upgrades/contracts/Initializable.sol', 'Initializable.initializing')
 potentially stale -> ('SV', '@openzeppelin/upgrades/contracts/Initializable.sol', 'Initializable.initialized')
 reader witnesses  -> 1
 storage exposures -> 1
[MV-SI candidate 736f05a1c4e881b7a86c] {initialized, initializing}
 writer root       -> contracts/UnlockDiscountToken.sol::UnlockDiscountToken.initialize(address)
 writer effect     -> @openzeppelin/upgrades/contracts/Initializable.sol:36
 written member    -> ('SV', '@openzeppelin/upgrades/contracts/Initializable.sol', 'Initializable.initializing')
 potentially stale -> ('SV', '@openzeppelin/upgrades/contracts/Initializable.sol', 'Initializable.initialized')
 reader witnesses  -> 2
 storage exposures -> 1
[MV-SI candidate 7abe29ee76dfd333730a] {initialized, initializing}
 writer root       -> @openzeppelin/contracts-ethereum-package/contracts/token/ERC20/ERC20Mintable.sol::ERC20Mintable.initialize(address)
 writer effect     -> @openzeppelin/upgrades/contracts/Initializable.sol:43
 written member    -> ('SV', '@openzeppelin/upgrades/contracts/Initializable.sol', 'Initializable.initializing')
 potentially stale -> ('SV', '@openzeppelin/upgrades/contracts/Initializable.sol', 'Initializable.initialized')
 reader witnesses  -> 1
 storage exposures -> 1
[MV-SI candidate a50598272394a859a29b] {initialized, initializing}
 writer root       -> @openzeppelin/contracts-ethereum-package/contracts/token/ERC20/ERC20Detailed.sol::ERC20Detailed.initialize(string,string,uint8)
 writer effect     -> @openzeppelin/upgrades/contracts/Initializable.sol:36
 written member    -> ('SV', '@openzeppelin/upgrades/contracts/Initializable.sol', 'Initializable.initializing')
 potentially stale -> ('SV', '@openzeppelin/upgrades/contracts/Initializable.sol', 'Initializable.initialized')
 reader witnesses  -> 3
 storage exposures -> 2
[MV-SI candidate b90f5c79faadf38f38c5] {initialized, initializing}
 writer root       -> @openzeppelin/contracts-ethereum-package/contracts/access/roles/MinterRole.sol::MinterRole.initialize(address)
 writer effect     -> @openzeppelin/upgrades/contracts/Initializable.sol:36
 written member    -> ('SV', '@openzeppelin/upgrades/contracts/Initializable.sol', 'Initializable.initializing')
 potentially stale -> ('SV', '@openzeppelin/upgrades/contracts/Initializable.sol', 'Initializable.initialized')
 reader witnesses  -> 1
 storage exposures -> 1
[MV-SI candidate bfbef88a447b691d9df7] {initialized, initializing}
 writer root       -> @openzeppelin/contracts-ethereum-package/contracts/token/ERC20/ERC20Detailed.sol::ERC20Detailed.initialize(string,string,uint8)
 writer effect     -> @openzeppelin/upgrades/contracts/Initializable.sol:37
 written member    -> ('SV', '@openzeppelin/upgrades/contracts/Initializable.sol', 'Initializable.initialized')
 potentially stale -> ('SV', '@openzeppelin/upgrades/contracts/Initializable.sol', 'Initializable.initializing')
 reader witnesses  -> 6
 storage exposures -> 2
[MV-SI candidate cfc7f9dbbd23c185b208] {initialized, initializing}
 writer root       -> @openzeppelin/contracts-ethereum-package/contracts/token/ERC20/ERC20Pausable.sol::ERC20Pausable.initialize(address)
 writer effect     -> @openzeppelin/upgrades/contracts/Initializable.sol:37
 written member    -> ('SV', '@openzeppelin/upgrades/contracts/Initializable.sol', 'Initializable.initialized')
 potentially stale -> ('SV', '@openzeppelin/upgrades/contracts/Initializable.sol', 'Initializable.initializing')
 reader witnesses  -> 4
 storage exposures -> 2
[MV-SI candidate df5f086f5486d993bb32] {initialized, initializing}
 writer root       -> @openzeppelin/contracts-ethereum-package/contracts/access/roles/MinterRole.sol::MinterRole.initialize(address)
 writer effect     -> @openzeppelin/upgrades/contracts/Initializable.sol:37
 written member    -> ('SV', '@openzeppelin/upgrades/contracts/Initializable.sol', 'Initializable.initialized')
 potentially stale -> ('SV', '@openzeppelin/upgrades/contracts/Initializable.sol', 'Initializable.initializing')
 reader witnesses  -> 2
 storage exposures -> 1
[MV-SI candidate e36e1ab91bef03cac522] {initialized, initializing}
 writer root       -> @openzeppelin/contracts-ethereum-package/contracts/token/ERC20/ERC20Pausable.sol::ERC20Pausable.initialize(address)
 writer effect     -> @openzeppelin/upgrades/contracts/Initializable.sol:43
 written member    -> ('SV', '@openzeppelin/upgrades/contracts/Initializable.sol', 'Initializable.initializing')
 potentially stale -> ('SV', '@openzeppelin/upgrades/contracts/Initializable.sol', 'Initializable.initialized')
 reader witnesses  -> 2
 storage exposures -> 2
[MV-SI candidate e5cef51a7c8205bb0bd1] {initialized, initializing}
 writer root       -> contracts/UnlockDiscountToken.sol::UnlockDiscountToken.initialize(address)
 writer effect     -> @openzeppelin/upgrades/contracts/Initializable.sol:37
 written member    -> ('SV', '@openzeppelin/upgrades/contracts/Initializable.sol', 'Initializable.initialized')
 potentially stale -> ('SV', '@openzeppelin/upgrades/contracts/Initializable.sol', 'Initializable.initializing')
 reader witnesses  -> 4
 storage exposures -> 1
[MV-SI candidate f54adac9060063d7397b] {initialized, initializing}
 writer root       -> @openzeppelin/contracts-ethereum-package/contracts/lifecycle/Pausable.sol::Pausable.initialize(address)
 writer effect     -> @openzeppelin/upgrades/contracts/Initializable.sol:36
 written member    -> ('SV', '@openzeppelin/upgrades/contracts/Initializable.sol', 'Initializable.initializing')
 potentially stale -> ('SV', '@openzeppelin/upgrades/contracts/Initializable.sol', 'Initializable.initialized')
 reader witnesses  -> 1
 storage exposures -> 1
[MV-SI candidate f728f6f24002c9e9cb84] {initialized, initializing}
 writer root       -> @openzeppelin/contracts-ethereum-package/contracts/token/ERC20/ERC20Pausable.sol::ERC20Pausable.initialize(address)
 writer effect     -> @openzeppelin/upgrades/contracts/Initializable.sol:36
 written member    -> ('SV', '@openzeppelin/upgrades/contracts/Initializable.sol', 'Initializable.initializing')
 potentially stale -> ('SV', '@openzeppelin/upgrades/contracts/Initializable.sol', 'Initializable.initialized')
 reader witnesses  -> 2
 storage exposures -> 2Reference: https://github.com/crytic/slither/wiki/Detector-Documentation
[mvscan-config] {"ATOMIC_GROUP": [], "DIVERGENCE_BUDGET": 1000, "ENABLE_BRANCH_GROUPS": true, "ENABLE_EXTERNAL_STATE": true, "ENABLE_MULTI_RETURN_GROUPS": true, "MAPPING_MODE": "precise", "MERGE_OVERLOADS": false, "MVSCAN_ABLATION": "full", "MVSCAN_CONTEXTUAL_KEYS": true, "MVSCAN_INCLUDE_SCALAR_WITNESSES": false, "MVSCAN_INTERFACE_DISPATCH": false, "MVSCAN_MAX_CONTEXTS_PER_OWNER_BLOCK": 128, "MVSCAN_MAX_DISPATCH_TARGETS": 16, "MVSCAN_REQUIRE_DISTINCT_OUTER_ROOTS": false, "MVSCAN_ROOT_CONTEXT_SINKS": false, "NOOP_WRITE_FILTER": true, "REQUIRE_SAME_SLOT_KEY": true, "SINK_TEST": "none", "USER_CALLABLE_ALWAYS": [], "USER_CALLABLE_DENY": []}
[mvscan-stage] icfg-built blocks=0 vars=0
[mvscan-stage] root-seeding-done eligible_exposures=0 seeded=0 multi_exposure_entry_blocks=0 collapsed_contextual_aliases=0 excluded_dependency=0 excluded_interface=0 excluded_library=0 excluded_abstract=0 missing_entry_point=0 missing_entry_block=0
[mvscan-pairs] call_target_digest=4f53cda18c2baa0c0354bb5f9a3ecbe5ed12ab4d8e11ba873c2f11161202b945 candidate_count=0 candidate_digest=4f53cda18c2baa0c0354bb5f9a3ecbe5ed12ab4d8e11ba873c2f11161202b945 context_instance_count=0 execution_context_digest=4f53cda18c2baa0c0354bb5f9a3ecbe5ed12ab4d8e11ba873c2f11161202b945 invalid_partial_write_filtered=0 must_full_relation_filtered=0 omitted_member_evidence_filtered=0 omitted_member_not_sensitive_filtered=0 owner_context_pairs=0 owner_context_pairs_considered=0 reader_witness_count=0 relation_context_incompatible=0 relation_digest=4f53cda18c2baa0c0354bb5f9a3ecbe5ed12ab4d8e11ba873c2f11161202b945 root_context_sink_filtered=0 same_outer_root_filtered=0 storage_context_mismatch=0
[mvscan-config] {"ATOMIC_GROUP": [], "DIVERGENCE_BUDGET": 1000, "ENABLE_BRANCH_GROUPS": true, "ENABLE_EXTERNAL_STATE": true, "ENABLE_MULTI_RETURN_GROUPS": true, "MAPPING_MODE": "precise", "MERGE_OVERLOADS": false, "MVSCAN_ABLATION": "full", "MVSCAN_CONTEXTUAL_KEYS": true, "MVSCAN_INCLUDE_SCALAR_WITNESSES": false, "MVSCAN_INTERFACE_DISPATCH": false, "MVSCAN_MAX_CONTEXTS_PER_OWNER_BLOCK": 128, "MVSCAN_MAX_DISPATCH_TARGETS": 16, "MVSCAN_REQUIRE_DISTINCT_OUTER_ROOTS": false, "MVSCAN_ROOT_CONTEXT_SINKS": false, "NOOP_WRITE_FILTER": true, "REQUIRE_SAME_SLOT_KEY": true, "SINK_TEST": "none", "USER_CALLABLE_ALWAYS": [], "USER_CALLABLE_DENY": []}
[mvscan-stage] icfg-built blocks=18 vars=2
[mvscan-stage] root-seeding-done eligible_exposures=0 seeded=0 multi_exposure_entry_blocks=0 collapsed_contextual_aliases=0 excluded_dependency=0 excluded_interface=0 excluded_library=0 excluded_abstract=0 missing_entry_point=0 missing_entry_block=0
[mvscan-pairs] call_target_digest=0dff598e79a600561f0240d80468b9bde8c4b0b506ec42016e6570cd75545efa candidate_count=0 candidate_digest=4f53cda18c2baa0c0354bb5f9a3ecbe5ed12ab4d8e11ba873c2f11161202b945 context_instance_count=0 execution_context_digest=4f53cda18c2baa0c0354bb5f9a3ecbe5ed12ab4d8e11ba873c2f11161202b945 invalid_partial_write_filtered=0 must_full_relation_filtered=0 omitted_member_evidence_filtered=0 omitted_member_not_sensitive_filtered=0 owner_context_pairs=0 owner_context_pairs_considered=0 reader_witness_count=0 relation_context_incompatible=0 relation_digest=4f53cda18c2baa0c0354bb5f9a3ecbe5ed12ab4d8e11ba873c2f11161202b945 root_context_sink_filtered=0 same_outer_root_filtered=0 storage_context_mismatch=0
[mvscan-config] {"ATOMIC_GROUP": [], "DIVERGENCE_BUDGET": 1000, "ENABLE_BRANCH_GROUPS": true, "ENABLE_EXTERNAL_STATE": true, "ENABLE_MULTI_RETURN_GROUPS": true, "MAPPING_MODE": "precise", "MERGE_OVERLOADS": false, "MVSCAN_ABLATION": "full", "MVSCAN_CONTEXTUAL_KEYS": true, "MVSCAN_INCLUDE_SCALAR_WITNESSES": false, "MVSCAN_INTERFACE_DISPATCH": false, "MVSCAN_MAX_CONTEXTS_PER_OWNER_BLOCK": 128, "MVSCAN_MAX_DISPATCH_TARGETS": 16, "MVSCAN_REQUIRE_DISTINCT_OUTER_ROOTS": false, "MVSCAN_ROOT_CONTEXT_SINKS": false, "NOOP_WRITE_FILTER": true, "REQUIRE_SAME_SLOT_KEY": true, "SINK_TEST": "none", "USER_CALLABLE_ALWAYS": [], "USER_CALLABLE_DENY": []}
[mvscan-stage] icfg-built blocks=417 vars=17
[mvscan-stage] root-seeding-done eligible_exposures=14 seeded=14 multi_exposure_entry_blocks=0 collapsed_contextual_aliases=0 excluded_dependency=0 excluded_interface=7 excluded_library=0 excluded_abstract=43 missing_entry_point=0 missing_entry_block=0
[mvscan-pairs] call_target_digest=2e5084537dada3d83d750a9cefb9ae541e61a483254848e76d74832e8769480e candidate_count=15 candidate_digest=628819cb0575a25914fe2514c00395dd5cfca0c531f13c1c0ff77c9fe1d27c89 context_instance_count=18 eligible_readers=10 eligible_writers=16 execution_context_digest=c6d8ad165d03bf5f18d4c0fe93f394fa1c895ec8574b8dca4ec396c1f9d9d118 insensitive_readers_filtered=13 invalid_partial_write_filtered=0 must_full_relation_filtered=0 omitted_member_evidence_filtered=0 omitted_member_not_sensitive_filtered=23 owner_context_pairs=18 owner_context_pairs_considered=85 raw_block_pairs=42 reader_witness_count=18 relation_base_members_shadowed=0 relation_context_incompatible=44 relation_digest=8d062c699931ee88bbe456a141ea4ccd6af132f6e9513adf835e2246c5f7c5c0 relation_members_raw=21 relation_origins_registered=4 relation_origins_rejected_unary_after_shadowing=13 relation_origins_rejected_unreachable=7 relation_origins_seen=17 root_context_sink_filtered=0 same_outer_root_filtered=0 same_static_block_filtered=7 scalar_variables_skipped=14 storage_context_mismatch=0 variables_considered=18
INFO:Detectors:

[MV-SI candidate 0499ee7a39aebd13b4e7] {_totalSupply, _totalSupplyCheckpoints}
 writer root       -> contracts/ERC20Patched.sol::ERC20VotesUpgradeable.delegateBySig(address,uint256,uint256,uint8,bytes32,bytes32)
 writer effect     -> contracts/ERC20Patched.sol:1600
 written member    -> ('SV', 'contracts/ERC20Patched.sol', 'ERC20VotesUpgradeable._totalSupplyCheckpoints')
 potentially stale -> ('SV', 'contracts/ERC20Patched.sol', 'ERC20Upgradeable._totalSupply')
 reader witnesses  -> 1
 storage exposures -> 1
[MV-SI candidate 063c80a9f2d5cac4b2e9] {initialized, initializing}
 writer root       -> contracts/UnlockDiscountTokenV2.sol::UnlockDiscountTokenV2.initialize(address)
 writer effect     -> contracts/ERC20Patched.sol:250
 written member    -> ('SV', 'contracts/ERC20Patched.sol', 'Initializable.initialized')
 potentially stale -> ('SV', 'contracts/ERC20Patched.sol', 'Initializable.initializing')
 reader witnesses  -> 2
 storage exposures -> 1
[MV-SI candidate 0f7b0593eddeabf5cfb5] {_totalSupply, _totalSupplyCheckpoints}
 writer root       -> contracts/ERC20Patched.sol::ERC20VotesUpgradeable.delegateBySig(address,uint256,uint256,uint8,bytes32,bytes32)
 writer effect     -> contracts/ERC20Patched.sol:1598
 written member    -> ('SV', 'contracts/ERC20Patched.sol', 'ERC20VotesUpgradeable._totalSupplyCheckpoints')
 potentially stale -> ('SV', 'contracts/ERC20Patched.sol', 'ERC20Upgradeable._totalSupply')
 reader witnesses  -> 1
 storage exposures -> 1
[MV-SI candidate 12b0afac082fcf6972b7] {initialized, initializing}
 writer root       -> contracts/ERC20Patched.sol::ERC20DetailedUpgradeable.initialize(string,string,uint8)
 writer effect     -> contracts/ERC20Patched.sol:256
 written member    -> ('SV', 'contracts/ERC20Patched.sol', 'Initializable.initializing')
 potentially stale -> ('SV', 'contracts/ERC20Patched.sol', 'Initializable.initialized')
 reader witnesses  -> 1
 storage exposures -> 1
[MV-SI candidate 15e5706187e03f5477fe] {_totalSupply, _totalSupplyCheckpoints}
 writer root       -> contracts/ERC20Patched.sol::ERC20VotesUpgradeable.delegate(address)
 writer effect     -> contracts/ERC20Patched.sol:1598
 written member    -> ('SV', 'contracts/ERC20Patched.sol', 'ERC20VotesUpgradeable._totalSupplyCheckpoints')
 potentially stale -> ('SV', 'contracts/ERC20Patched.sol', 'ERC20Upgradeable._totalSupply')
 reader witnesses  -> 1
 storage exposures -> 1
[MV-SI candidate 17e25c1a1fcdfb809828] {initialized, initializing}
 writer root       -> contracts/UnlockDiscountTokenV2.sol::UnlockDiscountTokenV2.initialize(address)
 writer effect     -> contracts/ERC20Patched.sol:249
 written member    -> ('SV', 'contracts/ERC20Patched.sol', 'Initializable.initializing')
 potentially stale -> ('SV', 'contracts/ERC20Patched.sol', 'Initializable.initialized')
 reader witnesses  -> 1
 storage exposures -> 1
[MV-SI candidate 347a81f776df888b0c03] {_totalSupply, _totalSupplyCheckpoints}
 writer root       -> contracts/ERC20Patched.sol::ERC20MintableUpgradeable.mint(address,uint256)
 writer effect     -> contracts/ERC20Patched.sol:552
 written member    -> ('SV', 'contracts/ERC20Patched.sol', 'ERC20Upgradeable._totalSupply')
 potentially stale -> ('SV', 'contracts/ERC20Patched.sol', 'ERC20VotesUpgradeable._totalSupplyCheckpoints')
 reader witnesses  -> 2
 storage exposures -> 1
[MV-SI candidate 58524c2ba214b8228be3] {_totalSupply, _totalSupplyCheckpoints}
 writer root       -> contracts/UnlockDiscountTokenV2.sol::UnlockDiscountTokenV2.initialize2()
 writer effect     -> contracts/ERC20Patched.sol:1374
 written member    -> ('SV', 'contracts/ERC20Patched.sol', 'ERC20VotesUpgradeable._totalSupplyCheckpoints')
 potentially stale -> ('SV', 'contracts/ERC20Patched.sol', 'ERC20Upgradeable._totalSupply')
 reader witnesses  -> 1
 storage exposures -> 1
[MV-SI candidate 5b16b50ea41c826081b9] {_totalSupply, _totalSupplyCheckpoints}
 writer root       -> contracts/UnlockDiscountTokenV2.sol::UnlockDiscountTokenV2.initialize2()
 writer effect     -> contracts/ERC20Patched.sol:1598
 written member    -> ('SV', 'contracts/ERC20Patched.sol', 'ERC20VotesUpgradeable._totalSupplyCheckpoints')
 potentially stale -> ('SV', 'contracts/ERC20Patched.sol', 'ERC20Upgradeable._totalSupply')
 reader witnesses  -> 1
 storage exposures -> 1
[MV-SI candidate 9626b9d60bd93f8e336a] {_totalSupply, _totalSupplyCheckpoints}
 writer root       -> contracts/ERC20Patched.sol::ERC20VotesUpgradeable.delegate(address)
 writer effect     -> contracts/ERC20Patched.sol:1600
 written member    -> ('SV', 'contracts/ERC20Patched.sol', 'ERC20VotesUpgradeable._totalSupplyCheckpoints')
 potentially stale -> ('SV', 'contracts/ERC20Patched.sol', 'ERC20Upgradeable._totalSupply')
 reader witnesses  -> 1
 storage exposures -> 1
[MV-SI candidate 9f2829f502eca2a980ed] {initialized, initializing}
 writer root       -> contracts/UnlockDiscountTokenV2.sol::UnlockDiscountTokenV2.initialize(address)
 writer effect     -> contracts/ERC20Patched.sol:256
 written member    -> ('SV', 'contracts/ERC20Patched.sol', 'Initializable.initializing')
 potentially stale -> ('SV', 'contracts/ERC20Patched.sol', 'Initializable.initialized')
 reader witnesses  -> 1
 storage exposures -> 1
[MV-SI candidate ca97f45e33172634f3eb] {_totalSupply, _totalSupplyCheckpoints}
 writer root       -> contracts/UnlockDiscountTokenV2.sol::UnlockDiscountTokenV2.initialize2()
 writer effect     -> contracts/ERC20Patched.sol:1375
 written member    -> ('SV', 'contracts/ERC20Patched.sol', 'ERC20VotesUpgradeable._totalSupplyCheckpoints')
 potentially stale -> ('SV', 'contracts/ERC20Patched.sol', 'ERC20Upgradeable._totalSupply')
 reader witnesses  -> 1
 storage exposures -> 1
[MV-SI candidate cc231e3bc997e8a44c7e] {_totalSupply, _totalSupplyCheckpoints}
 writer root       -> contracts/UnlockDiscountTokenV2.sol::UnlockDiscountTokenV2.initialize2()
 writer effect     -> contracts/ERC20Patched.sol:1600
 written member    -> ('SV', 'contracts/ERC20Patched.sol', 'ERC20VotesUpgradeable._totalSupplyCheckpoints')
 potentially stale -> ('SV', 'contracts/ERC20Patched.sol', 'ERC20Upgradeable._totalSupply')
 reader witnesses  -> 1
 storage exposures -> 1
[MV-SI candidate d1403810510248b65f9d] {initialized, initializing}
 writer root       -> contracts/ERC20Patched.sol::ERC20DetailedUpgradeable.initialize(string,string,uint8)
 writer effect     -> contracts/ERC20Patched.sol:249
 written member    -> ('SV', 'contracts/ERC20Patched.sol', 'Initializable.initializing')
 potentially stale -> ('SV', 'contracts/ERC20Patched.sol', 'Initializable.initialized')
 reader witnesses  -> 1
 storage exposures -> 1
[MV-SI candidate ddc71843333e3ef6d24a] {initialized, initializing}
 writer root       -> contracts/ERC20Patched.sol::ERC20DetailedUpgradeable.initialize(string,string,uint8)
 writer effect     -> contracts/ERC20Patched.sol:250
 written member    -> ('SV', 'contracts/ERC20Patched.sol', 'Initializable.initialized')
 potentially stale -> ('SV', 'contracts/ERC20Patched.sol', 'Initializable.initializing')
 reader witnesses  -> 2
 storage exposures -> 1Reference: https://github.com/crytic/slither/wiki/Detector-Documentation
[mvscan-config] {"ATOMIC_GROUP": [], "DIVERGENCE_BUDGET": 1000, "ENABLE_BRANCH_GROUPS": true, "ENABLE_EXTERNAL_STATE": true, "ENABLE_MULTI_RETURN_GROUPS": true, "MAPPING_MODE": "precise", "MERGE_OVERLOADS": false, "MVSCAN_ABLATION": "full", "MVSCAN_CONTEXTUAL_KEYS": true, "MVSCAN_INCLUDE_SCALAR_WITNESSES": false, "MVSCAN_INTERFACE_DISPATCH": false, "MVSCAN_MAX_CONTEXTS_PER_OWNER_BLOCK": 128, "MVSCAN_MAX_DISPATCH_TARGETS": 16, "MVSCAN_REQUIRE_DISTINCT_OUTER_ROOTS": false, "MVSCAN_ROOT_CONTEXT_SINKS": false, "NOOP_WRITE_FILTER": true, "REQUIRE_SAME_SLOT_KEY": true, "SINK_TEST": "none", "USER_CALLABLE_ALWAYS": [], "USER_CALLABLE_DENY": []}
[mvscan-stage] icfg-built blocks=2742 vars=92
[mvscan-stage] root-seeding-done eligible_exposures=357 seeded=84 multi_exposure_entry_blocks=47 collapsed_contextual_aliases=273 excluded_dependency=0 excluded_interface=97 excluded_library=0 excluded_abstract=63 missing_entry_point=0 missing_entry_block=0
[mvscan-pairs] call_target_digest=9d06d96adcd59103bb0545ae56bd8bc6993597f8a3e741645c03ba2517d1325e candidate_count=32 candidate_digest=ec2609af38e42a0b48697d0c02c0bb8356c88dfb29db2a4fa00a8c9182044887 context_instance_count=65 eligible_readers=92 eligible_writers=72 execution_context_digest=525c02a3896ac73f02b34af9d07039383e0ba4d1f08bc1fc0a52340e0cb9833a insensitive_readers_filtered=144 invalid_partial_write_filtered=0 must_full_relation_filtered=0 omitted_member_evidence_filtered=0 omitted_member_not_sensitive_filtered=11605 owner_context_pairs=83 owner_context_pairs_considered=554136 raw_block_pairs=930 reader_witness_count=83 relation_base_members_shadowed=33 relation_context_incompatible=70690 relation_digest=44c3937f52f144f5672400bc250e8e38372aca134f3e3d17baf079db3d5a6d2f relation_members_raw=147 relation_origins_registered=14 relation_origins_rejected_unary_after_shadowing=80 relation_origins_rejected_unreachable=32 relation_origins_seen=94 relation_unbound_key_templates=38 root_context_sink_filtered=0 same_outer_root_filtered=0 same_static_block_filtered=4 scalar_variables_skipped=64 storage_context_mismatch=471758 variables_considered=78
INFO:Detectors:

[MV-SI candidate 08db04a8ddce870960d0] {_ownerOf[$arg0], keyManagerOf[$arg0]}
 writer root       -> contracts/mixins/MixinKeys.sol::MixinKeys.setKeyManagerOf(uint256,address)
 writer effect     -> contracts/mixins/MixinKeys.sol:227
 written member    -> ('MS', 'contracts/mixins/MixinKeys.sol', 'MixinKeys.keyManagerOf', '$arg0')
 potentially stale -> ('MS', 'contracts/mixins/MixinKeys.sol', 'MixinKeys._ownerOf', '$arg0')
 reader witnesses  -> 1
 storage exposures -> 1
[MV-SI candidate 0e24edad2371ce05ce7b] {_ownerOf[$arg0], keyManagerOf[$arg0]}
 writer root       -> contracts/mixins/MixinTransfer.sol::MixinTransfer.safeTransferFrom(address,address,uint256,bytes)
 writer effect     -> contracts/mixins/MixinKeys.sol:227
 written member    -> ('MS', 'contracts/mixins/MixinKeys.sol', 'MixinKeys.keyManagerOf', '$arg0')
 potentially stale -> ('MS', 'contracts/mixins/MixinKeys.sol', 'MixinKeys._ownerOf', '$arg0')
 reader witnesses  -> 1
 storage exposures -> 1
[MV-SI candidate 187afc81b80911dd305b] {_initialized, _initializing}
 writer root       -> contracts/UnlockProtocolTimelock.sol::UnlockProtocolTimelock.initialize(uint256,address[],address[])
 writer effect     -> @openzeppelin/contracts-upgradeable/proxy/utils/Initializable.sol:36
 written member    -> ('SV', '@openzeppelin/contracts-upgradeable/proxy/utils/Initializable.sol', 'Initializable._initializing')
 potentially stale -> ('SV', '@openzeppelin/contracts-upgradeable/proxy/utils/Initializable.sol', 'Initializable._initialized')
 reader witnesses  -> 1
 storage exposures -> 1
[MV-SI candidate 195a1d457b21bdaf3187] {_initialized, _initializing}
 writer root       -> contracts/UnlockProtocolGovernor.sol::UnlockProtocolGovernor.initialize(ERC20VotesUpgradeable,TimelockControllerUpgradeable)
 writer effect     -> @openzeppelin/contracts-upgradeable/proxy/utils/Initializable.sol:36
 written member    -> ('SV', '@openzeppelin/contracts-upgradeable/proxy/utils/Initializable.sol', 'Initializable._initializing')
 potentially stale -> ('SV', '@openzeppelin/contracts-upgradeable/proxy/utils/Initializable.sol', 'Initializable._initialized')
 reader witnesses  -> 1
 storage exposures -> 1
[MV-SI candidate 1ce2af003ce705f64b00] {_initialized, _initializing}
 writer root       -> contracts/Unlock.sol::Unlock.initialize(address)
 writer effect     -> @openzeppelin/contracts-upgradeable/proxy/utils/Initializable.sol:36
 written member    -> ('SV', '@openzeppelin/contracts-upgradeable/proxy/utils/Initializable.sol', 'Initializable._initializing')
 potentially stale -> ('SV', '@openzeppelin/contracts-upgradeable/proxy/utils/Initializable.sol', 'Initializable._initialized')
 reader witnesses  -> 1
 storage exposures -> 1
[MV-SI candidate 1daf56a362d84d509d63] {_initialized, _initializing}
 writer root       -> contracts/Unlock.sol::Unlock.initialize(address)
 writer effect     -> @openzeppelin/contracts-upgradeable/proxy/utils/Initializable.sol:37
 written member    -> ('SV', '@openzeppelin/contracts-upgradeable/proxy/utils/Initializable.sol', 'Initializable._initialized')
 potentially stale -> ('SV', '@openzeppelin/contracts-upgradeable/proxy/utils/Initializable.sol', 'Initializable._initializing')
 reader witnesses  -> 2
 storage exposures -> 1
[MV-SI candidate 1fa37deb500c9c490662] {_ownerOf, approved[$arg0], keyByOwner, keyManagerOf[@local::contracts/mixins/MixinKeys.sol::MixinKeys.isApprovedForAll(address,address)::LocalVariable::tokenId_1], managerToOperatorApproved[$arg0][$arg1], managerToOperatorApproved[@local::contracts/mixins/MixinKeys.sol::MixinKeys.isApprovedForAll(address,address)::LocalVariable::keyManager_1][$arg1]}
 writer root       -> contracts/mixins/MixinKeys.sol::MixinKeys.setKeyManagerOf(uint256,address)
 writer effect     -> contracts/mixins/MixinKeys.sol:411
 written member    -> ('MS', 'contracts/mixins/MixinKeys.sol', 'MixinKeys.approved', '$arg0')
 potentially stale -> ('MS', 'contracts/mixins/MixinKeys.sol', 'MixinKeys.keyManagerOf', '@local::contracts/mixins/MixinKeys.sol::MixinKeys.isApprovedForAll(address,address)::LocalVariable::tokenId_1'), ('MS', 'contracts/mixins/MixinKeys.sol', 'MixinKeys.managerToOperatorApproved', '$arg0][$arg1'), ('MS', 'contracts/mixins/MixinKeys.sol', 'MixinKeys.managerToOperatorApproved', '@local::contracts/mixins/MixinKeys.sol::MixinKeys.isApprovedForAll(address,address)::LocalVariable::keyManager_1][$arg1'), ('SV', 'contracts/mixins/MixinKeys.sol', 'MixinKeys._ownerOf'), ('SV', 'contracts/mixins/MixinKeys.sol', 'MixinKeys.keyByOwner')
 reader witnesses  -> 1
 storage exposures -> 1
[MV-SI candidate 24250d1c760f0fb00648] {estimatedGasForPurchase, grossNetworkProduct}
 writer root       -> contracts/Unlock.sol::Unlock.recordKeyPurchase(uint256,address)
 writer effect     -> contracts/Unlock.sol:311
 written member    -> ('SV', 'contracts/Unlock.sol', 'Unlock.grossNetworkProduct')
 potentially stale -> ('SV', 'contracts/Unlock.sol', 'Unlock.estimatedGasForPurchase')
 reader witnesses  -> 3
 storage exposures -> 1
[MV-SI candidate 2b61219d84750f5154d8] {_initialized, _initializing}
 writer root       -> contracts/utils/UnlockOwnable.sol::UnlockOwnable.__initializeOwnable(address)
 writer effect     -> @openzeppelin/contracts-upgradeable/proxy/utils/Initializable.sol:37
 written member    -> ('SV', '@openzeppelin/contracts-upgradeable/proxy/utils/Initializable.sol', 'Initializable._initialized')
 potentially stale -> ('SV', '@openzeppelin/contracts-upgradeable/proxy/utils/Initializable.sol', 'Initializable._initializing')
 reader witnesses  -> 2
 storage exposures -> 1
[MV-SI candidate 3954e68e99c636ee36d3] {_initialized, _initializing}
 writer root       -> contracts/PublicLock.sol::PublicLock.initialize(address,uint256,address,uint256,uint256,string)
 writer effect     -> @openzeppelin/contracts-upgradeable/proxy/utils/Initializable.sol:43
 written member    -> ('SV', '@openzeppelin/contracts-upgradeable/proxy/utils/Initializable.sol', 'Initializable._initializing')
 potentially stale -> ('SV', '@openzeppelin/contracts-upgradeable/proxy/utils/Initializable.sol', 'Initializable._initialized')
 reader witnesses  -> 4
 storage exposures -> 4
[MV-SI candidate 4f5a692c611174374fc3] {_ownerOf, approved[$arg0], keyByOwner, keyManagerOf[@local::contracts/mixins/MixinKeys.sol::MixinKeys.isApprovedForAll(address,address)::LocalVariable::tokenId_1], managerToOperatorApproved[$arg0][$arg1], managerToOperatorApproved[@local::contracts/mixins/MixinKeys.sol::MixinKeys.isApprovedForAll(address,address)::LocalVariable::keyManager_1][$arg1]}
 writer root       -> contracts/mixins/MixinTransfer.sol::MixinTransfer.safeTransferFrom(address,address,uint256,bytes)
 writer effect     -> contracts/mixins/MixinKeys.sol:411
 written member    -> ('MS', 'contracts/mixins/MixinKeys.sol', 'MixinKeys.approved', '$arg0')
 potentially stale -> ('MS', 'contracts/mixins/MixinKeys.sol', 'MixinKeys.keyManagerOf', '@local::contracts/mixins/MixinKeys.sol::MixinKeys.isApprovedForAll(address,address)::LocalVariable::tokenId_1'), ('MS', 'contracts/mixins/MixinKeys.sol', 'MixinKeys.managerToOperatorApproved', '$arg0][$arg1'), ('MS', 'contracts/mixins/MixinKeys.sol', 'MixinKeys.managerToOperatorApproved', '@local::contracts/mixins/MixinKeys.sol::MixinKeys.isApprovedForAll(address,address)::LocalVariable::keyManager_1][$arg1'), ('SV', 'contracts/mixins/MixinKeys.sol', 'MixinKeys._ownerOf'), ('SV', 'contracts/mixins/MixinKeys.sol', 'MixinKeys.keyByOwner')
 reader witnesses  -> 1
 storage exposures -> 1
[MV-SI candidate 52fc7414f4177009056c] {_ownerOf, approved[$arg0], keyByOwner, keyManagerOf[@local::contracts/mixins/MixinKeys.sol::MixinKeys.isApprovedForAll(address,address)::LocalVariable::tokenId_1], managerToOperatorApproved[$arg0][$arg1], managerToOperatorApproved[@local::contracts/mixins/MixinKeys.sol::MixinKeys.isApprovedForAll(address,address)::LocalVariable::keyManager_1][$arg1]}
 writer root       -> contracts/mixins/MixinTransfer.sol::MixinTransfer.safeTransferFrom(address,address,uint256)
 writer effect     -> contracts/mixins/MixinKeys.sol:411
 written member    -> ('MS', 'contracts/mixins/MixinKeys.sol', 'MixinKeys.approved', '$arg0')
 potentially stale -> ('MS', 'contracts/mixins/MixinKeys.sol', 'MixinKeys.keyManagerOf', '@local::contracts/mixins/MixinKeys.sol::MixinKeys.isApprovedForAll(address,address)::LocalVariable::tokenId_1'), ('MS', 'contracts/mixins/MixinKeys.sol', 'MixinKeys.managerToOperatorApproved', '$arg0][$arg1'), ('MS', 'contracts/mixins/MixinKeys.sol', 'MixinKeys.managerToOperatorApproved', '@local::contracts/mixins/MixinKeys.sol::MixinKeys.isApprovedForAll(address,address)::LocalVariable::keyManager_1][$arg1'), ('SV', 'contracts/mixins/MixinKeys.sol', 'MixinKeys._ownerOf'), ('SV', 'contracts/mixins/MixinKeys.sol', 'MixinKeys.keyByOwner')
 reader witnesses  -> 1
 storage exposures -> 1
[MV-SI candidate 54ab09c4d7e5a85d0b2c] {estimatedGasForPurchase, grossNetworkProduct}
 writer root       -> contracts/Unlock.sol::Unlock.resetTrackedValue(uint256,uint256)
 writer effect     -> contracts/Unlock.sol:464
 written member    -> ('SV', 'contracts/Unlock.sol', 'Unlock.grossNetworkProduct')
 potentially stale -> ('SV', 'contracts/Unlock.sol', 'Unlock.estimatedGasForPurchase')
 reader witnesses  -> 3
 storage exposures -> 1
[MV-SI candidate 5fae7acdbb8803696c37] {_ownerOf, approved[$arg0], keyByOwner, keyManagerOf[@local::contracts/mixins/MixinKeys.sol::MixinKeys.isApprovedForAll(address,address)::LocalVariable::tokenId_1], managerToOperatorApproved[$arg0][$arg1], managerToOperatorApproved[@local::contracts/mixins/MixinKeys.sol::MixinKeys.isApprovedForAll(address,address)::LocalVariable::keyManager_1][$arg1]}
 writer root       -> contracts/mixins/MixinKeys.sol::MixinKeys.setApprovalForAll(address,bool)
 writer effect     -> contracts/mixins/MixinKeys.sol:386
 written member    -> ('MS', 'contracts/mixins/MixinKeys.sol', 'MixinKeys.managerToOperatorApproved', '$arg0][$arg1')
 potentially stale -> ('MS', 'contracts/mixins/MixinKeys.sol', 'MixinKeys.approved', '$arg0'), ('MS', 'contracts/mixins/MixinKeys.sol', 'MixinKeys.keyManagerOf', '@local::contracts/mixins/MixinKeys.sol::MixinKeys.isApprovedForAll(address,address)::LocalVariable::tokenId_1'), ('MS', 'contracts/mixins/MixinKeys.sol', 'MixinKeys.managerToOperatorApproved', '@local::contracts/mixins/MixinKeys.sol::MixinKeys.isApprovedForAll(address,address)::LocalVariable::keyManager_1][$arg1'), ('SV', 'contracts/mixins/MixinKeys.sol', 'MixinKeys._ownerOf'), ('SV', 'contracts/mixins/MixinKeys.sol', 'MixinKeys.keyByOwner')
 reader witnesses  -> 1
 storage exposures -> 1
[MV-SI candidate 65ed721cb0b19ad4833e] {_initialized, _initializing}
 writer root       -> contracts/Unlock.sol::Unlock.initialize(address)
 writer effect     -> @openzeppelin/contracts-upgradeable/proxy/utils/Initializable.sol:43
 written member    -> ('SV', '@openzeppelin/contracts-upgradeable/proxy/utils/Initializable.sol', 'Initializable._initializing')
 potentially stale -> ('SV', '@openzeppelin/contracts-upgradeable/proxy/utils/Initializable.sol', 'Initializable._initialized')
 reader witnesses  -> 1
 storage exposures -> 1
[MV-SI candidate 668f6661cad00db709a0] {udt, uniswapOracles[@state::contracts/Unlock.sol::Unlock.udt]}
 writer root       -> contracts/Unlock.sol::Unlock.configUnlock(address,address,uint256,string,string,uint256)
 writer effect     -> contracts/Unlock.sol:407
 written member    -> ('SV', 'contracts/Unlock.sol', 'Unlock.udt')
 potentially stale -> ('MS', 'contracts/Unlock.sol', 'Unlock.uniswapOracles', '@state::contracts/Unlock.sol::Unlock.udt')
 reader witnesses  -> 1
 storage exposures -> 1
[MV-SI candidate 770ee80f303260035845] {_ownerOf[$arg0], keyManagerOf[$arg0]}
 writer root       -> contracts/mixins/MixinTransfer.sol::MixinTransfer.transferFrom(address,address,uint256)
 writer effect     -> contracts/mixins/MixinKeys.sol:227
 written member    -> ('MS', 'contracts/mixins/MixinKeys.sol', 'MixinKeys.keyManagerOf', '$arg0')
 potentially stale -> ('MS', 'contracts/mixins/MixinKeys.sol', 'MixinKeys._ownerOf', '$arg0')
 reader witnesses  -> 1
 storage exposures -> 1
[MV-SI candidate 7dd23ffbd01f29f31c41] {_roles[$arg1], beneficiary}
 writer root       -> contracts/PublicLock.sol::PublicLock.initialize(address,uint256,address,uint256,uint256,string)
 writer effect     -> contracts/mixins/MixinLockCore.sol:108
 written member    -> ('SV', 'contracts/mixins/MixinLockCore.sol', 'MixinLockCore.beneficiary')
 potentially stale -> ('MS', '@openzeppelin/contracts-upgradeable/access/AccessControlUpgradeable.sol', 'AccessControlUpgradeable._roles', '$arg1')
 reader witnesses  -> 8
 storage exposures -> 4
[MV-SI candidate 912f14d0bbcde27815d5] {_ownerOf, approved[$arg0], keyByOwner, keyManagerOf[@local::contracts/mixins/MixinKeys.sol::MixinKeys.isApprovedForAll(address,address)::LocalVariable::tokenId_1], managerToOperatorApproved[$arg0][$arg1], managerToOperatorApproved[@local::contracts/mixins/MixinKeys.sol::MixinKeys.isApprovedForAll(address,address)::LocalVariable::keyManager_1][$arg1]}
 writer root       -> contracts/mixins/MixinKeys.sol::MixinKeys.approve(address,uint256)
 writer effect     -> contracts/mixins/MixinKeys.sol:248
 written member    -> ('MS', 'contracts/mixins/MixinKeys.sol', 'MixinKeys.approved', '$arg0')
 potentially stale -> ('MS', 'contracts/mixins/MixinKeys.sol', 'MixinKeys.keyManagerOf', '@local::contracts/mixins/MixinKeys.sol::MixinKeys.isApprovedForAll(address,address)::LocalVariable::tokenId_1'), ('MS', 'contracts/mixins/MixinKeys.sol', 'MixinKeys.managerToOperatorApproved', '$arg0][$arg1'), ('MS', 'contracts/mixins/MixinKeys.sol', 'MixinKeys.managerToOperatorApproved', '@local::contracts/mixins/MixinKeys.sol::MixinKeys.isApprovedForAll(address,address)::LocalVariable::keyManager_1][$arg1'), ('SV', 'contracts/mixins/MixinKeys.sol', 'MixinKeys._ownerOf'), ('SV', 'contracts/mixins/MixinKeys.sol', 'MixinKeys.keyByOwner')
 reader witnesses  -> 1
 storage exposures -> 1
[MV-SI candidate 99475e32a5d94cb1278c] {_initialized, _initializing}
 writer root       -> contracts/UnlockProtocolTimelock.sol::UnlockProtocolTimelock.initialize(uint256,address[],address[])
 writer effect     -> @openzeppelin/contracts-upgradeable/proxy/utils/Initializable.sol:37
 written member    -> ('SV', '@openzeppelin/contracts-upgradeable/proxy/utils/Initializable.sol', 'Initializable._initialized')
 potentially stale -> ('SV', '@openzeppelin/contracts-upgradeable/proxy/utils/Initializable.sol', 'Initializable._initializing')
 reader witnesses  -> 2
 storage exposures -> 1
[MV-SI candidate 9f22d70d5e7d2429e9aa] {_initialized, _initializing}
 writer root       -> contracts/UnlockProtocolTimelock.sol::UnlockProtocolTimelock.initialize(uint256,address[],address[])
 writer effect     -> @openzeppelin/contracts-upgradeable/proxy/utils/Initializable.sol:43
 written member    -> ('SV', '@openzeppelin/contracts-upgradeable/proxy/utils/Initializable.sol', 'Initializable._initializing')
 potentially stale -> ('SV', '@openzeppelin/contracts-upgradeable/proxy/utils/Initializable.sol', 'Initializable._initialized')
 reader witnesses  -> 1
 storage exposures -> 1
[MV-SI candidate b5160fddba14939d5920] {_ownerOf, approved[$arg0], keyByOwner, keyManagerOf[@local::contracts/mixins/MixinKeys.sol::MixinKeys.isApprovedForAll(address,address)::LocalVariable::tokenId_1], managerToOperatorApproved[$arg0][$arg1], managerToOperatorApproved[@local::contracts/mixins/MixinKeys.sol::MixinKeys.isApprovedForAll(address,address)::LocalVariable::keyManager_1][$arg1]}
 writer root       -> contracts/mixins/MixinTransfer.sol::MixinTransfer.transferFrom(address,address,uint256)
 writer effect     -> contracts/mixins/MixinKeys.sol:411
 written member    -> ('MS', 'contracts/mixins/MixinKeys.sol', 'MixinKeys.approved', '$arg0')
 potentially stale -> ('MS', 'contracts/mixins/MixinKeys.sol', 'MixinKeys.keyManagerOf', '@local::contracts/mixins/MixinKeys.sol::MixinKeys.isApprovedForAll(address,address)::LocalVariable::tokenId_1'), ('MS', 'contracts/mixins/MixinKeys.sol', 'MixinKeys.managerToOperatorApproved', '$arg0][$arg1'), ('MS', 'contracts/mixins/MixinKeys.sol', 'MixinKeys.managerToOperatorApproved', '@local::contracts/mixins/MixinKeys.sol::MixinKeys.isApprovedForAll(address,address)::LocalVariable::keyManager_1][$arg1'), ('SV', 'contracts/mixins/MixinKeys.sol', 'MixinKeys._ownerOf'), ('SV', 'contracts/mixins/MixinKeys.sol', 'MixinKeys.keyByOwner')
 reader witnesses  -> 1
 storage exposures -> 1
[MV-SI candidate c216af94a79c7fc188ce] {estimatedGasForPurchase, grossNetworkProduct}
 writer root       -> contracts/Unlock.sol::Unlock.configUnlock(address,address,uint256,string,string,uint256)
 writer effect     -> contracts/Unlock.sol:409
 written member    -> ('SV', 'contracts/Unlock.sol', 'Unlock.estimatedGasForPurchase')
 potentially stale -> ('SV', 'contracts/Unlock.sol', 'Unlock.grossNetworkProduct')
 reader witnesses  -> 9
 storage exposures -> 1
[MV-SI candidate cb09205d5ad3f8b7bce0] {_initialized, _initializing}
 writer root       -> contracts/utils/UnlockOwnable.sol::UnlockOwnable.__initializeOwnable(address)
 writer effect     -> @openzeppelin/contracts-upgradeable/proxy/utils/Initializable.sol:43
 written member    -> ('SV', '@openzeppelin/contracts-upgradeable/proxy/utils/Initializable.sol', 'Initializable._initializing')
 potentially stale -> ('SV', '@openzeppelin/contracts-upgradeable/proxy/utils/Initializable.sol', 'Initializable._initialized')
 reader witnesses  -> 1
 storage exposures -> 1
[MV-SI candidate d06f585e31f59789e0b3] {udt, uniswapOracles[@state::contracts/Unlock.sol::Unlock.udt]}
 writer root       -> contracts/Unlock.sol::Unlock.setOracle(address,address)
 writer effect     -> contracts/Unlock.sol:451
 written member    -> ('MS', 'contracts/Unlock.sol', 'Unlock.uniswapOracles', '@state::contracts/Unlock.sol::Unlock.udt')
 potentially stale -> ('SV', 'contracts/Unlock.sol', 'Unlock.udt')
 reader witnesses  -> 9
 storage exposures -> 1
[MV-SI candidate d68145d07d8b350f1539] {_initialized, _initializing}
 writer root       -> contracts/utils/UnlockOwnable.sol::UnlockOwnable.__initializeOwnable(address)
 writer effect     -> @openzeppelin/contracts-upgradeable/proxy/utils/Initializable.sol:36
 written member    -> ('SV', '@openzeppelin/contracts-upgradeable/proxy/utils/Initializable.sol', 'Initializable._initializing')
 potentially stale -> ('SV', '@openzeppelin/contracts-upgradeable/proxy/utils/Initializable.sol', 'Initializable._initialized')
 reader witnesses  -> 1
 storage exposures -> 1
[MV-SI candidate dee08d364e7b93ce6b2c] {_initialized, _initializing}
 writer root       -> contracts/PublicLock.sol::PublicLock.initialize(address,uint256,address,uint256,uint256,string)
 writer effect     -> @openzeppelin/contracts-upgradeable/proxy/utils/Initializable.sol:36
 written member    -> ('SV', '@openzeppelin/contracts-upgradeable/proxy/utils/Initializable.sol', 'Initializable._initializing')
 potentially stale -> ('SV', '@openzeppelin/contracts-upgradeable/proxy/utils/Initializable.sol', 'Initializable._initialized')
 reader witnesses  -> 4
 storage exposures -> 4
[MV-SI candidate e285308bdd15dd16c00b] {_initialized, _initializing}
 writer root       -> contracts/UnlockProtocolGovernor.sol::UnlockProtocolGovernor.initialize(ERC20VotesUpgradeable,TimelockControllerUpgradeable)
 writer effect     -> @openzeppelin/contracts-upgradeable/proxy/utils/Initializable.sol:37
 written member    -> ('SV', '@openzeppelin/contracts-upgradeable/proxy/utils/Initializable.sol', 'Initializable._initialized')
 potentially stale -> ('SV', '@openzeppelin/contracts-upgradeable/proxy/utils/Initializable.sol', 'Initializable._initializing')
 reader witnesses  -> 2
 storage exposures -> 1
[MV-SI candidate e4bb18eb4efb211f7840] {_ownerOf[$arg0], keyManagerOf[$arg0]}
 writer root       -> contracts/mixins/MixinTransfer.sol::MixinTransfer.safeTransferFrom(address,address,uint256)
 writer effect     -> contracts/mixins/MixinKeys.sol:227
 written member    -> ('MS', 'contracts/mixins/MixinKeys.sol', 'MixinKeys.keyManagerOf', '$arg0')
 potentially stale -> ('MS', 'contracts/mixins/MixinKeys.sol', 'MixinKeys._ownerOf', '$arg0')
 reader witnesses  -> 1
 storage exposures -> 1
[MV-SI candidate eaea1aa302a466077d97] {_initialized, _initializing}
 writer root       -> contracts/PublicLock.sol::PublicLock.initialize(address,uint256,address,uint256,uint256,string)
 writer effect     -> @openzeppelin/contracts-upgradeable/proxy/utils/Initializable.sol:37
 written member    -> ('SV', '@openzeppelin/contracts-upgradeable/proxy/utils/Initializable.sol', 'Initializable._initialized')
 potentially stale -> ('SV', '@openzeppelin/contracts-upgradeable/proxy/utils/Initializable.sol', 'Initializable._initializing')
 reader witnesses  -> 8
 storage exposures -> 4
[MV-SI candidate f5b7c91b1b0bed1a7ce1] {_initialized, _initializing}
 writer root       -> contracts/UnlockProtocolGovernor.sol::UnlockProtocolGovernor.initialize(ERC20VotesUpgradeable,TimelockControllerUpgradeable)
 writer effect     -> @openzeppelin/contracts-upgradeable/proxy/utils/Initializable.sol:43
 written member    -> ('SV', '@openzeppelin/contracts-upgradeable/proxy/utils/Initializable.sol', 'Initializable._initializing')
 potentially stale -> ('SV', '@openzeppelin/contracts-upgradeable/proxy/utils/Initializable.sol', 'Initializable._initialized')
 reader witnesses  -> 1
 storage exposures -> 1
[MV-SI candidate fc80ecbaf487ce3451a3] {_roles[$arg1], beneficiary}
 writer root       -> contracts/mixins/MixinLockCore.sol::MixinLockCore.updateBeneficiary(address)
 writer effect     -> contracts/mixins/MixinLockCore.sol:198
 written member    -> ('SV', 'contracts/mixins/MixinLockCore.sol', 'MixinLockCore.beneficiary')
 potentially stale -> ('MS', '@openzeppelin/contracts-upgradeable/access/AccessControlUpgradeable.sol', 'AccessControlUpgradeable._roles', '$arg1')
 reader witnesses  -> 8
 storage exposures -> 4Reference: https://github.com/crytic/slither/wiki/Detector-Documentation
[mvscan-config] {"ATOMIC_GROUP": [], "DIVERGENCE_BUDGET": 1000, "ENABLE_BRANCH_GROUPS": true, "ENABLE_EXTERNAL_STATE": true, "ENABLE_MULTI_RETURN_GROUPS": true, "MAPPING_MODE": "precise", "MERGE_OVERLOADS": false, "MVSCAN_ABLATION": "full", "MVSCAN_CONTEXTUAL_KEYS": true, "MVSCAN_INCLUDE_SCALAR_WITNESSES": false, "MVSCAN_INTERFACE_DISPATCH": false, "MVSCAN_MAX_CONTEXTS_PER_OWNER_BLOCK": 128, "MVSCAN_MAX_DISPATCH_TARGETS": 16, "MVSCAN_REQUIRE_DISTINCT_OUTER_ROOTS": false, "MVSCAN_ROOT_CONTEXT_SINKS": false, "NOOP_WRITE_FILTER": true, "REQUIRE_SAME_SLOT_KEY": true, "SINK_TEST": "none", "USER_CALLABLE_ALWAYS": [], "USER_CALLABLE_DENY": []}
[mvscan-stage] icfg-built blocks=24 vars=0
[mvscan-stage] root-seeding-done eligible_exposures=0 seeded=0 multi_exposure_entry_blocks=0 collapsed_contextual_aliases=0 excluded_dependency=0 excluded_interface=0 excluded_library=0 excluded_abstract=0 missing_entry_point=0 missing_entry_block=0
[mvscan-pairs] call_target_digest=4f53cda18c2baa0c0354bb5f9a3ecbe5ed12ab4d8e11ba873c2f11161202b945 candidate_count=0 candidate_digest=4f53cda18c2baa0c0354bb5f9a3ecbe5ed12ab4d8e11ba873c2f11161202b945 context_instance_count=0 execution_context_digest=4f53cda18c2baa0c0354bb5f9a3ecbe5ed12ab4d8e11ba873c2f11161202b945 invalid_partial_write_filtered=0 must_full_relation_filtered=0 omitted_member_evidence_filtered=0 omitted_member_not_sensitive_filtered=0 owner_context_pairs=0 owner_context_pairs_considered=0 reader_witness_count=0 relation_context_incompatible=0 relation_digest=4f53cda18c2baa0c0354bb5f9a3ecbe5ed12ab4d8e11ba873c2f11161202b945 root_context_sink_filtered=0 same_outer_root_filtered=0 storage_context_mismatch=0
INFO:Slither:. analyzed (113 contracts with 1 detectors), 68 result(s) found
