Problem executing hardhat to fetch configuration, using defaults: [Errno 2] No such file or directory: 'hardhat'
[mvscan-config] {"ATOMIC_GROUP": [], "DIVERGENCE_BUDGET": 1000, "ENABLE_BRANCH_GROUPS": true, "ENABLE_EXTERNAL_STATE": true, "ENABLE_MULTI_RETURN_GROUPS": true, "MAPPING_MODE": "base_collapsed", "MERGE_OVERLOADS": false, "MVSCAN_ABLATION": "mapping_insensitive", "MVSCAN_CONTEXTUAL_KEYS": true, "MVSCAN_INCLUDE_SCALAR_WITNESSES": false, "MVSCAN_INTERFACE_DISPATCH": false, "MVSCAN_MAX_CONTEXTS_PER_OWNER_BLOCK": 128, "MVSCAN_MAX_DISPATCH_TARGETS": 16, "MVSCAN_REQUIRE_DISTINCT_OUTER_ROOTS": false, "MVSCAN_ROOT_CONTEXT_SINKS": false, "NOOP_WRITE_FILTER": true, "REQUIRE_SAME_SLOT_KEY": false, "SINK_TEST": "none", "USER_CALLABLE_ALWAYS": [], "USER_CALLABLE_DENY": []}
[mvscan-stage] icfg-built blocks=1478 vars=56
[mvscan-stage] root-seeding-done eligible_exposures=49 seeded=39 multi_exposure_entry_blocks=10 collapsed_contextual_aliases=10 excluded_dependency=0 excluded_interface=38 excluded_library=0 excluded_abstract=2 missing_entry_point=0 missing_entry_block=0
[mvscan-pairs] call_target_digest=5dcf69dce95ca8b2bf44868fe9d2489bfa1da4383ac61cf76cc268b004e6c6e3 candidate_count=22 candidate_digest=df9f8265425434f04732284977ae64da55a46cea5750ef925aa1fa5eb02b2d5c context_instance_count=137 eligible_readers=28 eligible_writers=24 execution_context_digest=00a1b2832ae4ad66736f0b0cb58ec24af1ba90067d48103061c82c06ccc292b3 insensitive_readers_filtered=19 invalid_partial_write_filtered=0 must_full_relation_filtered=38 omitted_member_evidence_filtered=0 omitted_member_not_sensitive_filtered=8 owner_context_pairs=185 owner_context_pairs_considered=411 raw_block_pairs=128 reader_witness_count=185 relation_base_members_shadowed=0 relation_context_incompatible=180 relation_digest=2a4b7a19a12be01701c0695803ebed9543c0962e1d8f687bb703c5982b9f55f8 relation_members_raw=58 relation_origins_registered=6 relation_origins_rejected_unary_after_shadowing=46 relation_origins_rejected_unreachable=15 relation_origins_seen=52 root_context_sink_filtered=0 same_outer_root_filtered=0 same_static_block_filtered=7 scalar_variables_skipped=41 storage_context_mismatch=0 variables_considered=47
INFO:Detectors:

[MV-SI candidate 09c7eb6b5de3122f1f64] {_totalSupply, maxSupply}
 writer root       -> contracts/Basket.sol::Basket.initialize(IFactory.Proposal,IAuction)
 writer effect     -> contracts/Basket.sol:55
 written member    -> ('SV', 'contracts/Basket.sol', 'Basket.maxSupply')
 potentially stale -> ('SV', '@openzeppelin/contracts-upgradeable/token/ERC20/ERC20Upgradeable.sol', 'ERC20Upgradeable._totalSupply')
 reader witnesses  -> 22
 storage exposures -> 1
[MV-SI candidate 15bb6aa83f09f10527b5] {_totalSupply, maxSupply}
 writer root       -> contracts/Basket.sol::Basket.mintTo(uint256,address)
 writer effect     -> @openzeppelin/contracts-upgradeable/token/ERC20/ERC20Upgradeable.sol:263
 written member    -> ('SV', '@openzeppelin/contracts-upgradeable/token/ERC20/ERC20Upgradeable.sol', 'ERC20Upgradeable._totalSupply')
 potentially stale -> ('SV', 'contracts/Basket.sol', 'Basket.maxSupply')
 reader witnesses  -> 8
 storage exposures -> 1
[MV-SI candidate 22205d1e88ff4d08e8e6] {auctionStart, bondBlock}
 writer root       -> contracts/Auction.sol::Auction.bondForRebalance()
 writer effect     -> contracts/Auction.sol:63
 written member    -> ('SV', 'contracts/Auction.sol', 'Auction.bondBlock')
 potentially stale -> ('SV', 'contracts/Auction.sol', 'Auction.auctionStart')
 reader witnesses  -> 2
 storage exposures -> 1
[MV-SI candidate 2a0f133323f16a99f8f5] {_totalSupply, maxSupply}
 writer root       -> contracts/Basket.sol::Basket.setNewMaxSupply(uint256)
 writer effect     -> contracts/Basket.sol:201
 written member    -> ('SV', 'contracts/Basket.sol', 'Basket.maxSupply')
 potentially stale -> ('SV', '@openzeppelin/contracts-upgradeable/token/ERC20/ERC20Upgradeable.sol', 'ERC20Upgradeable._totalSupply')
 reader witnesses  -> 22
 storage exposures -> 1
[MV-SI candidate 385eee91349f4e96511f] {ibRatio, weights}
 writer root       -> contracts/Basket.sol::Basket.mintTo(uint256,address)
 writer effect     -> contracts/Basket.sol:149
 written member    -> ('SV', 'contracts/Basket.sol', 'Basket.ibRatio')
 potentially stale -> ('SV', 'contracts/Basket.sol', 'Basket.weights')
 reader witnesses  -> 7
 storage exposures -> 1
[MV-SI candidate 4459503fa366cd557dd3] {ibRatio, weights}
 writer root       -> contracts/Basket.sol::Basket.mintTo(uint256,address)
 writer effect     -> contracts/Basket.sol:289
 written member    -> ('SV', 'contracts/Basket.sol', 'Basket.weights')
 potentially stale -> ('SV', 'contracts/Basket.sol', 'Basket.ibRatio')
 reader witnesses  -> 7
 storage exposures -> 1
[MV-SI candidate 4ae3f8a7832340a99fa8] {ibRatio, weights}
 writer root       -> contracts/Basket.sol::Basket.updateIBRatio(uint256)
 writer effect     -> contracts/Basket.sol:267
 written member    -> ('SV', 'contracts/Basket.sol', 'Basket.ibRatio')
 potentially stale -> ('SV', 'contracts/Basket.sol', 'Basket.weights')
 reader witnesses  -> 7
 storage exposures -> 1
[MV-SI candidate 7888fb2f4b97cba37dd7] {_totalSupply, maxSupply}
 writer root       -> contracts/Basket.sol::Basket.burn(uint256)
 writer effect     -> @openzeppelin/contracts-upgradeable/token/ERC20/ERC20Upgradeable.sol:263
 written member    -> ('SV', '@openzeppelin/contracts-upgradeable/token/ERC20/ERC20Upgradeable.sol', 'ERC20Upgradeable._totalSupply')
 potentially stale -> ('SV', 'contracts/Basket.sol', 'Basket.maxSupply')
 reader witnesses  -> 8
 storage exposures -> 1
[MV-SI candidate 82e9b389bf7bf3243550] {ibRatio, weights}
 writer root       -> contracts/Basket.sol::Basket.burn(uint256)
 writer effect     -> contracts/Basket.sol:282
 written member    -> ('SV', 'contracts/Basket.sol', 'Basket.weights')
 potentially stale -> ('SV', 'contracts/Basket.sol', 'Basket.ibRatio')
 reader witnesses  -> 7
 storage exposures -> 1
[MV-SI candidate 8e1a517158a054f36ebb] {auctionStart, bondBlock}
 writer root       -> contracts/Auction.sol::Auction.startAuction()
 writer effect     -> contracts/Auction.sol:40
 written member    -> ('SV', 'contracts/Auction.sol', 'Auction.auctionStart')
 potentially stale -> ('SV', 'contracts/Auction.sol', 'Auction.bondBlock')
 reader witnesses  -> 2
 storage exposures -> 1
[MV-SI candidate 8e77dfbf51d78f23382f] {ibRatio, weights}
 writer root       -> contracts/Basket.sol::Basket.setNewWeights()
 writer effect     -> contracts/Basket.sol:248
 written member    -> ('SV', 'contracts/Basket.sol', 'Basket.weights')
 potentially stale -> ('SV', 'contracts/Basket.sol', 'Basket.ibRatio')
 reader witnesses  -> 7
 storage exposures -> 1
[MV-SI candidate 95a53f0f9b2181cc2857] {ibRatio, weights}
 writer root       -> contracts/Basket.sol::Basket.auctionBurn(uint256)
 writer effect     -> contracts/Basket.sol:127
 written member    -> ('SV', 'contracts/Basket.sol', 'Basket.ibRatio')
 potentially stale -> ('SV', 'contracts/Basket.sol', 'Basket.weights')
 reader witnesses  -> 7
 storage exposures -> 1
[MV-SI candidate 9bf67118373ba00ad857] {ibRatio, weights}
 writer root       -> contracts/Basket.sol::Basket.auctionBurn(uint256)
 writer effect     -> contracts/Basket.sol:149
 written member    -> ('SV', 'contracts/Basket.sol', 'Basket.ibRatio')
 potentially stale -> ('SV', 'contracts/Basket.sol', 'Basket.weights')
 reader witnesses  -> 7
 storage exposures -> 1
[MV-SI candidate a0b49e4ff503b23bda90] {ibRatio, weights}
 writer root       -> contracts/Basket.sol::Basket.mint(uint256)
 writer effect     -> contracts/Basket.sol:289
 written member    -> ('SV', 'contracts/Basket.sol', 'Basket.weights')
 potentially stale -> ('SV', 'contracts/Basket.sol', 'Basket.ibRatio')
 reader witnesses  -> 7
 storage exposures -> 1
[MV-SI candidate a9d5ef3210b6ffe03e37] {_totalSupply, maxSupply}
 writer root       -> contracts/Basket.sol::Basket.auctionBurn(uint256)
 writer effect     -> @openzeppelin/contracts-upgradeable/token/ERC20/ERC20Upgradeable.sol:291
 written member    -> ('SV', '@openzeppelin/contracts-upgradeable/token/ERC20/ERC20Upgradeable.sol', 'ERC20Upgradeable._totalSupply')
 potentially stale -> ('SV', 'contracts/Basket.sol', 'Basket.maxSupply')
 reader witnesses  -> 8
 storage exposures -> 1
[MV-SI candidate a9f1137d2d5269a3fa4e] {ibRatio, weights}
 writer root       -> contracts/Basket.sol::Basket.mint(uint256)
 writer effect     -> contracts/Basket.sol:149
 written member    -> ('SV', 'contracts/Basket.sol', 'Basket.ibRatio')
 potentially stale -> ('SV', 'contracts/Basket.sol', 'Basket.weights')
 reader witnesses  -> 7
 storage exposures -> 1
[MV-SI candidate b4111e23def643690ad2] {_totalSupply, maxSupply}
 writer root       -> contracts/Basket.sol::Basket.burn(uint256)
 writer effect     -> @openzeppelin/contracts-upgradeable/token/ERC20/ERC20Upgradeable.sol:291
 written member    -> ('SV', '@openzeppelin/contracts-upgradeable/token/ERC20/ERC20Upgradeable.sol', 'ERC20Upgradeable._totalSupply')
 potentially stale -> ('SV', 'contracts/Basket.sol', 'Basket.maxSupply')
 reader witnesses  -> 8
 storage exposures -> 1
[MV-SI candidate c5a18e03a6ac4ed743a6] {_totalSupply, maxSupply}
 writer root       -> contracts/Basket.sol::Basket.mint(uint256)
 writer effect     -> @openzeppelin/contracts-upgradeable/token/ERC20/ERC20Upgradeable.sol:263
 written member    -> ('SV', '@openzeppelin/contracts-upgradeable/token/ERC20/ERC20Upgradeable.sol', 'ERC20Upgradeable._totalSupply')
 potentially stale -> ('SV', 'contracts/Basket.sol', 'Basket.maxSupply')
 reader witnesses  -> 8
 storage exposures -> 1
[MV-SI candidate dc30f5b302790544283d] {auction, publisher}
 writer root       -> contracts/Basket.sol::Basket.changePublisher(address)
 writer effect     -> contracts/Basket.sol:162
 written member    -> ('SV', 'contracts/Basket.sol', 'Basket.publisher')
 potentially stale -> ('SV', 'contracts/Basket.sol', 'Basket.auction')
 reader witnesses  -> 12
 storage exposures -> 1
[MV-SI candidate e5b193c234417c224d61] {ibRatio, weights}
 writer root       -> contracts/Basket.sol::Basket.setNewWeights()
 writer effect     -> contracts/Basket.sol:275
 written member    -> ('SV', 'contracts/Basket.sol', 'Basket.weights')
 potentially stale -> ('SV', 'contracts/Basket.sol', 'Basket.ibRatio')
 reader witnesses  -> 7
 storage exposures -> 1
[MV-SI candidate f89fa883dfb8c52c98df] {_totalSupply, maxSupply}
 writer root       -> contracts/Basket.sol::Basket.auctionBurn(uint256)
 writer effect     -> @openzeppelin/contracts-upgradeable/token/ERC20/ERC20Upgradeable.sol:263
 written member    -> ('SV', '@openzeppelin/contracts-upgradeable/token/ERC20/ERC20Upgradeable.sol', 'ERC20Upgradeable._totalSupply')
 potentially stale -> ('SV', 'contracts/Basket.sol', 'Basket.maxSupply')
 reader witnesses  -> 8
 storage exposures -> 1
[MV-SI candidate fdc1ee5c770b51f653f8] {ibRatio, weights}
 writer root       -> contracts/Basket.sol::Basket.burn(uint256)
 writer effect     -> contracts/Basket.sol:149
 written member    -> ('SV', 'contracts/Basket.sol', 'Basket.ibRatio')
 potentially stale -> ('SV', 'contracts/Basket.sol', 'Basket.weights')
 reader witnesses  -> 7
 storage exposures -> 1Reference: https://github.com/crytic/slither/wiki/Detector-Documentation
INFO:Slither:. analyzed (23 contracts with 1 detectors), 22 result(s) found
