Problem executing hardhat to fetch configuration, using defaults: [Errno 2] No such file or directory: 'hardhat'
[mvscan-config] {"ATOMIC_GROUP": [], "DIVERGENCE_BUDGET": 1000, "ENABLE_BRANCH_GROUPS": true, "ENABLE_EXTERNAL_STATE": true, "ENABLE_MULTI_RETURN_GROUPS": true, "MAPPING_MODE": "precise", "MERGE_OVERLOADS": false, "MVSCAN_ABLATION": "full", "MVSCAN_CONTEXTUAL_KEYS": true, "MVSCAN_INCLUDE_SCALAR_WITNESSES": false, "MVSCAN_INTERFACE_DISPATCH": false, "MVSCAN_MAX_CONTEXTS_PER_OWNER_BLOCK": 128, "MVSCAN_MAX_DISPATCH_TARGETS": 16, "MVSCAN_REQUIRE_DISTINCT_OUTER_ROOTS": false, "MVSCAN_ROOT_CONTEXT_SINKS": false, "NOOP_WRITE_FILTER": true, "REQUIRE_SAME_SLOT_KEY": true, "SINK_TEST": "none", "USER_CALLABLE_ALWAYS": [], "USER_CALLABLE_DENY": []}
[mvscan-stage] icfg-built blocks=423 vars=33
[mvscan-stage] root-seeding-done eligible_exposures=30 seeded=18 multi_exposure_entry_blocks=8 collapsed_contextual_aliases=12 excluded_dependency=0 excluded_interface=11 excluded_library=0 excluded_abstract=0 missing_entry_point=0 missing_entry_block=0
[mvscan-pairs] call_target_digest=11bb8eb79f9b2cdc58833097672d0f322a8ebedd1a0e5e981501a6f570f08da8 candidate_count=2 candidate_digest=e62732d59f98f4a90a3f7b74ee005334e38fc431aaccd147d9bb7bdafcde2544 context_instance_count=5 eligible_readers=5 eligible_writers=7 execution_context_digest=7643ea291314f184cff1320dafcf02b2e2a5947be87de6390159aa2983dc0340 insensitive_readers_filtered=1 invalid_partial_write_filtered=0 must_full_relation_filtered=5 omitted_member_evidence_filtered=0 omitted_member_not_sensitive_filtered=0 owner_context_pairs=5 owner_context_pairs_considered=68 raw_block_pairs=18 reader_witness_count=5 relation_base_members_shadowed=7 relation_context_incompatible=26 relation_digest=b1dd22c9204522c0cb7edc89d93ced09045ea3695db903587448c3c7d72029d0 relation_members_raw=23 relation_origins_registered=2 relation_origins_rejected_unary_after_shadowing=12 relation_origins_seen=14 relation_unbound_key_templates=3 root_context_sink_filtered=0 same_outer_root_filtered=0 scalar_variables_skipped=16 storage_context_mismatch=32 variables_considered=18
INFO:Detectors:

[MV-SI candidate 2d0bd06528d4f70336e7] {masterContractApproved[@local::contracts/flat/BentoBoxV1Flat.sol::BentoBoxV1.allowed(address)::LocalVariable::masterContract_1][$arg0], masterContractOf[$sender]}
 writer root       -> contracts/flat/BentoBoxV1Flat.sol::MasterContractManager.registerProtocol()
 writer effect     -> contracts/flat/BentoBoxV1Flat.sol:519
 written member    -> ('MS', 'contracts/flat/BentoBoxV1Flat.sol', 'BoringFactory.masterContractOf', '$sender')
 potentially stale -> ('MS', 'contracts/flat/BentoBoxV1Flat.sol', 'MasterContractManager.masterContractApproved', '@local::contracts/flat/BentoBoxV1Flat.sol::BentoBoxV1.allowed(address)::LocalVariable::masterContract_1][$arg0')
 reader witnesses  -> 4
 storage exposures -> 1
[MV-SI candidate cf1d3d0967b54c50beae] {pendingStrategy[$arg0], strategyData[$arg0]}
 writer root       -> contracts/flat/BentoBoxV1Flat.sol::BentoBoxV1.harvest(IERC20,bool,uint256)
 writer effect     -> contracts/flat/BentoBoxV1Flat.sol:1143
 written member    -> ('MS', 'contracts/flat/BentoBoxV1Flat.sol', 'BentoBoxV1.strategyData', '$arg0')
 potentially stale -> ('MS', 'contracts/flat/BentoBoxV1Flat.sol', 'BentoBoxV1.pendingStrategy', '$arg0')
 reader witnesses  -> 1
 storage exposures -> 1Reference: https://github.com/crytic/slither/wiki/Detector-Documentation
[mvscan-config] {"ATOMIC_GROUP": [], "DIVERGENCE_BUDGET": 1000, "ENABLE_BRANCH_GROUPS": true, "ENABLE_EXTERNAL_STATE": true, "ENABLE_MULTI_RETURN_GROUPS": true, "MAPPING_MODE": "precise", "MERGE_OVERLOADS": false, "MVSCAN_ABLATION": "full", "MVSCAN_CONTEXTUAL_KEYS": true, "MVSCAN_INCLUDE_SCALAR_WITNESSES": false, "MVSCAN_INTERFACE_DISPATCH": false, "MVSCAN_MAX_CONTEXTS_PER_OWNER_BLOCK": 128, "MVSCAN_MAX_DISPATCH_TARGETS": 16, "MVSCAN_REQUIRE_DISTINCT_OUTER_ROOTS": false, "MVSCAN_ROOT_CONTEXT_SINKS": false, "NOOP_WRITE_FILTER": true, "REQUIRE_SAME_SLOT_KEY": true, "SINK_TEST": "none", "USER_CALLABLE_ALWAYS": [], "USER_CALLABLE_DENY": []}
[mvscan-stage] icfg-built blocks=2517 vars=191
[mvscan-stage] root-seeding-done eligible_exposures=97 seeded=76 multi_exposure_entry_blocks=13 collapsed_contextual_aliases=21 excluded_dependency=0 excluded_interface=14 excluded_library=0 excluded_abstract=8 missing_entry_point=0 missing_entry_block=0
[mvscan-pairs] call_target_digest=b71f82735575feb0c1a71710d28f410cd348d197ed537e4c306e7f2fd7cbb8f5 candidate_count=68 candidate_digest=b14755b94fe2f1e1463c87210026f044429ba854307113b76f4655d06c0e861f context_instance_count=332 eligible_readers=102 eligible_writers=92 execution_context_digest=86c34cceb346840e12eb42014998ec5e4e8c8aaab7626bbc5d94e0b2ef973e10 insensitive_readers_filtered=196 invalid_partial_write_filtered=0 must_full_relation_filtered=50 omitted_member_evidence_filtered=0 omitted_member_not_sensitive_filtered=84 owner_context_pairs=652 owner_context_pairs_considered=4639 raw_block_pairs=724 reader_witness_count=652 relation_base_members_shadowed=5 relation_context_incompatible=1459 relation_digest=389a6a9e0f999526abdad7b2a1e44e25f0d8b43e330bd478f8ec78fc26f4245a relation_members_raw=103 relation_origins_registered=15 relation_origins_rejected_unary_after_shadowing=62 relation_origins_rejected_unreachable=12 relation_origins_seen=77 relation_unbound_key_templates=34 root_context_sink_filtered=0 same_outer_root_filtered=0 same_static_block_filtered=24 scalar_variables_skipped=62 storage_context_mismatch=2394 variables_considered=77
INFO:Detectors:

[MV-SI candidate 01a54f48e22d7a4a67e5] {barFee, kLast}
 writer root       -> contracts/pool/franchised/FranchisedConstantProductPool.sol::FranchisedConstantProductPool.mint(bytes)
 writer effect     -> contracts/pool/franchised/FranchisedConstantProductPool.sol:116
 written member    -> ('SV', 'contracts/pool/franchised/FranchisedConstantProductPool.sol', 'FranchisedConstantProductPool.kLast')
 potentially stale -> ('SV', 'contracts/pool/franchised/FranchisedConstantProductPool.sol', 'FranchisedConstantProductPool.barFee')
 reader witnesses  -> 6
 storage exposures -> 1
[MV-SI candidate 024931eab6ba3cfdf612] {barFee, kLast, totalSupply}
 writer root       -> contracts/workInProgress/Migrator.sol::Migrator.migrate(ConstantProductPool)
 writer effect     -> contracts/pool/TridentERC20.sol:117
 written member    -> ('SV', 'contracts/pool/TridentERC20.sol', 'TridentERC20.totalSupply')
 potentially stale -> ('SV', 'contracts/pool/ConstantProductPool.sol', 'ConstantProductPool.barFee'), ('SV', 'contracts/pool/ConstantProductPool.sol', 'ConstantProductPool.kLast')
 reader witnesses  -> 16
 storage exposures -> 1
[MV-SI candidate 094fe966964a6fdf4376] {records, tokens[@local::contracts/pool/franchised/FranchisedIndexPool.sol::FranchisedIndexPool.mint(bytes)::LocalVariable::i_2]}
 writer root       -> contracts/pool/franchised/FranchisedIndexPool.sol::FranchisedIndexPool.burn(bytes)
 writer effect     -> contracts/pool/franchised/FranchisedIndexPool.sol:139
 written member    -> ('SV', 'contracts/pool/franchised/FranchisedIndexPool.sol', 'FranchisedIndexPool.records')
 potentially stale -> ('MS', 'contracts/pool/franchised/FranchisedIndexPool.sol', 'FranchisedIndexPool.tokens', '@local::contracts/pool/franchised/FranchisedIndexPool.sol::FranchisedIndexPool.mint(bytes)::LocalVariable::i_2')
 reader witnesses  -> 1
 storage exposures -> 1
[MV-SI candidate 0a2b007747804ce59528] {barFee, kLast, totalSupply}
 writer root       -> contracts/pool/franchised/FranchisedConstantProductPool.sol::FranchisedConstantProductPool.burnSingle(bytes)
 writer effect     -> contracts/pool/franchised/TridentFranchisedERC20.sol:150
 written member    -> ('SV', 'contracts/pool/franchised/TridentFranchisedERC20.sol', 'TridentFranchisedERC20.totalSupply')
 potentially stale -> ('SV', 'contracts/pool/franchised/FranchisedConstantProductPool.sol', 'FranchisedConstantProductPool.barFee'), ('SV', 'contracts/pool/franchised/FranchisedConstantProductPool.sol', 'FranchisedConstantProductPool.kLast')
 reader witnesses  -> 12
 storage exposures -> 1
[MV-SI candidate 12828dea653feea88779] {records, tokens[@local::contracts/pool/franchised/FranchisedIndexPool.sol::FranchisedIndexPool.mint(bytes)::LocalVariable::i_2], totalSupply}
 writer root       -> contracts/pool/franchised/FranchisedIndexPool.sol::FranchisedIndexPool.flashSwap(bytes)
 writer effect     -> contracts/pool/franchised/FranchisedIndexPool.sol:209
 written member    -> ('SV', 'contracts/pool/franchised/FranchisedIndexPool.sol', 'FranchisedIndexPool.records')
 potentially stale -> ('MS', 'contracts/pool/franchised/FranchisedIndexPool.sol', 'FranchisedIndexPool.tokens', '@local::contracts/pool/franchised/FranchisedIndexPool.sol::FranchisedIndexPool.mint(bytes)::LocalVariable::i_2'), ('SV', 'contracts/pool/franchised/TridentFranchisedERC20.sol', 'TridentFranchisedERC20.totalSupply')
 reader witnesses  -> 4
 storage exposures -> 1
[MV-SI candidate 13830e8b3e0056f3ff6e] {records, tokens[@local::contracts/pool/franchised/FranchisedIndexPool.sol::FranchisedIndexPool.mint(bytes)::LocalVariable::i_2], totalSupply}
 writer root       -> contracts/pool/franchised/FranchisedIndexPool.sol::FranchisedIndexPool.flashSwap(bytes)
 writer effect     -> contracts/pool/franchised/FranchisedIndexPool.sol:210
 written member    -> ('SV', 'contracts/pool/franchised/FranchisedIndexPool.sol', 'FranchisedIndexPool.records')
 potentially stale -> ('MS', 'contracts/pool/franchised/FranchisedIndexPool.sol', 'FranchisedIndexPool.tokens', '@local::contracts/pool/franchised/FranchisedIndexPool.sol::FranchisedIndexPool.mint(bytes)::LocalVariable::i_2'), ('SV', 'contracts/pool/franchised/TridentFranchisedERC20.sol', 'TridentFranchisedERC20.totalSupply')
 reader witnesses  -> 4
 storage exposures -> 1
[MV-SI candidate 163d88cb26c07b01daca] {records, tokens[@local::contracts/pool/franchised/FranchisedIndexPool.sol::FranchisedIndexPool.mint(bytes)::LocalVariable::i_2]}
 writer root       -> contracts/pool/franchised/FranchisedIndexPool.sol::FranchisedIndexPool.swap(bytes)
 writer effect     -> contracts/pool/franchised/FranchisedIndexPool.sol:184
 written member    -> ('SV', 'contracts/pool/franchised/FranchisedIndexPool.sol', 'FranchisedIndexPool.records')
 potentially stale -> ('MS', 'contracts/pool/franchised/FranchisedIndexPool.sol', 'FranchisedIndexPool.tokens', '@local::contracts/pool/franchised/FranchisedIndexPool.sol::FranchisedIndexPool.mint(bytes)::LocalVariable::i_2')
 reader witnesses  -> 1
 storage exposures -> 1
[MV-SI candidate 20604fc0a7f99e65c221] {barFee, kLast, totalSupply}
 writer root       -> contracts/pool/franchised/FranchisedConstantProductPool.sol::FranchisedConstantProductPool.mint(bytes)
 writer effect     -> contracts/pool/franchised/TridentFranchisedERC20.sol:136
 written member    -> ('SV', 'contracts/pool/franchised/TridentFranchisedERC20.sol', 'TridentFranchisedERC20.totalSupply')
 potentially stale -> ('SV', 'contracts/pool/franchised/FranchisedConstantProductPool.sol', 'FranchisedConstantProductPool.barFee'), ('SV', 'contracts/pool/franchised/FranchisedConstantProductPool.sol', 'FranchisedConstantProductPool.kLast')
 reader witnesses  -> 36
 storage exposures -> 1
[MV-SI candidate 25525ff5958670f70f7b] {records, tokens[@local::contracts/pool/franchised/FranchisedIndexPool.sol::FranchisedIndexPool.mint(bytes)::LocalVariable::i_2]}
 writer root       -> contracts/pool/franchised/FranchisedIndexPool.sol::FranchisedIndexPool.swap(bytes)
 writer effect     -> contracts/pool/franchised/FranchisedIndexPool.sol:183
 written member    -> ('SV', 'contracts/pool/franchised/FranchisedIndexPool.sol', 'FranchisedIndexPool.records')
 potentially stale -> ('MS', 'contracts/pool/franchised/FranchisedIndexPool.sol', 'FranchisedIndexPool.tokens', '@local::contracts/pool/franchised/FranchisedIndexPool.sol::FranchisedIndexPool.mint(bytes)::LocalVariable::i_2')
 reader witnesses  -> 1
 storage exposures -> 1
[MV-SI candidate 288e0b25abe0bf8aa566] {barFee, kLast, totalSupply}
 writer root       -> contracts/pool/ConstantProductPool.sol::ConstantProductPool.burnSingle(bytes)
 writer effect     -> contracts/pool/TridentERC20.sol:131
 written member    -> ('SV', 'contracts/pool/TridentERC20.sol', 'TridentERC20.totalSupply')
 potentially stale -> ('SV', 'contracts/pool/ConstantProductPool.sol', 'ConstantProductPool.barFee'), ('SV', 'contracts/pool/ConstantProductPool.sol', 'ConstantProductPool.kLast')
 reader witnesses  -> 16
 storage exposures -> 1
[MV-SI candidate 29346f3c71ceed070eb6] {records, tokens[@local::contracts/pool/IndexPool.sol::IndexPool.mint(bytes)::LocalVariable::i_2], totalSupply}
 writer root       -> contracts/pool/IndexPool.sol::IndexPool.mint(bytes)
 writer effect     -> contracts/pool/TridentERC20.sol:117
 written member    -> ('SV', 'contracts/pool/TridentERC20.sol', 'TridentERC20.totalSupply')
 potentially stale -> ('MS', 'contracts/pool/IndexPool.sol', 'IndexPool.tokens', '@local::contracts/pool/IndexPool.sol::IndexPool.mint(bytes)::LocalVariable::i_2'), ('SV', 'contracts/pool/IndexPool.sol', 'IndexPool.records')
 reader witnesses  -> 4
 storage exposures -> 1
[MV-SI candidate 2e36c18fb5eded2cfaa1] {records, tokens[@local::contracts/pool/IndexPool.sol::IndexPool.mint(bytes)::LocalVariable::i_2]}
 writer root       -> contracts/pool/IndexPool.sol::IndexPool.burnSingle(bytes)
 writer effect     -> contracts/pool/IndexPool.sol:166
 written member    -> ('SV', 'contracts/pool/IndexPool.sol', 'IndexPool.records')
 potentially stale -> ('MS', 'contracts/pool/IndexPool.sol', 'IndexPool.tokens', '@local::contracts/pool/IndexPool.sol::IndexPool.mint(bytes)::LocalVariable::i_2')
 reader witnesses  -> 1
 storage exposures -> 1
[MV-SI candidate 2f386b83b8d0ead30312] {barFee, kLast, totalSupply}
 writer root       -> contracts/pool/ConstantProductPool.sol::ConstantProductPool.updateBarFee()
 writer effect     -> contracts/pool/ConstantProductPool.sol:255
 written member    -> ('SV', 'contracts/pool/ConstantProductPool.sol', 'ConstantProductPool.barFee')
 potentially stale -> ('SV', 'contracts/pool/ConstantProductPool.sol', 'ConstantProductPool.kLast'), ('SV', 'contracts/pool/TridentERC20.sol', 'TridentERC20.totalSupply')
 reader witnesses  -> 32
 storage exposures -> 1
[MV-SI candidate 334cf6ca8e3163aa4714] {barFee, kLast, totalSupply}
 writer root       -> contracts/workInProgress/Migrator.sol::Migrator.migrate(ConstantProductPool)
 writer effect     -> contracts/pool/TridentERC20.sol:131
 written member    -> ('SV', 'contracts/pool/TridentERC20.sol', 'TridentERC20.totalSupply')
 potentially stale -> ('SV', 'contracts/pool/ConstantProductPool.sol', 'ConstantProductPool.barFee'), ('SV', 'contracts/pool/ConstantProductPool.sol', 'ConstantProductPool.kLast')
 reader witnesses  -> 16
 storage exposures -> 1
[MV-SI candidate 356963965fc8bb0f2e88] {barFee, kLast, totalSupply}
 writer root       -> contracts/pool/franchised/FranchisedConstantProductPool.sol::FranchisedConstantProductPool.burn(bytes)
 writer effect     -> contracts/pool/franchised/FranchisedConstantProductPool.sol:145
 written member    -> ('SV', 'contracts/pool/franchised/FranchisedConstantProductPool.sol', 'FranchisedConstantProductPool.kLast')
 potentially stale -> ('SV', 'contracts/pool/franchised/FranchisedConstantProductPool.sol', 'FranchisedConstantProductPool.barFee'), ('SV', 'contracts/pool/franchised/TridentFranchisedERC20.sol', 'TridentFranchisedERC20.totalSupply')
 reader witnesses  -> 24
 storage exposures -> 1
[MV-SI candidate 39f37200e254bc9f1af2] {barFee, kLast, totalSupply}
 writer root       -> contracts/pool/ConstantProductPool.sol::ConstantProductPool.burnSingle(bytes)
 writer effect     -> contracts/pool/ConstantProductPool.sol:191
 written member    -> ('SV', 'contracts/pool/ConstantProductPool.sol', 'ConstantProductPool.kLast')
 potentially stale -> ('SV', 'contracts/pool/ConstantProductPool.sol', 'ConstantProductPool.barFee'), ('SV', 'contracts/pool/TridentERC20.sol', 'TridentERC20.totalSupply')
 reader witnesses  -> 32
 storage exposures -> 1
[MV-SI candidate 3c376b14492512cb27fd] {records, tokens[@local::contracts/pool/IndexPool.sol::IndexPool.mint(bytes)::LocalVariable::i_2], totalSupply}
 writer root       -> contracts/pool/IndexPool.sol::IndexPool.burnSingle(bytes)
 writer effect     -> contracts/pool/IndexPool.sol:166
 written member    -> ('SV', 'contracts/pool/IndexPool.sol', 'IndexPool.records')
 potentially stale -> ('MS', 'contracts/pool/IndexPool.sol', 'IndexPool.tokens', '@local::contracts/pool/IndexPool.sol::IndexPool.mint(bytes)::LocalVariable::i_2'), ('SV', 'contracts/pool/TridentERC20.sol', 'TridentERC20.totalSupply')
 reader witnesses  -> 4
 storage exposures -> 1
[MV-SI candidate 41edb4a06756d5c1dbfa] {barFee, kLast}
 writer root       -> contracts/pool/ConstantProductPool.sol::ConstantProductPool.burn(bytes)
 writer effect     -> contracts/pool/ConstantProductPool.sol:146
 written member    -> ('SV', 'contracts/pool/ConstantProductPool.sol', 'ConstantProductPool.kLast')
 potentially stale -> ('SV', 'contracts/pool/ConstantProductPool.sol', 'ConstantProductPool.barFee')
 reader witnesses  -> 8
 storage exposures -> 1
[MV-SI candidate 45311e8ccafecf81c1e5] {barFee, kLast, totalSupply}
 writer root       -> contracts/pool/ConstantProductPool.sol::ConstantProductPool.burnSingle(bytes)
 writer effect     -> contracts/pool/TridentERC20.sol:117
 written member    -> ('SV', 'contracts/pool/TridentERC20.sol', 'TridentERC20.totalSupply')
 potentially stale -> ('SV', 'contracts/pool/ConstantProductPool.sol', 'ConstantProductPool.barFee'), ('SV', 'contracts/pool/ConstantProductPool.sol', 'ConstantProductPool.kLast')
 reader witnesses  -> 16
 storage exposures -> 1
[MV-SI candidate 48f3437c5b45f186beec] {records, tokens[@local::contracts/pool/IndexPool.sol::IndexPool.mint(bytes)::LocalVariable::i_2], totalSupply}
 writer root       -> contracts/pool/IndexPool.sol::IndexPool.swap(bytes)
 writer effect     -> contracts/pool/IndexPool.sol:189
 written member    -> ('SV', 'contracts/pool/IndexPool.sol', 'IndexPool.records')
 potentially stale -> ('MS', 'contracts/pool/IndexPool.sol', 'IndexPool.tokens', '@local::contracts/pool/IndexPool.sol::IndexPool.mint(bytes)::LocalVariable::i_2'), ('SV', 'contracts/pool/TridentERC20.sol', 'TridentERC20.totalSupply')
 reader witnesses  -> 4
 storage exposures -> 1
[MV-SI candidate 4adcbecba611aa6f9eea] {records, tokens[@local::contracts/pool/IndexPool.sol::IndexPool.mint(bytes)::LocalVariable::i_2], totalSupply}
 writer root       -> contracts/pool/IndexPool.sol::IndexPool.burnSingle(bytes)
 writer effect     -> contracts/pool/TridentERC20.sol:131
 written member    -> ('SV', 'contracts/pool/TridentERC20.sol', 'TridentERC20.totalSupply')
 potentially stale -> ('MS', 'contracts/pool/IndexPool.sol', 'IndexPool.tokens', '@local::contracts/pool/IndexPool.sol::IndexPool.mint(bytes)::LocalVariable::i_2'), ('SV', 'contracts/pool/IndexPool.sol', 'IndexPool.records')
 reader witnesses  -> 4
 storage exposures -> 1
[MV-SI candidate 4cdbd54983c8f20e2f55] {records, tokens[@local::contracts/pool/IndexPool.sol::IndexPool.mint(bytes)::LocalVariable::i_2]}
 writer root       -> contracts/pool/IndexPool.sol::IndexPool.flashSwap(bytes)
 writer effect     -> contracts/pool/IndexPool.sol:218
 written member    -> ('SV', 'contracts/pool/IndexPool.sol', 'IndexPool.records')
 potentially stale -> ('MS', 'contracts/pool/IndexPool.sol', 'IndexPool.tokens', '@local::contracts/pool/IndexPool.sol::IndexPool.mint(bytes)::LocalVariable::i_2')
 reader witnesses  -> 1
 storage exposures -> 1
[MV-SI candidate 5e2e64f10e7ce6db8934] {records, tokens[@local::contracts/pool/franchised/FranchisedIndexPool.sol::FranchisedIndexPool.mint(bytes)::LocalVariable::i_2], totalSupply}
 writer root       -> contracts/pool/franchised/FranchisedIndexPool.sol::FranchisedIndexPool.swap(bytes)
 writer effect     -> contracts/pool/franchised/FranchisedIndexPool.sol:183
 written member    -> ('SV', 'contracts/pool/franchised/FranchisedIndexPool.sol', 'FranchisedIndexPool.records')
 potentially stale -> ('MS', 'contracts/pool/franchised/FranchisedIndexPool.sol', 'FranchisedIndexPool.tokens', '@local::contracts/pool/franchised/FranchisedIndexPool.sol::FranchisedIndexPool.mint(bytes)::LocalVariable::i_2'), ('SV', 'contracts/pool/franchised/TridentFranchisedERC20.sol', 'TridentFranchisedERC20.totalSupply')
 reader witnesses  -> 4
 storage exposures -> 1
[MV-SI candidate 5e814e562ae3d15c7ddc] {records, tokens[@local::contracts/pool/franchised/FranchisedIndexPool.sol::FranchisedIndexPool.mint(bytes)::LocalVariable::i_2], totalSupply}
 writer root       -> contracts/pool/franchised/FranchisedIndexPool.sol::FranchisedIndexPool.burn(bytes)
 writer effect     -> contracts/pool/franchised/TridentFranchisedERC20.sol:150
 written member    -> ('SV', 'contracts/pool/franchised/TridentFranchisedERC20.sol', 'TridentFranchisedERC20.totalSupply')
 potentially stale -> ('MS', 'contracts/pool/franchised/FranchisedIndexPool.sol', 'FranchisedIndexPool.tokens', '@local::contracts/pool/franchised/FranchisedIndexPool.sol::FranchisedIndexPool.mint(bytes)::LocalVariable::i_2'), ('SV', 'contracts/pool/franchised/FranchisedIndexPool.sol', 'FranchisedIndexPool.records')
 reader witnesses  -> 4
 storage exposures -> 1
[MV-SI candidate 5fbda0d762c0309e8a6b] {records, tokens[@local::contracts/pool/IndexPool.sol::IndexPool.mint(bytes)::LocalVariable::i_2], totalSupply}
 writer root       -> contracts/pool/IndexPool.sol::IndexPool.flashSwap(bytes)
 writer effect     -> contracts/pool/IndexPool.sol:218
 written member    -> ('SV', 'contracts/pool/IndexPool.sol', 'IndexPool.records')
 potentially stale -> ('MS', 'contracts/pool/IndexPool.sol', 'IndexPool.tokens', '@local::contracts/pool/IndexPool.sol::IndexPool.mint(bytes)::LocalVariable::i_2'), ('SV', 'contracts/pool/TridentERC20.sol', 'TridentERC20.totalSupply')
 reader witnesses  -> 4
 storage exposures -> 1
[MV-SI candidate 616d222976174fc0439c] {records, tokens[@local::contracts/pool/franchised/FranchisedIndexPool.sol::FranchisedIndexPool.mint(bytes)::LocalVariable::i_2]}
 writer root       -> contracts/pool/franchised/FranchisedIndexPool.sol::FranchisedIndexPool.flashSwap(bytes)
 writer effect     -> contracts/pool/franchised/FranchisedIndexPool.sol:209
 written member    -> ('SV', 'contracts/pool/franchised/FranchisedIndexPool.sol', 'FranchisedIndexPool.records')
 potentially stale -> ('MS', 'contracts/pool/franchised/FranchisedIndexPool.sol', 'FranchisedIndexPool.tokens', '@local::contracts/pool/franchised/FranchisedIndexPool.sol::FranchisedIndexPool.mint(bytes)::LocalVariable::i_2')
 reader witnesses  -> 1
 storage exposures -> 1
[MV-SI candidate 68ae764c21e85a7304ed] {barFee, kLast, totalSupply}
 writer root       -> contracts/pool/ConstantProductPool.sol::ConstantProductPool.mint(bytes)
 writer effect     -> contracts/pool/TridentERC20.sol:117
 written member    -> ('SV', 'contracts/pool/TridentERC20.sol', 'TridentERC20.totalSupply')
 potentially stale -> ('SV', 'contracts/pool/ConstantProductPool.sol', 'ConstantProductPool.barFee'), ('SV', 'contracts/pool/ConstantProductPool.sol', 'ConstantProductPool.kLast')
 reader witnesses  -> 48
 storage exposures -> 1
[MV-SI candidate 71716f69c4977ce10443] {barFee, kLast, totalSupply}
 writer root       -> contracts/pool/ConstantProductPool.sol::ConstantProductPool.burn(bytes)
 writer effect     -> contracts/pool/ConstantProductPool.sol:146
 written member    -> ('SV', 'contracts/pool/ConstantProductPool.sol', 'ConstantProductPool.kLast')
 potentially stale -> ('SV', 'contracts/pool/ConstantProductPool.sol', 'ConstantProductPool.barFee'), ('SV', 'contracts/pool/TridentERC20.sol', 'TridentERC20.totalSupply')
 reader witnesses  -> 32
 storage exposures -> 1
[MV-SI candidate 71a780c6b556b4663e73] {barFee, kLast, totalSupply}
 writer root       -> contracts/pool/ConstantProductPool.sol::ConstantProductPool.burn(bytes)
 writer effect     -> contracts/pool/TridentERC20.sol:117
 written member    -> ('SV', 'contracts/pool/TridentERC20.sol', 'TridentERC20.totalSupply')
 potentially stale -> ('SV', 'contracts/pool/ConstantProductPool.sol', 'ConstantProductPool.barFee'), ('SV', 'contracts/pool/ConstantProductPool.sol', 'ConstantProductPool.kLast')
 reader witnesses  -> 16
 storage exposures -> 1
[MV-SI candidate 74c7f272ddcc9a85a35e] {records, tokens[@local::contracts/pool/IndexPool.sol::IndexPool.mint(bytes)::LocalVariable::i_2]}
 writer root       -> contracts/pool/IndexPool.sol::IndexPool.mint(bytes)
 writer effect     -> contracts/pool/IndexPool.sol:111
 written member    -> ('SV', 'contracts/pool/IndexPool.sol', 'IndexPool.records')
 potentially stale -> ('MS', 'contracts/pool/IndexPool.sol', 'IndexPool.tokens', '@local::contracts/pool/IndexPool.sol::IndexPool.mint(bytes)::LocalVariable::i_2')
 reader witnesses  -> 1
 storage exposures -> 1
[MV-SI candidate 7597a3aafb20f6795d9d] {records, tokens[@local::contracts/pool/franchised/FranchisedIndexPool.sol::FranchisedIndexPool.mint(bytes)::LocalVariable::i_2], totalSupply}
 writer root       -> contracts/pool/franchised/FranchisedIndexPool.sol::FranchisedIndexPool.burn(bytes)
 writer effect     -> contracts/pool/franchised/FranchisedIndexPool.sol:139
 written member    -> ('SV', 'contracts/pool/franchised/FranchisedIndexPool.sol', 'FranchisedIndexPool.records')
 potentially stale -> ('MS', 'contracts/pool/franchised/FranchisedIndexPool.sol', 'FranchisedIndexPool.tokens', '@local::contracts/pool/franchised/FranchisedIndexPool.sol::FranchisedIndexPool.mint(bytes)::LocalVariable::i_2'), ('SV', 'contracts/pool/franchised/TridentFranchisedERC20.sol', 'TridentFranchisedERC20.totalSupply')
 reader witnesses  -> 4
 storage exposures -> 1
[MV-SI candidate 76934ff7136cdb95529a] {barFee, kLast}
 writer root       -> contracts/pool/ConstantProductPool.sol::ConstantProductPool.burnSingle(bytes)
 writer effect     -> contracts/pool/ConstantProductPool.sol:191
 written member    -> ('SV', 'contracts/pool/ConstantProductPool.sol', 'ConstantProductPool.kLast')
 potentially stale -> ('SV', 'contracts/pool/ConstantProductPool.sol', 'ConstantProductPool.barFee')
 reader witnesses  -> 8
 storage exposures -> 1
[MV-SI candidate 76cd40378a07ca5690f1] {barFee, kLast, totalSupply}
 writer root       -> contracts/pool/franchised/FranchisedConstantProductPool.sol::FranchisedConstantProductPool.burn(bytes)
 writer effect     -> contracts/pool/franchised/TridentFranchisedERC20.sol:150
 written member    -> ('SV', 'contracts/pool/franchised/TridentFranchisedERC20.sol', 'TridentFranchisedERC20.totalSupply')
 potentially stale -> ('SV', 'contracts/pool/franchised/FranchisedConstantProductPool.sol', 'FranchisedConstantProductPool.barFee'), ('SV', 'contracts/pool/franchised/FranchisedConstantProductPool.sol', 'FranchisedConstantProductPool.kLast')
 reader witnesses  -> 12
 storage exposures -> 1
[MV-SI candidate 77422cee9f920016ca21] {reserve0, reserve1}
 writer root       -> contracts/workInProgress/Migrator.sol::Migrator.migrate(ConstantProductPool)
 writer effect     -> contracts/pool/ConstantProductPool.sol:291
 written member    -> ('SV', 'contracts/pool/ConstantProductPool.sol', 'ConstantProductPool.reserve0')
 potentially stale -> ('SV', 'contracts/pool/ConstantProductPool.sol', 'ConstantProductPool.reserve1')
 reader witnesses  -> 2
 storage exposures -> 1
[MV-SI candidate 7973cf70b48046b39cc5] {records, tokens[@local::contracts/pool/IndexPool.sol::IndexPool.mint(bytes)::LocalVariable::i_2], totalSupply}
 writer root       -> contracts/pool/IndexPool.sol::IndexPool.swap(bytes)
 writer effect     -> contracts/pool/IndexPool.sol:190
 written member    -> ('SV', 'contracts/pool/IndexPool.sol', 'IndexPool.records')
 potentially stale -> ('MS', 'contracts/pool/IndexPool.sol', 'IndexPool.tokens', '@local::contracts/pool/IndexPool.sol::IndexPool.mint(bytes)::LocalVariable::i_2'), ('SV', 'contracts/pool/TridentERC20.sol', 'TridentERC20.totalSupply')
 reader witnesses  -> 4
 storage exposures -> 1
[MV-SI candidate 7c57baec4759991277de] {barFee, kLast, totalSupply}
 writer root       -> contracts/pool/ConstantProductPool.sol::ConstantProductPool.mint(bytes)
 writer effect     -> contracts/pool/ConstantProductPool.sol:118
 written member    -> ('SV', 'contracts/pool/ConstantProductPool.sol', 'ConstantProductPool.kLast')
 potentially stale -> ('SV', 'contracts/pool/ConstantProductPool.sol', 'ConstantProductPool.barFee'), ('SV', 'contracts/pool/TridentERC20.sol', 'TridentERC20.totalSupply')
 reader witnesses  -> 32
 storage exposures -> 1
[MV-SI candidate 88c1b55cebd6cb3c69bc] {records, tokens[@local::contracts/pool/IndexPool.sol::IndexPool.mint(bytes)::LocalVariable::i_2], totalSupply}
 writer root       -> contracts/pool/IndexPool.sol::IndexPool.mint(bytes)
 writer effect     -> contracts/pool/IndexPool.sol:111
 written member    -> ('SV', 'contracts/pool/IndexPool.sol', 'IndexPool.records')
 potentially stale -> ('MS', 'contracts/pool/IndexPool.sol', 'IndexPool.tokens', '@local::contracts/pool/IndexPool.sol::IndexPool.mint(bytes)::LocalVariable::i_2'), ('SV', 'contracts/pool/TridentERC20.sol', 'TridentERC20.totalSupply')
 reader witnesses  -> 4
 storage exposures -> 1
[MV-SI candidate 8a0dcc9084978ce90a99] {records, tokens[@local::contracts/pool/IndexPool.sol::IndexPool.mint(bytes)::LocalVariable::i_2], totalSupply}
 writer root       -> contracts/pool/IndexPool.sol::IndexPool.flashSwap(bytes)
 writer effect     -> contracts/pool/IndexPool.sol:219
 written member    -> ('SV', 'contracts/pool/IndexPool.sol', 'IndexPool.records')
 potentially stale -> ('MS', 'contracts/pool/IndexPool.sol', 'IndexPool.tokens', '@local::contracts/pool/IndexPool.sol::IndexPool.mint(bytes)::LocalVariable::i_2'), ('SV', 'contracts/pool/TridentERC20.sol', 'TridentERC20.totalSupply')
 reader witnesses  -> 4
 storage exposures -> 1
[MV-SI candidate 92ca6c4095dbc3d1c863] {barFee, kLast, totalSupply}
 writer root       -> contracts/pool/franchised/FranchisedConstantProductPool.sol::FranchisedConstantProductPool.burnSingle(bytes)
 writer effect     -> contracts/pool/franchised/FranchisedConstantProductPool.sol:191
 written member    -> ('SV', 'contracts/pool/franchised/FranchisedConstantProductPool.sol', 'FranchisedConstantProductPool.kLast')
 potentially stale -> ('SV', 'contracts/pool/franchised/FranchisedConstantProductPool.sol', 'FranchisedConstantProductPool.barFee'), ('SV', 'contracts/pool/franchised/TridentFranchisedERC20.sol', 'TridentFranchisedERC20.totalSupply')
 reader witnesses  -> 24
 storage exposures -> 1
[MV-SI candidate 94f17084501ef3fad480] {reserve0, reserve1}
 writer root       -> contracts/workInProgress/Migrator.sol::Migrator.migrate(ConstantProductPool)
 writer effect     -> contracts/pool/ConstantProductPool.sol:304
 written member    -> ('SV', 'contracts/pool/ConstantProductPool.sol', 'ConstantProductPool.reserve0')
 potentially stale -> ('SV', 'contracts/pool/ConstantProductPool.sol', 'ConstantProductPool.reserve1')
 reader witnesses  -> 2
 storage exposures -> 1
[MV-SI candidate 954a6c45aca3488da7c8] {records, tokens[@local::contracts/pool/IndexPool.sol::IndexPool.mint(bytes)::LocalVariable::i_2], totalSupply}
 writer root       -> contracts/pool/IndexPool.sol::IndexPool.burn(bytes)
 writer effect     -> contracts/pool/TridentERC20.sol:131
 written member    -> ('SV', 'contracts/pool/TridentERC20.sol', 'TridentERC20.totalSupply')
 potentially stale -> ('MS', 'contracts/pool/IndexPool.sol', 'IndexPool.tokens', '@local::contracts/pool/IndexPool.sol::IndexPool.mint(bytes)::LocalVariable::i_2'), ('SV', 'contracts/pool/IndexPool.sol', 'IndexPool.records')
 reader witnesses  -> 4
 storage exposures -> 1
[MV-SI candidate 970018198c535bb1e6a3] {reserve0, reserve1}
 writer root       -> contracts/workInProgress/Migrator.sol::Migrator.migrate(ConstantProductPool)
 writer effect     -> contracts/pool/ConstantProductPool.sol:292
 written member    -> ('SV', 'contracts/pool/ConstantProductPool.sol', 'ConstantProductPool.reserve1')
 potentially stale -> ('SV', 'contracts/pool/ConstantProductPool.sol', 'ConstantProductPool.reserve0')
 reader witnesses  -> 3
 storage exposures -> 1
[MV-SI candidate 970218a1180ffbe3375b] {records, tokens[@local::contracts/pool/franchised/FranchisedIndexPool.sol::FranchisedIndexPool.mint(bytes)::LocalVariable::i_2], totalSupply}
 writer root       -> contracts/pool/franchised/FranchisedIndexPool.sol::FranchisedIndexPool.burnSingle(bytes)
 writer effect     -> contracts/pool/franchised/FranchisedIndexPool.sol:159
 written member    -> ('SV', 'contracts/pool/franchised/FranchisedIndexPool.sol', 'FranchisedIndexPool.records')
 potentially stale -> ('MS', 'contracts/pool/franchised/FranchisedIndexPool.sol', 'FranchisedIndexPool.tokens', '@local::contracts/pool/franchised/FranchisedIndexPool.sol::FranchisedIndexPool.mint(bytes)::LocalVariable::i_2'), ('SV', 'contracts/pool/franchised/TridentFranchisedERC20.sol', 'TridentFranchisedERC20.totalSupply')
 reader witnesses  -> 4
 storage exposures -> 1
[MV-SI candidate 97c54c5e8e1b6375b9de] {records, tokens[@local::contracts/pool/franchised/FranchisedIndexPool.sol::FranchisedIndexPool.mint(bytes)::LocalVariable::i_2], totalSupply}
 writer root       -> contracts/pool/franchised/FranchisedIndexPool.sol::FranchisedIndexPool.mint(bytes)
 writer effect     -> contracts/pool/franchised/TridentFranchisedERC20.sol:136
 written member    -> ('SV', 'contracts/pool/franchised/TridentFranchisedERC20.sol', 'TridentFranchisedERC20.totalSupply')
 potentially stale -> ('MS', 'contracts/pool/franchised/FranchisedIndexPool.sol', 'FranchisedIndexPool.tokens', '@local::contracts/pool/franchised/FranchisedIndexPool.sol::FranchisedIndexPool.mint(bytes)::LocalVariable::i_2'), ('SV', 'contracts/pool/franchised/FranchisedIndexPool.sol', 'FranchisedIndexPool.records')
 reader witnesses  -> 4
 storage exposures -> 1
[MV-SI candidate 995b30f61d171e22c286] {records, tokens[@local::contracts/pool/franchised/FranchisedIndexPool.sol::FranchisedIndexPool.mint(bytes)::LocalVariable::i_2]}
 writer root       -> contracts/pool/franchised/FranchisedIndexPool.sol::FranchisedIndexPool.flashSwap(bytes)
 writer effect     -> contracts/pool/franchised/FranchisedIndexPool.sol:210
 written member    -> ('SV', 'contracts/pool/franchised/FranchisedIndexPool.sol', 'FranchisedIndexPool.records')
 potentially stale -> ('MS', 'contracts/pool/franchised/FranchisedIndexPool.sol', 'FranchisedIndexPool.tokens', '@local::contracts/pool/franchised/FranchisedIndexPool.sol::FranchisedIndexPool.mint(bytes)::LocalVariable::i_2')
 reader witnesses  -> 1
 storage exposures -> 1
[MV-SI candidate 9f8a253edb940bad0978] {records, tokens[@local::contracts/pool/franchised/FranchisedIndexPool.sol::FranchisedIndexPool.mint(bytes)::LocalVariable::i_2], totalSupply}
 writer root       -> contracts/pool/franchised/FranchisedIndexPool.sol::FranchisedIndexPool.mint(bytes)
 writer effect     -> contracts/pool/franchised/FranchisedIndexPool.sol:114
 written member    -> ('SV', 'contracts/pool/franchised/FranchisedIndexPool.sol', 'FranchisedIndexPool.records')
 potentially stale -> ('MS', 'contracts/pool/franchised/FranchisedIndexPool.sol', 'FranchisedIndexPool.tokens', '@local::contracts/pool/franchised/FranchisedIndexPool.sol::FranchisedIndexPool.mint(bytes)::LocalVariable::i_2'), ('SV', 'contracts/pool/franchised/TridentFranchisedERC20.sol', 'TridentFranchisedERC20.totalSupply')
 reader witnesses  -> 4
 storage exposures -> 1
[MV-SI candidate a016b454309a1dc440b7] {records, tokens[@local::contracts/pool/IndexPool.sol::IndexPool.mint(bytes)::LocalVariable::i_2]}
 writer root       -> contracts/pool/IndexPool.sol::IndexPool.swap(bytes)
 writer effect     -> contracts/pool/IndexPool.sol:189
 written member    -> ('SV', 'contracts/pool/IndexPool.sol', 'IndexPool.records')
 potentially stale -> ('MS', 'contracts/pool/IndexPool.sol', 'IndexPool.tokens', '@local::contracts/pool/IndexPool.sol::IndexPool.mint(bytes)::LocalVariable::i_2')
 reader witnesses  -> 1
 storage exposures -> 1
[MV-SI candidate a12c6c1758057d5045d5] {records, tokens[@local::contracts/pool/IndexPool.sol::IndexPool.mint(bytes)::LocalVariable::i_2]}
 writer root       -> contracts/pool/IndexPool.sol::IndexPool.flashSwap(bytes)
 writer effect     -> contracts/pool/IndexPool.sol:219
 written member    -> ('SV', 'contracts/pool/IndexPool.sol', 'IndexPool.records')
 potentially stale -> ('MS', 'contracts/pool/IndexPool.sol', 'IndexPool.tokens', '@local::contracts/pool/IndexPool.sol::IndexPool.mint(bytes)::LocalVariable::i_2')
 reader witnesses  -> 1
 storage exposures -> 1
[MV-SI candidate a2c1840042659b9ad343] {barFee, kLast, totalSupply}
 writer root       -> contracts/pool/franchised/FranchisedConstantProductPool.sol::FranchisedConstantProductPool.mint(bytes)
 writer effect     -> contracts/pool/franchised/FranchisedConstantProductPool.sol:116
 written member    -> ('SV', 'contracts/pool/franchised/FranchisedConstantProductPool.sol', 'FranchisedConstantProductPool.kLast')
 potentially stale -> ('SV', 'contracts/pool/franchised/FranchisedConstantProductPool.sol', 'FranchisedConstantProductPool.barFee'), ('SV', 'contracts/pool/franchised/TridentFranchisedERC20.sol', 'TridentFranchisedERC20.totalSupply')
 reader witnesses  -> 24
 storage exposures -> 1
[MV-SI candidate a9ab2b65b4c0c888d50c] {reserve0, reserve1}
 writer root       -> contracts/workInProgress/Migrator.sol::Migrator.migrate(ConstantProductPool)
 writer effect     -> contracts/pool/ConstantProductPool.sol:305
 written member    -> ('SV', 'contracts/pool/ConstantProductPool.sol', 'ConstantProductPool.reserve1')
 potentially stale -> ('SV', 'contracts/pool/ConstantProductPool.sol', 'ConstantProductPool.reserve0')
 reader witnesses  -> 3
 storage exposures -> 1
[MV-SI candidate aa73ae34cfb8138e646b] {barFee, kLast}
 writer root       -> contracts/pool/franchised/FranchisedConstantProductPool.sol::FranchisedConstantProductPool.burn(bytes)
 writer effect     -> contracts/pool/franchised/FranchisedConstantProductPool.sol:145
 written member    -> ('SV', 'contracts/pool/franchised/FranchisedConstantProductPool.sol', 'FranchisedConstantProductPool.kLast')
 potentially stale -> ('SV', 'contracts/pool/franchised/FranchisedConstantProductPool.sol', 'FranchisedConstantProductPool.barFee')
 reader witnesses  -> 6
 storage exposures -> 1
[MV-SI candidate af25f2e8f1ee9c4575cc] {barFee, kLast}
 writer root       -> contracts/pool/ConstantProductPool.sol::ConstantProductPool.mint(bytes)
 writer effect     -> contracts/pool/ConstantProductPool.sol:118
 written member    -> ('SV', 'contracts/pool/ConstantProductPool.sol', 'ConstantProductPool.kLast')
 potentially stale -> ('SV', 'contracts/pool/ConstantProductPool.sol', 'ConstantProductPool.barFee')
 reader witnesses  -> 8
 storage exposures -> 1
[MV-SI candidate b0328897bd85a93fcc30] {records, tokens[@local::contracts/pool/IndexPool.sol::IndexPool.mint(bytes)::LocalVariable::i_2]}
 writer root       -> contracts/pool/IndexPool.sol::IndexPool.swap(bytes)
 writer effect     -> contracts/pool/IndexPool.sol:190
 written member    -> ('SV', 'contracts/pool/IndexPool.sol', 'IndexPool.records')
 potentially stale -> ('MS', 'contracts/pool/IndexPool.sol', 'IndexPool.tokens', '@local::contracts/pool/IndexPool.sol::IndexPool.mint(bytes)::LocalVariable::i_2')
 reader witnesses  -> 1
 storage exposures -> 1
[MV-SI candidate b5cc0cfc7d2d26188d15] {barFee, kLast}
 writer root       -> contracts/pool/franchised/FranchisedConstantProductPool.sol::FranchisedConstantProductPool.burnSingle(bytes)
 writer effect     -> contracts/pool/franchised/FranchisedConstantProductPool.sol:191
 written member    -> ('SV', 'contracts/pool/franchised/FranchisedConstantProductPool.sol', 'FranchisedConstantProductPool.kLast')
 potentially stale -> ('SV', 'contracts/pool/franchised/FranchisedConstantProductPool.sol', 'FranchisedConstantProductPool.barFee')
 reader witnesses  -> 6
 storage exposures -> 1
[MV-SI candidate b9517698d6931a84b32f] {records, tokens[@local::contracts/pool/franchised/FranchisedIndexPool.sol::FranchisedIndexPool.mint(bytes)::LocalVariable::i_2], totalSupply}
 writer root       -> contracts/pool/franchised/FranchisedIndexPool.sol::FranchisedIndexPool.burnSingle(bytes)
 writer effect     -> contracts/pool/franchised/TridentFranchisedERC20.sol:150
 written member    -> ('SV', 'contracts/pool/franchised/TridentFranchisedERC20.sol', 'TridentFranchisedERC20.totalSupply')
 potentially stale -> ('MS', 'contracts/pool/franchised/FranchisedIndexPool.sol', 'FranchisedIndexPool.tokens', '@local::contracts/pool/franchised/FranchisedIndexPool.sol::FranchisedIndexPool.mint(bytes)::LocalVariable::i_2'), ('SV', 'contracts/pool/franchised/FranchisedIndexPool.sol', 'FranchisedIndexPool.records')
 reader witnesses  -> 4
 storage exposures -> 1
[MV-SI candidate ba8dc2f8843edd3a4a2f] {records, tokens[@local::contracts/pool/IndexPool.sol::IndexPool.mint(bytes)::LocalVariable::i_2]}
 writer root       -> contracts/pool/IndexPool.sol::IndexPool.burn(bytes)
 writer effect     -> contracts/pool/IndexPool.sol:136
 written member    -> ('SV', 'contracts/pool/IndexPool.sol', 'IndexPool.records')
 potentially stale -> ('MS', 'contracts/pool/IndexPool.sol', 'IndexPool.tokens', '@local::contracts/pool/IndexPool.sol::IndexPool.mint(bytes)::LocalVariable::i_2')
 reader witnesses  -> 1
 storage exposures -> 1
[MV-SI candidate bff7a85f4bc8d7283c1a] {records, tokens[@local::contracts/pool/franchised/FranchisedIndexPool.sol::FranchisedIndexPool.mint(bytes)::LocalVariable::i_2]}
 writer root       -> contracts/pool/franchised/FranchisedIndexPool.sol::FranchisedIndexPool.mint(bytes)
 writer effect     -> contracts/pool/franchised/FranchisedIndexPool.sol:114
 written member    -> ('SV', 'contracts/pool/franchised/FranchisedIndexPool.sol', 'FranchisedIndexPool.records')
 potentially stale -> ('MS', 'contracts/pool/franchised/FranchisedIndexPool.sol', 'FranchisedIndexPool.tokens', '@local::contracts/pool/franchised/FranchisedIndexPool.sol::FranchisedIndexPool.mint(bytes)::LocalVariable::i_2')
 reader witnesses  -> 1
 storage exposures -> 1
[MV-SI candidate c43148b4d65843bdd678] {records, tokens[@local::contracts/pool/franchised/FranchisedIndexPool.sol::FranchisedIndexPool.mint(bytes)::LocalVariable::i_2], totalSupply}
 writer root       -> contracts/pool/franchised/FranchisedIndexPool.sol::FranchisedIndexPool.swap(bytes)
 writer effect     -> contracts/pool/franchised/FranchisedIndexPool.sol:184
 written member    -> ('SV', 'contracts/pool/franchised/FranchisedIndexPool.sol', 'FranchisedIndexPool.records')
 potentially stale -> ('MS', 'contracts/pool/franchised/FranchisedIndexPool.sol', 'FranchisedIndexPool.tokens', '@local::contracts/pool/franchised/FranchisedIndexPool.sol::FranchisedIndexPool.mint(bytes)::LocalVariable::i_2'), ('SV', 'contracts/pool/franchised/TridentFranchisedERC20.sol', 'TridentFranchisedERC20.totalSupply')
 reader witnesses  -> 4
 storage exposures -> 1
[MV-SI candidate ca78ceda1ea1dd96727f] {barFee, kLast}
 writer root       -> contracts/workInProgress/Migrator.sol::Migrator.migrate(ConstantProductPool)
 writer effect     -> contracts/pool/ConstantProductPool.sol:146
 written member    -> ('SV', 'contracts/pool/ConstantProductPool.sol', 'ConstantProductPool.kLast')
 potentially stale -> ('SV', 'contracts/pool/ConstantProductPool.sol', 'ConstantProductPool.barFee')
 reader witnesses  -> 8
 storage exposures -> 1
[MV-SI candidate de5d6efcd7338993ea47] {barFee, kLast}
 writer root       -> contracts/pool/ConstantProductPool.sol::ConstantProductPool.updateBarFee()
 writer effect     -> contracts/pool/ConstantProductPool.sol:255
 written member    -> ('SV', 'contracts/pool/ConstantProductPool.sol', 'ConstantProductPool.barFee')
 potentially stale -> ('SV', 'contracts/pool/ConstantProductPool.sol', 'ConstantProductPool.kLast')
 reader witnesses  -> 8
 storage exposures -> 1
[MV-SI candidate e37577c09b447d42de78] {barFee, kLast, totalSupply}
 writer root       -> contracts/pool/franchised/FranchisedConstantProductPool.sol::FranchisedConstantProductPool.burn(bytes)
 writer effect     -> contracts/pool/franchised/TridentFranchisedERC20.sol:136
 written member    -> ('SV', 'contracts/pool/franchised/TridentFranchisedERC20.sol', 'TridentFranchisedERC20.totalSupply')
 potentially stale -> ('SV', 'contracts/pool/franchised/FranchisedConstantProductPool.sol', 'FranchisedConstantProductPool.barFee'), ('SV', 'contracts/pool/franchised/FranchisedConstantProductPool.sol', 'FranchisedConstantProductPool.kLast')
 reader witnesses  -> 12
 storage exposures -> 1
[MV-SI candidate e50884aa033c7f908fce] {records, tokens[@local::contracts/pool/franchised/FranchisedIndexPool.sol::FranchisedIndexPool.mint(bytes)::LocalVariable::i_2]}
 writer root       -> contracts/pool/franchised/FranchisedIndexPool.sol::FranchisedIndexPool.burnSingle(bytes)
 writer effect     -> contracts/pool/franchised/FranchisedIndexPool.sol:159
 written member    -> ('SV', 'contracts/pool/franchised/FranchisedIndexPool.sol', 'FranchisedIndexPool.records')
 potentially stale -> ('MS', 'contracts/pool/franchised/FranchisedIndexPool.sol', 'FranchisedIndexPool.tokens', '@local::contracts/pool/franchised/FranchisedIndexPool.sol::FranchisedIndexPool.mint(bytes)::LocalVariable::i_2')
 reader witnesses  -> 1
 storage exposures -> 1
[MV-SI candidate ecc43cda51519b22c191] {records, tokens[@local::contracts/pool/IndexPool.sol::IndexPool.mint(bytes)::LocalVariable::i_2], totalSupply}
 writer root       -> contracts/pool/IndexPool.sol::IndexPool.burn(bytes)
 writer effect     -> contracts/pool/IndexPool.sol:136
 written member    -> ('SV', 'contracts/pool/IndexPool.sol', 'IndexPool.records')
 potentially stale -> ('MS', 'contracts/pool/IndexPool.sol', 'IndexPool.tokens', '@local::contracts/pool/IndexPool.sol::IndexPool.mint(bytes)::LocalVariable::i_2'), ('SV', 'contracts/pool/TridentERC20.sol', 'TridentERC20.totalSupply')
 reader witnesses  -> 4
 storage exposures -> 1
[MV-SI candidate ed8920eecc0939b332c1] {barFee, kLast, totalSupply}
 writer root       -> contracts/workInProgress/Migrator.sol::Migrator.migrate(ConstantProductPool)
 writer effect     -> contracts/pool/ConstantProductPool.sol:146
 written member    -> ('SV', 'contracts/pool/ConstantProductPool.sol', 'ConstantProductPool.kLast')
 potentially stale -> ('SV', 'contracts/pool/ConstantProductPool.sol', 'ConstantProductPool.barFee'), ('SV', 'contracts/pool/TridentERC20.sol', 'TridentERC20.totalSupply')
 reader witnesses  -> 32
 storage exposures -> 1
[MV-SI candidate f5e3488bc5784d21e073] {barFee, kLast, totalSupply}
 writer root       -> contracts/pool/franchised/FranchisedConstantProductPool.sol::FranchisedConstantProductPool.updateBarFee()
 writer effect     -> contracts/pool/franchised/FranchisedConstantProductPool.sol:255
 written member    -> ('SV', 'contracts/pool/franchised/FranchisedConstantProductPool.sol', 'FranchisedConstantProductPool.barFee')
 potentially stale -> ('SV', 'contracts/pool/franchised/FranchisedConstantProductPool.sol', 'FranchisedConstantProductPool.kLast'), ('SV', 'contracts/pool/franchised/TridentFranchisedERC20.sol', 'TridentFranchisedERC20.totalSupply')
 reader witnesses  -> 24
 storage exposures -> 1
[MV-SI candidate f8f14aa4b3e12c068fd0] {barFee, kLast, totalSupply}
 writer root       -> contracts/pool/franchised/FranchisedConstantProductPool.sol::FranchisedConstantProductPool.burnSingle(bytes)
 writer effect     -> contracts/pool/franchised/TridentFranchisedERC20.sol:136
 written member    -> ('SV', 'contracts/pool/franchised/TridentFranchisedERC20.sol', 'TridentFranchisedERC20.totalSupply')
 potentially stale -> ('SV', 'contracts/pool/franchised/FranchisedConstantProductPool.sol', 'FranchisedConstantProductPool.barFee'), ('SV', 'contracts/pool/franchised/FranchisedConstantProductPool.sol', 'FranchisedConstantProductPool.kLast')
 reader witnesses  -> 12
 storage exposures -> 1
[MV-SI candidate fbe78aca81f8520ec3db] {barFee, kLast}
 writer root       -> contracts/pool/franchised/FranchisedConstantProductPool.sol::FranchisedConstantProductPool.updateBarFee()
 writer effect     -> contracts/pool/franchised/FranchisedConstantProductPool.sol:255
 written member    -> ('SV', 'contracts/pool/franchised/FranchisedConstantProductPool.sol', 'FranchisedConstantProductPool.barFee')
 potentially stale -> ('SV', 'contracts/pool/franchised/FranchisedConstantProductPool.sol', 'FranchisedConstantProductPool.kLast')
 reader witnesses  -> 6
 storage exposures -> 1
[MV-SI candidate fff560a701eacd6704cf] {barFee, kLast, totalSupply}
 writer root       -> contracts/pool/ConstantProductPool.sol::ConstantProductPool.burn(bytes)
 writer effect     -> contracts/pool/TridentERC20.sol:131
 written member    -> ('SV', 'contracts/pool/TridentERC20.sol', 'TridentERC20.totalSupply')
 potentially stale -> ('SV', 'contracts/pool/ConstantProductPool.sol', 'ConstantProductPool.barFee'), ('SV', 'contracts/pool/ConstantProductPool.sol', 'ConstantProductPool.kLast')
 reader witnesses  -> 16
 storage exposures -> 1Reference: https://github.com/crytic/slither/wiki/Detector-Documentation
[mvscan-config] {"ATOMIC_GROUP": [], "DIVERGENCE_BUDGET": 1000, "ENABLE_BRANCH_GROUPS": true, "ENABLE_EXTERNAL_STATE": true, "ENABLE_MULTI_RETURN_GROUPS": true, "MAPPING_MODE": "precise", "MERGE_OVERLOADS": false, "MVSCAN_ABLATION": "full", "MVSCAN_CONTEXTUAL_KEYS": true, "MVSCAN_INCLUDE_SCALAR_WITNESSES": false, "MVSCAN_INTERFACE_DISPATCH": false, "MVSCAN_MAX_CONTEXTS_PER_OWNER_BLOCK": 128, "MVSCAN_MAX_DISPATCH_TARGETS": 16, "MVSCAN_REQUIRE_DISTINCT_OUTER_ROOTS": false, "MVSCAN_ROOT_CONTEXT_SINKS": false, "NOOP_WRITE_FILTER": true, "REQUIRE_SAME_SLOT_KEY": true, "SINK_TEST": "none", "USER_CALLABLE_ALWAYS": [], "USER_CALLABLE_DENY": []}
[mvscan-stage] icfg-built blocks=86 vars=6
[mvscan-stage] root-seeding-done eligible_exposures=21 seeded=8 multi_exposure_entry_blocks=8 collapsed_contextual_aliases=13 excluded_dependency=0 excluded_interface=6 excluded_library=0 excluded_abstract=0 missing_entry_point=0 missing_entry_block=0
[mvscan-pairs] call_target_digest=2e4028023227f6f42c4c82d5e9e9c8d22d853d046779b8adeff49503ed0344b6 candidate_count=0 candidate_digest=4f53cda18c2baa0c0354bb5f9a3ecbe5ed12ab4d8e11ba873c2f11161202b945 context_instance_count=0 execution_context_digest=78c9888a2ed63430473e2a9dac3abf22c2f429a6ea7e62621928b2d6a5a51eee invalid_partial_write_filtered=0 must_full_relation_filtered=0 omitted_member_evidence_filtered=0 omitted_member_not_sensitive_filtered=0 owner_context_pairs=0 owner_context_pairs_considered=0 reader_witness_count=0 relation_base_members_shadowed=0 relation_context_incompatible=0 relation_digest=4f53cda18c2baa0c0354bb5f9a3ecbe5ed12ab4d8e11ba873c2f11161202b945 relation_members_raw=4 relation_origins_rejected_unary_after_shadowing=4 relation_origins_rejected_unreachable=5 relation_origins_seen=4 root_context_sink_filtered=0 same_outer_root_filtered=0 scalar_variables_skipped=4 storage_context_mismatch=0 variables_considered=4
[mvscan-config] {"ATOMIC_GROUP": [], "DIVERGENCE_BUDGET": 1000, "ENABLE_BRANCH_GROUPS": true, "ENABLE_EXTERNAL_STATE": true, "ENABLE_MULTI_RETURN_GROUPS": true, "MAPPING_MODE": "precise", "MERGE_OVERLOADS": false, "MVSCAN_ABLATION": "full", "MVSCAN_CONTEXTUAL_KEYS": true, "MVSCAN_INCLUDE_SCALAR_WITNESSES": false, "MVSCAN_INTERFACE_DISPATCH": false, "MVSCAN_MAX_CONTEXTS_PER_OWNER_BLOCK": 128, "MVSCAN_MAX_DISPATCH_TARGETS": 16, "MVSCAN_REQUIRE_DISTINCT_OUTER_ROOTS": false, "MVSCAN_ROOT_CONTEXT_SINKS": false, "NOOP_WRITE_FILTER": true, "REQUIRE_SAME_SLOT_KEY": true, "SINK_TEST": "none", "USER_CALLABLE_ALWAYS": [], "USER_CALLABLE_DENY": []}
[mvscan-stage] icfg-built blocks=57 vars=8
[mvscan-stage] root-seeding-done eligible_exposures=4 seeded=4 multi_exposure_entry_blocks=0 collapsed_contextual_aliases=0 excluded_dependency=0 excluded_interface=0 excluded_library=0 excluded_abstract=0 missing_entry_point=0 missing_entry_block=0
[mvscan-pairs] call_target_digest=491c3bf4ff4d01b9768ee24e1da3f7208da2e95e5081567502cbfc4d8df6faa5 candidate_count=0 candidate_digest=4f53cda18c2baa0c0354bb5f9a3ecbe5ed12ab4d8e11ba873c2f11161202b945 context_instance_count=0 execution_context_digest=65449fdb021b371567d6d0a1c8cc4b876e1ff5185186646c28ccbe3bf3b6c248 invalid_partial_write_filtered=0 must_full_relation_filtered=0 omitted_member_evidence_filtered=0 omitted_member_not_sensitive_filtered=0 owner_context_pairs=0 owner_context_pairs_considered=0 reader_witness_count=0 relation_base_members_shadowed=1 relation_context_incompatible=0 relation_digest=4f53cda18c2baa0c0354bb5f9a3ecbe5ed12ab4d8e11ba873c2f11161202b945 relation_members_raw=4 relation_origins_rejected_unary_after_shadowing=3 relation_origins_seen=3 root_context_sink_filtered=0 same_outer_root_filtered=0 scalar_variables_skipped=3 storage_context_mismatch=0 variables_considered=3
INFO:Slither:. analyzed (57 contracts with 1 detectors), 70 result(s) found
