Problem executing hardhat to fetch configuration, using defaults: [Errno 2] No such file or directory: 'hardhat'
[mvscan-config] {"ATOMIC_GROUP": [], "DIVERGENCE_BUDGET": 1000, "ENABLE_BRANCH_GROUPS": true, "ENABLE_EXTERNAL_STATE": true, "ENABLE_MULTI_RETURN_GROUPS": true, "MAPPING_MODE": "base_collapsed", "MERGE_OVERLOADS": false, "MVSCAN_ABLATION": "mapping_insensitive", "MVSCAN_CONTEXTUAL_KEYS": true, "MVSCAN_INCLUDE_SCALAR_WITNESSES": false, "MVSCAN_INTERFACE_DISPATCH": false, "MVSCAN_MAX_CONTEXTS_PER_OWNER_BLOCK": 128, "MVSCAN_MAX_DISPATCH_TARGETS": 16, "MVSCAN_REQUIRE_DISTINCT_OUTER_ROOTS": false, "MVSCAN_ROOT_CONTEXT_SINKS": false, "NOOP_WRITE_FILTER": true, "REQUIRE_SAME_SLOT_KEY": false, "SINK_TEST": "none", "USER_CALLABLE_ALWAYS": [], "USER_CALLABLE_DENY": []}
[mvscan-stage] icfg-built blocks=29 vars=5
[mvscan-stage] root-seeding-done eligible_exposures=5 seeded=5 multi_exposure_entry_blocks=0 collapsed_contextual_aliases=0 excluded_dependency=0 excluded_interface=0 excluded_library=0 excluded_abstract=0 missing_entry_point=0 missing_entry_block=0
[mvscan-pairs] call_target_digest=797108fa6582b8cdacfa7888874cdabe7d65c0c84ebff57de6b4f719fcf53961 candidate_count=0 candidate_digest=4f53cda18c2baa0c0354bb5f9a3ecbe5ed12ab4d8e11ba873c2f11161202b945 context_instance_count=0 execution_context_digest=c3b23d7f5296b45b950130a10c190abf488b6dd2df53df47c76fe9262092f2e6 invalid_partial_write_filtered=0 must_full_relation_filtered=0 omitted_member_evidence_filtered=0 omitted_member_not_sensitive_filtered=0 owner_context_pairs=0 owner_context_pairs_considered=0 reader_witness_count=0 relation_base_members_shadowed=0 relation_context_incompatible=0 relation_digest=4f53cda18c2baa0c0354bb5f9a3ecbe5ed12ab4d8e11ba873c2f11161202b945 relation_members_raw=4 relation_origins_rejected_unary_after_shadowing=4 relation_origins_seen=4 root_context_sink_filtered=0 same_outer_root_filtered=0 scalar_variables_skipped=2 storage_context_mismatch=0 variables_considered=2
[mvscan-config] {"ATOMIC_GROUP": [], "DIVERGENCE_BUDGET": 1000, "ENABLE_BRANCH_GROUPS": true, "ENABLE_EXTERNAL_STATE": true, "ENABLE_MULTI_RETURN_GROUPS": true, "MAPPING_MODE": "base_collapsed", "MERGE_OVERLOADS": false, "MVSCAN_ABLATION": "mapping_insensitive", "MVSCAN_CONTEXTUAL_KEYS": true, "MVSCAN_INCLUDE_SCALAR_WITNESSES": false, "MVSCAN_INTERFACE_DISPATCH": false, "MVSCAN_MAX_CONTEXTS_PER_OWNER_BLOCK": 128, "MVSCAN_MAX_DISPATCH_TARGETS": 16, "MVSCAN_REQUIRE_DISTINCT_OUTER_ROOTS": false, "MVSCAN_ROOT_CONTEXT_SINKS": false, "NOOP_WRITE_FILTER": true, "REQUIRE_SAME_SLOT_KEY": false, "SINK_TEST": "none", "USER_CALLABLE_ALWAYS": [], "USER_CALLABLE_DENY": []}
[mvscan-stage] icfg-built blocks=38 vars=7
[mvscan-stage] root-seeding-done eligible_exposures=5 seeded=5 multi_exposure_entry_blocks=0 collapsed_contextual_aliases=0 excluded_dependency=0 excluded_interface=0 excluded_library=0 excluded_abstract=0 missing_entry_point=0 missing_entry_block=0
[mvscan-pairs] call_target_digest=c789d5b851a9b46404faf6ba7f8c9147c3e19e3fc1efff3532d85b3c253c7268 candidate_count=0 candidate_digest=4f53cda18c2baa0c0354bb5f9a3ecbe5ed12ab4d8e11ba873c2f11161202b945 context_instance_count=0 execution_context_digest=38f08c9e157c9693b584cc75e59c66b0c8ccdacc05229c5efa7d81e82c8a5264 invalid_partial_write_filtered=0 must_full_relation_filtered=0 omitted_member_evidence_filtered=0 omitted_member_not_sensitive_filtered=0 owner_context_pairs=0 owner_context_pairs_considered=0 reader_witness_count=0 relation_base_members_shadowed=0 relation_context_incompatible=0 relation_digest=4f53cda18c2baa0c0354bb5f9a3ecbe5ed12ab4d8e11ba873c2f11161202b945 relation_members_raw=3 relation_origins_rejected_unary_after_shadowing=3 relation_origins_rejected_unreachable=1 relation_origins_seen=3 root_context_sink_filtered=0 same_outer_root_filtered=0 scalar_variables_skipped=4 storage_context_mismatch=0 variables_considered=4
[mvscan-config] {"ATOMIC_GROUP": [], "DIVERGENCE_BUDGET": 1000, "ENABLE_BRANCH_GROUPS": true, "ENABLE_EXTERNAL_STATE": true, "ENABLE_MULTI_RETURN_GROUPS": true, "MAPPING_MODE": "base_collapsed", "MERGE_OVERLOADS": false, "MVSCAN_ABLATION": "mapping_insensitive", "MVSCAN_CONTEXTUAL_KEYS": true, "MVSCAN_INCLUDE_SCALAR_WITNESSES": false, "MVSCAN_INTERFACE_DISPATCH": false, "MVSCAN_MAX_CONTEXTS_PER_OWNER_BLOCK": 128, "MVSCAN_MAX_DISPATCH_TARGETS": 16, "MVSCAN_REQUIRE_DISTINCT_OUTER_ROOTS": false, "MVSCAN_ROOT_CONTEXT_SINKS": false, "NOOP_WRITE_FILTER": true, "REQUIRE_SAME_SLOT_KEY": false, "SINK_TEST": "none", "USER_CALLABLE_ALWAYS": [], "USER_CALLABLE_DENY": []}
Traceback (most recent call last):
  File "/usr/local/bin/slither", line 8, in <module>
    sys.exit(main())
  File "/usr/local/lib/python3.10/site-packages/slither/__main__.py", line 776, in main
    main_impl(all_detector_classes=detectors, all_printer_classes=printers)
  File "/usr/local/lib/python3.10/site-packages/slither/__main__.py", line 882, in main_impl
    ) = process_all(filename, args, detector_classes, printer_classes)
  File "/usr/local/lib/python3.10/site-packages/slither/__main__.py", line 107, in process_all
    ) = process_single(compilation, args, detector_classes, printer_classes)
  File "/usr/local/lib/python3.10/site-packages/slither/__main__.py", line 87, in process_single
    return _process(slither, detector_classes, printer_classes)
  File "/usr/local/lib/python3.10/site-packages/slither/__main__.py", line 137, in _process
    detector_resultss = slither.run_detectors()
  File "/usr/local/lib/python3.10/site-packages/slither/slither.py", line 292, in run_detectors
    results = [d.detect() for d in self._detectors]
  File "/usr/local/lib/python3.10/site-packages/slither/slither.py", line 292, in <listcomp>
    results = [d.detect() for d in self._detectors]
  File "/usr/local/lib/python3.10/site-packages/slither/detectors/abstract_detector.py", line 203, in detect
    for r in [output.data for output in self._detect()]:
  File "/mnt/detector/mvscan_plugin/inconsistent_state.py", line 1051, in _detect
    icfg = build_icfg(self.compilation_unit)
  File "/mnt/detector/mvscan_plugin/inconsistent_state.py", line 548, in build_icfg
    icfg.precompute_return_summaries(functions)
  File "/mnt/detector/mvscan_plugin/utils/icfg.py", line 1375, in precompute_return_summaries
    summaries = _compute_function_influence_summaries(functions, keep=None, target_resolver=self.resolve_call_functions)
  File "/mnt/detector/mvscan_plugin/utils/icfg.py", line 1011, in _compute_function_influence_summaries
    candidate = _analyze_function_influence(fn, keep, summaries, target_resolver=target_resolver)
  File "/mnt/detector/mvscan_plugin/utils/icfg.py", line 854, in _analyze_function_influence
    argument_origins = [_origins_for_operand(argt, bid, origins, reference_locations) for argt in arguments]
  File "/mnt/detector/mvscan_plugin/utils/icfg.py", line 854, in <listcomp>
    argument_origins = [_origins_for_operand(argt, bid, origins, reference_locations) for argt in arguments]
  File "/mnt/detector/mvscan_plugin/utils/icfg.py", line 684, in _origins_for_operand
    result = set(origins.get(operand, set()))
TypeError: unhashable type: 'list'
