Problem executing hardhat to fetch configuration, using defaults: [Errno 2] No such file or directory: 'hardhat'
ERROR:ContractSolcParsing:Impossible to generate IR for Zap.calcMintWithRen (contracts/Zap.sol#177-183):
 'list' object has no attribute 'type'
ERROR:ContractSolcParsing:Impossible to generate IR for Zap.calcMintWithWbtc (contracts/Zap.sol#196-203):
 'list' object has no attribute 'type'
[mvscan-config] {"ATOMIC_GROUP": [], "DIVERGENCE_BUDGET": 1000, "ENABLE_BRANCH_GROUPS": true, "ENABLE_EXTERNAL_STATE": true, "ENABLE_MULTI_RETURN_GROUPS": false, "MAPPING_MODE": "precise", "MERGE_OVERLOADS": false, "MVSCAN_ABLATION": "no_multi_return_groups", "MVSCAN_CONTEXTUAL_KEYS": true, "MVSCAN_INCLUDE_SCALAR_WITNESSES": false, "MVSCAN_INTERFACE_DISPATCH": false, "MVSCAN_MAX_CONTEXTS_PER_OWNER_BLOCK": 128, "MVSCAN_MAX_DISPATCH_TARGETS": 16, "MVSCAN_REQUIRE_DISTINCT_OUTER_ROOTS": false, "MVSCAN_ROOT_CONTEXT_SINKS": false, "NOOP_WRITE_FILTER": true, "REQUIRE_SAME_SLOT_KEY": true, "SINK_TEST": "none", "USER_CALLABLE_ALWAYS": [], "USER_CALLABLE_DENY": []}
[mvscan-stage] icfg-built blocks=1780 vars=61
[mvscan-stage] root-seeding-done eligible_exposures=101 seeded=65 multi_exposure_entry_blocks=12 collapsed_contextual_aliases=36 excluded_dependency=0 excluded_interface=38 excluded_library=0 excluded_abstract=4 missing_entry_point=0 missing_entry_block=0
[mvscan-pairs] call_target_digest=36f06783a0f923cd988e64b4e12b82b896398850b6bea64d4a248530a1203925 candidate_count=14 candidate_digest=6e195dc90a8e67cf662f9cacdda0720572d24e9000be6bf52fc41ba6b1acd7b5 context_instance_count=46 eligible_readers=8 eligible_writers=9 execution_context_digest=4077766f8cdb13d8f7e564a9206cb23d0cff5da25deaaadd2f500140c87d4c33 insensitive_readers_filtered=4 invalid_partial_write_filtered=0 must_full_relation_filtered=0 omitted_member_evidence_filtered=0 omitted_member_not_sensitive_filtered=0 owner_context_pairs=46 owner_context_pairs_considered=279 raw_block_pairs=24 reader_witness_count=46 relation_base_members_shadowed=6 relation_context_incompatible=33 relation_digest=e616196cc2e382cbf86e821df349eb6df07973901c386e0b9f64844058622b73 relation_members_raw=34 relation_origins_registered=3 relation_origins_rejected_unary_after_shadowing=22 relation_origins_seen=25 relation_unbound_key_templates=9 root_context_sink_filtered=0 same_outer_root_filtered=0 same_static_block_filtered=1 scalar_variables_skipped=34 storage_context_mismatch=200 variables_considered=37
INFO:Detectors:

[MV-SI candidate 0feec6a94da3d16f7ea8] {approved[$sender], blockLock[$sender]}
 writer root       -> contracts/Zap.sol::Zap.revokeContractAccess(address)
 writer effect     -> contracts/common/AccessControlDefended.sol:30
 written member    -> ('MS', 'contracts/common/AccessControlDefended.sol', 'AccessControlDefendedBase.approved', '$sender')
 potentially stale -> ('MS', 'contracts/common/AccessControlDefended.sol', 'AccessControlDefendedBase.blockLock', '$sender')
 reader witnesses  -> 2
 storage exposures -> 1
[MV-SI candidate 22970b88ac79c42e990f] {approved[$sender], blockLock[$sender]}
 writer root       -> contracts/peaks/BadgerYearnWbtcPeak.sol::BadgerYearnWbtcPeak.redeem(uint256)
 writer effect     -> contracts/common/AccessControlDefended.sol:22
 written member    -> ('MS', 'contracts/common/AccessControlDefended.sol', 'AccessControlDefendedBase.blockLock', '$sender')
 potentially stale -> ('MS', 'contracts/common/AccessControlDefended.sol', 'AccessControlDefendedBase.approved', '$sender')
 reader witnesses  -> 4
 storage exposures -> 1
[MV-SI candidate 2aec865f24748f29b854] {approved[$sender], blockLock[$sender]}
 writer root       -> contracts/common/AccessControlDefended.sol::AccessControlDefended.revokeContractAccess(address)
 writer effect     -> contracts/common/AccessControlDefended.sol:30
 written member    -> ('MS', 'contracts/common/AccessControlDefended.sol', 'AccessControlDefendedBase.approved', '$sender')
 potentially stale -> ('MS', 'contracts/common/AccessControlDefended.sol', 'AccessControlDefendedBase.blockLock', '$sender')
 reader witnesses  -> 6
 storage exposures -> 3
[MV-SI candidate 3e2ae7acc7a3ad7b8ead] {approved[$sender], blockLock[$sender]}
 writer root       -> contracts/peaks/BadgerSettPeak.sol::BadgerSettPeak.mint(uint256,uint256,bytes32[])
 writer effect     -> contracts/common/AccessControlDefended.sol:22
 written member    -> ('MS', 'contracts/common/AccessControlDefended.sol', 'AccessControlDefendedBase.blockLock', '$sender')
 potentially stale -> ('MS', 'contracts/common/AccessControlDefended.sol', 'AccessControlDefendedBase.approved', '$sender')
 reader witnesses  -> 4
 storage exposures -> 1
[MV-SI candidate 4e2a1d909ecbf9e78113] {approved[$sender], blockLock[$sender]}
 writer root       -> contracts/Zap.sol::Zap.approveContractAccess(address)
 writer effect     -> contracts/common/AccessControlDefended.sol:26
 written member    -> ('MS', 'contracts/common/AccessControlDefended.sol', 'AccessControlDefendedBase.approved', '$sender')
 potentially stale -> ('MS', 'contracts/common/AccessControlDefended.sol', 'AccessControlDefendedBase.blockLock', '$sender')
 reader witnesses  -> 2
 storage exposures -> 1
[MV-SI candidate 789003ecc678220b069e] {approved[$sender], blockLock[$sender]}
 writer root       -> contracts/test/SaddlePeak.sol::SaddlePeak.redeem(uint256,uint256)
 writer effect     -> contracts/common/AccessControlDefended.sol:22
 written member    -> ('MS', 'contracts/common/AccessControlDefended.sol', 'AccessControlDefendedBase.blockLock', '$sender')
 potentially stale -> ('MS', 'contracts/common/AccessControlDefended.sol', 'AccessControlDefendedBase.approved', '$sender')
 reader witnesses  -> 4
 storage exposures -> 1
[MV-SI candidate 807de10c641fb841878c] {approved[$sender], blockLock[$sender]}
 writer root       -> contracts/peaks/BadgerYearnWbtcPeak.sol::BadgerYearnWbtcPeak.mint(uint256,bytes32[])
 writer effect     -> contracts/common/AccessControlDefended.sol:22
 written member    -> ('MS', 'contracts/common/AccessControlDefended.sol', 'AccessControlDefendedBase.blockLock', '$sender')
 potentially stale -> ('MS', 'contracts/common/AccessControlDefended.sol', 'AccessControlDefendedBase.approved', '$sender')
 reader witnesses  -> 4
 storage exposures -> 1
[MV-SI candidate 8547efbbdf421c69db45] {approved[$sender], blockLock[$sender]}
 writer root       -> contracts/common/AccessControlDefended.sol::AccessControlDefended.approveContractAccess(address)
 writer effect     -> contracts/common/AccessControlDefended.sol:26
 written member    -> ('MS', 'contracts/common/AccessControlDefended.sol', 'AccessControlDefendedBase.approved', '$sender')
 potentially stale -> ('MS', 'contracts/common/AccessControlDefended.sol', 'AccessControlDefendedBase.blockLock', '$sender')
 reader witnesses  -> 6
 storage exposures -> 3
[MV-SI candidate 90d1b0c084e456511017] {approved[$sender], blockLock[$sender]}
 writer root       -> contracts/peaks/BadgerSettPeak.sol::BadgerSettPeak.redeem(uint256,uint256)
 writer effect     -> contracts/common/AccessControlDefended.sol:22
 written member    -> ('MS', 'contracts/common/AccessControlDefended.sol', 'AccessControlDefendedBase.blockLock', '$sender')
 potentially stale -> ('MS', 'contracts/common/AccessControlDefended.sol', 'AccessControlDefendedBase.approved', '$sender')
 reader witnesses  -> 4
 storage exposures -> 1
[MV-SI candidate c8b9cc4adf737a5563b1] {approved[$sender], blockLock[$sender]}
 writer root       -> contracts/test/SaddlePeak.sol::SaddlePeak.mint(uint256,uint256,bytes32[])
 writer effect     -> contracts/common/AccessControlDefended.sol:22
 written member    -> ('MS', 'contracts/common/AccessControlDefended.sol', 'AccessControlDefendedBase.blockLock', '$sender')
 potentially stale -> ('MS', 'contracts/common/AccessControlDefended.sol', 'AccessControlDefendedBase.approved', '$sender')
 reader witnesses  -> 4
 storage exposures -> 1
[MV-SI candidate d76e554bdc9a59915173] {_initialized, _initializing}
 writer root       -> contracts/Zap.sol::Zap.init(address)
 writer effect     -> @openzeppelin/contracts/proxy/Initializable.sol:47
 written member    -> ('SV', '@openzeppelin/contracts/proxy/Initializable.sol', 'Initializable._initializing')
 potentially stale -> ('SV', '@openzeppelin/contracts/proxy/Initializable.sol', 'Initializable._initialized')
 reader witnesses  -> 1
 storage exposures -> 1
[MV-SI candidate e31af546159654024c56] {_initialized, _initializing}
 writer root       -> contracts/Zap.sol::Zap.init(address)
 writer effect     -> @openzeppelin/contracts/proxy/Initializable.sol:41
 written member    -> ('SV', '@openzeppelin/contracts/proxy/Initializable.sol', 'Initializable._initialized')
 potentially stale -> ('SV', '@openzeppelin/contracts/proxy/Initializable.sol', 'Initializable._initializing')
 reader witnesses  -> 2
 storage exposures -> 1
[MV-SI candidate e7e1419a2cd96a8d94bc] {peakAddresses, peaks[@local::contracts/Core.sol::Core.totalSystemAssets()::ReferenceVariable::REF_102]}
 writer root       -> contracts/Core.sol::Core.whitelistPeak(address)
 writer effect     -> contracts/Core.sol:166
 written member    -> ('SV', 'contracts/Core.sol', 'Core.peakAddresses')
 potentially stale -> ('MS', 'contracts/Core.sol', 'Core.peaks', '@local::contracts/Core.sol::Core.totalSystemAssets()::ReferenceVariable::REF_102')
 reader witnesses  -> 2
 storage exposures -> 1
[MV-SI candidate f94d0ee84bf23b8e7c0c] {_initialized, _initializing}
 writer root       -> contracts/Zap.sol::Zap.init(address)
 writer effect     -> @openzeppelin/contracts/proxy/Initializable.sol:40
 written member    -> ('SV', '@openzeppelin/contracts/proxy/Initializable.sol', 'Initializable._initializing')
 potentially stale -> ('SV', '@openzeppelin/contracts/proxy/Initializable.sol', 'Initializable._initialized')
 reader witnesses  -> 1
 storage exposures -> 1Reference: https://github.com/crytic/slither/wiki/Detector-Documentation
INFO:Slither:. analyzed (53 contracts with 1 detectors), 14 result(s) found
