--ignore-compile used, if something goes wrong, consider removing the ignore compile flag
[mvscan-config] {"ATOMIC_GROUP": [], "DIVERGENCE_BUDGET": 1000, "ENABLE_BRANCH_GROUPS": true, "ENABLE_EXTERNAL_STATE": true, "ENABLE_MULTI_RETURN_GROUPS": false, "MAPPING_MODE": "precise", "MERGE_OVERLOADS": false, "MVSCAN_ABLATION": "no_multi_return_groups", "MVSCAN_CONTEXTUAL_KEYS": true, "MVSCAN_INCLUDE_SCALAR_WITNESSES": false, "MVSCAN_INTERFACE_DISPATCH": false, "MVSCAN_MAX_CONTEXTS_PER_OWNER_BLOCK": 128, "MVSCAN_MAX_DISPATCH_TARGETS": 16, "MVSCAN_REQUIRE_DISTINCT_OUTER_ROOTS": false, "MVSCAN_ROOT_CONTEXT_SINKS": false, "NOOP_WRITE_FILTER": true, "REQUIRE_SAME_SLOT_KEY": true, "SINK_TEST": "none", "USER_CALLABLE_ALWAYS": [], "USER_CALLABLE_DENY": []}
[mvscan-stage] icfg-built blocks=0 vars=0
[mvscan-stage] root-seeding-done eligible_exposures=0 seeded=0 multi_exposure_entry_blocks=0 collapsed_contextual_aliases=0 excluded_dependency=0 excluded_interface=1 excluded_library=0 excluded_abstract=0 missing_entry_point=0 missing_entry_block=0
[mvscan-pairs] call_target_digest=4f53cda18c2baa0c0354bb5f9a3ecbe5ed12ab4d8e11ba873c2f11161202b945 candidate_count=0 candidate_digest=4f53cda18c2baa0c0354bb5f9a3ecbe5ed12ab4d8e11ba873c2f11161202b945 context_instance_count=0 execution_context_digest=4f53cda18c2baa0c0354bb5f9a3ecbe5ed12ab4d8e11ba873c2f11161202b945 invalid_partial_write_filtered=0 must_full_relation_filtered=0 omitted_member_evidence_filtered=0 omitted_member_not_sensitive_filtered=0 owner_context_pairs=0 owner_context_pairs_considered=0 reader_witness_count=0 relation_context_incompatible=0 relation_digest=4f53cda18c2baa0c0354bb5f9a3ecbe5ed12ab4d8e11ba873c2f11161202b945 root_context_sink_filtered=0 same_outer_root_filtered=0 storage_context_mismatch=0
[mvscan-config] {"ATOMIC_GROUP": [], "DIVERGENCE_BUDGET": 1000, "ENABLE_BRANCH_GROUPS": true, "ENABLE_EXTERNAL_STATE": true, "ENABLE_MULTI_RETURN_GROUPS": false, "MAPPING_MODE": "precise", "MERGE_OVERLOADS": false, "MVSCAN_ABLATION": "no_multi_return_groups", "MVSCAN_CONTEXTUAL_KEYS": true, "MVSCAN_INCLUDE_SCALAR_WITNESSES": false, "MVSCAN_INTERFACE_DISPATCH": false, "MVSCAN_MAX_CONTEXTS_PER_OWNER_BLOCK": 128, "MVSCAN_MAX_DISPATCH_TARGETS": 16, "MVSCAN_REQUIRE_DISTINCT_OUTER_ROOTS": false, "MVSCAN_ROOT_CONTEXT_SINKS": false, "NOOP_WRITE_FILTER": true, "REQUIRE_SAME_SLOT_KEY": true, "SINK_TEST": "none", "USER_CALLABLE_ALWAYS": [], "USER_CALLABLE_DENY": []}
[mvscan-stage] icfg-built blocks=13 vars=0
[mvscan-stage] root-seeding-done eligible_exposures=0 seeded=0 multi_exposure_entry_blocks=0 collapsed_contextual_aliases=0 excluded_dependency=0 excluded_interface=0 excluded_library=0 excluded_abstract=0 missing_entry_point=0 missing_entry_block=0
[mvscan-pairs] call_target_digest=4f53cda18c2baa0c0354bb5f9a3ecbe5ed12ab4d8e11ba873c2f11161202b945 candidate_count=0 candidate_digest=4f53cda18c2baa0c0354bb5f9a3ecbe5ed12ab4d8e11ba873c2f11161202b945 context_instance_count=0 execution_context_digest=4f53cda18c2baa0c0354bb5f9a3ecbe5ed12ab4d8e11ba873c2f11161202b945 invalid_partial_write_filtered=0 must_full_relation_filtered=0 omitted_member_evidence_filtered=0 omitted_member_not_sensitive_filtered=0 owner_context_pairs=0 owner_context_pairs_considered=0 reader_witness_count=0 relation_context_incompatible=0 relation_digest=4f53cda18c2baa0c0354bb5f9a3ecbe5ed12ab4d8e11ba873c2f11161202b945 root_context_sink_filtered=0 same_outer_root_filtered=0 storage_context_mismatch=0
[mvscan-config] {"ATOMIC_GROUP": [], "DIVERGENCE_BUDGET": 1000, "ENABLE_BRANCH_GROUPS": true, "ENABLE_EXTERNAL_STATE": true, "ENABLE_MULTI_RETURN_GROUPS": false, "MAPPING_MODE": "precise", "MERGE_OVERLOADS": false, "MVSCAN_ABLATION": "no_multi_return_groups", "MVSCAN_CONTEXTUAL_KEYS": true, "MVSCAN_INCLUDE_SCALAR_WITNESSES": false, "MVSCAN_INTERFACE_DISPATCH": false, "MVSCAN_MAX_CONTEXTS_PER_OWNER_BLOCK": 128, "MVSCAN_MAX_DISPATCH_TARGETS": 16, "MVSCAN_REQUIRE_DISTINCT_OUTER_ROOTS": false, "MVSCAN_ROOT_CONTEXT_SINKS": false, "NOOP_WRITE_FILTER": true, "REQUIRE_SAME_SLOT_KEY": true, "SINK_TEST": "none", "USER_CALLABLE_ALWAYS": [], "USER_CALLABLE_DENY": []}
[mvscan-stage] icfg-built blocks=375 vars=15
[mvscan-stage] root-seeding-done eligible_exposures=11 seeded=11 multi_exposure_entry_blocks=0 collapsed_contextual_aliases=0 excluded_dependency=0 excluded_interface=9 excluded_library=0 excluded_abstract=5 missing_entry_point=0 missing_entry_block=0
[mvscan-pairs] call_target_digest=79e324d5cf1ba9b253f048ff06cba270a02a953fbd32308da77e9d6bec825cc8 candidate_count=0 candidate_digest=4f53cda18c2baa0c0354bb5f9a3ecbe5ed12ab4d8e11ba873c2f11161202b945 context_instance_count=0 execution_context_digest=9ff4bd3b6f47055aca095083fa5abc5a0f041c31ccd9713a8093ef27f7171110 invalid_partial_write_filtered=0 must_full_relation_filtered=0 omitted_member_evidence_filtered=0 omitted_member_not_sensitive_filtered=0 owner_context_pairs=0 owner_context_pairs_considered=0 reader_witness_count=0 relation_base_members_shadowed=0 relation_context_incompatible=0 relation_digest=4f53cda18c2baa0c0354bb5f9a3ecbe5ed12ab4d8e11ba873c2f11161202b945 relation_members_raw=8 relation_origins_rejected_unary_after_shadowing=8 relation_origins_seen=8 root_context_sink_filtered=0 same_outer_root_filtered=0 scalar_variables_skipped=6 storage_context_mismatch=0 variables_considered=6
[mvscan-config] {"ATOMIC_GROUP": [], "DIVERGENCE_BUDGET": 1000, "ENABLE_BRANCH_GROUPS": true, "ENABLE_EXTERNAL_STATE": true, "ENABLE_MULTI_RETURN_GROUPS": false, "MAPPING_MODE": "precise", "MERGE_OVERLOADS": false, "MVSCAN_ABLATION": "no_multi_return_groups", "MVSCAN_CONTEXTUAL_KEYS": true, "MVSCAN_INCLUDE_SCALAR_WITNESSES": false, "MVSCAN_INTERFACE_DISPATCH": false, "MVSCAN_MAX_CONTEXTS_PER_OWNER_BLOCK": 128, "MVSCAN_MAX_DISPATCH_TARGETS": 16, "MVSCAN_REQUIRE_DISTINCT_OUTER_ROOTS": false, "MVSCAN_ROOT_CONTEXT_SINKS": false, "NOOP_WRITE_FILTER": true, "REQUIRE_SAME_SLOT_KEY": true, "SINK_TEST": "none", "USER_CALLABLE_ALWAYS": [], "USER_CALLABLE_DENY": []}
[mvscan-stage] icfg-built blocks=405 vars=21
[mvscan-stage] root-seeding-done eligible_exposures=16 seeded=11 multi_exposure_entry_blocks=5 collapsed_contextual_aliases=5 excluded_dependency=0 excluded_interface=9 excluded_library=0 excluded_abstract=3 missing_entry_point=0 missing_entry_block=0
[mvscan-pairs] call_target_digest=a76409f0e021853cb9f72b03c1a8e900528cdea5e3086deb4dc911c9a5365d8c candidate_count=1 candidate_digest=e3405c8792452ec7ed6d9aa441e84d554b7b6af044ae8273bf2a9d8c6e024be3 context_instance_count=1 eligible_readers=3 eligible_writers=1 execution_context_digest=3e0edf5f94222238fe7c581373e1f3eb2937208470ca4599175e276834792334 insensitive_readers_filtered=1 invalid_partial_write_filtered=0 must_full_relation_filtered=0 omitted_member_evidence_filtered=0 omitted_member_not_sensitive_filtered=0 owner_context_pairs=1 owner_context_pairs_considered=2 raw_block_pairs=3 reader_witness_count=1 relation_base_members_shadowed=4 relation_context_incompatible=1 relation_digest=9b45c62bc705c533e12bccc00403e128990db0914118f763db6f72bc1d9d2d59 relation_members_raw=20 relation_origins_registered=1 relation_origins_rejected_unary_after_shadowing=14 relation_origins_seen=15 root_context_sink_filtered=0 same_outer_root_filtered=0 same_static_block_filtered=1 scalar_variables_skipped=11 storage_context_mismatch=0 variables_considered=12
INFO:Detectors:

[MV-SI candidate 6cb3dbdf7a00e1db73f6] {_name, nonces[@local::contracts/test/PaladinToken.sol::PaladinToken.delegateBySig(address,uint256,uint256,uint8,bytes32,bytes32)::LocalVariable::signer_1]}
 writer root       -> contracts/test/PaladinToken.sol::PaladinToken.delegateBySig(address,uint256,uint256,uint8,bytes32,bytes32)
 writer effect     -> contracts/test/PaladinToken.sol:131
 written member    -> ('MS', 'contracts/test/PaladinToken.sol', 'PaladinToken.nonces', '@local::contracts/test/PaladinToken.sol::PaladinToken.delegateBySig(address,uint256,uint256,uint8,bytes32,bytes32)::LocalVariable::signer_1')
 potentially stale -> ('SV', 'contracts/open-zeppelin/ERC20.sol', 'ERC20._name')
 reader witnesses  -> 1
 storage exposures -> 1Reference: https://github.com/crytic/slither/wiki/Detector-Documentation
[mvscan-config] {"ATOMIC_GROUP": [], "DIVERGENCE_BUDGET": 1000, "ENABLE_BRANCH_GROUPS": true, "ENABLE_EXTERNAL_STATE": true, "ENABLE_MULTI_RETURN_GROUPS": false, "MAPPING_MODE": "precise", "MERGE_OVERLOADS": false, "MVSCAN_ABLATION": "no_multi_return_groups", "MVSCAN_CONTEXTUAL_KEYS": true, "MVSCAN_INCLUDE_SCALAR_WITNESSES": false, "MVSCAN_INTERFACE_DISPATCH": false, "MVSCAN_MAX_CONTEXTS_PER_OWNER_BLOCK": 128, "MVSCAN_MAX_DISPATCH_TARGETS": 16, "MVSCAN_REQUIRE_DISTINCT_OUTER_ROOTS": false, "MVSCAN_ROOT_CONTEXT_SINKS": false, "NOOP_WRITE_FILTER": true, "REQUIRE_SAME_SLOT_KEY": true, "SINK_TEST": "none", "USER_CALLABLE_ALWAYS": [], "USER_CALLABLE_DENY": []}
[mvscan-stage] icfg-built blocks=861 vars=63
[mvscan-stage] root-seeding-done eligible_exposures=30 seeded=25 multi_exposure_entry_blocks=5 collapsed_contextual_aliases=5 excluded_dependency=0 excluded_interface=6 excluded_library=0 excluded_abstract=2 missing_entry_point=0 missing_entry_block=0
[mvscan-pairs] call_target_digest=518431a7c0edd14a557e412c444700ebf73f0e3e026403c8ff376ece0090ea13 candidate_count=127 candidate_digest=1b73a66f3690f4089c3a83eda848c489dc875641a25f73973f0b5dc350f71a4c context_instance_count=4218 eligible_readers=54 eligible_writers=38 execution_context_digest=736632b7c3b51a6beeadcd206840ee7583c2e50af04c6bd1ab8920af1e84e356 insensitive_readers_filtered=36 invalid_partial_write_filtered=0 must_full_relation_filtered=405 omitted_member_evidence_filtered=0 omitted_member_not_sensitive_filtered=880 owner_context_pairs=4335 owner_context_pairs_considered=15635 raw_block_pairs=1258 reader_witness_count=4335 relation_base_members_shadowed=9 relation_context_incompatible=9281 relation_digest=1418e1b7b8d39c5d1fa72c281e701629d4b4116dbd4b7a2b387f8495e929d947 relation_members_raw=70 relation_origins_registered=3 relation_origins_rejected_unary_after_shadowing=54 relation_origins_seen=57 relation_unbound_key_templates=5 root_context_sink_filtered=0 same_outer_root_filtered=0 same_static_block_filtered=29 scalar_variables_skipped=39 storage_context_mismatch=734 variables_considered=42
INFO:Detectors:

[MV-SI candidate 0339fe0d9e39d150666b] {currentDropPerSecond, endDropPerSecond}
 writer root       -> contracts/HolyPaladinToken.sol::HolyPaladinToken.claim(uint256)
 writer effect     -> contracts/HolyPaladinToken.sol:720
 written member    -> ('SV', 'contracts/HolyPaladinToken.sol', 'HolyPaladinToken.currentDropPerSecond')
 potentially stale -> ('SV', 'contracts/HolyPaladinToken.sol', 'HolyPaladinToken.endDropPerSecond')
 reader witnesses  -> 32
 storage exposures -> 1
[MV-SI candidate 03af2cebc379fcd0b36d] {_balances[$arg0], userLocks}
 writer root       -> contracts/HolyPaladinToken.sol::HolyPaladinToken.unlock()
 writer effect     -> contracts/HolyPaladinToken.sol:809
 written member    -> ('SV', 'contracts/HolyPaladinToken.sol', 'HolyPaladinToken.userLocks')
 potentially stale -> ('MS', 'contracts/open-zeppelin/ERC20.sol', 'ERC20._balances', '$arg0')
 reader witnesses  -> 19
 storage exposures -> 1
[MV-SI candidate 0518eaba3d55b8676cb2] {_balances[$arg0], userLocks}
 writer root       -> contracts/HolyPaladinToken.sol::HolyPaladinToken.stakeAndIncreaseLock(uint256,uint256)
 writer effect     -> contracts/HolyPaladinToken.sol:1184
 written member    -> ('SV', 'contracts/HolyPaladinToken.sol', 'HolyPaladinToken.userLocks')
 potentially stale -> ('MS', 'contracts/open-zeppelin/ERC20.sol', 'ERC20._balances', '$arg0')
 reader witnesses  -> 19
 storage exposures -> 1
[MV-SI candidate 057fb9a584f69f1cdd09] {_balances[$arg0], userLocks}
 writer root       -> contracts/HolyPaladinToken.sol::HolyPaladinToken.stakeAndLock(uint256,uint256)
 writer effect     -> contracts/HolyPaladinToken.sol:1184
 written member    -> ('SV', 'contracts/HolyPaladinToken.sol', 'HolyPaladinToken.userLocks')
 potentially stale -> ('MS', 'contracts/open-zeppelin/ERC20.sol', 'ERC20._balances', '$arg0')
 reader witnesses  -> 19
 storage exposures -> 1
[MV-SI candidate 072000e1c842815e88aa] {currentDropPerSecond, endDropPerSecond, lastDropUpdate}
 writer root       -> contracts/HolyPaladinToken.sol::HolyPaladinToken.lock(uint256,uint256)
 writer effect     -> contracts/HolyPaladinToken.sol:721
 written member    -> ('SV', 'contracts/HolyPaladinToken.sol', 'HolyPaladinToken.lastDropUpdate')
 potentially stale -> ('SV', 'contracts/HolyPaladinToken.sol', 'HolyPaladinToken.currentDropPerSecond'), ('SV', 'contracts/HolyPaladinToken.sol', 'HolyPaladinToken.endDropPerSecond')
 reader witnesses  -> 48
 storage exposures -> 1
[MV-SI candidate 0b26105d6f5ace591e32] {_balances[$arg0], userLocks}
 writer root       -> contracts/HolyPaladinToken.sol::HolyPaladinToken.increaseLockDuration(uint256)
 writer effect     -> contracts/HolyPaladinToken.sol:1184
 written member    -> ('SV', 'contracts/HolyPaladinToken.sol', 'HolyPaladinToken.userLocks')
 potentially stale -> ('MS', 'contracts/open-zeppelin/ERC20.sol', 'ERC20._balances', '$arg0')
 reader witnesses  -> 19
 storage exposures -> 1
[MV-SI candidate 0e039e9e27be26f5fa9e] {_balances[$arg0], userLocks}
 writer root       -> contracts/HolyPaladinToken.sol::HolyPaladinToken.unlock()
 writer effect     -> contracts/HolyPaladinToken.sol:301
 written member    -> ('SV', 'contracts/HolyPaladinToken.sol', 'HolyPaladinToken.userLocks')
 potentially stale -> ('MS', 'contracts/open-zeppelin/ERC20.sol', 'ERC20._balances', '$arg0')
 reader witnesses  -> 19
 storage exposures -> 1
[MV-SI candidate 0fee0f20cfbc615e06c7] {_balances[$arg0], userLocks}
 writer root       -> contracts/HolyPaladinToken.sol::HolyPaladinToken.increaseLockDuration(uint256)
 writer effect     -> contracts/HolyPaladinToken.sol:813
 written member    -> ('SV', 'contracts/HolyPaladinToken.sol', 'HolyPaladinToken.userLocks')
 potentially stale -> ('MS', 'contracts/open-zeppelin/ERC20.sol', 'ERC20._balances', '$arg0')
 reader witnesses  -> 19
 storage exposures -> 1
[MV-SI candidate 116e20e6e3fd341b32e7] {_balances[$arg0], userLocks}
 writer root       -> contracts/HolyPaladinToken.sol::HolyPaladinToken.lock(uint256,uint256)
 writer effect     -> contracts/HolyPaladinToken.sol:813
 written member    -> ('SV', 'contracts/HolyPaladinToken.sol', 'HolyPaladinToken.userLocks')
 potentially stale -> ('MS', 'contracts/open-zeppelin/ERC20.sol', 'ERC20._balances', '$arg0')
 reader witnesses  -> 19
 storage exposures -> 1
[MV-SI candidate 123d3c20df8475db054e] {_balances[$arg0], userLocks}
 writer root       -> contracts/HolyPaladinToken.sol::HolyPaladinToken.stakeAndLock(uint256,uint256)
 writer effect     -> contracts/HolyPaladinToken.sol:1145
 written member    -> ('SV', 'contracts/HolyPaladinToken.sol', 'HolyPaladinToken.userLocks')
 potentially stale -> ('MS', 'contracts/open-zeppelin/ERC20.sol', 'ERC20._balances', '$arg0')
 reader witnesses  -> 19
 storage exposures -> 1
[MV-SI candidate 14e2d8fc710b407dee51] {currentDropPerSecond, endDropPerSecond, lastDropUpdate}
 writer root       -> contracts/HolyPaladinToken.sol::HolyPaladinToken.increaseLockDuration(uint256)
 writer effect     -> contracts/HolyPaladinToken.sol:739
 written member    -> ('SV', 'contracts/HolyPaladinToken.sol', 'HolyPaladinToken.lastDropUpdate')
 potentially stale -> ('SV', 'contracts/HolyPaladinToken.sol', 'HolyPaladinToken.currentDropPerSecond'), ('SV', 'contracts/HolyPaladinToken.sol', 'HolyPaladinToken.endDropPerSecond')
 reader witnesses  -> 48
 storage exposures -> 1
[MV-SI candidate 155b8d0ecc648c9b8b2b] {_balances[$arg0], userLocks}
 writer root       -> contracts/HolyPaladinToken.sol::HolyPaladinToken.lock(uint256,uint256)
 writer effect     -> contracts/HolyPaladinToken.sol:1199
 written member    -> ('SV', 'contracts/HolyPaladinToken.sol', 'HolyPaladinToken.userLocks')
 potentially stale -> ('MS', 'contracts/open-zeppelin/ERC20.sol', 'ERC20._balances', '$arg0')
 reader witnesses  -> 19
 storage exposures -> 1
[MV-SI candidate 16ddc22f9b24432d095f] {_balances[$arg0], userLocks}
 writer root       -> contracts/HolyPaladinToken.sol::HolyPaladinToken.stake(uint256)
 writer effect     -> contracts/open-zeppelin/ERC20.sol:257
 written member    -> ('MS', 'contracts/open-zeppelin/ERC20.sol', 'ERC20._balances', '$arg0')
 potentially stale -> ('SV', 'contracts/HolyPaladinToken.sol', 'HolyPaladinToken.userLocks')
 reader witnesses  -> 98
 storage exposures -> 1
[MV-SI candidate 1860b7ecd7d9475c1781] {_balances[$arg0], userLocks}
 writer root       -> contracts/HolyPaladinToken.sol::HolyPaladinToken.increaseLock(uint256)
 writer effect     -> contracts/HolyPaladinToken.sol:1173
 written member    -> ('SV', 'contracts/HolyPaladinToken.sol', 'HolyPaladinToken.userLocks')
 potentially stale -> ('MS', 'contracts/open-zeppelin/ERC20.sol', 'ERC20._balances', '$arg0')
 reader witnesses  -> 19
 storage exposures -> 1
[MV-SI candidate 1f59c45083d9e19614c5] {currentDropPerSecond, endDropPerSecond}
 writer root       -> contracts/HolyPaladinToken.sol::HolyPaladinToken.updateUserRewardState(address)
 writer effect     -> contracts/HolyPaladinToken.sol:720
 written member    -> ('SV', 'contracts/HolyPaladinToken.sol', 'HolyPaladinToken.currentDropPerSecond')
 potentially stale -> ('SV', 'contracts/HolyPaladinToken.sol', 'HolyPaladinToken.endDropPerSecond')
 reader witnesses  -> 32
 storage exposures -> 1
[MV-SI candidate 1f9280e2b10f6c8d795e] {_balances[$arg0], userLocks}
 writer root       -> contracts/HolyPaladinToken.sol::HolyPaladinToken.stakeAndIncreaseLock(uint256,uint256)
 writer effect     -> contracts/HolyPaladinToken.sol:1145
 written member    -> ('SV', 'contracts/HolyPaladinToken.sol', 'HolyPaladinToken.userLocks')
 potentially stale -> ('MS', 'contracts/open-zeppelin/ERC20.sol', 'ERC20._balances', '$arg0')
 reader witnesses  -> 19
 storage exposures -> 1
[MV-SI candidate 266fd1d7575c4b09a94a] {currentDropPerSecond, endDropPerSecond, lastDropUpdate}
 writer root       -> contracts/HolyPaladinToken.sol::HolyPaladinToken.increaseLockDuration(uint256)
 writer effect     -> contracts/HolyPaladinToken.sol:721
 written member    -> ('SV', 'contracts/HolyPaladinToken.sol', 'HolyPaladinToken.lastDropUpdate')
 potentially stale -> ('SV', 'contracts/HolyPaladinToken.sol', 'HolyPaladinToken.currentDropPerSecond'), ('SV', 'contracts/HolyPaladinToken.sol', 'HolyPaladinToken.endDropPerSecond')
 reader witnesses  -> 48
 storage exposures -> 1
[MV-SI candidate 272f2c0b1d7959a21d2e] {_balances[$arg0], userLocks}
 writer root       -> contracts/HolyPaladinToken.sol::HolyPaladinToken.stakeAndLock(uint256,uint256)
 writer effect     -> contracts/HolyPaladinToken.sol:1173
 written member    -> ('SV', 'contracts/HolyPaladinToken.sol', 'HolyPaladinToken.userLocks')
 potentially stale -> ('MS', 'contracts/open-zeppelin/ERC20.sol', 'ERC20._balances', '$arg0')
 reader witnesses  -> 19
 storage exposures -> 1
[MV-SI candidate 286ab41cb1171f7bd85f] {_balances[$arg0], userLocks}
 writer root       -> contracts/HolyPaladinToken.sol::HolyPaladinToken.increaseLockDuration(uint256)
 writer effect     -> contracts/HolyPaladinToken.sol:709
 written member    -> ('SV', 'contracts/HolyPaladinToken.sol', 'HolyPaladinToken.userLocks')
 potentially stale -> ('MS', 'contracts/open-zeppelin/ERC20.sol', 'ERC20._balances', '$arg0')
 reader witnesses  -> 19
 storage exposures -> 1
[MV-SI candidate 2c417e7e1799999b8acc] {_balances[$arg0], userLocks}
 writer root       -> contracts/HolyPaladinToken.sol::HolyPaladinToken.updateUserRewardState(address)
 writer effect     -> contracts/HolyPaladinToken.sol:813
 written member    -> ('SV', 'contracts/HolyPaladinToken.sol', 'HolyPaladinToken.userLocks')
 potentially stale -> ('MS', 'contracts/open-zeppelin/ERC20.sol', 'ERC20._balances', '$arg0')
 reader witnesses  -> 19
 storage exposures -> 1
[MV-SI candidate 2d633a558de698d40e00] {_balances[$arg0], userLocks}
 writer root       -> contracts/HolyPaladinToken.sol::HolyPaladinToken.lock(uint256,uint256)
 writer effect     -> contracts/HolyPaladinToken.sol:1173
 written member    -> ('SV', 'contracts/HolyPaladinToken.sol', 'HolyPaladinToken.userLocks')
 potentially stale -> ('MS', 'contracts/open-zeppelin/ERC20.sol', 'ERC20._balances', '$arg0')
 reader witnesses  -> 19
 storage exposures -> 1
[MV-SI candidate 2f419b930e2a00219720] {_balances[$arg0], userLocks}
 writer root       -> contracts/HolyPaladinToken.sol::HolyPaladinToken.claim(uint256)
 writer effect     -> contracts/HolyPaladinToken.sol:709
 written member    -> ('SV', 'contracts/HolyPaladinToken.sol', 'HolyPaladinToken.userLocks')
 potentially stale -> ('MS', 'contracts/open-zeppelin/ERC20.sol', 'ERC20._balances', '$arg0')
 reader witnesses  -> 19
 storage exposures -> 1
[MV-SI candidate 3830543e20c818b0e19b] {currentDropPerSecond, endDropPerSecond, lastDropUpdate}
 writer root       -> contracts/HolyPaladinToken.sol::HolyPaladinToken.increaseLockDuration(uint256)
 writer effect     -> contracts/HolyPaladinToken.sol:738
 written member    -> ('SV', 'contracts/HolyPaladinToken.sol', 'HolyPaladinToken.currentDropPerSecond')
 potentially stale -> ('SV', 'contracts/HolyPaladinToken.sol', 'HolyPaladinToken.endDropPerSecond'), ('SV', 'contracts/HolyPaladinToken.sol', 'HolyPaladinToken.lastDropUpdate')
 reader witnesses  -> 56
 storage exposures -> 1
[MV-SI candidate 3a17bf9531c230f35c91] {currentDropPerSecond, endDropPerSecond, lastDropUpdate}
 writer root       -> contracts/HolyPaladinToken.sol::HolyPaladinToken.lock(uint256,uint256)
 writer effect     -> contracts/HolyPaladinToken.sol:739
 written member    -> ('SV', 'contracts/HolyPaladinToken.sol', 'HolyPaladinToken.lastDropUpdate')
 potentially stale -> ('SV', 'contracts/HolyPaladinToken.sol', 'HolyPaladinToken.currentDropPerSecond'), ('SV', 'contracts/HolyPaladinToken.sol', 'HolyPaladinToken.endDropPerSecond')
 reader witnesses  -> 48
 storage exposures -> 1
[MV-SI candidate 3b61f17bb0a782dc4d02] {_balances[$arg0], userLocks}
 writer root       -> contracts/HolyPaladinToken.sol::HolyPaladinToken.unlock()
 writer effect     -> contracts/HolyPaladinToken.sol:813
 written member    -> ('SV', 'contracts/HolyPaladinToken.sol', 'HolyPaladinToken.userLocks')
 potentially stale -> ('MS', 'contracts/open-zeppelin/ERC20.sol', 'ERC20._balances', '$arg0')
 reader witnesses  -> 19
 storage exposures -> 1
[MV-SI candidate 3d4ffd69fbe380bf6f93] {_balances[$arg0], userLocks}
 writer root       -> contracts/HolyPaladinToken.sol::HolyPaladinToken.stakeAndIncreaseLock(uint256,uint256)
 writer effect     -> contracts/open-zeppelin/ERC20.sol:257
 written member    -> ('MS', 'contracts/open-zeppelin/ERC20.sol', 'ERC20._balances', '$arg0')
 potentially stale -> ('SV', 'contracts/HolyPaladinToken.sol', 'HolyPaladinToken.userLocks')
 reader witnesses  -> 98
 storage exposures -> 1
[MV-SI candidate 3d8d9410b311b4c8f8d8] {_balances[$arg0], userLocks}
 writer root       -> contracts/HolyPaladinToken.sol::HolyPaladinToken.increaseLockDuration(uint256)
 writer effect     -> contracts/HolyPaladinToken.sol:1145
 written member    -> ('SV', 'contracts/HolyPaladinToken.sol', 'HolyPaladinToken.userLocks')
 potentially stale -> ('MS', 'contracts/open-zeppelin/ERC20.sol', 'ERC20._balances', '$arg0')
 reader witnesses  -> 19
 storage exposures -> 1
[MV-SI candidate 3ec4a8418305e1d19f67] {_balances[$arg0], userLocks}
 writer root       -> contracts/HolyPaladinToken.sol::HolyPaladinToken.claim(uint256)
 writer effect     -> contracts/HolyPaladinToken.sol:813
 written member    -> ('SV', 'contracts/HolyPaladinToken.sol', 'HolyPaladinToken.userLocks')
 potentially stale -> ('MS', 'contracts/open-zeppelin/ERC20.sol', 'ERC20._balances', '$arg0')
 reader witnesses  -> 19
 storage exposures -> 1
[MV-SI candidate 41a2b0245f29df9f6700] {_balances[$arg0], userLocks}
 writer root       -> contracts/HolyPaladinToken.sol::HolyPaladinToken.stakeAndIncreaseLock(uint256,uint256)
 writer effect     -> contracts/HolyPaladinToken.sol:1148
 written member    -> ('SV', 'contracts/HolyPaladinToken.sol', 'HolyPaladinToken.userLocks')
 potentially stale -> ('MS', 'contracts/open-zeppelin/ERC20.sol', 'ERC20._balances', '$arg0')
 reader witnesses  -> 19
 storage exposures -> 1
[MV-SI candidate 423cd724f21ba7afed1d] {_balances[$arg0], userLocks}
 writer root       -> contracts/HolyPaladinToken.sol::HolyPaladinToken.increaseLock(uint256)
 writer effect     -> contracts/HolyPaladinToken.sol:1145
 written member    -> ('SV', 'contracts/HolyPaladinToken.sol', 'HolyPaladinToken.userLocks')
 potentially stale -> ('MS', 'contracts/open-zeppelin/ERC20.sol', 'ERC20._balances', '$arg0')
 reader witnesses  -> 19
 storage exposures -> 1
[MV-SI candidate 46d4f1dbc23e9e3ff964] {_balances[$arg0], userLocks}
 writer root       -> contracts/HolyPaladinToken.sol::HolyPaladinToken.stakeAndIncreaseLock(uint256,uint256)
 writer effect     -> contracts/HolyPaladinToken.sol:1173
 written member    -> ('SV', 'contracts/HolyPaladinToken.sol', 'HolyPaladinToken.userLocks')
 potentially stale -> ('MS', 'contracts/open-zeppelin/ERC20.sol', 'ERC20._balances', '$arg0')
 reader witnesses  -> 19
 storage exposures -> 1
[MV-SI candidate 489cb2de1a14717ccc8f] {currentDropPerSecond, endDropPerSecond, lastDropUpdate}
 writer root       -> contracts/HolyPaladinToken.sol::HolyPaladinToken.updateRewardState()
 writer effect     -> contracts/HolyPaladinToken.sol:739
 written member    -> ('SV', 'contracts/HolyPaladinToken.sol', 'HolyPaladinToken.lastDropUpdate')
 potentially stale -> ('SV', 'contracts/HolyPaladinToken.sol', 'HolyPaladinToken.currentDropPerSecond'), ('SV', 'contracts/HolyPaladinToken.sol', 'HolyPaladinToken.endDropPerSecond')
 reader witnesses  -> 48
 storage exposures -> 1
[MV-SI candidate 490dbe40a522eefdc21c] {currentDropPerSecond, endDropPerSecond, lastDropUpdate}
 writer root       -> contracts/HolyPaladinToken.sol::HolyPaladinToken.increaseLock(uint256)
 writer effect     -> contracts/HolyPaladinToken.sol:721
 written member    -> ('SV', 'contracts/HolyPaladinToken.sol', 'HolyPaladinToken.lastDropUpdate')
 potentially stale -> ('SV', 'contracts/HolyPaladinToken.sol', 'HolyPaladinToken.currentDropPerSecond'), ('SV', 'contracts/HolyPaladinToken.sol', 'HolyPaladinToken.endDropPerSecond')
 reader witnesses  -> 48
 storage exposures -> 1
[MV-SI candidate 4c7daaa0d9a506c29166] {_balances[$arg0], userLocks}
 writer root       -> contracts/HolyPaladinToken.sol::HolyPaladinToken.unstake(uint256,address)
 writer effect     -> contracts/open-zeppelin/ERC20.sol:282
 written member    -> ('MS', 'contracts/open-zeppelin/ERC20.sol', 'ERC20._balances', '$arg0')
 potentially stale -> ('SV', 'contracts/HolyPaladinToken.sol', 'HolyPaladinToken.userLocks')
 reader witnesses  -> 98
 storage exposures -> 1
[MV-SI candidate 4d9050e25b587634d317] {currentDropPerSecond, endDropPerSecond, lastDropUpdate}
 writer root       -> contracts/HolyPaladinToken.sol::HolyPaladinToken.updateRewardState()
 writer effect     -> contracts/HolyPaladinToken.sol:721
 written member    -> ('SV', 'contracts/HolyPaladinToken.sol', 'HolyPaladinToken.lastDropUpdate')
 potentially stale -> ('SV', 'contracts/HolyPaladinToken.sol', 'HolyPaladinToken.currentDropPerSecond'), ('SV', 'contracts/HolyPaladinToken.sol', 'HolyPaladinToken.endDropPerSecond')
 reader witnesses  -> 48
 storage exposures -> 1
[MV-SI candidate 4df87910c67c725ad8ed] {currentDropPerSecond, endDropPerSecond}
 writer root       -> contracts/HolyPaladinToken.sol::HolyPaladinToken.lock(uint256,uint256)
 writer effect     -> contracts/HolyPaladinToken.sol:738
 written member    -> ('SV', 'contracts/HolyPaladinToken.sol', 'HolyPaladinToken.currentDropPerSecond')
 potentially stale -> ('SV', 'contracts/HolyPaladinToken.sol', 'HolyPaladinToken.endDropPerSecond')
 reader witnesses  -> 40
 storage exposures -> 1
[MV-SI candidate 4df9b8975695620df81e] {_balances[$arg0], userLocks}
 writer root       -> contracts/HolyPaladinToken.sol::HolyPaladinToken.stakeAndIncreaseLock(uint256,uint256)
 writer effect     -> contracts/HolyPaladinToken.sol:1199
 written member    -> ('SV', 'contracts/HolyPaladinToken.sol', 'HolyPaladinToken.userLocks')
 potentially stale -> ('MS', 'contracts/open-zeppelin/ERC20.sol', 'ERC20._balances', '$arg0')
 reader witnesses  -> 19
 storage exposures -> 1
[MV-SI candidate 4f099625c98c728ff355] {currentDropPerSecond, endDropPerSecond, lastDropUpdate}
 writer root       -> contracts/HolyPaladinToken.sol::HolyPaladinToken.increaseLock(uint256)
 writer effect     -> contracts/HolyPaladinToken.sol:720
 written member    -> ('SV', 'contracts/HolyPaladinToken.sol', 'HolyPaladinToken.currentDropPerSecond')
 potentially stale -> ('SV', 'contracts/HolyPaladinToken.sol', 'HolyPaladinToken.endDropPerSecond'), ('SV', 'contracts/HolyPaladinToken.sol', 'HolyPaladinToken.lastDropUpdate')
 reader witnesses  -> 48
 storage exposures -> 1
[MV-SI candidate 4f14d5162ca4cdd8cd23] {_balances[$arg0], userLocks}
 writer root       -> contracts/HolyPaladinToken.sol::HolyPaladinToken.increaseLock(uint256)
 writer effect     -> contracts/HolyPaladinToken.sol:813
 written member    -> ('SV', 'contracts/HolyPaladinToken.sol', 'HolyPaladinToken.userLocks')
 potentially stale -> ('MS', 'contracts/open-zeppelin/ERC20.sol', 'ERC20._balances', '$arg0')
 reader witnesses  -> 19
 storage exposures -> 1
[MV-SI candidate 4fa3e118f293d3d74b20] {currentDropPerSecond, endDropPerSecond, lastDropUpdate}
 writer root       -> contracts/HolyPaladinToken.sol::HolyPaladinToken.kick(address)
 writer effect     -> contracts/HolyPaladinToken.sol:739
 written member    -> ('SV', 'contracts/HolyPaladinToken.sol', 'HolyPaladinToken.lastDropUpdate')
 potentially stale -> ('SV', 'contracts/HolyPaladinToken.sol', 'HolyPaladinToken.currentDropPerSecond'), ('SV', 'contracts/HolyPaladinToken.sol', 'HolyPaladinToken.endDropPerSecond')
 reader witnesses  -> 48
 storage exposures -> 1
[MV-SI candidate 50b59aab2680ff15f2fa] {currentDropPerSecond, endDropPerSecond}
 writer root       -> contracts/HolyPaladinToken.sol::HolyPaladinToken.updateRewardState()
 writer effect     -> contracts/HolyPaladinToken.sol:738
 written member    -> ('SV', 'contracts/HolyPaladinToken.sol', 'HolyPaladinToken.currentDropPerSecond')
 potentially stale -> ('SV', 'contracts/HolyPaladinToken.sol', 'HolyPaladinToken.endDropPerSecond')
 reader witnesses  -> 40
 storage exposures -> 1
[MV-SI candidate 53f944992e861f5d5776] {currentDropPerSecond, endDropPerSecond, lastDropUpdate}
 writer root       -> contracts/HolyPaladinToken.sol::HolyPaladinToken.updateUserRewardState(address)
 writer effect     -> contracts/HolyPaladinToken.sol:738
 written member    -> ('SV', 'contracts/HolyPaladinToken.sol', 'HolyPaladinToken.currentDropPerSecond')
 potentially stale -> ('SV', 'contracts/HolyPaladinToken.sol', 'HolyPaladinToken.endDropPerSecond'), ('SV', 'contracts/HolyPaladinToken.sol', 'HolyPaladinToken.lastDropUpdate')
 reader witnesses  -> 56
 storage exposures -> 1
[MV-SI candidate 56e9dbae3ff9d5d6892a] {currentDropPerSecond, endDropPerSecond, lastDropUpdate}
 writer root       -> contracts/HolyPaladinToken.sol::HolyPaladinToken.kick(address)
 writer effect     -> contracts/HolyPaladinToken.sol:738
 written member    -> ('SV', 'contracts/HolyPaladinToken.sol', 'HolyPaladinToken.currentDropPerSecond')
 potentially stale -> ('SV', 'contracts/HolyPaladinToken.sol', 'HolyPaladinToken.endDropPerSecond'), ('SV', 'contracts/HolyPaladinToken.sol', 'HolyPaladinToken.lastDropUpdate')
 reader witnesses  -> 56
 storage exposures -> 1
[MV-SI candidate 5b65adc039df6b902b43] {_balances[$arg0], userLocks}
 writer root       -> contracts/HolyPaladinToken.sol::HolyPaladinToken.lock(uint256,uint256)
 writer effect     -> contracts/HolyPaladinToken.sol:809
 written member    -> ('SV', 'contracts/HolyPaladinToken.sol', 'HolyPaladinToken.userLocks')
 potentially stale -> ('MS', 'contracts/open-zeppelin/ERC20.sol', 'ERC20._balances', '$arg0')
 reader witnesses  -> 19
 storage exposures -> 1
[MV-SI candidate 5bb9c6c09e5a0befa25b] {currentDropPerSecond, endDropPerSecond, lastDropUpdate}
 writer root       -> contracts/HolyPaladinToken.sol::HolyPaladinToken.unlock()
 writer effect     -> contracts/HolyPaladinToken.sol:739
 written member    -> ('SV', 'contracts/HolyPaladinToken.sol', 'HolyPaladinToken.lastDropUpdate')
 potentially stale -> ('SV', 'contracts/HolyPaladinToken.sol', 'HolyPaladinToken.currentDropPerSecond'), ('SV', 'contracts/HolyPaladinToken.sol', 'HolyPaladinToken.endDropPerSecond')
 reader witnesses  -> 48
 storage exposures -> 1
[MV-SI candidate 5c1e6cabb496e9860de7] {_balances[$arg0], userLocks}
 writer root       -> contracts/HolyPaladinToken.sol::HolyPaladinToken.emergencyWithdraw(uint256,address)
 writer effect     -> contracts/open-zeppelin/ERC20.sol:282
 written member    -> ('MS', 'contracts/open-zeppelin/ERC20.sol', 'ERC20._balances', '$arg0')
 potentially stale -> ('SV', 'contracts/HolyPaladinToken.sol', 'HolyPaladinToken.userLocks')
 reader witnesses  -> 98
 storage exposures -> 1
[MV-SI candidate 5e2ea9c980ff8ecfc76f] {_balances[$arg0], userLocks}
 writer root       -> contracts/HolyPaladinToken.sol::HolyPaladinToken.increaseLockDuration(uint256)
 writer effect     -> contracts/HolyPaladinToken.sol:1148
 written member    -> ('SV', 'contracts/HolyPaladinToken.sol', 'HolyPaladinToken.userLocks')
 potentially stale -> ('MS', 'contracts/open-zeppelin/ERC20.sol', 'ERC20._balances', '$arg0')
 reader witnesses  -> 19
 storage exposures -> 1
[MV-SI candidate 5ed52162aa3536f0c5db] {_balances[$arg0], userLocks}
 writer root       -> contracts/HolyPaladinToken.sol::HolyPaladinToken.increaseLock(uint256)
 writer effect     -> contracts/HolyPaladinToken.sol:288
 written member    -> ('SV', 'contracts/HolyPaladinToken.sol', 'HolyPaladinToken.userLocks')
 potentially stale -> ('MS', 'contracts/open-zeppelin/ERC20.sol', 'ERC20._balances', '$arg0')
 reader witnesses  -> 19
 storage exposures -> 1
[MV-SI candidate 5f73fa4afae106c3af01] {_balances[$arg0], userLocks}
 writer root       -> contracts/HolyPaladinToken.sol::HolyPaladinToken.stakeAndLock(uint256,uint256)
 writer effect     -> contracts/HolyPaladinToken.sol:1199
 written member    -> ('SV', 'contracts/HolyPaladinToken.sol', 'HolyPaladinToken.userLocks')
 potentially stale -> ('MS', 'contracts/open-zeppelin/ERC20.sol', 'ERC20._balances', '$arg0')
 reader witnesses  -> 19
 storage exposures -> 1
[MV-SI candidate 63b32fc7bc69d31569ad] {currentDropPerSecond, endDropPerSecond}
 writer root       -> contracts/HolyPaladinToken.sol::HolyPaladinToken.updateRewardState()
 writer effect     -> contracts/HolyPaladinToken.sol:720
 written member    -> ('SV', 'contracts/HolyPaladinToken.sol', 'HolyPaladinToken.currentDropPerSecond')
 potentially stale -> ('SV', 'contracts/HolyPaladinToken.sol', 'HolyPaladinToken.endDropPerSecond')
 reader witnesses  -> 32
 storage exposures -> 1
[MV-SI candidate 6793b93d89d7300a8932] {_balances[$arg0], userLocks}
 writer root       -> contracts/HolyPaladinToken.sol::HolyPaladinToken.updateUserRewardState(address)
 writer effect     -> contracts/HolyPaladinToken.sol:708
 written member    -> ('SV', 'contracts/HolyPaladinToken.sol', 'HolyPaladinToken.userLocks')
 potentially stale -> ('MS', 'contracts/open-zeppelin/ERC20.sol', 'ERC20._balances', '$arg0')
 reader witnesses  -> 19
 storage exposures -> 1
[MV-SI candidate 69803abfd4d55b400cce] {_balances[$arg0], userLocks}
 writer root       -> contracts/HolyPaladinToken.sol::HolyPaladinToken.unlock()
 writer effect     -> contracts/HolyPaladinToken.sol:1241
 written member    -> ('SV', 'contracts/HolyPaladinToken.sol', 'HolyPaladinToken.userLocks')
 potentially stale -> ('MS', 'contracts/open-zeppelin/ERC20.sol', 'ERC20._balances', '$arg0')
 reader witnesses  -> 19
 storage exposures -> 1
[MV-SI candidate 6a04bb55e4762b24e650] {currentDropPerSecond, endDropPerSecond, lastDropUpdate}
 writer root       -> contracts/HolyPaladinToken.sol::HolyPaladinToken.claim(uint256)
 writer effect     -> contracts/HolyPaladinToken.sol:738
 written member    -> ('SV', 'contracts/HolyPaladinToken.sol', 'HolyPaladinToken.currentDropPerSecond')
 potentially stale -> ('SV', 'contracts/HolyPaladinToken.sol', 'HolyPaladinToken.endDropPerSecond'), ('SV', 'contracts/HolyPaladinToken.sol', 'HolyPaladinToken.lastDropUpdate')
 reader witnesses  -> 56
 storage exposures -> 1
[MV-SI candidate 6df2d8545425d3f67d71] {currentDropPerSecond, endDropPerSecond, lastDropUpdate}
 writer root       -> contracts/HolyPaladinToken.sol::HolyPaladinToken.unlock()
 writer effect     -> contracts/HolyPaladinToken.sol:721
 written member    -> ('SV', 'contracts/HolyPaladinToken.sol', 'HolyPaladinToken.lastDropUpdate')
 potentially stale -> ('SV', 'contracts/HolyPaladinToken.sol', 'HolyPaladinToken.currentDropPerSecond'), ('SV', 'contracts/HolyPaladinToken.sol', 'HolyPaladinToken.endDropPerSecond')
 reader witnesses  -> 48
 storage exposures -> 1
[MV-SI candidate 7194df717ef7ebf6835c] {_balances[$arg0], userLocks}
 writer root       -> contracts/HolyPaladinToken.sol::HolyPaladinToken.unstake(uint256,address)
 writer effect     -> contracts/HolyPaladinToken.sol:709
 written member    -> ('SV', 'contracts/HolyPaladinToken.sol', 'HolyPaladinToken.userLocks')
 potentially stale -> ('MS', 'contracts/open-zeppelin/ERC20.sol', 'ERC20._balances', '$arg0')
 reader witnesses  -> 19
 storage exposures -> 1
[MV-SI candidate 731f73b78171b2f36821] {_balances[$arg0], userLocks}
 writer root       -> contracts/HolyPaladinToken.sol::HolyPaladinToken.stakeAndLock(uint256,uint256)
 writer effect     -> contracts/HolyPaladinToken.sol:1148
 written member    -> ('SV', 'contracts/HolyPaladinToken.sol', 'HolyPaladinToken.userLocks')
 potentially stale -> ('MS', 'contracts/open-zeppelin/ERC20.sol', 'ERC20._balances', '$arg0')
 reader witnesses  -> 19
 storage exposures -> 1
[MV-SI candidate 7378c8d0917234fc7415] {_balances[$arg0], userLocks}
 writer root       -> contracts/HolyPaladinToken.sol::HolyPaladinToken.stakeAndLock(uint256,uint256)
 writer effect     -> contracts/HolyPaladinToken.sol:1199
 written member    -> ('SV', 'contracts/HolyPaladinToken.sol', 'HolyPaladinToken.userLocks')
 potentially stale -> ('MS', 'contracts/open-zeppelin/ERC20.sol', 'ERC20._balances', '$arg0')
 reader witnesses  -> 19
 storage exposures -> 1
[MV-SI candidate 75650cc3f92d745fa15e] {currentDropPerSecond, endDropPerSecond}
 writer root       -> contracts/HolyPaladinToken.sol::HolyPaladinToken.claim(uint256)
 writer effect     -> contracts/HolyPaladinToken.sol:738
 written member    -> ('SV', 'contracts/HolyPaladinToken.sol', 'HolyPaladinToken.currentDropPerSecond')
 potentially stale -> ('SV', 'contracts/HolyPaladinToken.sol', 'HolyPaladinToken.endDropPerSecond')
 reader witnesses  -> 40
 storage exposures -> 1
[MV-SI candidate 75e16d309aca5e08571a] {currentDropPerSecond, endDropPerSecond, lastDropUpdate}
 writer root       -> contracts/HolyPaladinToken.sol::HolyPaladinToken.updateUserRewardState(address)
 writer effect     -> contracts/HolyPaladinToken.sol:739
 written member    -> ('SV', 'contracts/HolyPaladinToken.sol', 'HolyPaladinToken.lastDropUpdate')
 potentially stale -> ('SV', 'contracts/HolyPaladinToken.sol', 'HolyPaladinToken.currentDropPerSecond'), ('SV', 'contracts/HolyPaladinToken.sol', 'HolyPaladinToken.endDropPerSecond')
 reader witnesses  -> 48
 storage exposures -> 1
[MV-SI candidate 768f06f467721e7a503f] {currentDropPerSecond, endDropPerSecond}
 writer root       -> contracts/HolyPaladinToken.sol::HolyPaladinToken.increaseLock(uint256)
 writer effect     -> contracts/HolyPaladinToken.sol:720
 written member    -> ('SV', 'contracts/HolyPaladinToken.sol', 'HolyPaladinToken.currentDropPerSecond')
 potentially stale -> ('SV', 'contracts/HolyPaladinToken.sol', 'HolyPaladinToken.endDropPerSecond')
 reader witnesses  -> 32
 storage exposures -> 1
[MV-SI candidate 76920e350df9e0099bdc] {_balances[$arg0], userLocks}
 writer root       -> contracts/HolyPaladinToken.sol::HolyPaladinToken.increaseLockDuration(uint256)
 writer effect     -> contracts/HolyPaladinToken.sol:270
 written member    -> ('SV', 'contracts/HolyPaladinToken.sol', 'HolyPaladinToken.userLocks')
 potentially stale -> ('MS', 'contracts/open-zeppelin/ERC20.sol', 'ERC20._balances', '$arg0')
 reader witnesses  -> 19
 storage exposures -> 1
[MV-SI candidate 80b85abd64c9f81262db] {_balances[$arg0], userLocks}
 writer root       -> contracts/HolyPaladinToken.sol::HolyPaladinToken.lock(uint256,uint256)
 writer effect     -> contracts/HolyPaladinToken.sol:1148
 written member    -> ('SV', 'contracts/HolyPaladinToken.sol', 'HolyPaladinToken.userLocks')
 potentially stale -> ('MS', 'contracts/open-zeppelin/ERC20.sol', 'ERC20._balances', '$arg0')
 reader witnesses  -> 19
 storage exposures -> 1
[MV-SI candidate 85594c75f83cf0642660] {currentDropPerSecond, endDropPerSecond}
 writer root       -> contracts/HolyPaladinToken.sol::HolyPaladinToken.kick(address)
 writer effect     -> contracts/HolyPaladinToken.sol:738
 written member    -> ('SV', 'contracts/HolyPaladinToken.sol', 'HolyPaladinToken.currentDropPerSecond')
 potentially stale -> ('SV', 'contracts/HolyPaladinToken.sol', 'HolyPaladinToken.endDropPerSecond')
 reader witnesses  -> 40
 storage exposures -> 1
[MV-SI candidate 876c6f945ee0dc36c560] {_balances[$arg0], userLocks}
 writer root       -> contracts/HolyPaladinToken.sol::HolyPaladinToken.emergencyWithdraw(uint256,address)
 writer effect     -> contracts/HolyPaladinToken.sol:1347
 written member    -> ('SV', 'contracts/HolyPaladinToken.sol', 'HolyPaladinToken.userLocks')
 potentially stale -> ('MS', 'contracts/open-zeppelin/ERC20.sol', 'ERC20._balances', '$arg0')
 reader witnesses  -> 19
 storage exposures -> 1
[MV-SI candidate 8ca747ac7103dafe35f9] {currentDropPerSecond, endDropPerSecond, lastDropUpdate}
 writer root       -> contracts/HolyPaladinToken.sol::HolyPaladinToken.kick(address)
 writer effect     -> contracts/HolyPaladinToken.sol:721
 written member    -> ('SV', 'contracts/HolyPaladinToken.sol', 'HolyPaladinToken.lastDropUpdate')
 potentially stale -> ('SV', 'contracts/HolyPaladinToken.sol', 'HolyPaladinToken.currentDropPerSecond'), ('SV', 'contracts/HolyPaladinToken.sol', 'HolyPaladinToken.endDropPerSecond')
 reader witnesses  -> 48
 storage exposures -> 1
[MV-SI candidate 8cc8d16e89451597af36] {_balances[$arg0], userLocks}
 writer root       -> contracts/open-zeppelin/ERC20.sol::ERC20.transferFrom(address,address,uint256)
 writer effect     -> contracts/open-zeppelin/ERC20.sol:235
 written member    -> ('MS', 'contracts/open-zeppelin/ERC20.sol', 'ERC20._balances', '$arg0')
 potentially stale -> ('SV', 'contracts/HolyPaladinToken.sol', 'HolyPaladinToken.userLocks')
 reader witnesses  -> 98
 storage exposures -> 1
[MV-SI candidate 91ddcb26b953f5cccff8] {_balances[$arg0], userLocks}
 writer root       -> contracts/HolyPaladinToken.sol::HolyPaladinToken.updateUserRewardState(address)
 writer effect     -> contracts/HolyPaladinToken.sol:709
 written member    -> ('SV', 'contracts/HolyPaladinToken.sol', 'HolyPaladinToken.userLocks')
 potentially stale -> ('MS', 'contracts/open-zeppelin/ERC20.sol', 'ERC20._balances', '$arg0')
 reader witnesses  -> 19
 storage exposures -> 1
[MV-SI candidate 9468fb676bb3866f2f1e] {currentDropPerSecond, endDropPerSecond, lastDropUpdate}
 writer root       -> contracts/HolyPaladinToken.sol::HolyPaladinToken.increaseLockDuration(uint256)
 writer effect     -> contracts/HolyPaladinToken.sol:720
 written member    -> ('SV', 'contracts/HolyPaladinToken.sol', 'HolyPaladinToken.currentDropPerSecond')
 potentially stale -> ('SV', 'contracts/HolyPaladinToken.sol', 'HolyPaladinToken.endDropPerSecond'), ('SV', 'contracts/HolyPaladinToken.sol', 'HolyPaladinToken.lastDropUpdate')
 reader witnesses  -> 48
 storage exposures -> 1
[MV-SI candidate 95358b6f3346df5eb019] {_balances[$arg0], userLocks}
 writer root       -> contracts/HolyPaladinToken.sol::HolyPaladinToken.stakeAndIncreaseLock(uint256,uint256)
 writer effect     -> contracts/HolyPaladinToken.sol:350
 written member    -> ('SV', 'contracts/HolyPaladinToken.sol', 'HolyPaladinToken.userLocks')
 potentially stale -> ('MS', 'contracts/open-zeppelin/ERC20.sol', 'ERC20._balances', '$arg0')
 reader witnesses  -> 19
 storage exposures -> 1
[MV-SI candidate 961fa9edd1fe37c6acec] {_balances[$arg0], userLocks}
 writer root       -> contracts/HolyPaladinToken.sol::HolyPaladinToken.claim(uint256)
 writer effect     -> contracts/HolyPaladinToken.sol:708
 written member    -> ('SV', 'contracts/HolyPaladinToken.sol', 'HolyPaladinToken.userLocks')
 potentially stale -> ('MS', 'contracts/open-zeppelin/ERC20.sol', 'ERC20._balances', '$arg0')
 reader witnesses  -> 19
 storage exposures -> 1
[MV-SI candidate 97f86eb8b585675c8733] {_balances[$arg0], userLocks}
 writer root       -> contracts/HolyPaladinToken.sol::HolyPaladinToken.unstake(uint256,address)
 writer effect     -> contracts/HolyPaladinToken.sol:708
 written member    -> ('SV', 'contracts/HolyPaladinToken.sol', 'HolyPaladinToken.userLocks')
 potentially stale -> ('MS', 'contracts/open-zeppelin/ERC20.sol', 'ERC20._balances', '$arg0')
 reader witnesses  -> 19
 storage exposures -> 1
[MV-SI candidate 9d15c86a536fe9ef8259] {_balances[$arg0], userLocks}
 writer root       -> contracts/HolyPaladinToken.sol::HolyPaladinToken.increaseLock(uint256)
 writer effect     -> contracts/HolyPaladinToken.sol:1199
 written member    -> ('SV', 'contracts/HolyPaladinToken.sol', 'HolyPaladinToken.userLocks')
 potentially stale -> ('MS', 'contracts/open-zeppelin/ERC20.sol', 'ERC20._balances', '$arg0')
 reader witnesses  -> 19
 storage exposures -> 1
[MV-SI candidate a113785da9bcb53bb866] {_balances[$arg0], userLocks}
 writer root       -> contracts/HolyPaladinToken.sol::HolyPaladinToken.emergencyWithdraw(uint256,address)
 writer effect     -> contracts/HolyPaladinToken.sol:1357
 written member    -> ('SV', 'contracts/HolyPaladinToken.sol', 'HolyPaladinToken.userLocks')
 potentially stale -> ('MS', 'contracts/open-zeppelin/ERC20.sol', 'ERC20._balances', '$arg0')
 reader witnesses  -> 19
 storage exposures -> 1
[MV-SI candidate a15b33e40006e067994e] {currentDropPerSecond, endDropPerSecond}
 writer root       -> contracts/HolyPaladinToken.sol::HolyPaladinToken.increaseLockDuration(uint256)
 writer effect     -> contracts/HolyPaladinToken.sol:720
 written member    -> ('SV', 'contracts/HolyPaladinToken.sol', 'HolyPaladinToken.currentDropPerSecond')
 potentially stale -> ('SV', 'contracts/HolyPaladinToken.sol', 'HolyPaladinToken.endDropPerSecond')
 reader witnesses  -> 32
 storage exposures -> 1
[MV-SI candidate a9270410b16d62055a68] {currentDropPerSecond, endDropPerSecond, lastDropUpdate}
 writer root       -> contracts/HolyPaladinToken.sol::HolyPaladinToken.updateRewardState()
 writer effect     -> contracts/HolyPaladinToken.sol:738
 written member    -> ('SV', 'contracts/HolyPaladinToken.sol', 'HolyPaladinToken.currentDropPerSecond')
 potentially stale -> ('SV', 'contracts/HolyPaladinToken.sol', 'HolyPaladinToken.endDropPerSecond'), ('SV', 'contracts/HolyPaladinToken.sol', 'HolyPaladinToken.lastDropUpdate')
 reader witnesses  -> 56
 storage exposures -> 1
[MV-SI candidate a9e4f69581bac9e68f48] {_balances[$arg0], userLocks}
 writer root       -> contracts/HolyPaladinToken.sol::HolyPaladinToken.lock(uint256,uint256)
 writer effect     -> contracts/HolyPaladinToken.sol:1145
 written member    -> ('SV', 'contracts/HolyPaladinToken.sol', 'HolyPaladinToken.userLocks')
 potentially stale -> ('MS', 'contracts/open-zeppelin/ERC20.sol', 'ERC20._balances', '$arg0')
 reader witnesses  -> 19
 storage exposures -> 1
[MV-SI candidate ad72d3100b280057daa6] {currentDropPerSecond, endDropPerSecond, lastDropUpdate}
 writer root       -> contracts/HolyPaladinToken.sol::HolyPaladinToken.lock(uint256,uint256)
 writer effect     -> contracts/HolyPaladinToken.sol:720
 written member    -> ('SV', 'contracts/HolyPaladinToken.sol', 'HolyPaladinToken.currentDropPerSecond')
 potentially stale -> ('SV', 'contracts/HolyPaladinToken.sol', 'HolyPaladinToken.endDropPerSecond'), ('SV', 'contracts/HolyPaladinToken.sol', 'HolyPaladinToken.lastDropUpdate')
 reader witnesses  -> 48
 storage exposures -> 1
[MV-SI candidate af667360575e66eee642] {currentDropPerSecond, endDropPerSecond, lastDropUpdate}
 writer root       -> contracts/HolyPaladinToken.sol::HolyPaladinToken.increaseLock(uint256)
 writer effect     -> contracts/HolyPaladinToken.sol:739
 written member    -> ('SV', 'contracts/HolyPaladinToken.sol', 'HolyPaladinToken.lastDropUpdate')
 potentially stale -> ('SV', 'contracts/HolyPaladinToken.sol', 'HolyPaladinToken.currentDropPerSecond'), ('SV', 'contracts/HolyPaladinToken.sol', 'HolyPaladinToken.endDropPerSecond')
 reader witnesses  -> 48
 storage exposures -> 1
[MV-SI candidate b56d0c5d8db4b70700ae] {currentDropPerSecond, endDropPerSecond}
 writer root       -> contracts/HolyPaladinToken.sol::HolyPaladinToken.increaseLock(uint256)
 writer effect     -> contracts/HolyPaladinToken.sol:738
 written member    -> ('SV', 'contracts/HolyPaladinToken.sol', 'HolyPaladinToken.currentDropPerSecond')
 potentially stale -> ('SV', 'contracts/HolyPaladinToken.sol', 'HolyPaladinToken.endDropPerSecond')
 reader witnesses  -> 40
 storage exposures -> 1
[MV-SI candidate b9a436ebd4f730c9c2c6] {currentDropPerSecond, endDropPerSecond, lastDropUpdate}
 writer root       -> contracts/HolyPaladinToken.sol::HolyPaladinToken.updateUserRewardState(address)
 writer effect     -> contracts/HolyPaladinToken.sol:721
 written member    -> ('SV', 'contracts/HolyPaladinToken.sol', 'HolyPaladinToken.lastDropUpdate')
 potentially stale -> ('SV', 'contracts/HolyPaladinToken.sol', 'HolyPaladinToken.currentDropPerSecond'), ('SV', 'contracts/HolyPaladinToken.sol', 'HolyPaladinToken.endDropPerSecond')
 reader witnesses  -> 48
 storage exposures -> 1
[MV-SI candidate bacc5c571e1590ecbfa5] {currentDropPerSecond, endDropPerSecond, lastDropUpdate}
 writer root       -> contracts/HolyPaladinToken.sol::HolyPaladinToken.claim(uint256)
 writer effect     -> contracts/HolyPaladinToken.sol:721
 written member    -> ('SV', 'contracts/HolyPaladinToken.sol', 'HolyPaladinToken.lastDropUpdate')
 potentially stale -> ('SV', 'contracts/HolyPaladinToken.sol', 'HolyPaladinToken.currentDropPerSecond'), ('SV', 'contracts/HolyPaladinToken.sol', 'HolyPaladinToken.endDropPerSecond')
 reader witnesses  -> 48
 storage exposures -> 1
[MV-SI candidate bb3fd833e6a000d8dce4] {currentDropPerSecond, endDropPerSecond, lastDropUpdate}
 writer root       -> contracts/HolyPaladinToken.sol::HolyPaladinToken.claim(uint256)
 writer effect     -> contracts/HolyPaladinToken.sol:739
 written member    -> ('SV', 'contracts/HolyPaladinToken.sol', 'HolyPaladinToken.lastDropUpdate')
 potentially stale -> ('SV', 'contracts/HolyPaladinToken.sol', 'HolyPaladinToken.currentDropPerSecond'), ('SV', 'contracts/HolyPaladinToken.sol', 'HolyPaladinToken.endDropPerSecond')
 reader witnesses  -> 48
 storage exposures -> 1
[MV-SI candidate bd9f7e8369d437120960] {_balances[$arg0], userLocks}
 writer root       -> contracts/HolyPaladinToken.sol::HolyPaladinToken.increaseLock(uint256)
 writer effect     -> contracts/HolyPaladinToken.sol:1148
 written member    -> ('SV', 'contracts/HolyPaladinToken.sol', 'HolyPaladinToken.userLocks')
 potentially stale -> ('MS', 'contracts/open-zeppelin/ERC20.sol', 'ERC20._balances', '$arg0')
 reader witnesses  -> 19
 storage exposures -> 1
[MV-SI candidate bfc7c9a8feecf2e1d0ca] {_balances[$arg0], userLocks}
 writer root       -> contracts/HolyPaladinToken.sol::HolyPaladinToken.increaseLockDuration(uint256)
 writer effect     -> contracts/HolyPaladinToken.sol:708
 written member    -> ('SV', 'contracts/HolyPaladinToken.sol', 'HolyPaladinToken.userLocks')
 potentially stale -> ('MS', 'contracts/open-zeppelin/ERC20.sol', 'ERC20._balances', '$arg0')
 reader witnesses  -> 19
 storage exposures -> 1
[MV-SI candidate c03eeea8bc188acd6bf4] {currentDropPerSecond, endDropPerSecond, lastDropUpdate}
 writer root       -> contracts/HolyPaladinToken.sol::HolyPaladinToken.unlock()
 writer effect     -> contracts/HolyPaladinToken.sol:738
 written member    -> ('SV', 'contracts/HolyPaladinToken.sol', 'HolyPaladinToken.currentDropPerSecond')
 potentially stale -> ('SV', 'contracts/HolyPaladinToken.sol', 'HolyPaladinToken.endDropPerSecond'), ('SV', 'contracts/HolyPaladinToken.sol', 'HolyPaladinToken.lastDropUpdate')
 reader witnesses  -> 56
 storage exposures -> 1
[MV-SI candidate c2705ba461a3674d0f6a] {_balances[$arg0], userLocks}
 writer root       -> contracts/HolyPaladinToken.sol::HolyPaladinToken.increaseLockDuration(uint256)
 writer effect     -> contracts/HolyPaladinToken.sol:1173
 written member    -> ('SV', 'contracts/HolyPaladinToken.sol', 'HolyPaladinToken.userLocks')
 potentially stale -> ('MS', 'contracts/open-zeppelin/ERC20.sol', 'ERC20._balances', '$arg0')
 reader witnesses  -> 19
 storage exposures -> 1
[MV-SI candidate c2e324e2ca5dc12de710] {currentDropPerSecond, endDropPerSecond, lastDropUpdate}
 writer root       -> contracts/HolyPaladinToken.sol::HolyPaladinToken.updateUserRewardState(address)
 writer effect     -> contracts/HolyPaladinToken.sol:720
 written member    -> ('SV', 'contracts/HolyPaladinToken.sol', 'HolyPaladinToken.currentDropPerSecond')
 potentially stale -> ('SV', 'contracts/HolyPaladinToken.sol', 'HolyPaladinToken.endDropPerSecond'), ('SV', 'contracts/HolyPaladinToken.sol', 'HolyPaladinToken.lastDropUpdate')
 reader witnesses  -> 48
 storage exposures -> 1
[MV-SI candidate c92f0de77b3ddec5708d] {_balances[$arg0], userLocks}
 writer root       -> contracts/HolyPaladinToken.sol::HolyPaladinToken.increaseLockDuration(uint256)
 writer effect     -> contracts/HolyPaladinToken.sol:1199
 written member    -> ('SV', 'contracts/HolyPaladinToken.sol', 'HolyPaladinToken.userLocks')
 potentially stale -> ('MS', 'contracts/open-zeppelin/ERC20.sol', 'ERC20._balances', '$arg0')
 reader witnesses  -> 19
 storage exposures -> 1
[MV-SI candidate cbc6afaae9476264ee33] {currentDropPerSecond, endDropPerSecond}
 writer root       -> contracts/HolyPaladinToken.sol::HolyPaladinToken.lock(uint256,uint256)
 writer effect     -> contracts/HolyPaladinToken.sol:720
 written member    -> ('SV', 'contracts/HolyPaladinToken.sol', 'HolyPaladinToken.currentDropPerSecond')
 potentially stale -> ('SV', 'contracts/HolyPaladinToken.sol', 'HolyPaladinToken.endDropPerSecond')
 reader witnesses  -> 32
 storage exposures -> 1
[MV-SI candidate cc9f23357b2858d60ae6] {currentDropPerSecond, endDropPerSecond, lastDropUpdate}
 writer root       -> contracts/HolyPaladinToken.sol::HolyPaladinToken.updateRewardState()
 writer effect     -> contracts/HolyPaladinToken.sol:720
 written member    -> ('SV', 'contracts/HolyPaladinToken.sol', 'HolyPaladinToken.currentDropPerSecond')
 potentially stale -> ('SV', 'contracts/HolyPaladinToken.sol', 'HolyPaladinToken.endDropPerSecond'), ('SV', 'contracts/HolyPaladinToken.sol', 'HolyPaladinToken.lastDropUpdate')
 reader witnesses  -> 48
 storage exposures -> 1
[MV-SI candidate d087be7ee07ad8901c9d] {_balances[$arg0], userLocks}
 writer root       -> contracts/HolyPaladinToken.sol::HolyPaladinToken.increaseLockDuration(uint256)
 writer effect     -> contracts/HolyPaladinToken.sol:809
 written member    -> ('SV', 'contracts/HolyPaladinToken.sol', 'HolyPaladinToken.userLocks')
 potentially stale -> ('MS', 'contracts/open-zeppelin/ERC20.sol', 'ERC20._balances', '$arg0')
 reader witnesses  -> 19
 storage exposures -> 1
[MV-SI candidate d3580c2f8e11a785e759] {currentDropPerSecond, endDropPerSecond}
 writer root       -> contracts/HolyPaladinToken.sol::HolyPaladinToken.unlock()
 writer effect     -> contracts/HolyPaladinToken.sol:720
 written member    -> ('SV', 'contracts/HolyPaladinToken.sol', 'HolyPaladinToken.currentDropPerSecond')
 potentially stale -> ('SV', 'contracts/HolyPaladinToken.sol', 'HolyPaladinToken.endDropPerSecond')
 reader witnesses  -> 32
 storage exposures -> 1
[MV-SI candidate d3c7ab889da673348867] {currentDropPerSecond, endDropPerSecond}
 writer root       -> contracts/HolyPaladinToken.sol::HolyPaladinToken.setEndDropPerSecond(uint256)
 writer effect     -> contracts/HolyPaladinToken.sol:1435
 written member    -> ('SV', 'contracts/HolyPaladinToken.sol', 'HolyPaladinToken.endDropPerSecond')
 potentially stale -> ('SV', 'contracts/HolyPaladinToken.sol', 'HolyPaladinToken.currentDropPerSecond')
 reader witnesses  -> 24
 storage exposures -> 1
[MV-SI candidate d5c868511961265f172d] {_balances[$arg0], userLocks}
 writer root       -> contracts/HolyPaladinToken.sol::HolyPaladinToken.stakeAndLock(uint256,uint256)
 writer effect     -> contracts/open-zeppelin/ERC20.sol:257
 written member    -> ('MS', 'contracts/open-zeppelin/ERC20.sol', 'ERC20._balances', '$arg0')
 potentially stale -> ('SV', 'contracts/HolyPaladinToken.sol', 'HolyPaladinToken.userLocks')
 reader witnesses  -> 98
 storage exposures -> 1
[MV-SI candidate d6c1070a07198ac5f10b] {currentDropPerSecond, endDropPerSecond, lastDropUpdate}
 writer root       -> contracts/HolyPaladinToken.sol::HolyPaladinToken.claim(uint256)
 writer effect     -> contracts/HolyPaladinToken.sol:720
 written member    -> ('SV', 'contracts/HolyPaladinToken.sol', 'HolyPaladinToken.currentDropPerSecond')
 potentially stale -> ('SV', 'contracts/HolyPaladinToken.sol', 'HolyPaladinToken.endDropPerSecond'), ('SV', 'contracts/HolyPaladinToken.sol', 'HolyPaladinToken.lastDropUpdate')
 reader witnesses  -> 48
 storage exposures -> 1
[MV-SI candidate d765e3c6bb2442bc661f] {_balances[$arg0], userLocks}
 writer root       -> contracts/HolyPaladinToken.sol::HolyPaladinToken.increaseLock(uint256)
 writer effect     -> contracts/HolyPaladinToken.sol:809
 written member    -> ('SV', 'contracts/HolyPaladinToken.sol', 'HolyPaladinToken.userLocks')
 potentially stale -> ('MS', 'contracts/open-zeppelin/ERC20.sol', 'ERC20._balances', '$arg0')
 reader witnesses  -> 19
 storage exposures -> 1
[MV-SI candidate db55d7ed08dbcb258008] {_balances[$arg0], userLocks}
 writer root       -> contracts/HolyPaladinToken.sol::HolyPaladinToken.lock(uint256,uint256)
 writer effect     -> contracts/HolyPaladinToken.sol:708
 written member    -> ('SV', 'contracts/HolyPaladinToken.sol', 'HolyPaladinToken.userLocks')
 potentially stale -> ('MS', 'contracts/open-zeppelin/ERC20.sol', 'ERC20._balances', '$arg0')
 reader witnesses  -> 19
 storage exposures -> 1
[MV-SI candidate dc4c1718d98bafc3baf6] {_balances[$arg0], userLocks}
 writer root       -> contracts/HolyPaladinToken.sol::HolyPaladinToken.lock(uint256,uint256)
 writer effect     -> contracts/HolyPaladinToken.sol:709
 written member    -> ('SV', 'contracts/HolyPaladinToken.sol', 'HolyPaladinToken.userLocks')
 potentially stale -> ('MS', 'contracts/open-zeppelin/ERC20.sol', 'ERC20._balances', '$arg0')
 reader witnesses  -> 19
 storage exposures -> 1
[MV-SI candidate dc73238b89a8f3c45b6e] {currentDropPerSecond, endDropPerSecond}
 writer root       -> contracts/HolyPaladinToken.sol::HolyPaladinToken.increaseLockDuration(uint256)
 writer effect     -> contracts/HolyPaladinToken.sol:738
 written member    -> ('SV', 'contracts/HolyPaladinToken.sol', 'HolyPaladinToken.currentDropPerSecond')
 potentially stale -> ('SV', 'contracts/HolyPaladinToken.sol', 'HolyPaladinToken.endDropPerSecond')
 reader witnesses  -> 40
 storage exposures -> 1
[MV-SI candidate dcd593bb0cae39a0d686] {_balances[$arg0], userLocks}
 writer root       -> contracts/open-zeppelin/ERC20.sol::ERC20.transfer(address,uint256)
 writer effect     -> contracts/open-zeppelin/ERC20.sol:235
 written member    -> ('MS', 'contracts/open-zeppelin/ERC20.sol', 'ERC20._balances', '$arg0')
 potentially stale -> ('SV', 'contracts/HolyPaladinToken.sol', 'HolyPaladinToken.userLocks')
 reader witnesses  -> 98
 storage exposures -> 1
[MV-SI candidate dd0e9022a9949d129f81] {_balances[$arg0], userLocks}
 writer root       -> contracts/HolyPaladinToken.sol::HolyPaladinToken.increaseLockDuration(uint256)
 writer effect     -> contracts/HolyPaladinToken.sol:1199
 written member    -> ('SV', 'contracts/HolyPaladinToken.sol', 'HolyPaladinToken.userLocks')
 potentially stale -> ('MS', 'contracts/open-zeppelin/ERC20.sol', 'ERC20._balances', '$arg0')
 reader witnesses  -> 19
 storage exposures -> 1
[MV-SI candidate de7b8fcb219169a46cf6] {_balances[$arg0], userLocks}
 writer root       -> contracts/HolyPaladinToken.sol::HolyPaladinToken.claim(uint256)
 writer effect     -> contracts/HolyPaladinToken.sol:809
 written member    -> ('SV', 'contracts/HolyPaladinToken.sol', 'HolyPaladinToken.userLocks')
 potentially stale -> ('MS', 'contracts/open-zeppelin/ERC20.sol', 'ERC20._balances', '$arg0')
 reader witnesses  -> 19
 storage exposures -> 1
[MV-SI candidate dec6ce8a1363c3717554] {_balances[$arg0], userLocks}
 writer root       -> contracts/HolyPaladinToken.sol::HolyPaladinToken.stakeAndIncreaseLock(uint256,uint256)
 writer effect     -> contracts/HolyPaladinToken.sol:348
 written member    -> ('SV', 'contracts/HolyPaladinToken.sol', 'HolyPaladinToken.userLocks')
 potentially stale -> ('MS', 'contracts/open-zeppelin/ERC20.sol', 'ERC20._balances', '$arg0')
 reader witnesses  -> 19
 storage exposures -> 1
[MV-SI candidate dedf8822a349c81a8500] {_balances[$arg0], userLocks}
 writer root       -> contracts/HolyPaladinToken.sol::HolyPaladinToken.increaseLockDuration(uint256)
 writer effect     -> contracts/HolyPaladinToken.sol:272
 written member    -> ('SV', 'contracts/HolyPaladinToken.sol', 'HolyPaladinToken.userLocks')
 potentially stale -> ('MS', 'contracts/open-zeppelin/ERC20.sol', 'ERC20._balances', '$arg0')
 reader witnesses  -> 19
 storage exposures -> 1
[MV-SI candidate e0b097eb77227fcc23c8] {_balances[$arg0], userLocks}
 writer root       -> contracts/HolyPaladinToken.sol::HolyPaladinToken.increaseLock(uint256)
 writer effect     -> contracts/HolyPaladinToken.sol:1199
 written member    -> ('SV', 'contracts/HolyPaladinToken.sol', 'HolyPaladinToken.userLocks')
 potentially stale -> ('MS', 'contracts/open-zeppelin/ERC20.sol', 'ERC20._balances', '$arg0')
 reader witnesses  -> 19
 storage exposures -> 1
[MV-SI candidate e18cbad7039e2913931e] {currentDropPerSecond, endDropPerSecond, lastDropUpdate}
 writer root       -> contracts/HolyPaladinToken.sol::HolyPaladinToken.setEndDropPerSecond(uint256)
 writer effect     -> contracts/HolyPaladinToken.sol:1435
 written member    -> ('SV', 'contracts/HolyPaladinToken.sol', 'HolyPaladinToken.endDropPerSecond')
 potentially stale -> ('SV', 'contracts/HolyPaladinToken.sol', 'HolyPaladinToken.currentDropPerSecond'), ('SV', 'contracts/HolyPaladinToken.sol', 'HolyPaladinToken.lastDropUpdate')
 reader witnesses  -> 40
 storage exposures -> 1
[MV-SI candidate e3e5ee5fd0d91778a12f] {_balances[$arg0], userLocks}
 writer root       -> contracts/HolyPaladinToken.sol::HolyPaladinToken.increaseLock(uint256)
 writer effect     -> contracts/HolyPaladinToken.sol:286
 written member    -> ('SV', 'contracts/HolyPaladinToken.sol', 'HolyPaladinToken.userLocks')
 potentially stale -> ('MS', 'contracts/open-zeppelin/ERC20.sol', 'ERC20._balances', '$arg0')
 reader witnesses  -> 19
 storage exposures -> 1
[MV-SI candidate e4f15fb46ac01ca8eda5] {currentDropPerSecond, endDropPerSecond, lastDropUpdate}
 writer root       -> contracts/HolyPaladinToken.sol::HolyPaladinToken.unlock()
 writer effect     -> contracts/HolyPaladinToken.sol:720
 written member    -> ('SV', 'contracts/HolyPaladinToken.sol', 'HolyPaladinToken.currentDropPerSecond')
 potentially stale -> ('SV', 'contracts/HolyPaladinToken.sol', 'HolyPaladinToken.endDropPerSecond'), ('SV', 'contracts/HolyPaladinToken.sol', 'HolyPaladinToken.lastDropUpdate')
 reader witnesses  -> 48
 storage exposures -> 1
[MV-SI candidate e6b1782ef962a1fc8bfa] {currentDropPerSecond, endDropPerSecond}
 writer root       -> contracts/HolyPaladinToken.sol::HolyPaladinToken.kick(address)
 writer effect     -> contracts/HolyPaladinToken.sol:720
 written member    -> ('SV', 'contracts/HolyPaladinToken.sol', 'HolyPaladinToken.currentDropPerSecond')
 potentially stale -> ('SV', 'contracts/HolyPaladinToken.sol', 'HolyPaladinToken.endDropPerSecond')
 reader witnesses  -> 32
 storage exposures -> 1
[MV-SI candidate e8cb127a198c2ddb4c22] {_balances[$arg0], userLocks}
 writer root       -> contracts/HolyPaladinToken.sol::HolyPaladinToken.unlock()
 writer effect     -> contracts/HolyPaladinToken.sol:1237
 written member    -> ('SV', 'contracts/HolyPaladinToken.sol', 'HolyPaladinToken.userLocks')
 potentially stale -> ('MS', 'contracts/open-zeppelin/ERC20.sol', 'ERC20._balances', '$arg0')
 reader witnesses  -> 19
 storage exposures -> 1
[MV-SI candidate e91f5cebd8c581884e2c] {currentDropPerSecond, endDropPerSecond, lastDropUpdate}
 writer root       -> contracts/HolyPaladinToken.sol::HolyPaladinToken.lock(uint256,uint256)
 writer effect     -> contracts/HolyPaladinToken.sol:738
 written member    -> ('SV', 'contracts/HolyPaladinToken.sol', 'HolyPaladinToken.currentDropPerSecond')
 potentially stale -> ('SV', 'contracts/HolyPaladinToken.sol', 'HolyPaladinToken.endDropPerSecond'), ('SV', 'contracts/HolyPaladinToken.sol', 'HolyPaladinToken.lastDropUpdate')
 reader witnesses  -> 56
 storage exposures -> 1
[MV-SI candidate ea057b1bef04c623cbcf] {currentDropPerSecond, endDropPerSecond, lastDropUpdate}
 writer root       -> contracts/HolyPaladinToken.sol::HolyPaladinToken.increaseLock(uint256)
 writer effect     -> contracts/HolyPaladinToken.sol:738
 written member    -> ('SV', 'contracts/HolyPaladinToken.sol', 'HolyPaladinToken.currentDropPerSecond')
 potentially stale -> ('SV', 'contracts/HolyPaladinToken.sol', 'HolyPaladinToken.endDropPerSecond'), ('SV', 'contracts/HolyPaladinToken.sol', 'HolyPaladinToken.lastDropUpdate')
 reader witnesses  -> 56
 storage exposures -> 1
[MV-SI candidate ec5fb9a2e6bcfca5c055] {currentDropPerSecond, endDropPerSecond, lastDropUpdate}
 writer root       -> contracts/HolyPaladinToken.sol::HolyPaladinToken.kick(address)
 writer effect     -> contracts/HolyPaladinToken.sol:720
 written member    -> ('SV', 'contracts/HolyPaladinToken.sol', 'HolyPaladinToken.currentDropPerSecond')
 potentially stale -> ('SV', 'contracts/HolyPaladinToken.sol', 'HolyPaladinToken.endDropPerSecond'), ('SV', 'contracts/HolyPaladinToken.sol', 'HolyPaladinToken.lastDropUpdate')
 reader witnesses  -> 48
 storage exposures -> 1
[MV-SI candidate ecee9b58bbe35e1a1789] {_balances[$arg0], userLocks}
 writer root       -> contracts/HolyPaladinToken.sol::HolyPaladinToken.lock(uint256,uint256)
 writer effect     -> contracts/HolyPaladinToken.sol:1184
 written member    -> ('SV', 'contracts/HolyPaladinToken.sol', 'HolyPaladinToken.userLocks')
 potentially stale -> ('MS', 'contracts/open-zeppelin/ERC20.sol', 'ERC20._balances', '$arg0')
 reader witnesses  -> 19
 storage exposures -> 1
[MV-SI candidate f1ba7539f55c32faa531] {_balances[$arg0], userLocks}
 writer root       -> contracts/HolyPaladinToken.sol::HolyPaladinToken.unlock()
 writer effect     -> contracts/HolyPaladinToken.sol:709
 written member    -> ('SV', 'contracts/HolyPaladinToken.sol', 'HolyPaladinToken.userLocks')
 potentially stale -> ('MS', 'contracts/open-zeppelin/ERC20.sol', 'ERC20._balances', '$arg0')
 reader witnesses  -> 19
 storage exposures -> 1
[MV-SI candidate f1d3a08410133f3ac5f8] {_balances[$arg0], userLocks}
 writer root       -> contracts/HolyPaladinToken.sol::HolyPaladinToken.emergencyWithdraw(uint256,address)
 writer effect     -> contracts/HolyPaladinToken.sol:1345
 written member    -> ('SV', 'contracts/HolyPaladinToken.sol', 'HolyPaladinToken.userLocks')
 potentially stale -> ('MS', 'contracts/open-zeppelin/ERC20.sol', 'ERC20._balances', '$arg0')
 reader witnesses  -> 19
 storage exposures -> 1
[MV-SI candidate f59881b7d51fae921d2f] {_balances[$arg0], userLocks}
 writer root       -> contracts/HolyPaladinToken.sol::HolyPaladinToken.lock(uint256,uint256)
 writer effect     -> contracts/HolyPaladinToken.sol:1199
 written member    -> ('SV', 'contracts/HolyPaladinToken.sol', 'HolyPaladinToken.userLocks')
 potentially stale -> ('MS', 'contracts/open-zeppelin/ERC20.sol', 'ERC20._balances', '$arg0')
 reader witnesses  -> 19
 storage exposures -> 1
[MV-SI candidate f67557ed86b37024e344] {_balances[$arg0], userLocks}
 writer root       -> contracts/HolyPaladinToken.sol::HolyPaladinToken.increaseLock(uint256)
 writer effect     -> contracts/HolyPaladinToken.sol:1184
 written member    -> ('SV', 'contracts/HolyPaladinToken.sol', 'HolyPaladinToken.userLocks')
 potentially stale -> ('MS', 'contracts/open-zeppelin/ERC20.sol', 'ERC20._balances', '$arg0')
 reader witnesses  -> 19
 storage exposures -> 1
[MV-SI candidate f68b77ba9fef6386fda4] {currentDropPerSecond, endDropPerSecond}
 writer root       -> contracts/HolyPaladinToken.sol::HolyPaladinToken.unlock()
 writer effect     -> contracts/HolyPaladinToken.sol:738
 written member    -> ('SV', 'contracts/HolyPaladinToken.sol', 'HolyPaladinToken.currentDropPerSecond')
 potentially stale -> ('SV', 'contracts/HolyPaladinToken.sol', 'HolyPaladinToken.endDropPerSecond')
 reader witnesses  -> 40
 storage exposures -> 1
[MV-SI candidate f870746d54ca1c98ff29] {_balances[$arg0], userLocks}
 writer root       -> contracts/HolyPaladinToken.sol::HolyPaladinToken.increaseLock(uint256)
 writer effect     -> contracts/HolyPaladinToken.sol:709
 written member    -> ('SV', 'contracts/HolyPaladinToken.sol', 'HolyPaladinToken.userLocks')
 potentially stale -> ('MS', 'contracts/open-zeppelin/ERC20.sol', 'ERC20._balances', '$arg0')
 reader witnesses  -> 19
 storage exposures -> 1
[MV-SI candidate f9516cc782b3f64ef8f2] {_balances[$arg0], userLocks}
 writer root       -> contracts/HolyPaladinToken.sol::HolyPaladinToken.unlock()
 writer effect     -> contracts/HolyPaladinToken.sol:708
 written member    -> ('SV', 'contracts/HolyPaladinToken.sol', 'HolyPaladinToken.userLocks')
 potentially stale -> ('MS', 'contracts/open-zeppelin/ERC20.sol', 'ERC20._balances', '$arg0')
 reader witnesses  -> 19
 storage exposures -> 1
[MV-SI candidate fae23fa56dd5d55f6f71] {_balances[$arg0], userLocks}
 writer root       -> contracts/HolyPaladinToken.sol::HolyPaladinToken.unlock()
 writer effect     -> contracts/HolyPaladinToken.sol:1260
 written member    -> ('SV', 'contracts/HolyPaladinToken.sol', 'HolyPaladinToken.userLocks')
 potentially stale -> ('MS', 'contracts/open-zeppelin/ERC20.sol', 'ERC20._balances', '$arg0')
 reader witnesses  -> 19
 storage exposures -> 1
[MV-SI candidate fb00f78ef3a29ccbabed] {_balances[$arg0], userLocks}
 writer root       -> contracts/HolyPaladinToken.sol::HolyPaladinToken.stakeAndIncreaseLock(uint256,uint256)
 writer effect     -> contracts/HolyPaladinToken.sol:1199
 written member    -> ('SV', 'contracts/HolyPaladinToken.sol', 'HolyPaladinToken.userLocks')
 potentially stale -> ('MS', 'contracts/open-zeppelin/ERC20.sol', 'ERC20._balances', '$arg0')
 reader witnesses  -> 19
 storage exposures -> 1
[MV-SI candidate fc6d77723c1e0d2e54bc] {_balances[$arg0], userLocks}
 writer root       -> contracts/HolyPaladinToken.sol::HolyPaladinToken.increaseLock(uint256)
 writer effect     -> contracts/HolyPaladinToken.sol:708
 written member    -> ('SV', 'contracts/HolyPaladinToken.sol', 'HolyPaladinToken.userLocks')
 potentially stale -> ('MS', 'contracts/open-zeppelin/ERC20.sol', 'ERC20._balances', '$arg0')
 reader witnesses  -> 19
 storage exposures -> 1
[MV-SI candidate fd6f39561b71ca553072] {currentDropPerSecond, endDropPerSecond}
 writer root       -> contracts/HolyPaladinToken.sol::HolyPaladinToken.updateUserRewardState(address)
 writer effect     -> contracts/HolyPaladinToken.sol:738
 written member    -> ('SV', 'contracts/HolyPaladinToken.sol', 'HolyPaladinToken.currentDropPerSecond')
 potentially stale -> ('SV', 'contracts/HolyPaladinToken.sol', 'HolyPaladinToken.endDropPerSecond')
 reader witnesses  -> 40
 storage exposures -> 1
[MV-SI candidate fe6baac62d694c4325ac] {_balances[$arg0], userLocks}
 writer root       -> contracts/open-zeppelin/ERC20.sol::ERC20.transferFrom(address,address,uint256)
 writer effect     -> contracts/open-zeppelin/ERC20.sol:233
 written member    -> ('MS', 'contracts/open-zeppelin/ERC20.sol', 'ERC20._balances', '$arg0')
 potentially stale -> ('SV', 'contracts/HolyPaladinToken.sol', 'HolyPaladinToken.userLocks')
 reader witnesses  -> 98
 storage exposures -> 1
[MV-SI candidate ffdeabfa6b1c395207ee] {_balances[$arg0], userLocks}
 writer root       -> contracts/HolyPaladinToken.sol::HolyPaladinToken.updateUserRewardState(address)
 writer effect     -> contracts/HolyPaladinToken.sol:809
 written member    -> ('SV', 'contracts/HolyPaladinToken.sol', 'HolyPaladinToken.userLocks')
 potentially stale -> ('MS', 'contracts/open-zeppelin/ERC20.sol', 'ERC20._balances', '$arg0')
 reader witnesses  -> 19
 storage exposures -> 1Reference: https://github.com/crytic/slither/wiki/Detector-Documentation
INFO:Slither:. analyzed (39 contracts with 1 detectors), 128 result(s) found
