'/tmp/.svm/0.8.11/solc-0.8.11 --version' running
'solc --standard-json --allow-paths /tmp/analysis-input' running
Warning: Warning: SPDX license identifier not provided in source file. Before publishing, consider adding a comment containing "SPDX-License-Identifier: <SPDX-License>" to each source file. Use "SPDX-License-Identifier: UNLICENSED" for non-open-source code. Please see https://spdx.org for more information.
--> contracts/interfaces/IKeeperCompatibleInterface.sol


Warning: Warning: SPDX license identifier not provided in source file. Before publishing, consider adding a comment containing "SPDX-License-Identifier: <SPDX-License>" to each source file. Use "SPDX-License-Identifier: UNLICENSED" for non-open-source code. Please see https://spdx.org for more information.
--> contracts/ops/UniV2PoolKeeper.sol


Warning: Warning: This declaration shadows an existing declaration.
   --> contracts/Auction/AuctionEscapeHatch.sol:209:7:
    |
209 |       uint256 earlyExitReturn,
    |       ^^^^^^^^^^^^^^^^^^^^^^^
Note: The shadowed declaration is here:
   --> contracts/Auction/AuctionEscapeHatch.sol:113:3:
    |
113 |   function earlyExitReturn(
    |   ^ (Relevant source part starts here and spans across multiple lines).


Warning: Warning: This declaration shadows an existing declaration.
   --> contracts/Auction/AuctionEscapeHatch.sol:228:7:
    |
228 |       uint256 earlyExitReturn,
    |       ^^^^^^^^^^^^^^^^^^^^^^^
Note: The shadowed declaration is here:
   --> contracts/Auction/AuctionEscapeHatch.sol:113:3:
    |
113 |   function earlyExitReturn(
    |   ^ (Relevant source part starts here and spans across multiple lines).


Warning: Warning: This declaration shadows an existing declaration.
   --> contracts/DataFeed/DualMovingAverage.sol:191:7:
    |
191 |       uint256 cumulativeValue,
    |       ^^^^^^^^^^^^^^^^^^^^^^^
Note: The shadowed declaration is here:
  --> contracts/DataFeed/DualMovingAverage.sol:29:3:
   |
29 |   uint256 public cumulativeValue;
   |   ^^^^^^^^^^^^^^^^^^^^^^^^^^^^^^


Warning: Warning: This declaration shadows an existing declaration.
   --> contracts/DataFeed/DualMovingAverage.sol:192:7:
    |
192 |       uint256 cumulativeValueTwo,
    |       ^^^^^^^^^^^^^^^^^^^^^^^^^^
Note: The shadowed declaration is here:
  --> contracts/DataFeed/DualMovingAverage.sol:30:3:
   |
30 |   uint256 public cumulativeValueTwo;
   |   ^^^^^^^^^^^^^^^^^^^^^^^^^^^^^^^^^


Warning: Warning: This declaration shadows an existing declaration.
   --> contracts/DataFeed/DualMovingAverage.sol:216:7:
    |
216 |       uint256 cumulativeValue,
    |       ^^^^^^^^^^^^^^^^^^^^^^^
Note: The shadowed declaration is here:
  --> contracts/DataFeed/DualMovingAverage.sol:29:3:
   |
29 |   uint256 public cumulativeValue;
   |   ^^^^^^^^^^^^^^^^^^^^^^^^^^^^^^


Warning: Warning: This declaration shadows an existing declaration.
   --> contracts/DataFeed/DualMovingAverage.sol:217:7:
    |
217 |       uint256 cumulativeValueTwo,
    |       ^^^^^^^^^^^^^^^^^^^^^^^^^^
Note: The shadowed declaration is here:
  --> contracts/DataFeed/DualMovingAverage.sol:30:3:
   |
30 |   uint256 public cumulativeValueTwo;
   |   ^^^^^^^^^^^^^^^^^^^^^^^^^^^^^^^^^


Warning: Warning: This declaration shadows an existing declaration.
   --> contracts/DataFeed/DualMovingAverage.sol:271:7:
    |
271 |       uint256 timeDiff = blockTimestamp - blockTimestampLast;
    |       ^^^^^^^^^^^^^^^^
Note: The shadowed declaration is here:
   --> contracts/DataFeed/DualMovingAverage.sol:329:5:
    |
329 |     uint256 timeDiff = (nextSampleTime - blockTimestampLast);
    |     ^^^^^^^^^^^^^^^^


Warning: Warning: This declaration shadows an existing declaration.
   --> contracts/DataFeed/DualMovingAverage.sol:430:5:
    |
430 |     uint256 cumulativeValue,
    |     ^^^^^^^^^^^^^^^^^^^^^^^
Note: The shadowed declaration is here:
  --> contracts/DataFeed/DualMovingAverage.sol:29:3:
   |
29 |   uint256 public cumulativeValue;
   |   ^^^^^^^^^^^^^^^^^^^^^^^^^^^^^^


Warning: Warning: This declaration shadows an existing declaration.
   --> contracts/DataFeed/DualMovingAverage.sol:431:5:
    |
431 |     uint256 cumulativeValueTwo
    |     ^^^^^^^^^^^^^^^^^^^^^^^^^^
Note: The shadowed declaration is here:
  --> contracts/DataFeed/DualMovingAverage.sol:30:3:
   |
30 |   uint256 public cumulativeValueTwo;
   |   ^^^^^^^^^^^^^^^^^^^^^^^^^^^^^^^^^


Warning: Warning: This declaration shadows an existing declaration.
   --> contracts/DataFeed/MaltDataLab.sol:188:6:
    |
188 |     (uint64 timestamp, , , , , uint256 price, uint256 rootK) = poolMA
    |      ^^^^^^^^^^^^^^^^
Note: The shadowed declaration is here:
   --> contracts/DataFeed/MaltDataLab.sol:184:7:
    |
184 |       uint64 timestamp
    |       ^^^^^^^^^^^^^^^^


Warning: Warning: This declaration shadows an existing declaration.
   --> contracts/DataFeed/MaltDataLab.sol:200:6:
    |
200 |     (uint64 timestamp, , , , , , uint256 rootK) = poolMA.getLiveSample();
    |      ^^^^^^^^^^^^^^^^
Note: The shadowed declaration is here:
   --> contracts/DataFeed/MaltDataLab.sol:198:56:
    |
198 |   function lastK() public view returns (uint256 kLast, uint64 timestamp) {
    |                                                        ^^^^^^^^^^^^^^^^


Warning: Warning: This declaration shadows an existing declaration.
   --> contracts/DataFeed/MovingAverage.sol:164:7:
    |
164 |       uint256 cumulativeValue,
    |       ^^^^^^^^^^^^^^^^^^^^^^^
Note: The shadowed declaration is here:
  --> contracts/DataFeed/MovingAverage.sol:25:3:
   |
25 |   uint256 public cumulativeValue;
   |   ^^^^^^^^^^^^^^^^^^^^^^^^^^^^^^


Warning: Warning: This declaration shadows an existing declaration.
   --> contracts/DataFeed/MovingAverage.sol:183:7:
    |
183 |       uint256 cumulativeValue,
    |       ^^^^^^^^^^^^^^^^^^^^^^^
Note: The shadowed declaration is here:
  --> contracts/DataFeed/MovingAverage.sol:25:3:
   |
25 |   uint256 public cumulativeValue;
   |   ^^^^^^^^^^^^^^^^^^^^^^^^^^^^^^


Warning: Warning: This declaration shadows an existing declaration.
   --> contracts/DataFeed/MovingAverage.sol:358:48:
    |
358 |   function _createNewSample(uint64 sampleTime, uint256 cumulativeValue)
    |                                                ^^^^^^^^^^^^^^^^^^^^^^^
Note: The shadowed declaration is here:
  --> contracts/DataFeed/MovingAverage.sol:25:3:
   |
25 |   uint256 public cumulativeValue;
   |   ^^^^^^^^^^^^^^^^^^^^^^^^^^^^^^


Warning: Warning: This declaration shadows an existing declaration.
  --> contracts/GlobalImpliedCollateralService.sol:99:5:
   |
99 |     uint256 collateral = collateral.swingTrader; // gas
   |     ^^^^^^^^^^^^^^^^^^
Note: The shadowed declaration is here:
  --> contracts/GlobalImpliedCollateralService.sol:15:3:
   |
15 |   CoreCollateral public collateral;
   |   ^^^^^^^^^^^^^^^^^^^^^^^^^^^^^^^^


Warning: Warning: This declaration shadows an existing declaration.
   --> contracts/StabilityPod/SwingTrader.sol:200:5:
    |
200 |     uint256 costBasis,
    |     ^^^^^^^^^^^^^^^^^
Note: The shadowed declaration is here:
   --> contracts/StabilityPod/SwingTrader.sol:183:3:
    |
183 |   function costBasis() public view returns (uint256 cost, uint256 decimals) {
    |   ^ (Relevant source part starts here and spans across multiple lines).


Warning: Warning: This declaration shadows an existing declaration.
   --> contracts/RewardSystem/RewardThrottle.sol:190:5:
    |
190 |     State memory epochState = state[epoch];
    |     ^^^^^^^^^^^^^^^^^^^^^^^
Note: The shadowed declaration is here:
   --> contracts/RewardSystem/RewardThrottle.sol:409:3:
    |
409 |   function epochState(uint256 epoch) public view returns (State memory) {
    |   ^ (Relevant source part starts here and spans across multiple lines).


Warning: Warning: This declaration shadows an existing declaration.
   --> contracts/RewardSystem/RewardThrottle.sol:275:5:
    |
275 |     State memory epochState = state[epoch];
    |     ^^^^^^^^^^^^^^^^^^^^^^^
Note: The shadowed declaration is here:
   --> contracts/RewardSystem/RewardThrottle.sol:409:3:
    |
409 |   function epochState(uint256 epoch) public view returns (State memory) {
    |   ^ (Relevant source part starts here and spans across multiple lines).


Warning: Warning: This declaration shadows an existing declaration.
   --> contracts/RewardSystem/RewardThrottle.sol:289:5:
    |
289 |     State memory epochState = state[epoch];
    |     ^^^^^^^^^^^^^^^^^^^^^^^
Note: The shadowed declaration is here:
   --> contracts/RewardSystem/RewardThrottle.sol:409:3:
    |
409 |   function epochState(uint256 epoch) public view returns (State memory) {
    |   ^ (Relevant source part starts here and spans across multiple lines).


Warning: Warning: This declaration shadows an existing declaration.
   --> contracts/RewardSystem/RewardThrottle.sol:351:5:
    |
351 |     State memory epochState = state[epoch];
    |     ^^^^^^^^^^^^^^^^^^^^^^^
Note: The shadowed declaration is here:
   --> contracts/RewardSystem/RewardThrottle.sol:409:3:
    |
409 |   function epochState(uint256 epoch) public view returns (State memory) {
    |   ^ (Relevant source part starts here and spans across multiple lines).


Warning: Warning: This declaration shadows an existing declaration.
   --> contracts/RewardSystem/RewardThrottle.sol:480:5:
    |
480 |     State memory epochState = state[epoch];
    |     ^^^^^^^^^^^^^^^^^^^^^^^
Note: The shadowed declaration is here:
   --> contracts/RewardSystem/RewardThrottle.sol:409:3:
    |
409 |   function epochState(uint256 epoch) public view returns (State memory) {
    |   ^ (Relevant source part starts here and spans across multiple lines).


Warning: Warning: This declaration shadows an existing declaration.
   --> contracts/RewardSystem/RewardThrottle.sol:506:5:
    |
506 |     State memory epochState = state[epoch];
    |     ^^^^^^^^^^^^^^^^^^^^^^^
Note: The shadowed declaration is here:
   --> contracts/RewardSystem/RewardThrottle.sol:409:3:
    |
409 |   function epochState(uint256 epoch) public view returns (State memory) {
    |   ^ (Relevant source part starts here and spans across multiple lines).


Warning: Warning: This declaration shadows an existing declaration.
   --> contracts/RewardSystem/RewardThrottle.sol:546:5:
    |
546 |     State memory epochState = state[epoch];
    |     ^^^^^^^^^^^^^^^^^^^^^^^
Note: The shadowed declaration is here:
   --> contracts/RewardSystem/RewardThrottle.sol:409:3:
    |
409 |   function epochState(uint256 epoch) public view returns (State memory) {
    |   ^ (Relevant source part starts here and spans across multiple lines).


Warning: Warning: This declaration shadows an existing declaration.
   --> contracts/StabilityPod/StabilizerNode.sol:428:7:
    |
428 |       bool success = IAuctionStartController(auctionStartController)
    |       ^^^^^^^^^^^^
Note: The shadowed declaration is here:
   --> contracts/StabilityPod/StabilizerNode.sol:442:5:
    |
442 |     bool success = auction.triggerAuction(priceTarget, purchaseAmount);
    |     ^^^^^^^^^^^^


Warning: Warning: This declaration shadows an existing declaration.
   --> contracts/Staking/Bonding.sol:362:5:
    |
362 |     uint256 totalBonded = _globalBonded;
    |     ^^^^^^^^^^^^^^^^^^^
Note: The shadowed declaration is here:
   --> contracts/Staking/Bonding.sol:278:3:
    |
278 |   function totalBonded() public view returns (uint256) {
    |   ^ (Relevant source part starts here and spans across multiple lines).


Warning: Warning: This declaration shadows an existing declaration.
   --> contracts/Staking/Bonding.sol:364:5:
    |
364 |     uint256[] memory poolIds = activePools;
    |     ^^^^^^^^^^^^^^^^^^^^^^^^
Note: The shadowed declaration is here:
   --> contracts/Staking/Bonding.sol:357:7:
    |
357 |       uint256[] memory poolIds,
    |       ^^^^^^^^^^^^^^^^^^^^^^^^


Warning: Warning: This declaration shadows an existing declaration.
   --> contracts/Staking/Bonding.sol:366:5:
    |
366 |     uint256[] memory allocations = new uint256[](length);
    |     ^^^^^^^^^^^^^^^^^^^^^^^^^^^^
Note: The shadowed declaration is here:
   --> contracts/Staking/Bonding.sol:358:7:
    |
358 |       uint256[] memory allocations,
    |       ^^^^^^^^^^^^^^^^^^^^^^^^^^^^


Warning: Warning: This declaration shadows an existing declaration.
   --> contracts/Staking/Bonding.sol:367:5:
    |
367 |     address[] memory distributors = new address[](length);
    |     ^^^^^^^^^^^^^^^^^^^^^^^^^^^^^
Note: The shadowed declaration is here:
   --> contracts/Staking/Bonding.sol:359:7:
    |
359 |       address[] memory distributors
    |       ^^^^^^^^^^^^^^^^^^^^^^^^^^^^^


Warning: Warning: This declaration shadows an existing declaration.
   --> contracts/Staking/AbstractRewardMine.sol:284:5:
    |
284 |     uint256 totalBonded = totalBonded();
    |     ^^^^^^^^^^^^^^^^^^^
Note: The shadowed declaration is here:
   --> contracts/Staking/AbstractRewardMine.sol:118:3:
    |
118 |   function totalBonded() public view virtual returns (uint256);
    |   ^^^^^^^^^^^^^^^^^^^^^^^^^^^^^^^^^^^^^^^^^^^^^^^^^^^^^^^^^^^^^


Warning: Warning: This declaration shadows an existing declaration.
  --> contracts/Token/Malt.sol:40:5:
   |
40 |     string memory name,
   |     ^^^^^^^^^^^^^^^^^^
Note: The shadowed declaration is here:
  --> contracts/Token/Malt.sol:83:3:
   |
83 |   function name() public view override returns (string memory) {
   |   ^ (Relevant source part starts here and spans across multiple lines).


Warning: Warning: This declaration shadows an existing declaration.
   --> contracts/ops/UniV2PoolKeeper.sol:176:6:
    |
176 |     (uint256 livePrice, ) = dexHandler.maltMarketPrice();
    |      ^^^^^^^^^^^^^^^^^
Note: The shadowed declaration is here:
   --> contracts/ops/UniV2PoolKeeper.sol:157:32:
    |
157 |   function _shouldAdjustSupply(uint256 livePrice) internal view returns (bool) {
    |                                ^^^^^^^^^^^^^^^^^


Warning: Warning: This declaration shadows an existing declaration.
  --> contracts/Token/TransferService.sol:66:22:
   |
66 |       (bool success, bytes memory data) = targets[0].call(data[0]);
   |                      ^^^^^^^^^^^^^^^^^
Note: The shadowed declaration is here:
  --> contracts/Token/TransferService.sol:58:7:
   |
58 |       bytes[2] memory data
   |       ^^^^^^^^^^^^^^^^^^^^


Warning: Warning: This declaration shadows an existing declaration.
  --> contracts/Token/TransferService.sol:71:22:
   |
71 |       (bool success, bytes memory data) = targets[1].call(data[1]);
   |                      ^^^^^^^^^^^^^^^^^
Note: The shadowed declaration is here:
  --> contracts/Token/TransferService.sol:58:7:
   |
58 |       bytes[2] memory data
   |       ^^^^^^^^^^^^^^^^^^^^


Warning: Warning: Unused local variable.
   --> contracts/Auction/Auction.sol:795:7:
    |
795 |       uint256 avgMaltPrice,
    |       ^^^^^^^^^^^^^^^^^^^^


Warning: Warning: Unused local variable.
   --> contracts/Auction/AuctionEscapeHatch.sol:259:7:
    |
259 |       uint256 earlyExited
    |       ^^^^^^^^^^^^^^^^^^^


Warning: Warning: Unused function parameter. Remove or comment out the variable name to silence this warning.
   --> contracts/Auction/AuctionParticipant.sol:183:38:
    |
183 |   function _handleRewardDistribution(uint256 rewarded) internal virtual {
    |                                      ^^^^^^^^^^^^^^^^


Warning: Warning: Unused function parameter. Remove or comment out the variable name to silence this warning.
   --> contracts/DataFeed/MaltDataLab.sol:184:7:
    |
184 |       uint64 timestamp
    |       ^^^^^^^^^^^^^^^^


Warning: Warning: Unused local variable.
   --> contracts/DataFeed/MaltDataLab.sol:188:6:
    |
188 |     (uint64 timestamp, , , , , uint256 price, uint256 rootK) = poolMA
    |      ^^^^^^^^^^^^^^^^


Warning: Warning: Unused function parameter. Remove or comment out the variable name to silence this warning.
   --> contracts/DataFeed/MaltDataLab.sol:198:56:
    |
198 |   function lastK() public view returns (uint256 kLast, uint64 timestamp) {
    |                                                        ^^^^^^^^^^^^^^^^


Warning: Warning: Unused local variable.
   --> contracts/DataFeed/MaltDataLab.sol:200:6:
    |
200 |     (uint64 timestamp, , , , , , uint256 rootK) = poolMA.getLiveSample();
    |      ^^^^^^^^^^^^^^^^


Warning: Warning: Unused local variable.
   --> contracts/StabilityPod/SwingTrader.sol:208:5:
    |
208 |     uint256 maltDecimals = malt.decimals();
    |     ^^^^^^^^^^^^^^^^^^^^


Warning: Warning: Unused local variable.
   --> contracts/StabilityPod/SwingTrader.sol:222:5:
    |
222 |     uint256 maltDecimals = malt.decimals();
    |     ^^^^^^^^^^^^^^^^^^^^


Warning: Warning: Unused function parameter. Remove or comment out the variable name to silence this warning.
   --> contracts/StabilityPod/LiquidityExtension.sol:179:14:
    |
179 |     returns (uint256 purchased)
    |              ^^^^^^^^^^^^^^^^^


Warning: Warning: Unused local variable.
   --> contracts/StabilityPod/StabilizerNode.sol:291:5:
    |
291 |     uint256 decimals = collateralToken.decimals();
    |     ^^^^^^^^^^^^^^^^


Warning: Warning: Unused local variable.
   --> contracts/StabilityPod/SwingTraderManager.sol:296:5:
    |
296 |     uint256 maltDecimals = malt.decimals();
    |     ^^^^^^^^^^^^^^^^^^^^


Warning: Warning: Unused local variable.
   --> contracts/Staking/ERC20VestedMine.sol:134:5:
    |
134 |     SharesAndDebt storage globalActiveFocalShares = focalSharesAndDebt[focalId];
    |     ^^^^^^^^^^^^^^^^^^^^^^^^^^^^^^^^^^^^^^^^^^^^^


Warning: Warning: Unused function parameter. Remove or comment out the variable name to silence this warning.
   --> contracts/Staking/ERC20VestedMine.sol:393:28:
    |
393 |   function _beforeWithdraw(address account, uint256 amount) internal override {
    |                            ^^^^^^^^^^^^^^^


Warning: Warning: Unused function parameter. Remove or comment out the variable name to silence this warning.
   --> contracts/Staking/ERC20VestedMine.sol:393:45:
    |
393 |   function _beforeWithdraw(address account, uint256 amount) internal override {
    |                                             ^^^^^^^^^^^^^^


Warning: Warning: Unused function parameter. Remove or comment out the variable name to silence this warning.
  --> contracts/Token/AbstractTransferVerification.sol:17:5:
   |
17 |     address from,
   |     ^^^^^^^^^^^^


Warning: Warning: Unused function parameter. Remove or comment out the variable name to silence this warning.
  --> contracts/Token/AbstractTransferVerification.sol:18:5:
   |
18 |     address to,
   |     ^^^^^^^^^^


Warning: Warning: Unused function parameter. Remove or comment out the variable name to silence this warning.
  --> contracts/Token/AbstractTransferVerification.sol:19:5:
   |
19 |     uint256 amount
   |     ^^^^^^^^^^^^^^


Warning: Warning: Unused function parameter. Remove or comment out the variable name to silence this warning.
  --> contracts/Token/PoolTransferVerification.sol:83:5:
   |
83 |     uint256 amount
   |     ^^^^^^^^^^^^^^


Warning: Warning: Unused function parameter. Remove or comment out the variable name to silence this warning.
   --> contracts/ops/UniV2PoolKeeper.sol:157:32:
    |
157 |   function _shouldAdjustSupply(uint256 livePrice) internal view returns (bool) {
    |                                ^^^^^^^^^^^^^^^^^


Warning: Warning: Unused local variable.
   --> contracts/ops/UniV2PoolKeeper.sol:163:5:
    |
163 |     uint256 decimals = collateralToken.decimals();
    |     ^^^^^^^^^^^^^^^^


Warning: Warning: Unused try/catch parameter. Remove or comment out the variable name to silence this warning.
   --> contracts/ops/UniV2PoolKeeper.sol:286:48:
    |
286 |       try stabilizerNode.stabilize() {} catch (bytes memory error) {
    |                                                ^^^^^^^^^^^^^^^^^^


Warning: Warning: Unused local variable.
  --> contracts/Token/TransferService.sol:66:22:
   |
66 |       (bool success, bytes memory data) = targets[0].call(data[0]);
   |                      ^^^^^^^^^^^^^^^^^


Warning: Warning: Unused local variable.
  --> contracts/Token/TransferService.sol:71:22:
   |
71 |       (bool success, bytes memory data) = targets[1].call(data[1]);
   |                      ^^^^^^^^^^^^^^^^^


Warning: Warning: Function state mutability can be restricted to view
    --> contracts/Auction/Auction.sol:1228:3:
     |
1228 |   function _accessControl()
     |   ^ (Relevant source part starts here and spans across multiple lines).


Warning: Warning: Function state mutability can be restricted to view
   --> contracts/Auction/AuctionEscapeHatch.sol:306:3:
    |
306 |   function _accessControl()
    |   ^ (Relevant source part starts here and spans across multiple lines).


Warning: Warning: Function state mutability can be restricted to view
   --> contracts/Auction/AuctionParticipant.sol:196:3:
    |
196 |   function _accessControl() internal override(AuctionExtension) {
    |   ^ (Relevant source part starts here and spans across multiple lines).


Warning: Warning: Function state mutability can be restricted to view
   --> contracts/DataFeed/MaltDataLab.sol:614:3:
    |
614 |   function _accessControl()
    |   ^ (Relevant source part starts here and spans across multiple lines).


Warning: Warning: Function state mutability can be restricted to view
   --> contracts/DexHandlers/UniswapHandler.sol:496:3:
    |
496 |   function _accessControl() internal override(DataLabExtension) {
    |   ^ (Relevant source part starts here and spans across multiple lines).


Warning: Warning: Function state mutability can be restricted to view
   --> contracts/RewardSystem/LinearDistributor.sol:237:3:
    |
237 |   function _accessControl() internal override(RewardThrottleExtension) {
    |   ^ (Relevant source part starts here and spans across multiple lines).


Warning: Warning: Function state mutability can be restricted to view
   --> contracts/StabilityPod/SwingTrader.sol:199:3:
    |
199 |   function _calculateProfit(
    |   ^ (Relevant source part starts here and spans across multiple lines).


Warning: Warning: Function state mutability can be restricted to view
   --> contracts/RewardSystem/RewardOverflowPool.sol:111:3:
    |
111 |   function _accessControl()
    |   ^ (Relevant source part starts here and spans across multiple lines).


Warning: Warning: Function state mutability can be restricted to view
   --> contracts/RewardSystem/RewardThrottle.sol:762:3:
    |
762 |   function _accessControl()
    |   ^ (Relevant source part starts here and spans across multiple lines).


Warning: Warning: Function state mutability can be restricted to view
   --> contracts/RewardSystem/VestingDistributor.sol:437:3:
    |
437 |   function _accessControl() internal override(RewardThrottleExtension) {
    |   ^ (Relevant source part starts here and spans across multiple lines).


Warning: Warning: Function state mutability can be restricted to view
   --> contracts/StabilityPod/ImpliedCollateralService.sol:175:3:
    |
175 |   function _accessControl()
    |   ^ (Relevant source part starts here and spans across multiple lines).


Warning: Warning: Function state mutability can be restricted to view
   --> contracts/StabilityPod/LiquidityExtension.sol:200:3:
    |
200 |   function _accessControl()
    |   ^ (Relevant source part starts here and spans across multiple lines).


Warning: Warning: Function state mutability can be restricted to view
   --> contracts/StabilityPod/ProfitDistributor.sol:342:3:
    |
342 |   function _accessControl()
    |   ^ (Relevant source part starts here and spans across multiple lines).


Warning: Warning: Function state mutability can be restricted to view
   --> contracts/StabilityPod/StabilizerNode.sol:656:3:
    |
656 |   function _accessControl()
    |   ^ (Relevant source part starts here and spans across multiple lines).


Warning: Warning: Function state mutability can be restricted to view
   --> contracts/StabilityPod/SwingTraderManager.sol:457:3:
    |
457 |   function _accessControl()
    |   ^ (Relevant source part starts here and spans across multiple lines).


Warning: Warning: Function state mutability can be restricted to view
   --> contracts/Staking/Bonding.sol:665:3:
    |
665 |   function _accessControl()
    |   ^ (Relevant source part starts here and spans across multiple lines).


Warning: Warning: Function state mutability can be restricted to view
  --> contracts/Staking/ForfeitHandler.sol:98:3:
   |
98 |   function _accessControl() internal override(SwingTraderExtension) {
   |   ^ (Relevant source part starts here and spans across multiple lines).


Warning: Warning: Function state mutability can be restricted to view
   --> contracts/Staking/MiningService.sol:234:3:
    |
234 |   function _accessControl() internal override(BondingExtension) {
    |   ^ (Relevant source part starts here and spans across multiple lines).


Warning: Warning: Function state mutability can be restricted to view
   --> contracts/Staking/ERC20VestedMine.sol:408:3:
    |
408 |   function _accessControl()
    |   ^ (Relevant source part starts here and spans across multiple lines).


Warning: Warning: Function state mutability can be restricted to view
   --> contracts/Staking/RewardMineBase.sol:140:3:
    |
140 |   function _accessControl()
    |   ^ (Relevant source part starts here and spans across multiple lines).


Warning: Warning: Function state mutability can be restricted to view
   --> contracts/Staking/RewardReinvestor.sol:191:3:
    |
191 |   function _accessControl()
    |   ^ (Relevant source part starts here and spans across multiple lines).


Warning: Warning: Function state mutability can be restricted to view
   --> contracts/Token/PoolTransferVerification.sol:242:3:
    |
242 |   function _accessControl()
    |   ^ (Relevant source part starts here and spans across multiple lines).


Warning: Warning: Function state mutability can be restricted to view
   --> contracts/StabilizedPool/StabilizedPoolUpdater.sol:570:3:
    |
570 |   function _getCurrentPool(address pool)
    |   ^ (Relevant source part starts here and spans across multiple lines).


Warning: Warning: Contract code size is 40205 bytes and exceeds 24576 bytes (a limit introduced in Spurious Dragon). This contract may not be deployable on mainnet. Consider enabling the optimizer (with a low "runs" value!), turning off revert strings, or using libraries.
  --> contracts/Auction/Auction.sol:67:1:
   |
67 | contract Auction is
   | ^ (Relevant source part starts here and spans across multiple lines).


Warning: Warning: Contract code size is 36895 bytes and exceeds 24576 bytes (a limit introduced in Spurious Dragon). This contract may not be deployable on mainnet. Consider enabling the optimizer (with a low "runs" value!), turning off revert strings, or using libraries.
  --> contracts/DataFeed/MaltDataLab.sol:27:1:
   |
27 | contract MaltDataLab is
   | ^ (Relevant source part starts here and spans across multiple lines).


Warning: Warning: Contract code size is 32353 bytes and exceeds 24576 bytes (a limit introduced in Spurious Dragon). This contract may not be deployable on mainnet. Consider enabling the optimizer (with a low "runs" value!), turning off revert strings, or using libraries.
  --> contracts/DexHandlers/UniswapHandler.sol:23:1:
   |
23 | contract UniswapHandler is StabilizedPoolUnit, IDexHandler, DataLabExtension {
   | ^ (Relevant source part starts here and spans across multiple lines).


Warning: Warning: Contract code size is 26438 bytes and exceeds 24576 bytes (a limit introduced in Spurious Dragon). This contract may not be deployable on mainnet. Consider enabling the optimizer (with a low "runs" value!), turning off revert strings, or using libraries.
  --> contracts/RewardSystem/RewardOverflowPool.sol:12:1:
   |
12 | contract RewardOverflowPool is SwingTrader, RewardThrottleExtension {
   | ^ (Relevant source part starts here and spans across multiple lines).


Warning: Warning: Contract code size is 31660 bytes and exceeds 24576 bytes (a limit introduced in Spurious Dragon). This contract may not be deployable on mainnet. Consider enabling the optimizer (with a low "runs" value!), turning off revert strings, or using libraries.
  --> contracts/RewardSystem/RewardThrottle.sol:30:1:
   |
30 | contract RewardThrottle is
   | ^ (Relevant source part starts here and spans across multiple lines).


Warning: Warning: Contract code size is 25879 bytes and exceeds 24576 bytes (a limit introduced in Spurious Dragon). This contract may not be deployable on mainnet. Consider enabling the optimizer (with a low "runs" value!), turning off revert strings, or using libraries.
  --> contracts/StabilityPod/ProfitDistributor.sol:26:1:
   |
26 | contract ProfitDistributor is
   | ^ (Relevant source part starts here and spans across multiple lines).


Warning: Warning: Contract code size is 38037 bytes and exceeds 24576 bytes (a limit introduced in Spurious Dragon). This contract may not be deployable on mainnet. Consider enabling the optimizer (with a low "runs" value!), turning off revert strings, or using libraries.
  --> contracts/StabilityPod/StabilizerNode.sol:31:1:
   |
31 | contract StabilizerNode is
   | ^ (Relevant source part starts here and spans across multiple lines).


Warning: Warning: Contract code size is 29392 bytes and exceeds 24576 bytes (a limit introduced in Spurious Dragon). This contract may not be deployable on mainnet. Consider enabling the optimizer (with a low "runs" value!), turning off revert strings, or using libraries.
  --> contracts/StabilityPod/SwingTraderManager.sol:26:1:
   |
26 | contract SwingTraderManager is
   | ^ (Relevant source part starts here and spans across multiple lines).


Warning: Warning: Contract code size is 35751 bytes and exceeds 24576 bytes (a limit introduced in Spurious Dragon). This contract may not be deployable on mainnet. Consider enabling the optimizer (with a low "runs" value!), turning off revert strings, or using libraries.
  --> contracts/Staking/Bonding.sol:43:1:
   |
43 | contract Bonding is
   | ^ (Relevant source part starts here and spans across multiple lines).


Warning: Warning: Contract code size is 25265 bytes and exceeds 24576 bytes (a limit introduced in Spurious Dragon). This contract may not be deployable on mainnet. Consider enabling the optimizer (with a low "runs" value!), turning off revert strings, or using libraries.
  --> contracts/Staking/ERC20VestedMine.sol:20:1:
   |
20 | contract ERC20VestedMine is AbstractRewardMine, BondingExtension {
   | ^ (Relevant source part starts here and spans across multiple lines).


Warning: Warning: Contract code size is 28564 bytes and exceeds 24576 bytes (a limit introduced in Spurious Dragon). This contract may not be deployable on mainnet. Consider enabling the optimizer (with a low "runs" value!), turning off revert strings, or using libraries.
  --> contracts/Token/Malt.sol:12:1:
   |
12 | contract Malt is ERC20Permit, Permissions {
   | ^ (Relevant source part starts here and spans across multiple lines).


Warning: Warning: Contract code size is 27812 bytes and exceeds 24576 bytes (a limit introduced in Spurious Dragon). This contract may not be deployable on mainnet. Consider enabling the optimizer (with a low "runs" value!), turning off revert strings, or using libraries.
  --> contracts/ops/UniV2PoolKeeper.sol:27:1:
   |
27 | contract UniV2PoolKeeper is
   | ^ (Relevant source part starts here and spans across multiple lines).


Warning: Warning: Contract code size is 51587 bytes and exceeds 24576 bytes (a limit introduced in Spurious Dragon). This contract may not be deployable on mainnet. Consider enabling the optimizer (with a low "runs" value!), turning off revert strings, or using libraries.
  --> contracts/StabilizedPool/StabilizedPoolFactory.sol:35:1:
   |
35 | contract StabilizedPoolFactory is Permissions {
   | ^ (Relevant source part starts here and spans across multiple lines).


Warning: Warning: Contract code size is 41108 bytes and exceeds 24576 bytes (a limit introduced in Spurious Dragon). This contract may not be deployable on mainnet. Consider enabling the optimizer (with a low "runs" value!), turning off revert strings, or using libraries.
  --> contracts/StabilizedPool/StabilizedPoolUpdater.sol:33:1:
   |
33 | contract StabilizedPoolUpdater is Permissions {
   | ^ (Relevant source part starts here and spans across multiple lines).



[mvscan-config] {"ATOMIC_GROUP": [], "DIVERGENCE_BUDGET": 1000, "ENABLE_BRANCH_GROUPS": false, "ENABLE_EXTERNAL_STATE": true, "ENABLE_MULTI_RETURN_GROUPS": true, "MAPPING_MODE": "precise", "MERGE_OVERLOADS": false, "MVSCAN_ABLATION": "no_branch_groups", "MVSCAN_CONTEXTUAL_KEYS": true, "MVSCAN_INCLUDE_SCALAR_WITNESSES": false, "MVSCAN_INTERFACE_DISPATCH": false, "MVSCAN_MAX_CONTEXTS_PER_OWNER_BLOCK": 128, "MVSCAN_MAX_DISPATCH_TARGETS": 16, "MVSCAN_REQUIRE_DISTINCT_OUTER_ROOTS": false, "MVSCAN_ROOT_CONTEXT_SINKS": false, "NOOP_WRITE_FILTER": true, "REQUIRE_SAME_SLOT_KEY": true, "SINK_TEST": "none", "USER_CALLABLE_ALWAYS": [], "USER_CALLABLE_DENY": []}
[mvscan-stage] icfg-built blocks=7734 vars=340
[mvscan-stage] root-seeding-done eligible_exposures=657 seeded=322 multi_exposure_entry_blocks=41 collapsed_contextual_aliases=335 excluded_dependency=0 excluded_interface=157 excluded_library=0 excluded_abstract=63 missing_entry_point=0 missing_entry_block=0
[mvscan-pairs] call_target_digest=92c2938a5539d64e2f9a3bb7d20ca3ac417b272a425a7f8984df99a6519fd9de candidate_count=22 candidate_digest=905fdc7b0240772136cb64262ab78798a03310f1b16eaf2f8e5e080364a20edf context_instance_count=95 eligible_readers=56 eligible_writers=46 execution_context_digest=d1968f192beb76da4939331c137764622fbe39b71db6ca7ccf928163c813366f insensitive_readers_filtered=231 invalid_partial_write_filtered=0 must_full_relation_filtered=6 omitted_member_evidence_filtered=0 omitted_member_not_sensitive_filtered=72 owner_context_pairs=134 owner_context_pairs_considered=1137 raw_block_pairs=229 reader_witness_count=134 relation_base_members_shadowed=0 relation_context_incompatible=247 relation_digest=4a3ba1b1d3f59595c34eb1c6bf76445ed7b431d0428ada1021b49b4a7bf1f676 relation_members_raw=64 relation_origins_registered=12 relation_origins_rejected_unary_after_shadowing=37 relation_origins_rejected_unreachable=75 relation_origins_seen=49 relation_unbound_key_templates=235 root_context_sink_filtered=0 same_outer_root_filtered=0 same_static_block_filtered=10 scalar_variables_skipped=239 storage_context_mismatch=678 variables_considered=251
INFO:Detectors:

[MV-SI candidate 2293b68a9e703248e29d] {_balances[@local::contracts/RewardSystem/RewardThrottle.sol::RewardThrottle.runwayDeficit()::TemporaryVariable::TMP_3485], desiredRunway, targetAPR}
 writer root       -> contracts/RewardSystem/RewardThrottle.sol::RewardThrottle.setDesiredRunway(uint256)
 writer effect     -> contracts/RewardSystem/RewardThrottle.sol:711
 written member    -> ('SV', 'contracts/RewardSystem/RewardThrottle.sol', 'RewardThrottle.desiredRunway')
 potentially stale -> ('MS', 'lib/openzeppelin-contracts/contracts/token/ERC20/ERC20.sol', 'ERC20._balances', '@local::contracts/RewardSystem/RewardThrottle.sol::RewardThrottle.runwayDeficit()::TemporaryVariable::TMP_3485'), ('SV', 'contracts/RewardSystem/RewardThrottle.sol', 'RewardThrottle.targetAPR')
 reader witnesses  -> 15
 storage exposures -> 1
[MV-SI candidate 22a6e69361642b818c59] {counter, sampleMemory}
 writer root       -> contracts/DataFeed/DualMovingAverage.sol::DualMovingAverage.update(uint256,uint256)
 writer effect     -> contracts/DataFeed/DualMovingAverage.sol:451
 written member    -> ('SV', 'contracts/DataFeed/DualMovingAverage.sol', 'DualMovingAverage.counter')
 potentially stale -> ('SV', 'contracts/DataFeed/DualMovingAverage.sol', 'DualMovingAverage.sampleMemory')
 reader witnesses  -> 6
 storage exposures -> 1
[MV-SI candidate 283966f212b2c625585c] {auctionEarlyExits, cooloffPeriod, maxEarlyExitBps}
 writer root       -> contracts/Auction/AuctionEscapeHatch.sol::AuctionEscapeHatch.exitEarly(uint256,uint256,uint256)
 writer effect     -> contracts/Auction/AuctionEscapeHatch.sol:103
 written member    -> ('SV', 'contracts/Auction/AuctionEscapeHatch.sol', 'AuctionEscapeHatch.auctionEarlyExits')
 potentially stale -> ('SV', 'contracts/Auction/AuctionEscapeHatch.sol', 'AuctionEscapeHatch.cooloffPeriod'), ('SV', 'contracts/Auction/AuctionEscapeHatch.sol', 'AuctionEscapeHatch.maxEarlyExitBps')
 reader witnesses  -> 6
 storage exposures -> 1
[MV-SI candidate 39ab7be197a7dc78fe4c] {auctionEarlyExits, cooloffPeriod, maxEarlyExitBps}
 writer root       -> contracts/Auction/AuctionEscapeHatch.sol::AuctionEscapeHatch.exitEarly(uint256,uint256,uint256)
 writer effect     -> contracts/Auction/AuctionEscapeHatch.sol:101
 written member    -> ('SV', 'contracts/Auction/AuctionEscapeHatch.sol', 'AuctionEscapeHatch.auctionEarlyExits')
 potentially stale -> ('SV', 'contracts/Auction/AuctionEscapeHatch.sol', 'AuctionEscapeHatch.cooloffPeriod'), ('SV', 'contracts/Auction/AuctionEscapeHatch.sol', 'AuctionEscapeHatch.maxEarlyExitBps')
 reader witnesses  -> 6
 storage exposures -> 1
[MV-SI candidate 3f14f133f022c35c20eb] {counter, sampleMemory}
 writer root       -> contracts/DataFeed/MovingAverage.sol::MovingAverage.update(uint256)
 writer effect     -> contracts/DataFeed/MovingAverage.sol:268
 written member    -> ('SV', 'contracts/DataFeed/MovingAverage.sol', 'MovingAverage.counter')
 potentially stale -> ('SV', 'contracts/DataFeed/MovingAverage.sol', 'MovingAverage.sampleMemory')
 reader witnesses  -> 6
 storage exposures -> 1
[MV-SI candidate 409ca3f9e2249790dee2] {auctionEarlyExits, cooloffPeriod, maxEarlyExitBps}
 writer root       -> contracts/Auction/AuctionEscapeHatch.sol::AuctionEscapeHatch.exitEarly(uint256,uint256,uint256)
 writer effect     -> contracts/Auction/AuctionEscapeHatch.sol:105
 written member    -> ('SV', 'contracts/Auction/AuctionEscapeHatch.sol', 'AuctionEscapeHatch.auctionEarlyExits')
 potentially stale -> ('SV', 'contracts/Auction/AuctionEscapeHatch.sol', 'AuctionEscapeHatch.cooloffPeriod'), ('SV', 'contracts/Auction/AuctionEscapeHatch.sol', 'AuctionEscapeHatch.maxEarlyExitBps')
 reader witnesses  -> 6
 storage exposures -> 1
[MV-SI candidate 4ae83f842d522ceecbfa] {_globalStakePadding, _userStakePadding[$arg0]}
 writer root       -> contracts/Staking/ERC20VestedMine.sol::ERC20VestedMine.onUnbond(address,uint256)
 writer effect     -> contracts/Staking/AbstractRewardMine.sol:302
 written member    -> ('SV', 'contracts/Staking/AbstractRewardMine.sol', 'AbstractRewardMine._globalStakePadding')
 potentially stale -> ('MS', 'contracts/Staking/AbstractRewardMine.sol', 'AbstractRewardMine._userStakePadding', '$arg0')
 reader witnesses  -> 4
 storage exposures -> 1
[MV-SI candidate 5bdb3c2e4096e8af3100] {_globalStakePadding, _userStakePadding[$arg0]}
 writer root       -> contracts/Staking/ERC20VestedMine.sol::ERC20VestedMine.onUnbond(address,uint256)
 writer effect     -> contracts/Staking/AbstractRewardMine.sol:300
 written member    -> ('MS', 'contracts/Staking/AbstractRewardMine.sol', 'AbstractRewardMine._userStakePadding', '$arg0')
 potentially stale -> ('SV', 'contracts/Staking/AbstractRewardMine.sol', 'AbstractRewardMine._globalStakePadding')
 reader witnesses  -> 4
 storage exposures -> 1
[MV-SI candidate 68a1174f55a6b5bef222] {_balances[@local::contracts/RewardSystem/RewardThrottle.sol::RewardThrottle.runwayDeficit()::TemporaryVariable::TMP_3485], desiredRunway, targetAPR}
 writer root       -> contracts/RewardSystem/RewardThrottle.sol::RewardThrottle.updateDesiredAPR()
 writer effect     -> contracts/RewardSystem/RewardThrottle.sol:180
 written member    -> ('SV', 'contracts/RewardSystem/RewardThrottle.sol', 'RewardThrottle.targetAPR')
 potentially stale -> ('MS', 'lib/openzeppelin-contracts/contracts/token/ERC20/ERC20.sol', 'ERC20._balances', '@local::contracts/RewardSystem/RewardThrottle.sol::RewardThrottle.runwayDeficit()::TemporaryVariable::TMP_3485'), ('SV', 'contracts/RewardSystem/RewardThrottle.sol', 'RewardThrottle.desiredRunway')
 reader witnesses  -> 2
 storage exposures -> 1
[MV-SI candidate 70aa83d608bc0a727a8a] {auctionEarlyExits, cooloffPeriod, maxEarlyExitBps}
 writer root       -> contracts/Auction/AuctionEscapeHatch.sol::AuctionEscapeHatch.setCooloffPeriod(uint256)
 writer effect     -> contracts/Auction/AuctionEscapeHatch.sol:302
 written member    -> ('SV', 'contracts/Auction/AuctionEscapeHatch.sol', 'AuctionEscapeHatch.cooloffPeriod')
 potentially stale -> ('SV', 'contracts/Auction/AuctionEscapeHatch.sol', 'AuctionEscapeHatch.auctionEarlyExits'), ('SV', 'contracts/Auction/AuctionEscapeHatch.sol', 'AuctionEscapeHatch.maxEarlyExitBps')
 reader witnesses  -> 4
 storage exposures -> 1
[MV-SI candidate 70f2ab4a13239fb750e9] {auctionEarlyExits, cooloffPeriod, maxEarlyExitBps}
 writer root       -> contracts/Auction/AuctionEscapeHatch.sol::AuctionEscapeHatch.setEarlyExitBps(uint256)
 writer effect     -> contracts/Auction/AuctionEscapeHatch.sol:293
 written member    -> ('SV', 'contracts/Auction/AuctionEscapeHatch.sol', 'AuctionEscapeHatch.maxEarlyExitBps')
 potentially stale -> ('SV', 'contracts/Auction/AuctionEscapeHatch.sol', 'AuctionEscapeHatch.auctionEarlyExits'), ('SV', 'contracts/Auction/AuctionEscapeHatch.sol', 'AuctionEscapeHatch.cooloffPeriod')
 reader witnesses  -> 6
 storage exposures -> 1
[MV-SI candidate 899d352a93122acc29a2] {_globalStakePadding, _userStakePadding[$arg0]}
 writer root       -> contracts/Staking/AbstractRewardMine.sol::AbstractRewardMine.onBond(address,uint256)
 writer effect     -> contracts/Staking/AbstractRewardMine.sol:294
 written member    -> ('MS', 'contracts/Staking/AbstractRewardMine.sol', 'AbstractRewardMine._userStakePadding', '$arg0')
 potentially stale -> ('SV', 'contracts/Staking/AbstractRewardMine.sol', 'AbstractRewardMine._globalStakePadding')
 reader witnesses  -> 8
 storage exposures -> 2
[MV-SI candidate 93f9a34ebb287e299881] {_globalStakePadding, _userStakePadding[$arg0]}
 writer root       -> contracts/Staking/RewardMineBase.sol::RewardMineBase.onUnbond(address,uint256)
 writer effect     -> contracts/Staking/AbstractRewardMine.sol:302
 written member    -> ('SV', 'contracts/Staking/AbstractRewardMine.sol', 'AbstractRewardMine._globalStakePadding')
 potentially stale -> ('MS', 'contracts/Staking/AbstractRewardMine.sol', 'AbstractRewardMine._userStakePadding', '$arg0')
 reader witnesses  -> 4
 storage exposures -> 1
[MV-SI candidate a2902a398e659787bed2] {counter, sampleMemory}
 writer root       -> contracts/DataFeed/DualMovingAverage.sol::DualMovingAverage.update(uint256,uint256)
 writer effect     -> contracts/DataFeed/DualMovingAverage.sol:320
 written member    -> ('SV', 'contracts/DataFeed/DualMovingAverage.sol', 'DualMovingAverage.counter')
 potentially stale -> ('SV', 'contracts/DataFeed/DualMovingAverage.sol', 'DualMovingAverage.sampleMemory')
 reader witnesses  -> 6
 storage exposures -> 1
[MV-SI candidate a3905ed68c6794df3b58] {_balances[@local::contracts/RewardSystem/RewardThrottle.sol::RewardThrottle.runwayDeficit()::TemporaryVariable::TMP_3485], desiredRunway, targetAPR}
 writer root       -> contracts/RewardSystem/RewardThrottle.sol::RewardThrottle.handleReward()
 writer effect     -> contracts/RewardSystem/RewardThrottle.sol:180
 written member    -> ('SV', 'contracts/RewardSystem/RewardThrottle.sol', 'RewardThrottle.targetAPR')
 potentially stale -> ('MS', 'lib/openzeppelin-contracts/contracts/token/ERC20/ERC20.sol', 'ERC20._balances', '@local::contracts/RewardSystem/RewardThrottle.sol::RewardThrottle.runwayDeficit()::TemporaryVariable::TMP_3485'), ('SV', 'contracts/RewardSystem/RewardThrottle.sol', 'RewardThrottle.desiredRunway')
 reader witnesses  -> 2
 storage exposures -> 1
[MV-SI candidate aaf67915d149eaae1bae] {auctionEarlyExits, cooloffPeriod, maxEarlyExitBps}
 writer root       -> contracts/Auction/AuctionEscapeHatch.sol::AuctionEscapeHatch.exitEarly(uint256,uint256,uint256)
 writer effect     -> contracts/Auction/AuctionEscapeHatch.sol:102
 written member    -> ('SV', 'contracts/Auction/AuctionEscapeHatch.sol', 'AuctionEscapeHatch.auctionEarlyExits')
 potentially stale -> ('SV', 'contracts/Auction/AuctionEscapeHatch.sol', 'AuctionEscapeHatch.cooloffPeriod'), ('SV', 'contracts/Auction/AuctionEscapeHatch.sol', 'AuctionEscapeHatch.maxEarlyExitBps')
 reader witnesses  -> 6
 storage exposures -> 1
[MV-SI candidate b32bdcc8270b927aa373] {_globalStakePadding, _userStakePadding[$arg0]}
 writer root       -> contracts/Staking/AbstractRewardMine.sol::AbstractRewardMine.onBond(address,uint256)
 writer effect     -> contracts/Staking/AbstractRewardMine.sol:296
 written member    -> ('SV', 'contracts/Staking/AbstractRewardMine.sol', 'AbstractRewardMine._globalStakePadding')
 potentially stale -> ('MS', 'contracts/Staking/AbstractRewardMine.sol', 'AbstractRewardMine._userStakePadding', '$arg0')
 reader witnesses  -> 8
 storage exposures -> 2
[MV-SI candidate c4a32f9700c9653797b6] {counter, sampleMemory}
 writer root       -> contracts/DataFeed/MovingAverage.sol::MovingAverage.update(uint256)
 writer effect     -> contracts/DataFeed/MovingAverage.sol:377
 written member    -> ('SV', 'contracts/DataFeed/MovingAverage.sol', 'MovingAverage.counter')
 potentially stale -> ('SV', 'contracts/DataFeed/MovingAverage.sol', 'MovingAverage.sampleMemory')
 reader witnesses  -> 6
 storage exposures -> 1
[MV-SI candidate c517d009079295672ddd] {auctionEarlyExits, cooloffPeriod, maxEarlyExitBps}
 writer root       -> contracts/Auction/AuctionEscapeHatch.sol::AuctionEscapeHatch.exitEarly(uint256,uint256,uint256)
 writer effect     -> contracts/Auction/AuctionEscapeHatch.sol:104
 written member    -> ('SV', 'contracts/Auction/AuctionEscapeHatch.sol', 'AuctionEscapeHatch.auctionEarlyExits')
 potentially stale -> ('SV', 'contracts/Auction/AuctionEscapeHatch.sol', 'AuctionEscapeHatch.cooloffPeriod'), ('SV', 'contracts/Auction/AuctionEscapeHatch.sol', 'AuctionEscapeHatch.maxEarlyExitBps')
 reader witnesses  -> 6
 storage exposures -> 1
[MV-SI candidate d5d9ba8ae634bf157190] {_globalStakePadding, _userStakePadding[$arg0]}
 writer root       -> contracts/Staking/RewardMineBase.sol::RewardMineBase.onUnbond(address,uint256)
 writer effect     -> contracts/Staking/AbstractRewardMine.sol:300
 written member    -> ('MS', 'contracts/Staking/AbstractRewardMine.sol', 'AbstractRewardMine._userStakePadding', '$arg0')
 potentially stale -> ('SV', 'contracts/Staking/AbstractRewardMine.sol', 'AbstractRewardMine._globalStakePadding')
 reader witnesses  -> 4
 storage exposures -> 1
[MV-SI candidate fe79909f5c7ca147d4ff] {auctionEarlyExits, cooloffPeriod, maxEarlyExitBps}
 writer root       -> contracts/Auction/AuctionEscapeHatch.sol::AuctionEscapeHatch.exitEarly(uint256,uint256,uint256)
 writer effect     -> contracts/Auction/AuctionEscapeHatch.sol:100
 written member    -> ('SV', 'contracts/Auction/AuctionEscapeHatch.sol', 'AuctionEscapeHatch.auctionEarlyExits')
 potentially stale -> ('SV', 'contracts/Auction/AuctionEscapeHatch.sol', 'AuctionEscapeHatch.cooloffPeriod'), ('SV', 'contracts/Auction/AuctionEscapeHatch.sol', 'AuctionEscapeHatch.maxEarlyExitBps')
 reader witnesses  -> 6
 storage exposures -> 1
[MV-SI candidate ffaa01bd0fa4f2e48258] {activeEpoch, smoothingPeriod}
 writer root       -> contracts/RewardSystem/RewardThrottle.sol::RewardThrottle.setSmoothingPeriod(uint256)
 writer effect     -> contracts/RewardSystem/RewardThrottle.sol:703
 written member    -> ('SV', 'contracts/RewardSystem/RewardThrottle.sol', 'RewardThrottle.smoothingPeriod')
 potentially stale -> ('SV', 'contracts/RewardSystem/RewardThrottle.sol', 'RewardThrottle.activeEpoch')
 reader witnesses  -> 13
 storage exposures -> 1Reference: https://github.com/crytic/slither/wiki/Detector-Documentation
INFO:Slither:mvscan-standard-input.json analyzed (127 contracts with 1 detectors), 22 result(s) found
