'/tmp/.svm/0.6.12/solc-0.6.12 --version' running
'solc --standard-json --allow-paths /tmp/analysis-input' running
Warning: contracts/Access/MISOAccessControls.sol: Warning: SPDX license identifier not provided in source file. Before publishing, consider adding a comment containing "SPDX-License-Identifier: <SPDX-License>" to each source file. Use "SPDX-License-Identifier: UNLICENSED" for non-open-source code. Please see https://spdx.org for more information.

Warning: contracts/Access/MISOAccessFactory.sol: Warning: SPDX license identifier not provided in source file. Before publishing, consider adding a comment containing "SPDX-License-Identifier: <SPDX-License>" to each source file. Use "SPDX-License-Identifier: UNLICENSED" for non-open-source code. Please see https://spdx.org for more information.

Warning: contracts/Access/MISOAdminAccess.sol: Warning: SPDX license identifier not provided in source file. Before publishing, consider adding a comment containing "SPDX-License-Identifier: <SPDX-License>" to each source file. Use "SPDX-License-Identifier: UNLICENSED" for non-open-source code. Please see https://spdx.org for more information.

Warning: contracts/Access/PointList.sol: Warning: SPDX license identifier not provided in source file. Before publishing, consider adding a comment containing "SPDX-License-Identifier: <SPDX-License>" to each source file. Use "SPDX-License-Identifier: UNLICENSED" for non-open-source code. Please see https://spdx.org for more information.

Warning: contracts/Access/TokenList.sol: Warning: SPDX license identifier not provided in source file. Before publishing, consider adding a comment containing "SPDX-License-Identifier: <SPDX-License>" to each source file. Use "SPDX-License-Identifier: UNLICENSED" for non-open-source code. Please see https://spdx.org for more information.

Warning: contracts/Auctions/BatchAuction.sol:321:21: Warning: Only state variables can have a docstring. This will be disallowed in 0.7.0.
            uint256 tokensToClaim = tokensClaimable(beneficiary);
                    ^-----------^

Warning: contracts/Auctions/Crowdsale.sol:235:17: Warning: Only state variables can have a docstring. This will be disallowed in 0.7.0.
        uint256 ethToTransfer = calculateCommitment(msg.value);
                ^-----------^

Warning: contracts/Auctions/Crowdsale.sol:238:17: Warning: Only state variables can have a docstring. This will be disallowed in 0.7.0.
        uint256 ethToRefund = msg.value.sub(ethToTransfer);
                ^---------^

Warning: contracts/Auctions/Crowdsale.sol:337:21: Warning: Only state variables can have a docstring. This will be disallowed in 0.7.0.
            uint256 tokensToClaim = tokensClaimable(beneficiary);
                    ^-----------^

Warning: contracts/Auctions/Crowdsale.sol:392:21: Warning: Only state variables can have a docstring. This will be disallowed in 0.7.0.
            uint256 soldTokens = _getTokenAmount(uint256(status.commitmentsTotal));
                    ^--------^

Warning: contracts/Auctions/DutchAuction.sol:275:17: Warning: Only state variables can have a docstring. This will be disallowed in 0.7.0.
        uint256 ethToRefund = msg.value.sub(ethToTransfer);
                ^---------^

Warning: contracts/Auctions/DutchAuction.sol:503:21: Warning: Only state variables can have a docstring. This will be disallowed in 0.7.0.
            uint256 tokensToClaim = tokensClaimable(beneficiary);
                    ^-----------^

Warning: contracts/Auctions/HyperbolicAuction.sol:280:17: Warning: Only state variables can have a docstring. This will be disallowed in 0.7.0.
        uint256 ethToRefund = msg.value.sub(ethToTransfer);
                ^---------^

Warning: contracts/Auctions/HyperbolicAuction.sol:472:21: Warning: Only state variables can have a docstring. This will be disallowed in 0.7.0.
            uint256 tokensToClaim = tokensClaimable(beneficiary);
                    ^-----------^

Warning: contracts/Farms/MISOMasterChef.sol: Warning: SPDX license identifier not provided in source file. Before publishing, consider adding a comment containing "SPDX-License-Identifier: <SPDX-License>" to each source file. Use "SPDX-License-Identifier: UNLICENSED" for non-open-source code. Please see https://spdx.org for more information.

Warning: contracts/Helper/CalculationsSushiswap.sol: Warning: SPDX license identifier not provided in source file. Before publishing, consider adding a comment containing "SPDX-License-Identifier: <SPDX-License>" to each source file. Use "SPDX-License-Identifier: UNLICENSED" for non-open-source code. Please see https://spdx.org for more information.

Warning: contracts/Helper/MISOHelper.sol: Warning: SPDX license identifier not provided in source file. Before publishing, consider adding a comment containing "SPDX-License-Identifier: <SPDX-License>" to each source file. Use "SPDX-License-Identifier: UNLICENSED" for non-open-source code. Please see https://spdx.org for more information.

Warning: contracts/Helper/PairsHelper.sol: Warning: SPDX license identifier not provided in source file. Before publishing, consider adding a comment containing "SPDX-License-Identifier: <SPDX-License>" to each source file. Use "SPDX-License-Identifier: UNLICENSED" for non-open-source code. Please see https://spdx.org for more information.

Warning: contracts/Liquidity/PostAuctionLauncher.sol:237:17: Warning: Only state variables can have a docstring. This will be disallowed in 0.7.0.
        uint256 launcherBalance = address(this).balance;
                ^-------------^

Warning: contracts/OpenZeppelin/GSN/Context.sol: Warning: SPDX license identifier not provided in source file. Before publishing, consider adding a comment containing "SPDX-License-Identifier: <SPDX-License>" to each source file. Use "SPDX-License-Identifier: UNLICENSED" for non-open-source code. Please see https://spdx.org for more information.

Warning: contracts/OpenZeppelin/access/AccessControl.sol: Warning: SPDX license identifier not provided in source file. Before publishing, consider adding a comment containing "SPDX-License-Identifier: <SPDX-License>" to each source file. Use "SPDX-License-Identifier: UNLICENSED" for non-open-source code. Please see https://spdx.org for more information.

Warning: contracts/OpenZeppelin/access/Ownable.sol: Warning: SPDX license identifier not provided in source file. Before publishing, consider adding a comment containing "SPDX-License-Identifier: <SPDX-License>" to each source file. Use "SPDX-License-Identifier: UNLICENSED" for non-open-source code. Please see https://spdx.org for more information.

Warning: contracts/OpenZeppelin/access/TimelockController.sol: Warning: SPDX license identifier not provided in source file. Before publishing, consider adding a comment containing "SPDX-License-Identifier: <SPDX-License>" to each source file. Use "SPDX-License-Identifier: UNLICENSED" for non-open-source code. Please see https://spdx.org for more information.

Warning: contracts/OpenZeppelin/math/Math.sol: Warning: SPDX license identifier not provided in source file. Before publishing, consider adding a comment containing "SPDX-License-Identifier: <SPDX-License>" to each source file. Use "SPDX-License-Identifier: UNLICENSED" for non-open-source code. Please see https://spdx.org for more information.

Warning: contracts/OpenZeppelin/math/SafeMath.sol: Warning: SPDX license identifier not provided in source file. Before publishing, consider adding a comment containing "SPDX-License-Identifier: <SPDX-License>" to each source file. Use "SPDX-License-Identifier: UNLICENSED" for non-open-source code. Please see https://spdx.org for more information.

Warning: contracts/OpenZeppelin/math/SignedSafeMath.sol: Warning: SPDX license identifier not provided in source file. Before publishing, consider adding a comment containing "SPDX-License-Identifier: <SPDX-License>" to each source file. Use "SPDX-License-Identifier: UNLICENSED" for non-open-source code. Please see https://spdx.org for more information.

Warning: contracts/OpenZeppelin/token/ERC20/SafeERC20.sol: Warning: SPDX license identifier not provided in source file. Before publishing, consider adding a comment containing "SPDX-License-Identifier: <SPDX-License>" to each source file. Use "SPDX-License-Identifier: UNLICENSED" for non-open-source code. Please see https://spdx.org for more information.

Warning: contracts/OpenZeppelin/token/ERC20/TokenTimelock.sol: Warning: SPDX license identifier not provided in source file. Before publishing, consider adding a comment containing "SPDX-License-Identifier: <SPDX-License>" to each source file. Use "SPDX-License-Identifier: UNLICENSED" for non-open-source code. Please see https://spdx.org for more information.

Warning: contracts/OpenZeppelin/utils/Address.sol: Warning: SPDX license identifier not provided in source file. Before publishing, consider adding a comment containing "SPDX-License-Identifier: <SPDX-License>" to each source file. Use "SPDX-License-Identifier: UNLICENSED" for non-open-source code. Please see https://spdx.org for more information.

Warning: contracts/OpenZeppelin/utils/Arrays.sol: Warning: SPDX license identifier not provided in source file. Before publishing, consider adding a comment containing "SPDX-License-Identifier: <SPDX-License>" to each source file. Use "SPDX-License-Identifier: UNLICENSED" for non-open-source code. Please see https://spdx.org for more information.

Warning: contracts/OpenZeppelin/utils/Context.sol: Warning: SPDX license identifier not provided in source file. Before publishing, consider adding a comment containing "SPDX-License-Identifier: <SPDX-License>" to each source file. Use "SPDX-License-Identifier: UNLICENSED" for non-open-source code. Please see https://spdx.org for more information.

Warning: contracts/OpenZeppelin/utils/Counters.sol: Warning: SPDX license identifier not provided in source file. Before publishing, consider adding a comment containing "SPDX-License-Identifier: <SPDX-License>" to each source file. Use "SPDX-License-Identifier: UNLICENSED" for non-open-source code. Please see https://spdx.org for more information.

Warning: contracts/OpenZeppelin/utils/EnumerableMap.sol: Warning: SPDX license identifier not provided in source file. Before publishing, consider adding a comment containing "SPDX-License-Identifier: <SPDX-License>" to each source file. Use "SPDX-License-Identifier: UNLICENSED" for non-open-source code. Please see https://spdx.org for more information.

Warning: contracts/OpenZeppelin/utils/EnumerableSet.sol: Warning: SPDX license identifier not provided in source file. Before publishing, consider adding a comment containing "SPDX-License-Identifier: <SPDX-License>" to each source file. Use "SPDX-License-Identifier: UNLICENSED" for non-open-source code. Please see https://spdx.org for more information.

Warning: contracts/OpenZeppelin/utils/Pausable.sol: Warning: SPDX license identifier not provided in source file. Before publishing, consider adding a comment containing "SPDX-License-Identifier: <SPDX-License>" to each source file. Use "SPDX-License-Identifier: UNLICENSED" for non-open-source code. Please see https://spdx.org for more information.

Warning: contracts/OpenZeppelin/utils/ReentrancyGuard.sol: Warning: SPDX license identifier not provided in source file. Before publishing, consider adding a comment containing "SPDX-License-Identifier: <SPDX-License>" to each source file. Use "SPDX-License-Identifier: UNLICENSED" for non-open-source code. Please see https://spdx.org for more information.

Warning: contracts/OpenZeppelin/utils/SafeCast.sol: Warning: SPDX license identifier not provided in source file. Before publishing, consider adding a comment containing "SPDX-License-Identifier: <SPDX-License>" to each source file. Use "SPDX-License-Identifier: UNLICENSED" for non-open-source code. Please see https://spdx.org for more information.

Warning: contracts/OpenZeppelin/utils/Strings.sol: Warning: SPDX license identifier not provided in source file. Before publishing, consider adding a comment containing "SPDX-License-Identifier: <SPDX-License>" to each source file. Use "SPDX-License-Identifier: UNLICENSED" for non-open-source code. Please see https://spdx.org for more information.

Warning: contracts/Recipes/MISORecipe01.sol: Warning: SPDX license identifier not provided in source file. Before publishing, consider adding a comment containing "SPDX-License-Identifier: <SPDX-License>" to each source file. Use "SPDX-License-Identifier: UNLICENSED" for non-open-source code. Please see https://spdx.org for more information.

Warning: contracts/Tokens/ERC20.sol: Warning: SPDX license identifier not provided in source file. Before publishing, consider adding a comment containing "SPDX-License-Identifier: <SPDX-License>" to each source file. Use "SPDX-License-Identifier: UNLICENSED" for non-open-source code. Please see https://spdx.org for more information.

Warning: contracts/Tokens/ERC20/ERC20Burnable.sol: Warning: SPDX license identifier not provided in source file. Before publishing, consider adding a comment containing "SPDX-License-Identifier: <SPDX-License>" to each source file. Use "SPDX-License-Identifier: UNLICENSED" for non-open-source code. Please see https://spdx.org for more information.

Warning: contracts/Tokens/ERC20/ERC20Pausable.sol: Warning: SPDX license identifier not provided in source file. Before publishing, consider adding a comment containing "SPDX-License-Identifier: <SPDX-License>" to each source file. Use "SPDX-License-Identifier: UNLICENSED" for non-open-source code. Please see https://spdx.org for more information.

Warning: contracts/Tokens/USDC.sol: Warning: SPDX license identifier not provided in source file. Before publishing, consider adding a comment containing "SPDX-License-Identifier: <SPDX-License>" to each source file. Use "SPDX-License-Identifier: UNLICENSED" for non-open-source code. Please see https://spdx.org for more information.

Warning: contracts/UniswapV2/UniswapV2ERC20.sol: Warning: SPDX license identifier not provided in source file. Before publishing, consider adding a comment containing "SPDX-License-Identifier: <SPDX-License>" to each source file. Use "SPDX-License-Identifier: UNLICENSED" for non-open-source code. Please see https://spdx.org for more information.

Warning: contracts/UniswapV2/UniswapV2Factory.sol: Warning: SPDX license identifier not provided in source file. Before publishing, consider adding a comment containing "SPDX-License-Identifier: <SPDX-License>" to each source file. Use "SPDX-License-Identifier: UNLICENSED" for non-open-source code. Please see https://spdx.org for more information.

Warning: contracts/UniswapV2/UniswapV2Library.sol: Warning: SPDX license identifier not provided in source file. Before publishing, consider adding a comment containing "SPDX-License-Identifier: <SPDX-License>" to each source file. Use "SPDX-License-Identifier: UNLICENSED" for non-open-source code. Please see https://spdx.org for more information.

Warning: contracts/UniswapV2/UniswapV2Pair.sol: Warning: SPDX license identifier not provided in source file. Before publishing, consider adding a comment containing "SPDX-License-Identifier: <SPDX-License>" to each source file. Use "SPDX-License-Identifier: UNLICENSED" for non-open-source code. Please see https://spdx.org for more information.

Warning: contracts/UniswapV2/interfaces/IERC20.sol: Warning: SPDX license identifier not provided in source file. Before publishing, consider adding a comment containing "SPDX-License-Identifier: <SPDX-License>" to each source file. Use "SPDX-License-Identifier: UNLICENSED" for non-open-source code. Please see https://spdx.org for more information.

Warning: contracts/UniswapV2/interfaces/IUniswapV2Callee.sol: Warning: SPDX license identifier not provided in source file. Before publishing, consider adding a comment containing "SPDX-License-Identifier: <SPDX-License>" to each source file. Use "SPDX-License-Identifier: UNLICENSED" for non-open-source code. Please see https://spdx.org for more information.

Warning: contracts/UniswapV2/interfaces/IUniswapV2ERC20.sol: Warning: SPDX license identifier not provided in source file. Before publishing, consider adding a comment containing "SPDX-License-Identifier: <SPDX-License>" to each source file. Use "SPDX-License-Identifier: UNLICENSED" for non-open-source code. Please see https://spdx.org for more information.

Warning: contracts/UniswapV2/interfaces/IUniswapV2Factory.sol: Warning: SPDX license identifier not provided in source file. Before publishing, consider adding a comment containing "SPDX-License-Identifier: <SPDX-License>" to each source file. Use "SPDX-License-Identifier: UNLICENSED" for non-open-source code. Please see https://spdx.org for more information.

Warning: contracts/UniswapV2/interfaces/IUniswapV2Pair.sol: Warning: SPDX license identifier not provided in source file. Before publishing, consider adding a comment containing "SPDX-License-Identifier: <SPDX-License>" to each source file. Use "SPDX-License-Identifier: UNLICENSED" for non-open-source code. Please see https://spdx.org for more information.

Warning: contracts/UniswapV2/interfaces/IUniswapV2Router01.sol: Warning: SPDX license identifier not provided in source file. Before publishing, consider adding a comment containing "SPDX-License-Identifier: <SPDX-License>" to each source file. Use "SPDX-License-Identifier: UNLICENSED" for non-open-source code. Please see https://spdx.org for more information.

Warning: contracts/UniswapV2/interfaces/IUniswapV2Router02.sol: Warning: SPDX license identifier not provided in source file. Before publishing, consider adding a comment containing "SPDX-License-Identifier: <SPDX-License>" to each source file. Use "SPDX-License-Identifier: UNLICENSED" for non-open-source code. Please see https://spdx.org for more information.

Warning: contracts/UniswapV2/interfaces/IWETH.sol: Warning: SPDX license identifier not provided in source file. Before publishing, consider adding a comment containing "SPDX-License-Identifier: <SPDX-License>" to each source file. Use "SPDX-License-Identifier: UNLICENSED" for non-open-source code. Please see https://spdx.org for more information.

Warning: contracts/UniswapV2/libraries/Math.sol: Warning: SPDX license identifier not provided in source file. Before publishing, consider adding a comment containing "SPDX-License-Identifier: <SPDX-License>" to each source file. Use "SPDX-License-Identifier: UNLICENSED" for non-open-source code. Please see https://spdx.org for more information.

Warning: contracts/UniswapV2/libraries/SafeMath.sol: Warning: SPDX license identifier not provided in source file. Before publishing, consider adding a comment containing "SPDX-License-Identifier: <SPDX-License>" to each source file. Use "SPDX-License-Identifier: UNLICENSED" for non-open-source code. Please see https://spdx.org for more information.

Warning: contracts/UniswapV2/libraries/TransferHelper.sol: Warning: SPDX license identifier not provided in source file. Before publishing, consider adding a comment containing "SPDX-License-Identifier: <SPDX-License>" to each source file. Use "SPDX-License-Identifier: UNLICENSED" for non-open-source code. Please see https://spdx.org for more information.

Warning: contracts/UniswapV2/libraries/UQ112x112.sol: Warning: SPDX license identifier not provided in source file. Before publishing, consider adding a comment containing "SPDX-License-Identifier: <SPDX-License>" to each source file. Use "SPDX-License-Identifier: UNLICENSED" for non-open-source code. Please see https://spdx.org for more information.

Warning: contracts/Utils/BoringBatchable.sol: Warning: SPDX license identifier not provided in source file. Before publishing, consider adding a comment containing "SPDX-License-Identifier: <SPDX-License>" to each source file. Use "SPDX-License-Identifier: UNLICENSED" for non-open-source code. Please see https://spdx.org for more information.

Warning: contracts/Utils/BoringERC20.sol: Warning: SPDX license identifier not provided in source file. Before publishing, consider adding a comment containing "SPDX-License-Identifier: <SPDX-License>" to each source file. Use "SPDX-License-Identifier: UNLICENSED" for non-open-source code. Please see https://spdx.org for more information.

Warning: contracts/Utils/BoringFactory.sol: Warning: SPDX license identifier not provided in source file. Before publishing, consider adding a comment containing "SPDX-License-Identifier: <SPDX-License>" to each source file. Use "SPDX-License-Identifier: UNLICENSED" for non-open-source code. Please see https://spdx.org for more information.

Warning: contracts/Utils/BoringMath.sol: Warning: SPDX license identifier not provided in source file. Before publishing, consider adding a comment containing "SPDX-License-Identifier: <SPDX-License>" to each source file. Use "SPDX-License-Identifier: UNLICENSED" for non-open-source code. Please see https://spdx.org for more information.

Warning: contracts/Utils/BoringOwnable.sol: Warning: SPDX license identifier not provided in source file. Before publishing, consider adding a comment containing "SPDX-License-Identifier: <SPDX-License>" to each source file. Use "SPDX-License-Identifier: UNLICENSED" for non-open-source code. Please see https://spdx.org for more information.

Warning: contracts/Utils/CloneFactory.sol: Warning: SPDX license identifier not provided in source file. Before publishing, consider adding a comment containing "SPDX-License-Identifier: <SPDX-License>" to each source file. Use "SPDX-License-Identifier: UNLICENSED" for non-open-source code. Please see https://spdx.org for more information.

Warning: contracts/Utils/Documents.sol: Warning: SPDX license identifier not provided in source file. Before publishing, consider adding a comment containing "SPDX-License-Identifier: <SPDX-License>" to each source file. Use "SPDX-License-Identifier: UNLICENSED" for non-open-source code. Please see https://spdx.org for more information.

Warning: contracts/Utils/Owned.sol: Warning: SPDX license identifier not provided in source file. Before publishing, consider adding a comment containing "SPDX-License-Identifier: <SPDX-License>" to each source file. Use "SPDX-License-Identifier: UNLICENSED" for non-open-source code. Please see https://spdx.org for more information.

Warning: contracts/Utils/SafeMathPlus.sol: Warning: SPDX license identifier not provided in source file. Before publishing, consider adding a comment containing "SPDX-License-Identifier: <SPDX-License>" to each source file. Use "SPDX-License-Identifier: UNLICENSED" for non-open-source code. Please see https://spdx.org for more information.

Warning: contracts/Utils/SafeTransfer.sol: Warning: SPDX license identifier not provided in source file. Before publishing, consider adding a comment containing "SPDX-License-Identifier: <SPDX-License>" to each source file. Use "SPDX-License-Identifier: UNLICENSED" for non-open-source code. Please see https://spdx.org for more information.

Warning: contracts/Utils/Timelock.sol: Warning: SPDX license identifier not provided in source file. Before publishing, consider adding a comment containing "SPDX-License-Identifier: <SPDX-License>" to each source file. Use "SPDX-License-Identifier: UNLICENSED" for non-open-source code. Please see https://spdx.org for more information.

Warning: contracts/Utils/WETH9.sol: Warning: SPDX license identifier not provided in source file. Before publishing, consider adding a comment containing "SPDX-License-Identifier: <SPDX-License>" to each source file. Use "SPDX-License-Identifier: UNLICENSED" for non-open-source code. Please see https://spdx.org for more information.

Warning: contracts/Vault/GnosisSafeFactory.sol: Warning: SPDX license identifier not provided in source file. Before publishing, consider adding a comment containing "SPDX-License-Identifier: <SPDX-License>" to each source file. Use "SPDX-License-Identifier: UNLICENSED" for non-open-source code. Please see https://spdx.org for more information.

Warning: contracts/Vault/TokenVault.sol: Warning: SPDX license identifier not provided in source file. Before publishing, consider adding a comment containing "SPDX-License-Identifier: <SPDX-License>" to each source file. Use "SPDX-License-Identifier: UNLICENSED" for non-open-source code. Please see https://spdx.org for more information.

Warning: contracts/interfaces/IBentoBoxFactory.sol: Warning: SPDX license identifier not provided in source file. Before publishing, consider adding a comment containing "SPDX-License-Identifier: <SPDX-License>" to each source file. Use "SPDX-License-Identifier: UNLICENSED" for non-open-source code. Please see https://spdx.org for more information.

Warning: contracts/interfaces/IERC20.sol: Warning: SPDX license identifier not provided in source file. Before publishing, consider adding a comment containing "SPDX-License-Identifier: <SPDX-License>" to each source file. Use "SPDX-License-Identifier: UNLICENSED" for non-open-source code. Please see https://spdx.org for more information.

Warning: contracts/interfaces/IGnosisProxyFactory.sol: Warning: SPDX license identifier not provided in source file. Before publishing, consider adding a comment containing "SPDX-License-Identifier: <SPDX-License>" to each source file. Use "SPDX-License-Identifier: UNLICENSED" for non-open-source code. Please see https://spdx.org for more information.

Warning: contracts/interfaces/IMasterChef.sol: Warning: SPDX license identifier not provided in source file. Before publishing, consider adding a comment containing "SPDX-License-Identifier: <SPDX-License>" to each source file. Use "SPDX-License-Identifier: UNLICENSED" for non-open-source code. Please see https://spdx.org for more information.

Warning: contracts/interfaces/IMasterContract.sol: Warning: SPDX license identifier not provided in source file. Before publishing, consider adding a comment containing "SPDX-License-Identifier: <SPDX-License>" to each source file. Use "SPDX-License-Identifier: UNLICENSED" for non-open-source code. Please see https://spdx.org for more information.

Warning: contracts/interfaces/IMisoAuction.sol: Warning: SPDX license identifier not provided in source file. Before publishing, consider adding a comment containing "SPDX-License-Identifier: <SPDX-License>" to each source file. Use "SPDX-License-Identifier: UNLICENSED" for non-open-source code. Please see https://spdx.org for more information.

Warning: contracts/interfaces/IMisoCrowdsale.sol: Warning: SPDX license identifier not provided in source file. Before publishing, consider adding a comment containing "SPDX-License-Identifier: <SPDX-License>" to each source file. Use "SPDX-License-Identifier: UNLICENSED" for non-open-source code. Please see https://spdx.org for more information.

Warning: contracts/interfaces/IMisoFarm.sol: Warning: SPDX license identifier not provided in source file. Before publishing, consider adding a comment containing "SPDX-License-Identifier: <SPDX-License>" to each source file. Use "SPDX-License-Identifier: UNLICENSED" for non-open-source code. Please see https://spdx.org for more information.

Warning: contracts/interfaces/IMisoFermenter.sol: Warning: SPDX license identifier not provided in source file. Before publishing, consider adding a comment containing "SPDX-License-Identifier: <SPDX-License>" to each source file. Use "SPDX-License-Identifier: UNLICENSED" for non-open-source code. Please see https://spdx.org for more information.

Warning: contracts/interfaces/IMisoLauncher.sol: Warning: SPDX license identifier not provided in source file. Before publishing, consider adding a comment containing "SPDX-License-Identifier: <SPDX-License>" to each source file. Use "SPDX-License-Identifier: UNLICENSED" for non-open-source code. Please see https://spdx.org for more information.

Warning: contracts/interfaces/IMisoLiquidity.sol: Warning: SPDX license identifier not provided in source file. Before publishing, consider adding a comment containing "SPDX-License-Identifier: <SPDX-License>" to each source file. Use "SPDX-License-Identifier: UNLICENSED" for non-open-source code. Please see https://spdx.org for more information.

Warning: contracts/interfaces/IMisoMarket.sol: Warning: SPDX license identifier not provided in source file. Before publishing, consider adding a comment containing "SPDX-License-Identifier: <SPDX-License>" to each source file. Use "SPDX-License-Identifier: UNLICENSED" for non-open-source code. Please see https://spdx.org for more information.

Warning: contracts/interfaces/IMisoTemplate.sol: Warning: SPDX license identifier not provided in source file. Before publishing, consider adding a comment containing "SPDX-License-Identifier: <SPDX-License>" to each source file. Use "SPDX-License-Identifier: UNLICENSED" for non-open-source code. Please see https://spdx.org for more information.

Warning: contracts/interfaces/IMisoToken.sol: Warning: SPDX license identifier not provided in source file. Before publishing, consider adding a comment containing "SPDX-License-Identifier: <SPDX-License>" to each source file. Use "SPDX-License-Identifier: UNLICENSED" for non-open-source code. Please see https://spdx.org for more information.

Warning: contracts/interfaces/IMisoTokenFactory.sol: Warning: SPDX license identifier not provided in source file. Before publishing, consider adding a comment containing "SPDX-License-Identifier: <SPDX-License>" to each source file. Use "SPDX-License-Identifier: UNLICENSED" for non-open-source code. Please see https://spdx.org for more information.

Warning: contracts/interfaces/IPointList.sol: Warning: SPDX license identifier not provided in source file. Before publishing, consider adding a comment containing "SPDX-License-Identifier: <SPDX-License>" to each source file. Use "SPDX-License-Identifier: UNLICENSED" for non-open-source code. Please see https://spdx.org for more information.

Warning: contracts/interfaces/IRewarder.sol: Warning: SPDX license identifier not provided in source file. Before publishing, consider adding a comment containing "SPDX-License-Identifier: <SPDX-License>" to each source file. Use "SPDX-License-Identifier: UNLICENSED" for non-open-source code. Please see https://spdx.org for more information.

Warning: contracts/interfaces/ISafeGnosis.sol: Warning: SPDX license identifier not provided in source file. Before publishing, consider adding a comment containing "SPDX-License-Identifier: <SPDX-License>" to each source file. Use "SPDX-License-Identifier: UNLICENSED" for non-open-source code. Please see https://spdx.org for more information.

Warning: contracts/interfaces/ISushiToken.sol: Warning: SPDX license identifier not provided in source file. Before publishing, consider adding a comment containing "SPDX-License-Identifier: <SPDX-License>" to each source file. Use "SPDX-License-Identifier: UNLICENSED" for non-open-source code. Please see https://spdx.org for more information.

Warning: contracts/interfaces/IWETH9.sol: Warning: SPDX license identifier not provided in source file. Before publishing, consider adding a comment containing "SPDX-License-Identifier: <SPDX-License>" to each source file. Use "SPDX-License-Identifier: UNLICENSED" for non-open-source code. Please see https://spdx.org for more information.

Warning: contracts/interfaces/IWhiteList.sol: Warning: SPDX license identifier not provided in source file. Before publishing, consider adding a comment containing "SPDX-License-Identifier: <SPDX-License>" to each source file. Use "SPDX-License-Identifier: UNLICENSED" for non-open-source code. Please see https://spdx.org for more information.

Warning: contracts/Access/ListFactory.sol:54:5: Warning: Documentation tag on non-public state variables will be disallowed in 0.7.0. You will need to use the @dev tag explicitly.
    /// @notice Whether market has been initialized or not.
    ^-----------------------------------------------------^

Warning: contracts/Access/MISOAccessFactory.sol:15:5: Warning: Documentation tag on non-public state variables will be disallowed in 0.7.0. You will need to use the @dev tag explicitly.
    /// @notice Whether initialized or not.
    ^-------------------------------------^

Warning: contracts/Access/TokenList.sol:13:5: Warning: Documentation tag on non-public state variables will be disallowed in 0.7.0. You will need to use the @dev tag explicitly.
    /// @notice Whether initialised or not.
    ^-------------------------------------^

Warning: contracts/Auctions/Crowdsale.sol:64:5: Warning: Documentation tag on non-public state variables will be disallowed in 0.7.0. You will need to use the @dev tag explicitly.
    /// @notice The placeholder ETH address.
    ^--------------------------------------^

Warning: contracts/Auctions/Crowdsale.sol:67:5: Warning: Documentation tag on non-public state variables will be disallowed in 0.7.0. You will need to use the @dev tag explicitly.
    /// @notice The decimals of the auction token.
    ^--------------------------------------------^

Warning: contracts/Liquidity/PostAuctionLauncher.sol:62:5: Warning: Documentation tag on non-public state variables will be disallowed in 0.7.0. You will need to use the @dev tag explicitly.
    /// @notice Number of seconds per day.
    ^------------------------------------^

Warning: contracts/Liquidity/PostAuctionLauncher.sol:76:5: Warning: Documentation tag on non-public state variables will be disallowed in 0.7.0. You will need to use the @dev tag explicitly.
    /// @notice WETH contract address.
    ^--------------------------------^

Warning: contracts/MISOFarmFactory.sol:53:5: Warning: Documentation tag on non-public state variables will be disallowed in 0.7.0. You will need to use the @dev tag explicitly.
    /// @notice Whether farm factory has been initialized or not.
    ^-----------------------------------------------------------^

Warning: contracts/MISOFarmFactory.sol:74:5: Warning: Documentation tag on non-public state variables will be disallowed in 0.7.0. You will need to use the @dev tag explicitly.
    /// @notice Mapping from template id to farm template address.
    ^------------------------------------------------------------^

Warning: contracts/MISOFarmFactory.sol:77:5: Warning: Documentation tag on non-public state variables will be disallowed in 0.7.0. You will need to use the @dev tag explicitly.
    /// @notice mapping from farm template address to farm template id
    ^----------------------------------------------------------------^

Warning: contracts/MISOFermenter.sol:54:5: Warning: Documentation tag on non-public state variables will be disallowed in 0.7.0. You will need to use the @dev tag explicitly.
    /// @notice Whether farm factory has been initialized or not.
    ^-----------------------------------------------------------^

Warning: contracts/MISOFermenter.sol:72:5: Warning: Documentation tag on non-public state variables will be disallowed in 0.7.0. You will need to use the @dev tag explicitly.
    /// @notice Mapping from template id to escrow template address.
    ^--------------------------------------------------------------^

Warning: contracts/MISOFermenter.sol:75:5: Warning: Documentation tag on non-public state variables will be disallowed in 0.7.0. You will need to use the @dev tag explicitly.
    /// @notice mapping from escrow template address to escrow template id
    ^--------------------------------------------------------------------^

Warning: contracts/MISOLauncher.sol:60:5: Warning: Documentation tag on non-public state variables will be disallowed in 0.7.0. You will need to use the @dev tag explicitly.
    /// @notice Whether launcher has been initialized or not.
    ^-------------------------------------------------------^

Warning: contracts/MISOLauncher.sol:80:5: Warning: Documentation tag on non-public state variables will be disallowed in 0.7.0. You will need to use the @dev tag explicitly.
    /// @notice Mapping from template id to launcher template address.
    ^----------------------------------------------------------------^

Warning: contracts/MISOLauncher.sol:83:5: Warning: Documentation tag on non-public state variables will be disallowed in 0.7.0. You will need to use the @dev tag explicitly.
    /// @notice mapping from launcher template address to launcher template id
    ^------------------------------------------------------------------------^

Warning: contracts/MISOMarket.sol:60:5: Warning: Documentation tag on non-public state variables will be disallowed in 0.7.0. You will need to use the @dev tag explicitly.
    /// @notice Whether market has been initialized or not.
    ^-----------------------------------------------------^

Warning: contracts/MISOMarket.sol:78:5: Warning: Documentation tag on non-public state variables will be disallowed in 0.7.0. You will need to use the @dev tag explicitly.
    /// @notice Mapping from market template id to market template address.
    ^---------------------------------------------------------------------^

Warning: contracts/MISOMarket.sol:81:5: Warning: Documentation tag on non-public state variables will be disallowed in 0.7.0. You will need to use the @dev tag explicitly.
    /// @notice Mapping from market template address to market template id.
    ^---------------------------------------------------------------------^

Warning: contracts/MISOTokenFactory.sol:55:5: Warning: Documentation tag on non-public state variables will be disallowed in 0.7.0. You will need to use the @dev tag explicitly.
    /// @notice Whether token factory has been initialized or not.
    ^------------------------------------------------------------^

Warning: contracts/MISOTokenFactory.sol:74:5: Warning: Documentation tag on non-public state variables will be disallowed in 0.7.0. You will need to use the @dev tag explicitly.
    /// @notice Mapping from token template id to token template address.
    ^-------------------------------------------------------------------^

Warning: contracts/MISOTokenFactory.sol:77:5: Warning: Documentation tag on non-public state variables will be disallowed in 0.7.0. You will need to use the @dev tag explicitly.
    /// @notice mapping from token template address to token template id
    ^------------------------------------------------------------------^

Warning: contracts/Tokens/SushiToken.sol:81:5: Warning: Documentation tag on non-public state variables will be disallowed in 0.7.0. You will need to use the @dev tag explicitly.
    /// @notice A record of each accounts delegate
    ^--------------------------------------------^

Warning: contracts/Vault/GnosisSafeFactory.sol:20:5: Warning: Documentation tag on non-public state variables will be disallowed in 0.7.0. You will need to use the @dev tag explicitly.
    /// @notice Whether initialized or not.
    ^-------------------------------------^

Warning: contracts/Vault/GnosisSafeFactory.sol:23:5: Warning: Documentation tag on non-public state variables will be disallowed in 0.7.0. You will need to use the @dev tag explicitly.
    /// @notice Mapping from user address to Gnosis Safe interface.
    ^-------------------------------------------------------------^

Warning: contracts/Vault/TokenVault.sol:28:5: Warning: Documentation tag on non-public state variables will be disallowed in 0.7.0. You will need to use the @dev tag explicitly.
    /// @notice Mapping from user address to UserInfo struct.
    ^-------------------------------------------------------^

Warning: contracts/Tokens/USDC.sol:62:24: Warning: This declaration shadows an existing declaration.
    function initToken(string memory _name, string memory _symbol, address _owner, uint256 _initialSupply) public  {
                       ^-----------------^
contracts/Tokens/USDC.sol:45:5: The shadowed declaration is here:
    string private _name;
    ^------------------^

Warning: contracts/Tokens/USDC.sol:62:45: Warning: This declaration shadows an existing declaration.
    function initToken(string memory _name, string memory _symbol, address _owner, uint256 _initialSupply) public  {
                                            ^-------------------^
contracts/Tokens/USDC.sol:46:5: The shadowed declaration is here:
    string private _symbol;
    ^--------------------^

Warning: contracts/Tokens/USDC.sol:71:10: Warning: This declaration shadows an existing declaration.
        (string memory _name,
         ^-----------------^
contracts/Tokens/USDC.sol:45:5: The shadowed declaration is here:
    string private _name;
    ^------------------^

Warning: contracts/Tokens/USDC.sol:72:9: Warning: This declaration shadows an existing declaration.
        string memory _symbol,
        ^-------------------^
contracts/Tokens/USDC.sol:46:5: The shadowed declaration is here:
    string private _symbol;
    ^--------------------^

Warning: contracts/Helper/CalculationsSushiswap.sol:204:26: Warning: Result of exponentiation has type uint8 and thus might overflow. Silence this warning by converting the literal to the expected type.
            ((reserve0 / 10**token0Decimals) * token0Price) +
                         ^----------------^

Warning: contracts/Helper/CalculationsSushiswap.sol:205:30: Warning: Result of exponentiation has type uint8 and thus might overflow. Silence this warning by converting the literal to the expected type.
                ((reserve1 / 10**token1Decimals) * token1Price);
                             ^----------------^

Warning: contracts/Helper/CalculationsSushiswap.sol:219:31: Warning: Result of exponentiation has type uint8 and thus might overflow. Silence this warning by converting the literal to the expected type.
            (totalLiquidity * 10**pairDecimals) / totalSupply;
                              ^--------------^

Warning: contracts/Utils/Timelock.sol:116:51: Warning: Using ".value(...)" is deprecated. Use "{value: ...}" instead.
        (bool success, bytes memory returnData) = target.call.value(value)(callData);
                                                  ^---------------^

Warning: contracts/Auctions/HyperbolicAuction.sol:146:9: Warning: Unused function parameter. Remove or comment out the variable name to silence this warning.
        uint256 _factor,
        ^-------------^

Warning: contracts/Helper/MISOHelper.sol:243:13: Warning: Unused local variable.
            uint256 templateId = farmFactory.getTemplateId(farmAddr);
            ^----------------^

Warning: contracts/Helper/MISOHelper.sol:341:18: Warning: Unused local variable.
                (address stakingToken,,,) = farm.poolInfo(j);
                 ^------------------^

Warning: contracts/Recipes/MISORecipe01.sol:139:9: Warning: Unused local variable.
        uint256 duration = 1000;
        ^--------------^

Warning: contracts/Recipes/MISORecipe01.sol:167:9: Warning: Unused local variable.
        IMisoCrowdsale crowdsale = IMisoCrowdsale(misoMarket.createCrowdsale(
        ^----------------------^

Warning: contracts/Tokens/FixedToken.sol:26:68: Warning: Unused function parameter. Remove or comment out the variable name to silence this warning.
    function initToken(string memory _name, string memory _symbol, address _owner, uint256 _initialSupply) public  {
                                                                   ^------------^

Warning: contracts/Tokens/USDC.sol:62:68: Warning: Unused function parameter. Remove or comment out the variable name to silence this warning.
    function initToken(string memory _name, string memory _symbol, address _owner, uint256 _initialSupply) public  {
                                                                   ^------------^


[mvscan-config] {"ATOMIC_GROUP": [], "DIVERGENCE_BUDGET": 1000, "ENABLE_BRANCH_GROUPS": false, "ENABLE_EXTERNAL_STATE": true, "ENABLE_MULTI_RETURN_GROUPS": true, "MAPPING_MODE": "precise", "MERGE_OVERLOADS": false, "MVSCAN_ABLATION": "no_branch_groups", "MVSCAN_CONTEXTUAL_KEYS": true, "MVSCAN_INCLUDE_SCALAR_WITNESSES": false, "MVSCAN_INTERFACE_DISPATCH": false, "MVSCAN_MAX_CONTEXTS_PER_OWNER_BLOCK": 128, "MVSCAN_MAX_DISPATCH_TARGETS": 16, "MVSCAN_REQUIRE_DISTINCT_OUTER_ROOTS": false, "MVSCAN_ROOT_CONTEXT_SINKS": false, "NOOP_WRITE_FILTER": true, "REQUIRE_SAME_SLOT_KEY": true, "SINK_TEST": "none", "USER_CALLABLE_ALWAYS": [], "USER_CALLABLE_DENY": []}
[mvscan-stage] icfg-built blocks=4130 vars=335
[mvscan-stage] root-seeding-done eligible_exposures=390 seeded=257 multi_exposure_entry_blocks=25 collapsed_contextual_aliases=133 excluded_dependency=0 excluded_interface=98 excluded_library=0 excluded_abstract=19 missing_entry_point=0 missing_entry_block=0
[mvscan-pairs] call_target_digest=02aec61258468c956e9174bdeace000de328b10e95edc513db21bdc688365c63 candidate_count=15 candidate_digest=c70ff7c2a18ed85ae0a51f5f0d1eb430bdc851405d37c192975222b3beb69d63 context_instance_count=135 eligible_readers=10 eligible_writers=9 execution_context_digest=e15c2bdaf9266650e0dc77ed4a93e56dc6b7e6680e37ee01e40a5dbae046d9fc insensitive_readers_filtered=18 invalid_partial_write_filtered=0 must_full_relation_filtered=0 omitted_member_evidence_filtered=0 omitted_member_not_sensitive_filtered=18 owner_context_pairs=135 owner_context_pairs_considered=261 raw_block_pairs=90 reader_witness_count=135 relation_base_members_shadowed=0 relation_context_incompatible=108 relation_digest=f2637a0bb545a225af48bae9ab13194dd1fa4c8ee7a886a68ebbeca7824cce63 relation_members_raw=34 relation_origins_registered=1 relation_origins_rejected_unary_after_shadowing=32 relation_origins_rejected_unreachable=72 relation_origins_seen=33 root_context_sink_filtered=0 same_outer_root_filtered=0 same_static_block_filtered=1 scalar_variables_skipped=244 storage_context_mismatch=0 variables_considered=245
INFO:Detectors:

[MV-SI candidate 1532f3ff8dc713af4d1b] {marketPrice, marketStatus}
 writer root       -> contracts/Auctions/Crowdsale.sol::Crowdsale.initMarket(bytes)
 writer effect     -> contracts/Auctions/Crowdsale.sol:174
 written member    -> ('SV', 'contracts/Auctions/Crowdsale.sol', 'Crowdsale.marketPrice')
 potentially stale -> ('SV', 'contracts/Auctions/Crowdsale.sol', 'Crowdsale.marketStatus')
 reader witnesses  -> 18
 storage exposures -> 1
[MV-SI candidate 1d43b598de235591a850] {marketPrice, marketStatus}
 writer root       -> contracts/Auctions/Crowdsale.sol::Crowdsale.initMarket(bytes)
 writer effect     -> contracts/Auctions/Crowdsale.sol:175
 written member    -> ('SV', 'contracts/Auctions/Crowdsale.sol', 'Crowdsale.marketPrice')
 potentially stale -> ('SV', 'contracts/Auctions/Crowdsale.sol', 'Crowdsale.marketStatus')
 reader witnesses  -> 18
 storage exposures -> 1
[MV-SI candidate 2075a0c8ff85b85c0486] {marketPrice, marketStatus}
 writer root       -> contracts/Auctions/Crowdsale.sol::Crowdsale.initCrowdsale(address,address,address,uint256,uint256,uint256,uint256,uint256,address,address,address)
 writer effect     -> contracts/Auctions/Crowdsale.sol:175
 written member    -> ('SV', 'contracts/Auctions/Crowdsale.sol', 'Crowdsale.marketPrice')
 potentially stale -> ('SV', 'contracts/Auctions/Crowdsale.sol', 'Crowdsale.marketStatus')
 reader witnesses  -> 18
 storage exposures -> 1
[MV-SI candidate 302ef78d19a5e6f43387] {marketPrice, marketStatus}
 writer root       -> contracts/Auctions/Crowdsale.sol::Crowdsale.enableList(bool)
 writer effect     -> contracts/Auctions/Crowdsale.sol:522
 written member    -> ('SV', 'contracts/Auctions/Crowdsale.sol', 'Crowdsale.marketStatus')
 potentially stale -> ('SV', 'contracts/Auctions/Crowdsale.sol', 'Crowdsale.marketPrice')
 reader witnesses  -> 3
 storage exposures -> 1
[MV-SI candidate 7927c6eee5bdf55aa137] {marketPrice, marketStatus}
 writer root       -> contracts/Auctions/Crowdsale.sol::Crowdsale.initCrowdsale(address,address,address,uint256,uint256,uint256,uint256,uint256,address,address,address)
 writer effect     -> contracts/Auctions/Crowdsale.sol:174
 written member    -> ('SV', 'contracts/Auctions/Crowdsale.sol', 'Crowdsale.marketPrice')
 potentially stale -> ('SV', 'contracts/Auctions/Crowdsale.sol', 'Crowdsale.marketStatus')
 reader witnesses  -> 18
 storage exposures -> 1
[MV-SI candidate 7d2035c6323a90250e51] {marketPrice, marketStatus}
 writer root       -> contracts/Auctions/Crowdsale.sol::Crowdsale.setList(address)
 writer effect     -> contracts/Auctions/Crowdsale.sol:528
 written member    -> ('SV', 'contracts/Auctions/Crowdsale.sol', 'Crowdsale.marketStatus')
 potentially stale -> ('SV', 'contracts/Auctions/Crowdsale.sol', 'Crowdsale.marketPrice')
 reader witnesses  -> 3
 storage exposures -> 1
[MV-SI candidate 919caff4f8a3841376f7] {marketPrice, marketStatus}
 writer root       -> contracts/Auctions/Crowdsale.sol::Crowdsale.finalize()
 writer effect     -> contracts/Auctions/Crowdsale.sol:403
 written member    -> ('SV', 'contracts/Auctions/Crowdsale.sol', 'Crowdsale.marketStatus')
 potentially stale -> ('SV', 'contracts/Auctions/Crowdsale.sol', 'Crowdsale.marketPrice')
 reader witnesses  -> 3
 storage exposures -> 1
[MV-SI candidate adef9878ff08c5e71abd] {marketPrice, marketStatus}
 writer root       -> contracts/Auctions/Crowdsale.sol::Crowdsale.commitTokensFrom(address,uint256,bool)
 writer effect     -> contracts/Auctions/Crowdsale.sol:319
 written member    -> ('SV', 'contracts/Auctions/Crowdsale.sol', 'Crowdsale.marketStatus')
 potentially stale -> ('SV', 'contracts/Auctions/Crowdsale.sol', 'Crowdsale.marketPrice')
 reader witnesses  -> 3
 storage exposures -> 1
[MV-SI candidate bcb120cbc632fc4136d2] {marketPrice, marketStatus}
 writer root       -> contracts/Auctions/Crowdsale.sol::Crowdsale.cancelAuction()
 writer effect     -> contracts/Auctions/Crowdsale.sol:421
 written member    -> ('SV', 'contracts/Auctions/Crowdsale.sol', 'Crowdsale.marketStatus')
 potentially stale -> ('SV', 'contracts/Auctions/Crowdsale.sol', 'Crowdsale.marketPrice')
 reader witnesses  -> 3
 storage exposures -> 1
[MV-SI candidate cf3fe30511218865b9ec] {marketPrice, marketStatus}
 writer root       -> contracts/Auctions/Crowdsale.sol::Crowdsale.setAuctionPrice(uint256,uint256)
 writer effect     -> contracts/Auctions/Crowdsale.sol:566
 written member    -> ('SV', 'contracts/Auctions/Crowdsale.sol', 'Crowdsale.marketPrice')
 potentially stale -> ('SV', 'contracts/Auctions/Crowdsale.sol', 'Crowdsale.marketStatus')
 reader witnesses  -> 18
 storage exposures -> 1
[MV-SI candidate dd51b8ab4827ccb3719b] {marketPrice, marketStatus}
 writer root       -> contracts/Auctions/Crowdsale.sol::Crowdsale.initMarket(bytes)
 writer effect     -> contracts/Auctions/Crowdsale.sol:528
 written member    -> ('SV', 'contracts/Auctions/Crowdsale.sol', 'Crowdsale.marketStatus')
 potentially stale -> ('SV', 'contracts/Auctions/Crowdsale.sol', 'Crowdsale.marketPrice')
 reader witnesses  -> 3
 storage exposures -> 1
[MV-SI candidate de099d6b61777ac0fc88] {marketPrice, marketStatus}
 writer root       -> contracts/Auctions/Crowdsale.sol::Crowdsale.setAuctionPrice(uint256,uint256)
 writer effect     -> contracts/Auctions/Crowdsale.sol:567
 written member    -> ('SV', 'contracts/Auctions/Crowdsale.sol', 'Crowdsale.marketPrice')
 potentially stale -> ('SV', 'contracts/Auctions/Crowdsale.sol', 'Crowdsale.marketStatus')
 reader witnesses  -> 18
 storage exposures -> 1
[MV-SI candidate f65768d4dad7c0d42865] {marketPrice, marketStatus}
 writer root       -> contracts/Auctions/Crowdsale.sol::Crowdsale.initCrowdsale(address,address,address,uint256,uint256,uint256,uint256,uint256,address,address,address)
 writer effect     -> contracts/Auctions/Crowdsale.sol:528
 written member    -> ('SV', 'contracts/Auctions/Crowdsale.sol', 'Crowdsale.marketStatus')
 potentially stale -> ('SV', 'contracts/Auctions/Crowdsale.sol', 'Crowdsale.marketPrice')
 reader witnesses  -> 3
 storage exposures -> 1
[MV-SI candidate fd9cdfb5773d505bc5ec] {marketPrice, marketStatus}
 writer root       -> contracts/Auctions/Crowdsale.sol::Crowdsale.commitEth(address,bool)
 writer effect     -> contracts/Auctions/Crowdsale.sol:319
 written member    -> ('SV', 'contracts/Auctions/Crowdsale.sol', 'Crowdsale.marketStatus')
 potentially stale -> ('SV', 'contracts/Auctions/Crowdsale.sol', 'Crowdsale.marketPrice')
 reader witnesses  -> 3
 storage exposures -> 1
[MV-SI candidate fff727f4f65453b3cd71] {marketPrice, marketStatus}
 writer root       -> contracts/Auctions/Crowdsale.sol::Crowdsale.commitTokens(uint256,bool)
 writer effect     -> contracts/Auctions/Crowdsale.sol:319
 written member    -> ('SV', 'contracts/Auctions/Crowdsale.sol', 'Crowdsale.marketStatus')
 potentially stale -> ('SV', 'contracts/Auctions/Crowdsale.sol', 'Crowdsale.marketPrice')
 reader witnesses  -> 3
 storage exposures -> 1Reference: https://github.com/crytic/slither/wiki/Detector-Documentation
INFO:Slither:mvscan-standard-input.json analyzed (134 contracts with 1 detectors), 15 result(s) found
