Problem executing hardhat to fetch configuration, using defaults: [Errno 2] No such file or directory: 'hardhat'
[mvscan-config] {"ATOMIC_GROUP": [], "DIVERGENCE_BUDGET": 1000, "ENABLE_BRANCH_GROUPS": true, "ENABLE_EXTERNAL_STATE": true, "ENABLE_MULTI_RETURN_GROUPS": true, "MAPPING_MODE": "base_collapsed", "MERGE_OVERLOADS": false, "MVSCAN_ABLATION": "mapping_insensitive", "MVSCAN_CONTEXTUAL_KEYS": true, "MVSCAN_INCLUDE_SCALAR_WITNESSES": false, "MVSCAN_INTERFACE_DISPATCH": false, "MVSCAN_MAX_CONTEXTS_PER_OWNER_BLOCK": 128, "MVSCAN_MAX_DISPATCH_TARGETS": 16, "MVSCAN_REQUIRE_DISTINCT_OUTER_ROOTS": false, "MVSCAN_ROOT_CONTEXT_SINKS": false, "NOOP_WRITE_FILTER": true, "REQUIRE_SAME_SLOT_KEY": false, "SINK_TEST": "none", "USER_CALLABLE_ALWAYS": [], "USER_CALLABLE_DENY": []}
[mvscan-stage] icfg-built blocks=1649 vars=30
[mvscan-stage] root-seeding-done eligible_exposures=53 seeded=39 multi_exposure_entry_blocks=7 collapsed_contextual_aliases=14 excluded_dependency=0 excluded_interface=6 excluded_library=0 excluded_abstract=2 missing_entry_point=0 missing_entry_block=0
[mvscan-pairs] call_target_digest=67d790ccdf695fbeb2f85676f1d0d61b322b599648e9d6f2ffe95f9b3b9a8a8a candidate_count=33 candidate_digest=d9e7515221243f6fa4272b5672d337e4d4b33813adc931a554a35d9b74776bae context_instance_count=531 eligible_readers=45 eligible_writers=31 execution_context_digest=2bfcc470241b714968de339c702c35fc13460723c0b6f9e12e850b16b0f910e7 insensitive_readers_filtered=31 invalid_partial_write_filtered=0 must_full_relation_filtered=54 omitted_member_evidence_filtered=0 omitted_member_not_sensitive_filtered=0 owner_context_pairs=531 owner_context_pairs_considered=1357 raw_block_pairs=356 reader_witness_count=531 relation_base_members_shadowed=0 relation_context_incompatible=772 relation_digest=358a37712dd5068976a33b0f8d3fd5d403283dd4033eb4c4cfd6263dd4cd9e1f relation_members_raw=54 relation_origins_registered=4 relation_origins_rejected_unary_after_shadowing=46 relation_origins_rejected_unreachable=9 relation_origins_seen=50 root_context_sink_filtered=0 same_outer_root_filtered=0 same_static_block_filtered=2 scalar_variables_skipped=21 storage_context_mismatch=0 variables_considered=25
INFO:Detectors:

[MV-SI candidate 012c732282678a7694af] {curvesTokenSupply, feesEconomics}
 writer root       -> contracts/Curves.sol::Curves.setProtocolFeePercent(uint256,address)
 writer effect     -> contracts/Curves.sol:137
 written member    -> ('SV', 'contracts/Curves.sol', 'Curves.feesEconomics')
 potentially stale -> ('SV', 'contracts/Curves.sol', 'Curves.curvesTokenSupply')
 reader witnesses  -> 9
 storage exposures -> 1
[MV-SI candidate 0a2f043025ef3b840d68] {feeRedistributor, feesEconomics}
 writer root       -> contracts/Curves.sol::Curves.setFeeRedistributor(address)
 writer effect     -> contracts/Curves.sol:114
 written member    -> ('SV', 'contracts/Curves.sol', 'Curves.feeRedistributor')
 potentially stale -> ('SV', 'contracts/Curves.sol', 'Curves.feesEconomics')
 reader witnesses  -> 45
 storage exposures -> 1
[MV-SI candidate 0ff8a498cc13233a4e23] {curvesTokenSupply, feesEconomics}
 writer root       -> contracts/Curves.sol::Curves.setExternalFeePercent(uint256,uint256,uint256)
 writer effect     -> contracts/Curves.sol:150
 written member    -> ('SV', 'contracts/Curves.sol', 'Curves.feesEconomics')
 potentially stale -> ('SV', 'contracts/Curves.sol', 'Curves.curvesTokenSupply')
 reader witnesses  -> 9
 storage exposures -> 1
[MV-SI candidate 12d4f042dfc7f1e6e292] {feeRedistributor, feesEconomics}
 writer root       -> contracts/Curves.sol::Curves.setExternalFeePercent(uint256,uint256,uint256)
 writer effect     -> contracts/Curves.sol:151
 written member    -> ('SV', 'contracts/Curves.sol', 'Curves.feesEconomics')
 potentially stale -> ('SV', 'contracts/Curves.sol', 'Curves.feeRedistributor')
 reader witnesses  -> 18
 storage exposures -> 1
[MV-SI candidate 1ba1c284335d5fb9e672] {curvesTokenSupply, feesEconomics}
 writer root       -> contracts/Curves.sol::Curves.buyCurvesToken(address,uint256)
 writer effect     -> contracts/Curves.sol:273
 written member    -> ('SV', 'contracts/Curves.sol', 'Curves.curvesTokenSupply')
 potentially stale -> ('SV', 'contracts/Curves.sol', 'Curves.feesEconomics')
 reader witnesses  -> 45
 storage exposures -> 1
[MV-SI candidate 33c613468e5c962fd819] {externalCurvesTokens, symbolToSubject}
 writer root       -> contracts/Curves.sol::Curves.withdraw(address,uint256)
 writer effect     -> contracts/Curves.sol:354
 written member    -> ('SV', 'contracts/Curves.sol', 'Curves.externalCurvesTokens')
 potentially stale -> ('SV', 'contracts/Curves.sol', 'Curves.symbolToSubject')
 reader witnesses  -> 4
 storage exposures -> 1
[MV-SI candidate 3b1dd7f30ff7f06dc6a6] {curvesTokenSupply, feesEconomics}
 writer root       -> contracts/Curves.sol::Curves.setExternalFeePercent(uint256,uint256,uint256)
 writer effect     -> contracts/Curves.sol:151
 written member    -> ('SV', 'contracts/Curves.sol', 'Curves.feesEconomics')
 potentially stale -> ('SV', 'contracts/Curves.sol', 'Curves.curvesTokenSupply')
 reader witnesses  -> 9
 storage exposures -> 1
[MV-SI candidate 3e56731ca9f30c8184bf] {presalesBuys, presalesMeta}
 writer root       -> contracts/Curves.sol::Curves.buyCurvesTokenForPresale(address,uint256,uint256,bytes32,uint256)
 writer effect     -> contracts/Curves.sol:389
 written member    -> ('SV', 'contracts/Curves.sol', 'Curves.presalesMeta')
 potentially stale -> ('SV', 'contracts/Curves.sol', 'Curves.presalesBuys')
 reader witnesses  -> 2
 storage exposures -> 1
[MV-SI candidate 44d05676bfb869927f65] {feeRedistributor, feesEconomics}
 writer root       -> contracts/Curves.sol::Curves.setMaxFeePercent(uint256)
 writer effect     -> contracts/Curves.sol:125
 written member    -> ('SV', 'contracts/Curves.sol', 'Curves.feesEconomics')
 potentially stale -> ('SV', 'contracts/Curves.sol', 'Curves.feeRedistributor')
 reader witnesses  -> 18
 storage exposures -> 1
[MV-SI candidate 46e5855247540f5ff0eb] {externalCurvesTokens, symbolToSubject}
 writer root       -> contracts/Curves.sol::Curves.withdraw(address,uint256)
 writer effect     -> contracts/Curves.sol:356
 written member    -> ('SV', 'contracts/Curves.sol', 'Curves.externalCurvesTokens')
 potentially stale -> ('SV', 'contracts/Curves.sol', 'Curves.symbolToSubject')
 reader witnesses  -> 4
 storage exposures -> 1
[MV-SI candidate 4df98bcf88d85abccf20] {externalCurvesTokens, symbolToSubject}
 writer root       -> contracts/Curves.sol::Curves.setNameAndSymbol(address,string,string)
 writer effect     -> contracts/Curves.sol:436
 written member    -> ('SV', 'contracts/Curves.sol', 'Curves.externalCurvesTokens')
 potentially stale -> ('SV', 'contracts/Curves.sol', 'Curves.symbolToSubject')
 reader witnesses  -> 4
 storage exposures -> 1
[MV-SI candidate 51b9d50e238aec082422] {curvesTokenSupply, feesEconomics}
 writer root       -> contracts/Curves.sol::Curves.sellExternalCurvesToken(address,uint256)
 writer effect     -> contracts/Curves.sol:290
 written member    -> ('SV', 'contracts/Curves.sol', 'Curves.curvesTokenSupply')
 potentially stale -> ('SV', 'contracts/Curves.sol', 'Curves.feesEconomics')
 reader witnesses  -> 45
 storage exposures -> 1
[MV-SI candidate 5b0742c8491684a19612] {curvesTokenSupply, feesEconomics}
 writer root       -> contracts/Curves.sol::Curves.setProtocolFeePercent(uint256,address)
 writer effect     -> contracts/Curves.sol:138
 written member    -> ('SV', 'contracts/Curves.sol', 'Curves.feesEconomics')
 potentially stale -> ('SV', 'contracts/Curves.sol', 'Curves.curvesTokenSupply')
 reader witnesses  -> 9
 storage exposures -> 1
[MV-SI candidate 614950cf5f43af256070] {externalCurvesTokens, symbolToSubject}
 writer root       -> contracts/Curves.sol::Curves.withdraw(address,uint256)
 writer effect     -> contracts/Curves.sol:476
 written member    -> ('SV', 'contracts/Curves.sol', 'Curves.externalCurvesTokens')
 potentially stale -> ('SV', 'contracts/Curves.sol', 'Curves.symbolToSubject')
 reader witnesses  -> 4
 storage exposures -> 1
[MV-SI candidate 77cbc7a656c15ed4cab3] {externalCurvesTokens, symbolToSubject}
 writer root       -> contracts/Curves.sol::Curves.setNameAndSymbol(address,string,string)
 writer effect     -> contracts/Curves.sol:435
 written member    -> ('SV', 'contracts/Curves.sol', 'Curves.externalCurvesTokens')
 potentially stale -> ('SV', 'contracts/Curves.sol', 'Curves.symbolToSubject')
 reader witnesses  -> 4
 storage exposures -> 1
[MV-SI candidate 85fd97629dd01890cf9d] {feeRedistributor, feesEconomics}
 writer root       -> contracts/Curves.sol::Curves.setProtocolFeePercent(uint256,address)
 writer effect     -> contracts/Curves.sol:137
 written member    -> ('SV', 'contracts/Curves.sol', 'Curves.feesEconomics')
 potentially stale -> ('SV', 'contracts/Curves.sol', 'Curves.feeRedistributor')
 reader witnesses  -> 18
 storage exposures -> 1
[MV-SI candidate 8935a44ea475bacc35ac] {presalesBuys, presalesMeta}
 writer root       -> contracts/Curves.sol::Curves.setWhitelist(bytes32)
 writer effect     -> contracts/Curves.sol:399
 written member    -> ('SV', 'contracts/Curves.sol', 'Curves.presalesMeta')
 potentially stale -> ('SV', 'contracts/Curves.sol', 'Curves.presalesBuys')
 reader witnesses  -> 2
 storage exposures -> 1
[MV-SI candidate 8a52a8b830b9565c20bc] {externalCurvesTokens, symbolToSubject}
 writer root       -> contracts/Curves.sol::Curves.withdraw(address,uint256)
 writer effect     -> contracts/Curves.sol:355
 written member    -> ('SV', 'contracts/Curves.sol', 'Curves.externalCurvesTokens')
 potentially stale -> ('SV', 'contracts/Curves.sol', 'Curves.symbolToSubject')
 reader witnesses  -> 4
 storage exposures -> 1
[MV-SI candidate 905e55fdf12e8ba7e8aa] {curvesTokenSupply, feesEconomics}
 writer root       -> contracts/Curves.sol::Curves.buyCurvesTokenForPresale(address,uint256,uint256,bytes32,uint256)
 writer effect     -> contracts/Curves.sol:273
 written member    -> ('SV', 'contracts/Curves.sol', 'Curves.curvesTokenSupply')
 potentially stale -> ('SV', 'contracts/Curves.sol', 'Curves.feesEconomics')
 reader witnesses  -> 45
 storage exposures -> 1
[MV-SI candidate 9197fb0fa39d13a8193e] {externalCurvesTokens, symbolToSubject}
 writer root       -> contracts/Curves.sol::Curves.withdraw(address,uint256)
 writer effect     -> contracts/Curves.sol:358
 written member    -> ('SV', 'contracts/Curves.sol', 'Curves.symbolToSubject')
 potentially stale -> ('SV', 'contracts/Curves.sol', 'Curves.externalCurvesTokens')
 reader witnesses  -> 11
 storage exposures -> 1
[MV-SI candidate 97d17faf127a51c712fc] {curvesTokenSupply, feesEconomics}
 writer root       -> contracts/Curves.sol::Curves.buyCurvesTokenWithName(address,uint256,string,string)
 writer effect     -> contracts/Curves.sol:273
 written member    -> ('SV', 'contracts/Curves.sol', 'Curves.curvesTokenSupply')
 potentially stale -> ('SV', 'contracts/Curves.sol', 'Curves.feesEconomics')
 reader witnesses  -> 45
 storage exposures -> 1
[MV-SI candidate 9f065809564f88ed90fc] {feeRedistributor, feesEconomics}
 writer root       -> contracts/Curves.sol::Curves.setProtocolFeePercent(uint256,address)
 writer effect     -> contracts/Curves.sol:138
 written member    -> ('SV', 'contracts/Curves.sol', 'Curves.feesEconomics')
 potentially stale -> ('SV', 'contracts/Curves.sol', 'Curves.feeRedistributor')
 reader witnesses  -> 18
 storage exposures -> 1
[MV-SI candidate aa6482dc7ae5172a0467] {feeRedistributor, feesEconomics}
 writer root       -> contracts/Curves.sol::Curves.setExternalFeePercent(uint256,uint256,uint256)
 writer effect     -> contracts/Curves.sol:152
 written member    -> ('SV', 'contracts/Curves.sol', 'Curves.feesEconomics')
 potentially stale -> ('SV', 'contracts/Curves.sol', 'Curves.feeRedistributor')
 reader witnesses  -> 18
 storage exposures -> 1
[MV-SI candidate bd6c1f6e4db7d248a2c9] {presalesBuys, presalesMeta}
 writer root       -> contracts/Curves.sol::Curves.buyCurvesTokenForPresale(address,uint256,uint256,bytes32,uint256)
 writer effect     -> contracts/Curves.sol:389
 written member    -> ('SV', 'contracts/Curves.sol', 'Curves.presalesMeta')
 potentially stale -> ('SV', 'contracts/Curves.sol', 'Curves.presalesBuys')
 reader witnesses  -> 2
 storage exposures -> 1
[MV-SI candidate c294bca696ae50073ab5] {feeRedistributor, feesEconomics}
 writer root       -> contracts/Curves.sol::Curves.setExternalFeePercent(uint256,uint256,uint256)
 writer effect     -> contracts/Curves.sol:150
 written member    -> ('SV', 'contracts/Curves.sol', 'Curves.feesEconomics')
 potentially stale -> ('SV', 'contracts/Curves.sol', 'Curves.feeRedistributor')
 reader witnesses  -> 18
 storage exposures -> 1
[MV-SI candidate c44861786841d3c64e55] {curvesTokenSupply, feesEconomics}
 writer root       -> contracts/Curves.sol::Curves.setMaxFeePercent(uint256)
 writer effect     -> contracts/Curves.sol:125
 written member    -> ('SV', 'contracts/Curves.sol', 'Curves.feesEconomics')
 potentially stale -> ('SV', 'contracts/Curves.sol', 'Curves.curvesTokenSupply')
 reader witnesses  -> 9
 storage exposures -> 1
[MV-SI candidate ca1656638ec4e942a601] {curvesTokenSupply, feesEconomics}
 writer root       -> contracts/Curves.sol::Curves.sellCurvesToken(address,uint256)
 writer effect     -> contracts/Curves.sol:290
 written member    -> ('SV', 'contracts/Curves.sol', 'Curves.curvesTokenSupply')
 potentially stale -> ('SV', 'contracts/Curves.sol', 'Curves.feesEconomics')
 reader witnesses  -> 45
 storage exposures -> 1
[MV-SI candidate ca9bbe84ae2c2b4f8e0d] {presalesBuys, presalesMeta}
 writer root       -> contracts/Curves.sol::Curves.buyCurvesTokenForPresale(address,uint256,uint256,bytes32,uint256)
 writer effect     -> contracts/Curves.sol:388
 written member    -> ('SV', 'contracts/Curves.sol', 'Curves.presalesMeta')
 potentially stale -> ('SV', 'contracts/Curves.sol', 'Curves.presalesBuys')
 reader witnesses  -> 2
 storage exposures -> 1
[MV-SI candidate cb6daccddc6ce2a6437c] {curvesTokenSupply, feesEconomics}
 writer root       -> contracts/Curves.sol::Curves.buyCurvesTokenWhitelisted(address,uint256,bytes32[])
 writer effect     -> contracts/Curves.sol:273
 written member    -> ('SV', 'contracts/Curves.sol', 'Curves.curvesTokenSupply')
 potentially stale -> ('SV', 'contracts/Curves.sol', 'Curves.feesEconomics')
 reader witnesses  -> 45
 storage exposures -> 1
[MV-SI candidate d2422aa614eee714ffb8] {externalCurvesTokens, symbolToSubject}
 writer root       -> contracts/Curves.sol::Curves.withdraw(address,uint256)
 writer effect     -> contracts/Curves.sol:477
 written member    -> ('SV', 'contracts/Curves.sol', 'Curves.externalCurvesTokens')
 potentially stale -> ('SV', 'contracts/Curves.sol', 'Curves.symbolToSubject')
 reader witnesses  -> 4
 storage exposures -> 1
[MV-SI candidate e375c469d54280ba632a] {curvesTokenSupply, feesEconomics}
 writer root       -> contracts/Curves.sol::Curves.setExternalFeePercent(uint256,uint256,uint256)
 writer effect     -> contracts/Curves.sol:152
 written member    -> ('SV', 'contracts/Curves.sol', 'Curves.feesEconomics')
 potentially stale -> ('SV', 'contracts/Curves.sol', 'Curves.curvesTokenSupply')
 reader witnesses  -> 9
 storage exposures -> 1
[MV-SI candidate e551a259a6227bfdf5b0] {presalesBuys, presalesMeta}
 writer root       -> contracts/Curves.sol::Curves.buyCurvesTokenForPresale(address,uint256,uint256,bytes32,uint256)
 writer effect     -> contracts/Curves.sol:387
 written member    -> ('SV', 'contracts/Curves.sol', 'Curves.presalesMeta')
 potentially stale -> ('SV', 'contracts/Curves.sol', 'Curves.presalesBuys')
 reader witnesses  -> 2
 storage exposures -> 1
[MV-SI candidate f66dc507121f00422f10] {presalesBuys, presalesMeta}
 writer root       -> contracts/Curves.sol::Curves.buyCurvesTokenWhitelisted(address,uint256,bytes32[])
 writer effect     -> contracts/Curves.sol:414
 written member    -> ('SV', 'contracts/Curves.sol', 'Curves.presalesBuys')
 potentially stale -> ('SV', 'contracts/Curves.sol', 'Curves.presalesMeta')
 reader witnesses  -> 5
 storage exposures -> 1Reference: https://github.com/crytic/slither/wiki/Detector-Documentation
INFO:Slither:. analyzed (18 contracts with 1 detectors), 33 result(s) found
