Problem executing hardhat to fetch configuration, using defaults: [Errno 2] No such file or directory: 'hardhat'
ERROR:ContractSolcParsing:Impossible to generate IR for FNDNFTMarket.constructor (contracts/mixins/NFTMarketCreators.sol#35-40):
 'NoneType' object has no attribute 'parameters'
ERROR:ContractSolcParsing:Impossible to generate IR for FNDNFTMarket._getCreatorPaymentInfo (contracts/mixins/NFTMarketCreators.sol#49-251):
 'NoneType' object has no attribute 'parameters'
ERROR:ContractSolcParsing:Impossible to generate IR for NFTMarketBuyPrice.constructor (contracts/mixins/NFTMarketCreators.sol#35-40):
 'NoneType' object has no attribute 'parameters'
ERROR:ContractSolcParsing:Impossible to generate IR for NFTMarketBuyPrice._getCreatorPaymentInfo (contracts/mixins/NFTMarketCreators.sol#49-251):
 'NoneType' object has no attribute 'parameters'
ERROR:ContractSolcParsing:Impossible to generate IR for NFTMarketFees.constructor (contracts/mixins/NFTMarketCreators.sol#35-40):
 'NoneType' object has no attribute 'parameters'
ERROR:ContractSolcParsing:Impossible to generate IR for NFTMarketFees._getCreatorPaymentInfo (contracts/mixins/NFTMarketCreators.sol#49-251):
 'NoneType' object has no attribute 'parameters'
ERROR:ContractSolcParsing:Impossible to generate IR for NFTMarketOffer.constructor (contracts/mixins/NFTMarketCreators.sol#35-40):
 'NoneType' object has no attribute 'parameters'
ERROR:ContractSolcParsing:Impossible to generate IR for NFTMarketOffer._getCreatorPaymentInfo (contracts/mixins/NFTMarketCreators.sol#49-251):
 'NoneType' object has no attribute 'parameters'
ERROR:ContractSolcParsing:Impossible to generate IR for NFTMarketPrivateSale.constructor (contracts/mixins/NFTMarketCreators.sol#35-40):
 'NoneType' object has no attribute 'parameters'
ERROR:ContractSolcParsing:Impossible to generate IR for NFTMarketPrivateSale._getCreatorPaymentInfo (contracts/mixins/NFTMarketCreators.sol#49-251):
 'NoneType' object has no attribute 'parameters'
ERROR:ContractSolcParsing:Impossible to generate IR for NFTMarketReserveAuction.constructor (contracts/mixins/NFTMarketCreators.sol#35-40):
 'NoneType' object has no attribute 'parameters'
ERROR:ContractSolcParsing:Impossible to generate IR for NFTMarketReserveAuction._getCreatorPaymentInfo (contracts/mixins/NFTMarketCreators.sol#49-251):
 'NoneType' object has no attribute 'parameters'
[mvscan-config] {"ATOMIC_GROUP": [], "DIVERGENCE_BUDGET": 1000, "ENABLE_BRANCH_GROUPS": true, "ENABLE_EXTERNAL_STATE": true, "ENABLE_MULTI_RETURN_GROUPS": true, "MAPPING_MODE": "precise", "MERGE_OVERLOADS": false, "MVSCAN_ABLATION": "full", "MVSCAN_CONTEXTUAL_KEYS": true, "MVSCAN_INCLUDE_SCALAR_WITNESSES": false, "MVSCAN_INTERFACE_DISPATCH": false, "MVSCAN_MAX_CONTEXTS_PER_OWNER_BLOCK": 128, "MVSCAN_MAX_DISPATCH_TARGETS": 16, "MVSCAN_REQUIRE_DISTINCT_OUTER_ROOTS": false, "MVSCAN_ROOT_CONTEXT_SINKS": false, "NOOP_WRITE_FILTER": true, "REQUIRE_SAME_SLOT_KEY": true, "SINK_TEST": "none", "USER_CALLABLE_ALWAYS": [], "USER_CALLABLE_DENY": []}
[mvscan-stage] icfg-built blocks=1777 vars=66
[mvscan-stage] root-seeding-done eligible_exposures=61 seeded=56 multi_exposure_entry_blocks=5 collapsed_contextual_aliases=5 excluded_dependency=0 excluded_interface=18 excluded_library=0 excluded_abstract=47 missing_entry_point=0 missing_entry_block=0
[mvscan-pairs] call_target_digest=2fa718c03fdd879ac333e92a2c5b63e30da1224e5186949eabc4b180a493d573 candidate_count=8 candidate_digest=5cd88e7d7a8e29fbaaca18ca47c5538bc36ea84e76bff4bbd271bd43dc0f21cd context_instance_count=81 eligible_readers=231 eligible_writers=104 execution_context_digest=52a9919589713407e030f8d340d0cd0db1e23c4f79b872f3fee49d0aa8dda01c insensitive_readers_filtered=112 invalid_partial_write_filtered=0 must_full_relation_filtered=0 omitted_member_evidence_filtered=0 omitted_member_not_sensitive_filtered=220 owner_context_pairs=162 owner_context_pairs_considered=4170 raw_block_pairs=2286 reader_witness_count=162 relation_base_members_shadowed=12 relation_context_incompatible=3193 relation_digest=54013c38b57ff360fc167a269ae107e41052ce2e1d015ef82bb71c9eabbc1825 relation_members_raw=90 relation_origins_registered=14 relation_origins_rejected_unary_after_shadowing=32 relation_origins_rejected_unreachable=20 relation_origins_seen=46 relation_unbound_key_templates=214 root_context_sink_filtered=0 same_outer_root_filtered=0 same_static_block_filtered=35 scalar_variables_skipped=26 storage_context_mismatch=595 variables_considered=40
INFO:Detectors:

[MV-SI candidate 2e7dc0d958f9813c6287] {_operatorApprovals[$arg0][$arg1], _owners[$arg0], _tokenApprovals[$arg0]}
 writer root       -> @openzeppelin/contracts/token/ERC721/ERC721.sol::ERC721.safeTransferFrom(address,address,uint256)
 writer effect     -> @openzeppelin/contracts/token/ERC721/ERC721.sol:359
 written member    -> ('MS', '@openzeppelin/contracts/token/ERC721/ERC721.sol', 'ERC721._tokenApprovals', '$arg0')
 potentially stale -> ('MS', '@openzeppelin/contracts/token/ERC721/ERC721.sol', 'ERC721._operatorApprovals', '$arg0][$arg1'), ('MS', '@openzeppelin/contracts/token/ERC721/ERC721.sol', 'ERC721._owners', '$arg0')
 reader witnesses  -> 30
 storage exposures -> 2
[MV-SI candidate 566eb9ad1fd5a903db1d] {_operatorApprovals[$arg0][$arg1], _owners[$arg0], _tokenApprovals[$arg0]}
 writer root       -> contracts/mocks/MockNFT.sol::MockNFT.mint()
 writer effect     -> @openzeppelin/contracts/token/ERC721/ERC721.sol:287
 written member    -> ('MS', '@openzeppelin/contracts/token/ERC721/ERC721.sol', 'ERC721._owners', '$arg0')
 potentially stale -> ('MS', '@openzeppelin/contracts/token/ERC721/ERC721.sol', 'ERC721._operatorApprovals', '$arg0][$arg1'), ('MS', '@openzeppelin/contracts/token/ERC721/ERC721.sol', 'ERC721._tokenApprovals', '$arg0')
 reader witnesses  -> 6
 storage exposures -> 1
[MV-SI candidate 6ff41ab14d83fc796cbf] {_operatorApprovals[$arg0][$arg1], _owners[$arg0], _tokenApprovals[$arg0]}
 writer root       -> @openzeppelin/contracts/token/ERC721/ERC721.sol::ERC721.safeTransferFrom(address,address,uint256,bytes)
 writer effect     -> @openzeppelin/contracts/token/ERC721/ERC721.sol:346
 written member    -> ('MS', '@openzeppelin/contracts/token/ERC721/ERC721.sol', 'ERC721._owners', '$arg0')
 potentially stale -> ('MS', '@openzeppelin/contracts/token/ERC721/ERC721.sol', 'ERC721._operatorApprovals', '$arg0][$arg1'), ('MS', '@openzeppelin/contracts/token/ERC721/ERC721.sol', 'ERC721._tokenApprovals', '$arg0')
 reader witnesses  -> 12
 storage exposures -> 2
[MV-SI candidate 7d919b43da712e5fe266] {_operatorApprovals[$arg0][$arg1], _owners[$arg0], _tokenApprovals[$arg0]}
 writer root       -> @openzeppelin/contracts/token/ERC721/ERC721.sol::ERC721.safeTransferFrom(address,address,uint256)
 writer effect     -> @openzeppelin/contracts/token/ERC721/ERC721.sol:346
 written member    -> ('MS', '@openzeppelin/contracts/token/ERC721/ERC721.sol', 'ERC721._owners', '$arg0')
 potentially stale -> ('MS', '@openzeppelin/contracts/token/ERC721/ERC721.sol', 'ERC721._operatorApprovals', '$arg0][$arg1'), ('MS', '@openzeppelin/contracts/token/ERC721/ERC721.sol', 'ERC721._tokenApprovals', '$arg0')
 reader witnesses  -> 12
 storage exposures -> 2
[MV-SI candidate 8d09076b76630d070407] {_operatorApprovals[$arg0][$arg1], _owners[$arg0], _tokenApprovals[$arg0]}
 writer root       -> @openzeppelin/contracts/token/ERC721/ERC721.sol::ERC721.safeTransferFrom(address,address,uint256,bytes)
 writer effect     -> @openzeppelin/contracts/token/ERC721/ERC721.sol:359
 written member    -> ('MS', '@openzeppelin/contracts/token/ERC721/ERC721.sol', 'ERC721._tokenApprovals', '$arg0')
 potentially stale -> ('MS', '@openzeppelin/contracts/token/ERC721/ERC721.sol', 'ERC721._operatorApprovals', '$arg0][$arg1'), ('MS', '@openzeppelin/contracts/token/ERC721/ERC721.sol', 'ERC721._owners', '$arg0')
 reader witnesses  -> 30
 storage exposures -> 2
[MV-SI candidate 996e6c3f53334d6eaa95] {_operatorApprovals[$arg0][$arg1], _owners[$arg0], _tokenApprovals[$arg0]}
 writer root       -> @openzeppelin/contracts/token/ERC721/ERC721.sol::ERC721.approve(address,uint256)
 writer effect     -> @openzeppelin/contracts/token/ERC721/ERC721.sol:359
 written member    -> ('MS', '@openzeppelin/contracts/token/ERC721/ERC721.sol', 'ERC721._tokenApprovals', '$arg0')
 potentially stale -> ('MS', '@openzeppelin/contracts/token/ERC721/ERC721.sol', 'ERC721._operatorApprovals', '$arg0][$arg1'), ('MS', '@openzeppelin/contracts/token/ERC721/ERC721.sol', 'ERC721._owners', '$arg0')
 reader witnesses  -> 30
 storage exposures -> 2
[MV-SI candidate f460ffda69345dd961c6] {_operatorApprovals[$arg0][$arg1], _owners[$arg0], _tokenApprovals[$arg0]}
 writer root       -> @openzeppelin/contracts/token/ERC721/ERC721.sol::ERC721.transferFrom(address,address,uint256)
 writer effect     -> @openzeppelin/contracts/token/ERC721/ERC721.sol:346
 written member    -> ('MS', '@openzeppelin/contracts/token/ERC721/ERC721.sol', 'ERC721._owners', '$arg0')
 potentially stale -> ('MS', '@openzeppelin/contracts/token/ERC721/ERC721.sol', 'ERC721._operatorApprovals', '$arg0][$arg1'), ('MS', '@openzeppelin/contracts/token/ERC721/ERC721.sol', 'ERC721._tokenApprovals', '$arg0')
 reader witnesses  -> 12
 storage exposures -> 2
[MV-SI candidate fc205c3bdc2bedaa5b58] {_operatorApprovals[$arg0][$arg1], _owners[$arg0], _tokenApprovals[$arg0]}
 writer root       -> @openzeppelin/contracts/token/ERC721/ERC721.sol::ERC721.transferFrom(address,address,uint256)
 writer effect     -> @openzeppelin/contracts/token/ERC721/ERC721.sol:359
 written member    -> ('MS', '@openzeppelin/contracts/token/ERC721/ERC721.sol', 'ERC721._tokenApprovals', '$arg0')
 potentially stale -> ('MS', '@openzeppelin/contracts/token/ERC721/ERC721.sol', 'ERC721._operatorApprovals', '$arg0][$arg1'), ('MS', '@openzeppelin/contracts/token/ERC721/ERC721.sol', 'ERC721._owners', '$arg0')
 reader witnesses  -> 30
 storage exposures -> 2Reference: https://github.com/crytic/slither/wiki/Detector-Documentation
[mvscan-config] {"ATOMIC_GROUP": [], "DIVERGENCE_BUDGET": 1000, "ENABLE_BRANCH_GROUPS": true, "ENABLE_EXTERNAL_STATE": true, "ENABLE_MULTI_RETURN_GROUPS": true, "MAPPING_MODE": "precise", "MERGE_OVERLOADS": false, "MVSCAN_ABLATION": "full", "MVSCAN_CONTEXTUAL_KEYS": true, "MVSCAN_INCLUDE_SCALAR_WITNESSES": false, "MVSCAN_INTERFACE_DISPATCH": false, "MVSCAN_MAX_CONTEXTS_PER_OWNER_BLOCK": 128, "MVSCAN_MAX_DISPATCH_TARGETS": 16, "MVSCAN_REQUIRE_DISTINCT_OUTER_ROOTS": false, "MVSCAN_ROOT_CONTEXT_SINKS": false, "NOOP_WRITE_FILTER": true, "REQUIRE_SAME_SLOT_KEY": true, "SINK_TEST": "none", "USER_CALLABLE_ALWAYS": [], "USER_CALLABLE_DENY": []}
[mvscan-stage] icfg-built blocks=0 vars=0
[mvscan-stage] root-seeding-done eligible_exposures=0 seeded=0 multi_exposure_entry_blocks=0 collapsed_contextual_aliases=0 excluded_dependency=0 excluded_interface=0 excluded_library=0 excluded_abstract=0 missing_entry_point=0 missing_entry_block=0
[mvscan-pairs] call_target_digest=4f53cda18c2baa0c0354bb5f9a3ecbe5ed12ab4d8e11ba873c2f11161202b945 candidate_count=0 candidate_digest=4f53cda18c2baa0c0354bb5f9a3ecbe5ed12ab4d8e11ba873c2f11161202b945 context_instance_count=0 execution_context_digest=4f53cda18c2baa0c0354bb5f9a3ecbe5ed12ab4d8e11ba873c2f11161202b945 invalid_partial_write_filtered=0 must_full_relation_filtered=0 omitted_member_evidence_filtered=0 omitted_member_not_sensitive_filtered=0 owner_context_pairs=0 owner_context_pairs_considered=0 reader_witness_count=0 relation_context_incompatible=0 relation_digest=4f53cda18c2baa0c0354bb5f9a3ecbe5ed12ab4d8e11ba873c2f11161202b945 root_context_sink_filtered=0 same_outer_root_filtered=0 storage_context_mismatch=0
INFO:Slither:. analyzed (54 contracts with 1 detectors), 8 result(s) found
