'/tmp/.svm/0.8.10/solc-0.8.10 --version' running
'solc --standard-json --allow-paths /tmp/analysis-input' running
Warning: Warning: SPDX license identifier not provided in source file. Before publishing, consider adding a comment containing "SPDX-License-Identifier: <SPDX-License>" to each source file. Use "SPDX-License-Identifier: UNLICENSED" for non-open-source code. Please see https://spdx.org for more information.
--> src/test/utils/HEVMHelpers.sol


Warning: Warning: SPDX license identifier not provided in source file. Before publishing, consider adding a comment containing "SPDX-License-Identifier: <SPDX-License>" to each source file. Use "SPDX-License-Identifier: UNLICENSED" for non-open-source code. Please see https://spdx.org for more information.
--> src/test/utils/HEVMState.sol


Warning: Warning: SPDX license identifier not provided in source file. Before publishing, consider adding a comment containing "SPDX-License-Identifier: <SPDX-License>" to each source file. Use "SPDX-License-Identifier: UNLICENSED" for non-open-source code. Please see https://spdx.org for more information.
--> src/test/utils/HEVMTokenExtension.sol


Warning: Warning: SPDX license identifier not provided in source file. Before publishing, consider adding a comment containing "SPDX-License-Identifier: <SPDX-License>" to each source file. Use "SPDX-License-Identifier: UNLICENSED" for non-open-source code. Please see https://spdx.org for more information.
--> src/test/utils/TestHelpers.sol


Warning: Warning: SPDX license identifier not provided in source file. Before publishing, consider adding a comment containing "SPDX-License-Identifier: <SPDX-License>" to each source file. Use "SPDX-License-Identifier: UNLICENSED" for non-open-source code. Please see https://spdx.org for more information.
--> src/test/utils/TestToken.sol


Warning: Warning: This declaration shadows an existing declaration.
   --> src/test/Locke.t.sol:312:13:
    |
312 |             Stream stream = defaultStreamFactory.createStream(
    |             ^^^^^^^^^^^^^
Note: The shadowed declaration is here:
   --> src/test/Locke.t.sol:200:9:
    |
200 |         Stream stream = defaultStreamFactory.createStream(
    |         ^^^^^^^^^^^^^


Warning: Warning: Visibility for constructor is ignored. If you want the contract to be non-deployable, making it "abstract" is sufficient.
  --> src/Locke.sol:17:5:
   |
17 |     constructor(address _governor, address _emergency_governor) public {
   |     ^ (Relevant source part starts here and spans across multiple lines).


Warning: Warning: Visibility for constructor is ignored. If you want the contract to be non-deployable, making it "abstract" is sufficient.
   --> src/Locke.sol:263:5:
    |
263 |     constructor(
    |     ^ (Relevant source part starts here and spans across multiple lines).


Warning: Warning: Visibility for constructor is ignored. If you want the contract to be non-deployable, making it "abstract" is sufficient.
   --> src/Locke.sol:780:5:
    |
780 |     constructor(address _governor, address _emergency_governor) public Governed(_governor, _emergency_governor) {
    |     ^ (Relevant source part starts here and spans across multiple lines).


Warning: Warning: Visibility for constructor is ignored. If you want the contract to be non-deployable, making it "abstract" is sufficient.
 --> src/test/utils/TestToken.sol:7:2:
  |
7 | 	constructor(
  | 	^ (Relevant source part starts here and spans across multiple lines).


Warning: Warning: Unused function parameter. Remove or comment out the variable name to silence this warning.
   --> src/Locke.sol:203:35:
    |
203 |     function updateStreamInternal(address who) internal {
    |                                   ^^^^^^^^^^^


Warning: Warning: Unused local variable.
   --> src/Locke.sol:743:24:
    |
743 |         (bool success, bytes memory _ret) = who.call(data);
    |                        ^^^^^^^^^^^^^^^^^


Warning: Warning: Unused local variable.
  --> src/test/utils/HEVMTokenExtension.sol:40:9:
   |
40 |         uint256 bal = ERC20(who).balanceOf(acct);
   |         ^^^^^^^^^^^


Warning: Warning: Unused local variable.
  --> src/test/utils/TestHelpers.sol:62:24:
   |
62 |         (bool success, bytes memory ret) = who.call(calld);
   |                        ^^^^^^^^^^^^^^^^


Warning: Warning: Unused local variable.
  --> src/test/utils/LockeTest.sol:44:13:
   |
44 |             uint32 maxRewardLockDuration,
   |             ^^^^^^^^^^^^^^^^^^^^^^^^^^^^


Warning: Warning: Unused local variable.
  --> src/test/utils/LockeTest.sol:45:13:
   |
45 |             uint32 maxStreamDuration,
   |             ^^^^^^^^^^^^^^^^^^^^^^^^


Warning: Warning: Unused local variable.
  --> src/test/Locke.t.sol:15:13:
   |
15 |             uint32 maxRewardLockDuration,
   |             ^^^^^^^^^^^^^^^^^^^^^^^^^^^^


Warning: Warning: Unused local variable.
  --> src/test/Locke.t.sol:16:13:
   |
16 |             uint32 maxStreamDuration,
   |             ^^^^^^^^^^^^^^^^^^^^^^^^


Warning: Warning: Unused local variable.
  --> src/test/Locke.t.sol:67:41:
   |
67 |             (uint112 rewardTokenAmount, uint112 _unused, uint112 rewardTokenFeeAmount, ) = stream.tokenAmounts();
   |                                         ^^^^^^^^^^^^^^^


Warning: Warning: Unused local variable.
   --> src/test/Locke.t.sol:101:41:
    |
101 |             (uint112 rewardTokenAmount, uint112 _unused, uint112 rewardTokenFeeAmount, ) = stream.tokenAmounts();
    |                                         ^^^^^^^^^^^^^^^


Warning: Warning: Unused local variable.
   --> src/test/Locke.t.sol:111:13:
    |
111 |             uint32 maxRewardLockDuration,
    |             ^^^^^^^^^^^^^^^^^^^^^^^^^^^^


Warning: Warning: Unused local variable.
   --> src/test/Locke.t.sol:112:13:
    |
112 |             uint32 maxStreamDuration,
    |             ^^^^^^^^^^^^^^^^^^^^^^^^


Warning: Warning: Unused local variable.
   --> src/test/Locke.t.sol:150:13:
    |
150 |             uint32 maxRewardLockDuration,
    |             ^^^^^^^^^^^^^^^^^^^^^^^^^^^^


Warning: Warning: Unused local variable.
   --> src/test/Locke.t.sol:151:13:
    |
151 |             uint32 maxStreamDuration,
    |             ^^^^^^^^^^^^^^^^^^^^^^^^


Warning: Warning: Unused local variable.
   --> src/test/Locke.t.sol:194:13:
    |
194 |             uint32 maxRewardLockDuration,
    |             ^^^^^^^^^^^^^^^^^^^^^^^^^^^^


Warning: Warning: Unused local variable.
   --> src/test/Locke.t.sol:195:13:
    |
195 |             uint32 maxStreamDuration,
    |             ^^^^^^^^^^^^^^^^^^^^^^^^


Warning: Warning: Unused local variable.
   --> src/test/Locke.t.sol:251:18:
    |
251 |                 (uint112 rewardTokenAmount, uint112 depositTokenAmount, uint112 rewardTokenFeeAmount, ) = stream.tokenAmounts();
    |                  ^^^^^^^^^^^^^^^^^^^^^^^^^


Warning: Warning: Unused local variable.
   --> src/test/Locke.t.sol:251:73:
    |
251 |                 (uint112 rewardTokenAmount, uint112 depositTokenAmount, uint112 rewardTokenFeeAmount, ) = stream.tokenAmounts();
    |                                                                         ^^^^^^^^^^^^^^^^^^^^^^^^^^^^


Warning: Warning: Unused local variable.
   --> src/test/Locke.t.sol:262:80:
    |
262 |  ... dPerToken, uint256 virtualBalance, uint112 rewards, uint112 tokens, uint32 lu, ) = st ...
    |                                         ^^^^^^^^^^^^^^^


Warning: Warning: Unused local variable.
   --> src/test/Locke.t.sol:282:80:
    |
282 |  ... dPerToken, uint256 virtualBalance, uint112 rewards, uint112 tokens, uint32 lu, ) = st ...
    |                                         ^^^^^^^^^^^^^^^


Warning: Warning: Unused local variable.
   --> src/test/Locke.t.sol:300:80:
    |
300 |  ... dPerToken, uint256 virtualBalance, uint112 rewards, uint112 tokens, uint32 lu, ) = st ...
    |                                         ^^^^^^^^^^^^^^^


Warning: Warning: Unused local variable.
   --> src/test/Locke.t.sol:329:14:
    |
329 |             (uint112 rewardTokenAmount, uint112 depositTokenAmount, uint112 rewardTokenFeeAmount, ) = stream.tokenAmounts();
    |              ^^^^^^^^^^^^^^^^^^^^^^^^^


Warning: Warning: Unused local variable.
   --> src/test/Locke.t.sol:329:69:
    |
329 |             (uint112 rewardTokenAmount, uint112 depositTokenAmount, uint112 rewardTokenFeeAmount, ) = stream.tokenAmounts();
    |                                                                     ^^^^^^^^^^^^^^^^^^^^^^^^^^^^


Warning: Warning: Unused local variable.
   --> src/test/Locke.t.sol:331:14:
    |
331 |             (uint256 lastCumulativeRewardPerToken, uint256 virtualBalance, uint112 r ...
    |              ^^^^^^^^^^^^^^^^^^^^^^^^^^^^^^^^^^^^


Warning: Warning: Unused local variable.
   --> src/test/Locke.t.sol:331:52:
    |
331 |  ... t256 lastCumulativeRewardPerToken, uint256 virtualBalance, uint112 rewards, uint112 tokens,  ...
    |                                         ^^^^^^^^^^^^^^^^^^^^^^


Warning: Warning: Unused local variable.
   --> src/test/Locke.t.sol:331:76:
    |
331 |  ... dPerToken, uint256 virtualBalance, uint112 rewards, uint112 tokens, uint32 lu, ) = st ...
    |                                         ^^^^^^^^^^^^^^^


Warning: Warning: Unused local variable.
   --> src/test/Locke.t.sol:331:109:
    |
331 |  ... , uint112 rewards, uint112 tokens, uint32 lu, ) = stream.tokensNotYetStreamed(a ...
    |                                         ^^^^^^^^^


Warning: Warning: Unused local variable.
   --> src/test/Locke.t.sol:339:13:
    |
339 |             uint32 maxRewardLockDuration,
    |             ^^^^^^^^^^^^^^^^^^^^^^^^^^^^


Warning: Warning: Unused local variable.
   --> src/test/Locke.t.sol:340:13:
    |
340 |             uint32 maxStreamDuration,
    |             ^^^^^^^^^^^^^^^^^^^^^^^^


Warning: Warning: Unused local variable.
   --> src/test/Locke.t.sol:379:13:
    |
379 |             uint32 maxRewardLockDuration,
    |             ^^^^^^^^^^^^^^^^^^^^^^^^^^^^


Warning: Warning: Unused local variable.
   --> src/test/Locke.t.sol:380:13:
    |
380 |             uint32 maxStreamDuration,
    |             ^^^^^^^^^^^^^^^^^^^^^^^^


Warning: Warning: Unused local variable.
   --> src/test/Locke.t.sol:512:13:
    |
512 |             uint32 maxRewardLockDuration,
    |             ^^^^^^^^^^^^^^^^^^^^^^^^^^^^


Warning: Warning: Unused local variable.
   --> src/test/Locke.t.sol:513:13:
    |
513 |             uint32 maxStreamDuration,
    |             ^^^^^^^^^^^^^^^^^^^^^^^^


Warning: Warning: Unused local variable.
   --> src/test/Locke.t.sol:520:9:
    |
520 |         uint32 endDepositLock = endStream + maxDepositLockDuration;
    |         ^^^^^^^^^^^^^^^^^^^^^


Warning: Warning: Unused local variable.
   --> src/test/Locke.t.sol:643:13:
    |
643 |             uint32 maxRewardLockDuration,
    |             ^^^^^^^^^^^^^^^^^^^^^^^^^^^^


Warning: Warning: Unused local variable.
   --> src/test/Locke.t.sol:644:13:
    |
644 |             uint32 maxStreamDuration,
    |             ^^^^^^^^^^^^^^^^^^^^^^^^


Warning: Warning: Unused local variable.
   --> src/test/Locke.t.sol:651:9:
    |
651 |         uint32 endDepositLock = endStream + maxDepositLockDuration;
    |         ^^^^^^^^^^^^^^^^^^^^^


Warning: Warning: Unused local variable.
   --> src/test/Locke.t.sol:723:13:
    |
723 |             uint32 maxRewardLockDuration,
    |             ^^^^^^^^^^^^^^^^^^^^^^^^^^^^


Warning: Warning: Unused local variable.
   --> src/test/Locke.t.sol:724:13:
    |
724 |             uint32 maxStreamDuration,
    |             ^^^^^^^^^^^^^^^^^^^^^^^^


Warning: Warning: Unused local variable.
   --> src/test/Locke.t.sol:731:9:
    |
731 |         uint32 endDepositLock = endStream + maxDepositLockDuration;
    |         ^^^^^^^^^^^^^^^^^^^^^


Warning: Warning: Unused local variable.
   --> src/test/Locke.t.sol:795:13:
    |
795 |             uint32 maxRewardLockDuration,
    |             ^^^^^^^^^^^^^^^^^^^^^^^^^^^^


Warning: Warning: Unused local variable.
   --> src/test/Locke.t.sol:796:13:
    |
796 |             uint32 maxStreamDuration,
    |             ^^^^^^^^^^^^^^^^^^^^^^^^


Warning: Warning: Unused local variable.
   --> src/test/Locke.t.sol:929:13:
    |
929 |             uint32 maxRewardLockDuration,
    |             ^^^^^^^^^^^^^^^^^^^^^^^^^^^^


Warning: Warning: Unused local variable.
   --> src/test/Locke.t.sol:930:13:
    |
930 |             uint32 maxStreamDuration,
    |             ^^^^^^^^^^^^^^^^^^^^^^^^


Warning: Warning: Unused local variable.
   --> src/test/Locke.t.sol:937:9:
    |
937 |         uint32 endDepositLock = endStream + maxDepositLockDuration;
    |         ^^^^^^^^^^^^^^^^^^^^^


Warning: Warning: Unused local variable.
   --> src/test/Locke.t.sol:938:9:
    |
938 |         uint32 endRewardLock = endStream + 0;
    |         ^^^^^^^^^^^^^^^^^^^^


Warning: Warning: Unused local variable.
    --> src/test/Locke.t.sol:1029:13:
     |
1029 |             uint256 bal = testTokenC.balanceOf(address(this));
     |             ^^^^^^^^^^^


Warning: Warning: Unused function parameter. Remove or comment out the variable name to silence this warning.
    --> src/test/Locke.t.sol:1050:24:
     |
1050 |     function lockeCall(address originator, address token, uint256 amount, bytes memory data) public {
     |                        ^^^^^^^^^^^^^^^^^^


Warning: Warning: Unused local variable.
    --> src/test/Locke.t.sol:1051:9:
     |
1051 |         Stream stream = Stream(msg.sender);
     |         ^^^^^^^^^^^^^


Warning: Warning: Contract code size is 29419 bytes and exceeds 24576 bytes (a limit introduced in Spurious Dragon). This contract may not be deployable on mainnet. Consider enabling the optimizer (with a low "runs" value!), turning off revert strings, or using libraries.
  --> src/Locke.sol:97:1:
   |
97 | contract Stream is LockeERC20, ExternallyGoverned {
   | ^ (Relevant source part starts here and spans across multiple lines).


Warning: Warning: Contract code size is 42363 bytes and exceeds 24576 bytes (a limit introduced in Spurious Dragon). This contract may not be deployable on mainnet. Consider enabling the optimizer (with a low "runs" value!), turning off revert strings, or using libraries.
   --> src/Locke.sol:753:1:
    |
753 | contract StreamFactory is Governed {
    | ^ (Relevant source part starts here and spans across multiple lines).


Warning: Warning: Contract code size is 145042 bytes and exceeds 24576 bytes (a limit introduced in Spurious Dragon). This contract may not be deployable on mainnet. Consider enabling the optimizer (with a low "runs" value!), turning off revert strings, or using libraries.
 --> src/test/Locke.t.sol:8:1:
  |
8 | contract StreamTest is LockeTest {
  | ^ (Relevant source part starts here and spans across multiple lines).


Warning: Warning: Contract code size is 103341 bytes and exceeds 24576 bytes (a limit introduced in Spurious Dragon). This contract may not be deployable on mainnet. Consider enabling the optimizer (with a low "runs" value!), turning off revert strings, or using libraries.
    --> src/test/Locke.t.sol:1065:1:
     |
1065 | contract StreamFactoryTest is LockeTest {
     | ^ (Relevant source part starts here and spans across multiple lines).



[mvscan-config] {"ATOMIC_GROUP": [], "DIVERGENCE_BUDGET": 1000, "ENABLE_BRANCH_GROUPS": true, "ENABLE_EXTERNAL_STATE": true, "ENABLE_MULTI_RETURN_GROUPS": false, "MAPPING_MODE": "precise", "MERGE_OVERLOADS": false, "MVSCAN_ABLATION": "no_multi_return_groups", "MVSCAN_CONTEXTUAL_KEYS": true, "MVSCAN_INCLUDE_SCALAR_WITNESSES": false, "MVSCAN_INTERFACE_DISPATCH": false, "MVSCAN_MAX_CONTEXTS_PER_OWNER_BLOCK": 128, "MVSCAN_MAX_DISPATCH_TARGETS": 16, "MVSCAN_REQUIRE_DISTINCT_OUTER_ROOTS": false, "MVSCAN_ROOT_CONTEXT_SINKS": false, "NOOP_WRITE_FILTER": true, "REQUIRE_SAME_SLOT_KEY": true, "SINK_TEST": "none", "USER_CALLABLE_ALWAYS": [], "USER_CALLABLE_DENY": []}
[mvscan-stage] icfg-built blocks=1640 vars=85
[mvscan-stage] root-seeding-done eligible_exposures=185 seeded=76 multi_exposure_entry_blocks=30 collapsed_contextual_aliases=109 excluded_dependency=0 excluded_interface=11 excluded_library=0 excluded_abstract=34 missing_entry_point=0 missing_entry_block=0
[mvscan-pairs] call_target_digest=7f8af6db86bbd64fc6b79653b9c58b301c1e1d09d6d8de301a56ae67d8a9d340 candidate_count=58 candidate_digest=f71e804c5c6f46df25f5990b42725c0e5b7d069bb67f29833f454cdb5a3c61de context_instance_count=3416 eligible_readers=12 eligible_writers=8 execution_context_digest=00efb2e0a6b4c6229d6e45b30b288561a76852d114e6bd955f1b737005b9abc3 insensitive_readers_filtered=6 invalid_partial_write_filtered=0 must_full_relation_filtered=704 omitted_member_evidence_filtered=0 omitted_member_not_sensitive_filtered=2 owner_context_pairs=3416 owner_context_pairs_considered=7406 raw_block_pairs=52 reader_witness_count=3416 relation_base_members_shadowed=12 relation_context_incompatible=3284 relation_digest=b2ce3ed7022de3e81d1ce57d4b444dea179890c40c30fa6a43b2255fe7af2d66 relation_members_raw=47 relation_origins_registered=3 relation_origins_rejected_unary_after_shadowing=29 relation_origins_seen=32 root_context_sink_filtered=0 same_outer_root_filtered=0 same_static_block_filtered=4 scalar_variables_skipped=46 storage_context_mismatch=0 variables_considered=49
INFO:Detectors:

[MV-SI candidate 1a53668d002c5628dafd] {lastUpdate, unstreamed}
 writer root       -> src/test/utils/LockeTest.sol::User.doWithdraw(Stream,uint112)
 writer effect     -> src/Locke.sol:241
 written member    -> ('SV', 'src/Locke.sol', 'Stream.lastUpdate')
 potentially stale -> ('SV', 'src/Locke.sol', 'Stream.unstreamed')
 reader witnesses  -> 52
 storage exposures -> 1
[MV-SI candidate 1e1c655ce80f28681ed1] {lastUpdate, unstreamed}
 writer root       -> src/test/Locke.t.sol::StreamTest.test_flashloan()
 writer effect     -> src/Locke.sol:247
 written member    -> ('SV', 'src/Locke.sol', 'Stream.lastUpdate')
 potentially stale -> ('SV', 'src/Locke.sol', 'Stream.unstreamed')
 reader witnesses  -> 52
 storage exposures -> 1
[MV-SI candidate 231752bae1608d34fd9a] {lastUpdate, unstreamed}
 writer root       -> src/Locke.sol::Stream.exit()
 writer effect     -> src/Locke.sol:241
 written member    -> ('SV', 'src/Locke.sol', 'Stream.lastUpdate')
 potentially stale -> ('SV', 'src/Locke.sol', 'Stream.unstreamed')
 reader witnesses  -> 52
 storage exposures -> 1
[MV-SI candidate 2317d1053954f08efff1] {lastUpdate, unstreamed}
 writer root       -> src/Locke.sol::Stream.stake(uint112)
 writer effect     -> src/Locke.sol:438
 written member    -> ('SV', 'src/Locke.sol', 'Stream.unstreamed')
 potentially stale -> ('SV', 'src/Locke.sol', 'Stream.lastUpdate')
 reader witnesses  -> 72
 storage exposures -> 1
[MV-SI candidate 24f35e391c3a4e90c52f] {lastUpdate, unstreamed}
 writer root       -> src/Locke.sol::Stream.exit()
 writer effect     -> src/Locke.sol:247
 written member    -> ('SV', 'src/Locke.sol', 'Stream.lastUpdate')
 potentially stale -> ('SV', 'src/Locke.sol', 'Stream.unstreamed')
 reader witnesses  -> 52
 storage exposures -> 1
[MV-SI candidate 2d4b69b73d44af67e07b] {lastUpdate, unstreamed}
 writer root       -> src/test/utils/LockeTest.sol::User.doClaimReward(Stream)
 writer effect     -> src/Locke.sol:567
 written member    -> ('SV', 'src/Locke.sol', 'Stream.lastUpdate')
 potentially stale -> ('SV', 'src/Locke.sol', 'Stream.unstreamed')
 reader witnesses  -> 52
 storage exposures -> 1
[MV-SI candidate 301645fea4780aafea64] {lastUpdate, unstreamed}
 writer root       -> src/test/Locke.t.sol::StreamTest.test_creatorClaimTokens()
 writer effect     -> src/Locke.sol:241
 written member    -> ('SV', 'src/Locke.sol', 'Stream.lastUpdate')
 potentially stale -> ('SV', 'src/Locke.sol', 'Stream.unstreamed')
 reader witnesses  -> 52
 storage exposures -> 1
[MV-SI candidate 32f3a468301c2861e230] {lastUpdate, unstreamed}
 writer root       -> src/test/Locke.t.sol::StreamTest.test_stake()
 writer effect     -> src/Locke.sol:241
 written member    -> ('SV', 'src/Locke.sol', 'Stream.lastUpdate')
 potentially stale -> ('SV', 'src/Locke.sol', 'Stream.unstreamed')
 reader witnesses  -> 52
 storage exposures -> 1
[MV-SI candidate 345bd17de7f8e9fa4eaf] {lastUpdate, unstreamed}
 writer root       -> src/test/Locke.t.sol::StreamTest.test_claimDeposit()
 writer effect     -> src/Locke.sol:438
 written member    -> ('SV', 'src/Locke.sol', 'Stream.unstreamed')
 potentially stale -> ('SV', 'src/Locke.sol', 'Stream.lastUpdate')
 reader witnesses  -> 72
 storage exposures -> 1
[MV-SI candidate 34d459b70f2be7d6ea08] {lastUpdate, unstreamed}
 writer root       -> src/test/Locke.t.sol::StreamTest.test_claimDeposit()
 writer effect     -> src/Locke.sol:241
 written member    -> ('SV', 'src/Locke.sol', 'Stream.lastUpdate')
 potentially stale -> ('SV', 'src/Locke.sol', 'Stream.unstreamed')
 reader witnesses  -> 52
 storage exposures -> 1
[MV-SI candidate 3a4302517a052d75f2d3] {lastUpdate, unstreamed}
 writer root       -> src/test/utils/LockeTest.sol::User.doExit(Stream)
 writer effect     -> src/Locke.sol:247
 written member    -> ('SV', 'src/Locke.sol', 'Stream.lastUpdate')
 potentially stale -> ('SV', 'src/Locke.sol', 'Stream.unstreamed')
 reader witnesses  -> 52
 storage exposures -> 1
[MV-SI candidate 3a6c4f7723389e2d7a4e] {lastUpdate, unstreamed}
 writer root       -> src/test/utils/LockeTest.sol::User.doStake(Stream,address,uint112)
 writer effect     -> src/Locke.sol:238
 written member    -> ('SV', 'src/Locke.sol', 'Stream.unstreamed')
 potentially stale -> ('SV', 'src/Locke.sol', 'Stream.lastUpdate')
 reader witnesses  -> 72
 storage exposures -> 1
[MV-SI candidate 3b6ed6076e004b7398d9] {lastUpdate, unstreamed}
 writer root       -> src/test/Locke.t.sol::StreamTest.test_recoverTokens()
 writer effect     -> src/Locke.sol:213
 written member    -> ('SV', 'src/Locke.sol', 'Stream.lastUpdate')
 potentially stale -> ('SV', 'src/Locke.sol', 'Stream.unstreamed')
 reader witnesses  -> 52
 storage exposures -> 1
[MV-SI candidate 3ca79d962906d19d2851] {lastUpdate, unstreamed}
 writer root       -> src/test/Locke.t.sol::StreamTest.test_arbitraryCall()
 writer effect     -> src/Locke.sol:438
 written member    -> ('SV', 'src/Locke.sol', 'Stream.unstreamed')
 potentially stale -> ('SV', 'src/Locke.sol', 'Stream.lastUpdate')
 reader witnesses  -> 72
 storage exposures -> 1
[MV-SI candidate 4300407e8bb4e22fdb2d] {lastUpdate, unstreamed}
 writer root       -> src/Locke.sol::Stream.stake(uint112)
 writer effect     -> src/Locke.sol:241
 written member    -> ('SV', 'src/Locke.sol', 'Stream.lastUpdate')
 potentially stale -> ('SV', 'src/Locke.sol', 'Stream.unstreamed')
 reader witnesses  -> 52
 storage exposures -> 1
[MV-SI candidate 4c94dfe543e7b9dffda6] {lastUpdate, unstreamed}
 writer root       -> src/Locke.sol::Stream.stake(uint112)
 writer effect     -> src/Locke.sol:238
 written member    -> ('SV', 'src/Locke.sol', 'Stream.unstreamed')
 potentially stale -> ('SV', 'src/Locke.sol', 'Stream.lastUpdate')
 reader witnesses  -> 72
 storage exposures -> 1
[MV-SI candidate 4fec5baa5ab83b6fdd6e] {lastUpdate, unstreamed}
 writer root       -> src/Locke.sol::Stream.withdraw(uint112)
 writer effect     -> src/Locke.sol:241
 written member    -> ('SV', 'src/Locke.sol', 'Stream.lastUpdate')
 potentially stale -> ('SV', 'src/Locke.sol', 'Stream.unstreamed')
 reader witnesses  -> 52
 storage exposures -> 1
[MV-SI candidate 507654862e46ba3eedb2] {lastUpdate, unstreamed}
 writer root       -> src/Locke.sol::Stream.claimReward()
 writer effect     -> src/Locke.sol:567
 written member    -> ('SV', 'src/Locke.sol', 'Stream.lastUpdate')
 potentially stale -> ('SV', 'src/Locke.sol', 'Stream.unstreamed')
 reader witnesses  -> 52
 storage exposures -> 1
[MV-SI candidate 52f233b93687a1fe9ad7] {lastUpdate, unstreamed}
 writer root       -> src/test/utils/LockeTest.sol::User.doExit(Stream)
 writer effect     -> src/Locke.sol:238
 written member    -> ('SV', 'src/Locke.sol', 'Stream.unstreamed')
 potentially stale -> ('SV', 'src/Locke.sol', 'Stream.lastUpdate')
 reader witnesses  -> 72
 storage exposures -> 1
[MV-SI candidate 539ef3d5cd832db105bb] {lastUpdate, unstreamed}
 writer root       -> src/test/Locke.t.sol::StreamTest.test_recoverTokens()
 writer effect     -> src/Locke.sol:247
 written member    -> ('SV', 'src/Locke.sol', 'Stream.lastUpdate')
 potentially stale -> ('SV', 'src/Locke.sol', 'Stream.unstreamed')
 reader witnesses  -> 52
 storage exposures -> 1
[MV-SI candidate 5d3bc607dc333006bac7] {lastUpdate, unstreamed}
 writer root       -> src/test/Locke.t.sol::StreamTest.test_stake()
 writer effect     -> src/Locke.sol:438
 written member    -> ('SV', 'src/Locke.sol', 'Stream.unstreamed')
 potentially stale -> ('SV', 'src/Locke.sol', 'Stream.lastUpdate')
 reader witnesses  -> 72
 storage exposures -> 1
[MV-SI candidate 6338860ec10a5578f38c] {lastUpdate, unstreamed}
 writer root       -> src/test/Locke.t.sol::StreamTest.test_recoverTokens()
 writer effect     -> src/Locke.sol:238
 written member    -> ('SV', 'src/Locke.sol', 'Stream.unstreamed')
 potentially stale -> ('SV', 'src/Locke.sol', 'Stream.lastUpdate')
 reader witnesses  -> 72
 storage exposures -> 1
[MV-SI candidate 66f504a208d2fb56ac85] {lastUpdate, unstreamed}
 writer root       -> src/test/Locke.t.sol::StreamTest.test_recoverTokens()
 writer effect     -> src/Locke.sol:241
 written member    -> ('SV', 'src/Locke.sol', 'Stream.lastUpdate')
 potentially stale -> ('SV', 'src/Locke.sol', 'Stream.unstreamed')
 reader witnesses  -> 52
 storage exposures -> 1
[MV-SI candidate 67ba0cb0f0ba08bf064f] {lastUpdate, unstreamed}
 writer root       -> src/test/Locke.t.sol::StreamTest.test_creatorClaimTokens()
 writer effect     -> src/Locke.sol:238
 written member    -> ('SV', 'src/Locke.sol', 'Stream.unstreamed')
 potentially stale -> ('SV', 'src/Locke.sol', 'Stream.lastUpdate')
 reader witnesses  -> 72
 storage exposures -> 1
[MV-SI candidate 718eb82dab535af84a66] {lastUpdate, unstreamed}
 writer root       -> src/test/utils/LockeTest.sol::User.doWithdraw(Stream,uint112)
 writer effect     -> src/Locke.sol:247
 written member    -> ('SV', 'src/Locke.sol', 'Stream.lastUpdate')
 potentially stale -> ('SV', 'src/Locke.sol', 'Stream.unstreamed')
 reader witnesses  -> 52
 storage exposures -> 1
[MV-SI candidate 72df678a8b42e703a12c] {lastUpdate, unstreamed}
 writer root       -> src/Locke.sol::Stream.withdraw(uint112)
 writer effect     -> src/Locke.sol:238
 written member    -> ('SV', 'src/Locke.sol', 'Stream.unstreamed')
 potentially stale -> ('SV', 'src/Locke.sol', 'Stream.lastUpdate')
 reader witnesses  -> 72
 storage exposures -> 1
[MV-SI candidate 798e68b08fb84b155d56] {lastUpdate, unstreamed}
 writer root       -> src/Locke.sol::Stream.withdraw(uint112)
 writer effect     -> src/Locke.sol:247
 written member    -> ('SV', 'src/Locke.sol', 'Stream.lastUpdate')
 potentially stale -> ('SV', 'src/Locke.sol', 'Stream.unstreamed')
 reader witnesses  -> 52
 storage exposures -> 1
[MV-SI candidate 7cb4bc23d7006b445cb2] {lastUpdate, unstreamed}
 writer root       -> src/test/utils/LockeTest.sol::User.doExit(Stream)
 writer effect     -> src/Locke.sol:241
 written member    -> ('SV', 'src/Locke.sol', 'Stream.lastUpdate')
 potentially stale -> ('SV', 'src/Locke.sol', 'Stream.unstreamed')
 reader witnesses  -> 52
 storage exposures -> 1
[MV-SI candidate 88ac453d0124bcf55e79] {lastUpdate, unstreamed}
 writer root       -> src/test/utils/LockeTest.sol::User.doExit(Stream)
 writer effect     -> src/Locke.sol:213
 written member    -> ('SV', 'src/Locke.sol', 'Stream.lastUpdate')
 potentially stale -> ('SV', 'src/Locke.sol', 'Stream.unstreamed')
 reader witnesses  -> 52
 storage exposures -> 1
[MV-SI candidate 8d0f24c98e9f53e51e24] {lastUpdate, unstreamed}
 writer root       -> src/test/utils/LockeTest.sol::User.doWithdraw(Stream,uint112)
 writer effect     -> src/Locke.sol:213
 written member    -> ('SV', 'src/Locke.sol', 'Stream.lastUpdate')
 potentially stale -> ('SV', 'src/Locke.sol', 'Stream.unstreamed')
 reader witnesses  -> 52
 storage exposures -> 1
[MV-SI candidate 9006484c13d0619d30c5] {lastUpdate, unstreamed}
 writer root       -> src/test/utils/LockeTest.sol::User.doStake(Stream,address,uint112)
 writer effect     -> src/Locke.sol:247
 written member    -> ('SV', 'src/Locke.sol', 'Stream.lastUpdate')
 potentially stale -> ('SV', 'src/Locke.sol', 'Stream.unstreamed')
 reader witnesses  -> 52
 storage exposures -> 1
[MV-SI candidate 9178e8985d23c30ea2b8] {lastUpdate, unstreamed}
 writer root       -> src/test/Locke.t.sol::StreamTest.test_arbitraryCall()
 writer effect     -> src/Locke.sol:247
 written member    -> ('SV', 'src/Locke.sol', 'Stream.lastUpdate')
 potentially stale -> ('SV', 'src/Locke.sol', 'Stream.unstreamed')
 reader witnesses  -> 52
 storage exposures -> 1
[MV-SI candidate 92d3ef6060e4f619d36b] {lastUpdate, unstreamed}
 writer root       -> src/test/utils/LockeTest.sol::User.doWithdraw(Stream,uint112)
 writer effect     -> src/Locke.sol:238
 written member    -> ('SV', 'src/Locke.sol', 'Stream.unstreamed')
 potentially stale -> ('SV', 'src/Locke.sol', 'Stream.lastUpdate')
 reader witnesses  -> 72
 storage exposures -> 1
[MV-SI candidate 93ff2cf86974f49626fa] {lastUpdate, unstreamed}
 writer root       -> src/test/Locke.t.sol::StreamTest.test_claimDeposit()
 writer effect     -> src/Locke.sol:238
 written member    -> ('SV', 'src/Locke.sol', 'Stream.unstreamed')
 potentially stale -> ('SV', 'src/Locke.sol', 'Stream.lastUpdate')
 reader witnesses  -> 72
 storage exposures -> 1
[MV-SI candidate 97080ec3063278bccbad] {lastUpdate, unstreamed}
 writer root       -> src/test/Locke.t.sol::StreamTest.test_recoverTokens()
 writer effect     -> src/Locke.sol:438
 written member    -> ('SV', 'src/Locke.sol', 'Stream.unstreamed')
 potentially stale -> ('SV', 'src/Locke.sol', 'Stream.lastUpdate')
 reader witnesses  -> 72
 storage exposures -> 1
[MV-SI candidate 991b42d2a46155a67c40] {lastUpdate, unstreamed}
 writer root       -> src/test/Locke.t.sol::StreamTest.test_stake()
 writer effect     -> src/Locke.sol:247
 written member    -> ('SV', 'src/Locke.sol', 'Stream.lastUpdate')
 potentially stale -> ('SV', 'src/Locke.sol', 'Stream.unstreamed')
 reader witnesses  -> 52
 storage exposures -> 1
[MV-SI candidate 9e4461a7e21169a236d8] {lastUpdate, unstreamed}
 writer root       -> src/test/Locke.t.sol::StreamTest.test_creatorClaimTokens()
 writer effect     -> src/Locke.sol:247
 written member    -> ('SV', 'src/Locke.sol', 'Stream.lastUpdate')
 potentially stale -> ('SV', 'src/Locke.sol', 'Stream.unstreamed')
 reader witnesses  -> 52
 storage exposures -> 1
[MV-SI candidate a1828cdf7c1718f36f0f] {lastUpdate, unstreamed}
 writer root       -> src/test/Locke.t.sol::StreamTest.test_creatorClaimTokens()
 writer effect     -> src/Locke.sol:213
 written member    -> ('SV', 'src/Locke.sol', 'Stream.lastUpdate')
 potentially stale -> ('SV', 'src/Locke.sol', 'Stream.unstreamed')
 reader witnesses  -> 52
 storage exposures -> 1
[MV-SI candidate a7fe66c9c2840b7c9485] {lastUpdate, unstreamed}
 writer root       -> src/Locke.sol::Stream.exit()
 writer effect     -> src/Locke.sol:213
 written member    -> ('SV', 'src/Locke.sol', 'Stream.lastUpdate')
 potentially stale -> ('SV', 'src/Locke.sol', 'Stream.unstreamed')
 reader witnesses  -> 52
 storage exposures -> 1
[MV-SI candidate b3ab121b8cf2a1bd1946] {lastUpdate, unstreamed}
 writer root       -> src/test/Locke.t.sol::StreamTest.test_claimDeposit()
 writer effect     -> src/Locke.sol:247
 written member    -> ('SV', 'src/Locke.sol', 'Stream.lastUpdate')
 potentially stale -> ('SV', 'src/Locke.sol', 'Stream.unstreamed')
 reader witnesses  -> 52
 storage exposures -> 1
[MV-SI candidate bead738a6be9e2a97a3a] {lastUpdate, unstreamed}
 writer root       -> src/test/Locke.t.sol::StreamTest.test_flashloan()
 writer effect     -> src/Locke.sol:438
 written member    -> ('SV', 'src/Locke.sol', 'Stream.unstreamed')
 potentially stale -> ('SV', 'src/Locke.sol', 'Stream.lastUpdate')
 reader witnesses  -> 72
 storage exposures -> 1
[MV-SI candidate c00a89df3ae6e36fdbb7] {lastUpdate, unstreamed}
 writer root       -> src/test/Locke.t.sol::StreamTest.test_arbitraryCall()
 writer effect     -> src/Locke.sol:241
 written member    -> ('SV', 'src/Locke.sol', 'Stream.lastUpdate')
 potentially stale -> ('SV', 'src/Locke.sol', 'Stream.unstreamed')
 reader witnesses  -> 52
 storage exposures -> 1
[MV-SI candidate c054d5b303c62d773d5f] {lastUpdate, unstreamed}
 writer root       -> src/test/utils/LockeTest.sol::User.doStake(Stream,address,uint112)
 writer effect     -> src/Locke.sol:241
 written member    -> ('SV', 'src/Locke.sol', 'Stream.lastUpdate')
 potentially stale -> ('SV', 'src/Locke.sol', 'Stream.unstreamed')
 reader witnesses  -> 52
 storage exposures -> 1
[MV-SI candidate c13a0e483827b5be9277] {lastUpdate, unstreamed}
 writer root       -> src/test/Locke.t.sol::StreamTest.test_arbitraryCall()
 writer effect     -> src/Locke.sol:238
 written member    -> ('SV', 'src/Locke.sol', 'Stream.unstreamed')
 potentially stale -> ('SV', 'src/Locke.sol', 'Stream.lastUpdate')
 reader witnesses  -> 72
 storage exposures -> 1
[MV-SI candidate c3f088a318be70491c0a] {lastUpdate, unstreamed}
 writer root       -> src/test/Locke.t.sol::StreamTest.test_creatorClaimTokens()
 writer effect     -> src/Locke.sol:438
 written member    -> ('SV', 'src/Locke.sol', 'Stream.unstreamed')
 potentially stale -> ('SV', 'src/Locke.sol', 'Stream.lastUpdate')
 reader witnesses  -> 72
 storage exposures -> 1
[MV-SI candidate c519b3c7497d7746b1a3] {lastUpdate, unstreamed}
 writer root       -> src/test/Locke.t.sol::StreamTest.test_stake()
 writer effect     -> src/Locke.sol:238
 written member    -> ('SV', 'src/Locke.sol', 'Stream.unstreamed')
 potentially stale -> ('SV', 'src/Locke.sol', 'Stream.lastUpdate')
 reader witnesses  -> 72
 storage exposures -> 1
[MV-SI candidate c8169d2823ed3f544628] {lastUpdate, unstreamed}
 writer root       -> src/test/Locke.t.sol::StreamTest.test_claimDeposit()
 writer effect     -> src/Locke.sol:213
 written member    -> ('SV', 'src/Locke.sol', 'Stream.lastUpdate')
 potentially stale -> ('SV', 'src/Locke.sol', 'Stream.unstreamed')
 reader witnesses  -> 52
 storage exposures -> 1
[MV-SI candidate ca5c8e3d190f15a7df20] {lastUpdate, unstreamed}
 writer root       -> src/test/Locke.t.sol::StreamTest.test_flashloan()
 writer effect     -> src/Locke.sol:238
 written member    -> ('SV', 'src/Locke.sol', 'Stream.unstreamed')
 potentially stale -> ('SV', 'src/Locke.sol', 'Stream.lastUpdate')
 reader witnesses  -> 72
 storage exposures -> 1
[MV-SI candidate ce0066b0d93b2c261385] {lastUpdate, unstreamed}
 writer root       -> src/test/utils/LockeTest.sol::User.doStake(Stream,address,uint112)
 writer effect     -> src/Locke.sol:213
 written member    -> ('SV', 'src/Locke.sol', 'Stream.lastUpdate')
 potentially stale -> ('SV', 'src/Locke.sol', 'Stream.unstreamed')
 reader witnesses  -> 52
 storage exposures -> 1
[MV-SI candidate ce317ecf203a12af694c] {lastUpdate, unstreamed}
 writer root       -> src/test/Locke.t.sol::StreamTest.test_flashloan()
 writer effect     -> src/Locke.sol:241
 written member    -> ('SV', 'src/Locke.sol', 'Stream.lastUpdate')
 potentially stale -> ('SV', 'src/Locke.sol', 'Stream.unstreamed')
 reader witnesses  -> 52
 storage exposures -> 1
[MV-SI candidate d15abb7f5c1731659e1b] {lastUpdate, unstreamed}
 writer root       -> src/test/Locke.t.sol::StreamTest.test_stake()
 writer effect     -> src/Locke.sol:213
 written member    -> ('SV', 'src/Locke.sol', 'Stream.lastUpdate')
 potentially stale -> ('SV', 'src/Locke.sol', 'Stream.unstreamed')
 reader witnesses  -> 52
 storage exposures -> 1
[MV-SI candidate d7475e7395d0d586d83a] {lastUpdate, unstreamed}
 writer root       -> src/test/utils/LockeTest.sol::User.doStake(Stream,address,uint112)
 writer effect     -> src/Locke.sol:438
 written member    -> ('SV', 'src/Locke.sol', 'Stream.unstreamed')
 potentially stale -> ('SV', 'src/Locke.sol', 'Stream.lastUpdate')
 reader witnesses  -> 72
 storage exposures -> 1
[MV-SI candidate e564d71f3248f2704502] {lastUpdate, unstreamed}
 writer root       -> src/Locke.sol::Stream.stake(uint112)
 writer effect     -> src/Locke.sol:213
 written member    -> ('SV', 'src/Locke.sol', 'Stream.lastUpdate')
 potentially stale -> ('SV', 'src/Locke.sol', 'Stream.unstreamed')
 reader witnesses  -> 52
 storage exposures -> 1
[MV-SI candidate eda96b847ac42ae835ca] {lastUpdate, unstreamed}
 writer root       -> src/Locke.sol::Stream.stake(uint112)
 writer effect     -> src/Locke.sol:247
 written member    -> ('SV', 'src/Locke.sol', 'Stream.lastUpdate')
 potentially stale -> ('SV', 'src/Locke.sol', 'Stream.unstreamed')
 reader witnesses  -> 52
 storage exposures -> 1
[MV-SI candidate ee1f21a44cedb25553c5] {lastUpdate, unstreamed}
 writer root       -> src/Locke.sol::Stream.withdraw(uint112)
 writer effect     -> src/Locke.sol:213
 written member    -> ('SV', 'src/Locke.sol', 'Stream.lastUpdate')
 potentially stale -> ('SV', 'src/Locke.sol', 'Stream.unstreamed')
 reader witnesses  -> 52
 storage exposures -> 1
[MV-SI candidate f137b0738aca016dc99d] {lastUpdate, unstreamed}
 writer root       -> src/test/Locke.t.sol::StreamTest.test_flashloan()
 writer effect     -> src/Locke.sol:213
 written member    -> ('SV', 'src/Locke.sol', 'Stream.lastUpdate')
 potentially stale -> ('SV', 'src/Locke.sol', 'Stream.unstreamed')
 reader witnesses  -> 52
 storage exposures -> 1
[MV-SI candidate f246e6b11798339f310e] {lastUpdate, unstreamed}
 writer root       -> src/Locke.sol::Stream.exit()
 writer effect     -> src/Locke.sol:238
 written member    -> ('SV', 'src/Locke.sol', 'Stream.unstreamed')
 potentially stale -> ('SV', 'src/Locke.sol', 'Stream.lastUpdate')
 reader witnesses  -> 72
 storage exposures -> 1
[MV-SI candidate f73a435cbcb190965a30] {lastUpdate, unstreamed}
 writer root       -> src/test/Locke.t.sol::StreamTest.test_arbitraryCall()
 writer effect     -> src/Locke.sol:213
 written member    -> ('SV', 'src/Locke.sol', 'Stream.lastUpdate')
 potentially stale -> ('SV', 'src/Locke.sol', 'Stream.unstreamed')
 reader witnesses  -> 52
 storage exposures -> 1Reference: https://github.com/crytic/slither/wiki/Detector-Documentation
INFO:Slither:mvscan-standard-input.json analyzed (21 contracts with 1 detectors), 58 result(s) found
