'/tmp/.svm/0.8.33/solc-0.8.33 --version' running
'solc --standard-json --allow-paths /tmp/analysis-input' running
Warning: Warning: This declaration shadows an existing declaration.
   --> src/vault/adapter/abstracts/AdapterBase.sol:388:9:
    |
388 |         uint256 _totalAssets = totalAssets();
    |         ^^^^^^^^^^^^^^^^^^^^
Note: The shadowed declaration is here:
   --> src/vault/adapter/abstracts/AdapterBase.sol:258:5:
    |
258 |     function _totalAssets() internal view virtual returns (uint256) {}
    |     ^^^^^^^^^^^^^^^^^^^^^^^^^^^^^^^^^^^^^^^^^^^^^^^^^^^^^^^^^^^^^^^^^^


Warning: Warning: Natspec memory-safe-assembly special comment for inline assembly is deprecated and scheduled for removal. Use the memory-safe block annotation instead.
  --> node_modules/@openzeppelin/contracts/proxy/Clones.sol:27:9:
   |
27 |         assembly {
   |         ^ (Relevant source part starts here and spans across multiple lines).


Warning: Warning: Natspec memory-safe-assembly special comment for inline assembly is deprecated and scheduled for removal. Use the memory-safe block annotation instead.
  --> node_modules/@openzeppelin/contracts/proxy/Clones.sol:47:9:
   |
47 |         assembly {
   |         ^ (Relevant source part starts here and spans across multiple lines).


Warning: Warning: Natspec memory-safe-assembly special comment for inline assembly is deprecated and scheduled for removal. Use the memory-safe block annotation instead.
  --> node_modules/@openzeppelin/contracts/proxy/Clones.sol:67:9:
   |
67 |         assembly {
   |         ^ (Relevant source part starts here and spans across multiple lines).


Warning: Warning: Natspec memory-safe-assembly special comment for inline assembly is deprecated and scheduled for removal. Use the memory-safe block annotation instead.
   --> node_modules/openzeppelin-upgradeable/utils/AddressUpgradeable.sol:186:17:
    |
186 |                 assembly {
    |                 ^ (Relevant source part starts here and spans across multiple lines).


Warning: Warning: Comparison of variables of contract type is deprecated and scheduled for removal. Use an explicit cast to address type and compare the addresses instead.
  --> src/utils/MultiRewardEscrow.sol:95:9:
   |
95 |     if (token == IERC20(address(0))) revert ZeroAddress();
   |         ^^^^^^^^^^^^^^^^^^^^^^^^^^^


Warning: Warning: Return value of low-level calls not used.
   --> src/vault/adapter/abstracts/AdapterBase.sol:444:13:
    |
444 |             address(strategy).delegatecall(
    |             ^ (Relevant source part starts here and spans across multiple lines).


Warning: Warning: Unused local variable.
   --> src/vault/Vault.sol:448:9:
    |
448 |         uint256 highWaterMark_ = highWaterMark;
    |         ^^^^^^^^^^^^^^^^^^^^^^


Warning: Warning: Unused function parameter. Remove or comment out the variable name to silence this warning.
   --> src/vault/VaultController.sol:390:27:
    |
390 |   function _registerVault(address vault, VaultMetadata memory metadata) internal {
    |                           ^^^^^^^^^^^^^


Warning: Warning: Function state mutability can be restricted to view
   --> src/utils/MultiRewardStaking.sol:351:3:
    |
351 |   function _calcRewardsEnd(
    |   ^ (Relevant source part starts here and spans across multiple lines).


Warning: Warning: Function state mutability can be restricted to view
   --> src/vault/VaultController.sol:242:3:
    |
242 |   function _encodeAdapterData(DeploymentArgs memory adapterData, bytes memory baseAdapterData)
    |   ^ (Relevant source part starts here and spans across multiple lines).


Warning: Warning: Function state mutability can be restricted to view
   --> src/vault/VaultController.sol:667:3:
    |
667 |   function _verifyCreatorOrOwner(address vault) internal returns (VaultMetadata memory metadata) {
    |   ^ (Relevant source part starts here and spans across multiple lines).


Warning: Warning: Function state mutability can be restricted to view
  --> src/vault/strategy/StrategyBase.sol:12:3:
   |
12 |   function verifyAdapterSelectorCompatibility(bytes4[8] memory sigs) public {
   |   ^ (Relevant source part starts here and spans across multiple lines).


Warning: Warning: Function state mutability can be restricted to view
  --> src/vault/strategy/Pool2SingleAssetCompounder.sol:14:3:
   |
14 |   function verifyAdapterCompatibility(bytes memory data) public override {
   |   ^ (Relevant source part starts here and spans across multiple lines).


Warning: Warning: Contract code size is 30903 bytes and exceeds 24576 bytes (a limit introduced in Spurious Dragon). This contract may not be deployable on Mainnet. Consider enabling the optimizer (with a low "runs" value!), turning off revert strings, or using libraries.
  --> src/utils/MultiRewardStaking.sol:26:1:
   |
26 | contract MultiRewardStaking is ERC4626Upgradeable, OwnedUpgradeable {
   | ^ (Relevant source part starts here and spans across multiple lines).


Warning: Warning: Contract code size is 29413 bytes and exceeds 24576 bytes (a limit introduced in Spurious Dragon). This contract may not be deployable on Mainnet. Consider enabling the optimizer (with a low "runs" value!), turning off revert strings, or using libraries.
  --> src/vault/Vault.sol:26:1:
   |
26 | contract Vault is
   | ^ (Relevant source part starts here and spans across multiple lines).


Warning: Warning: Contract code size is 34880 bytes and exceeds 24576 bytes (a limit introduced in Spurious Dragon). This contract may not be deployable on Mainnet. Consider enabling the optimizer (with a low "runs" value!), turning off revert strings, or using libraries.
  --> src/vault/VaultController.sol:29:1:
   |
29 | contract VaultController is Owned {
   | ^ (Relevant source part starts here and spans across multiple lines).


Warning: Warning: Contract code size is 28737 bytes and exceeds 24576 bytes (a limit introduced in Spurious Dragon). This contract may not be deployable on Mainnet. Consider enabling the optimizer (with a low "runs" value!), turning off revert strings, or using libraries.
  --> src/vault/adapter/beefy/BeefyAdapter.sol:20:1:
   |
20 | contract BeefyAdapter is AdapterBase, WithRewards {
   | ^ (Relevant source part starts here and spans across multiple lines).


Warning: Warning: Contract code size is 26198 bytes and exceeds 24576 bytes (a limit introduced in Spurious Dragon). This contract may not be deployable on Mainnet. Consider enabling the optimizer (with a low "runs" value!), turning off revert strings, or using libraries.
  --> src/vault/adapter/yearn/YearnAdapter.sol:17:1:
   |
17 | contract YearnAdapter is AdapterBase {
   | ^ (Relevant source part starts here and spans across multiple lines).



[mvscan-config] {"ATOMIC_GROUP": [], "DIVERGENCE_BUDGET": 1000, "ENABLE_BRANCH_GROUPS": true, "ENABLE_EXTERNAL_STATE": true, "ENABLE_MULTI_RETURN_GROUPS": false, "MAPPING_MODE": "precise", "MERGE_OVERLOADS": false, "MVSCAN_ABLATION": "no_multi_return_groups", "MVSCAN_CONTEXTUAL_KEYS": true, "MVSCAN_INCLUDE_SCALAR_WITNESSES": false, "MVSCAN_INTERFACE_DISPATCH": false, "MVSCAN_MAX_CONTEXTS_PER_OWNER_BLOCK": 128, "MVSCAN_MAX_DISPATCH_TARGETS": 16, "MVSCAN_REQUIRE_DISTINCT_OUTER_ROOTS": false, "MVSCAN_ROOT_CONTEXT_SINKS": false, "NOOP_WRITE_FILTER": true, "REQUIRE_SAME_SLOT_KEY": true, "SINK_TEST": "none", "USER_CALLABLE_ALWAYS": [], "USER_CALLABLE_DENY": []}
[mvscan-stage] icfg-built blocks=2238 vars=119
[mvscan-stage] root-seeding-done eligible_exposures=171 seeded=109 multi_exposure_entry_blocks=24 collapsed_contextual_aliases=62 excluded_dependency=0 excluded_interface=183 excluded_library=0 excluded_abstract=28 missing_entry_point=0 missing_entry_block=0
[mvscan-pairs] call_target_digest=92997162535b78856922ef4ea8e8b326be18bba8cbe464c839db76a2c3c78763 candidate_count=37 candidate_digest=9a25702b2f5086a86da66fa941c07ce5297ac90d8ef074737f3b5f1fecab7a9a context_instance_count=89 eligible_readers=31 eligible_writers=29 execution_context_digest=be006099e1b5ca6ee352ce81a3c388af47097c8958d5d8e2077ee21225f9830e insensitive_readers_filtered=38 invalid_partial_write_filtered=0 must_full_relation_filtered=12 omitted_member_evidence_filtered=0 omitted_member_not_sensitive_filtered=158 owner_context_pairs=89 owner_context_pairs_considered=945 raw_block_pairs=95 reader_witness_count=89 relation_base_members_shadowed=11 relation_context_incompatible=222 relation_digest=36e1bc7f586fc78a6618731344d4c4a09b6c5c865258f4caa996b9d64878e12e relation_members_raw=97 relation_origins_registered=10 relation_origins_rejected_unary_after_shadowing=62 relation_origins_seen=72 relation_unbound_key_templates=5 root_context_sink_filtered=0 same_outer_root_filtered=0 same_static_block_filtered=4 scalar_variables_skipped=98 storage_context_mismatch=464 variables_considered=108
INFO:Detectors:

[MV-SI candidate 00f416afb5e35427edae] {_initialized, _initializing}
 writer root       -> src/utils/MultiRewardStaking.sol::MultiRewardStaking.initialize(IERC20Upgradeable,IMultiRewardEscrow,address)
 writer effect     -> node_modules/openzeppelin-upgradeable/proxy/utils/Initializable.sol:84
 written member    -> ('SV', 'node_modules/openzeppelin-upgradeable/proxy/utils/Initializable.sol', 'Initializable._initialized')
 potentially stale -> ('SV', 'node_modules/openzeppelin-upgradeable/proxy/utils/Initializable.sol', 'Initializable._initializing')
 reader witnesses  -> 2
 storage exposures -> 1
[MV-SI candidate 0a965176120ac99e7419] {harvestCooldown, lastHarvest, strategy}
 writer root       -> src/vault/adapter/abstracts/AdapterBase.sol::AdapterBase.setHarvestCooldown(uint256)
 writer effect     -> src/vault/adapter/abstracts/AdapterBase.sol:506
 written member    -> ('SV', 'src/vault/adapter/abstracts/AdapterBase.sol', 'AdapterBase.harvestCooldown')
 potentially stale -> ('SV', 'src/vault/adapter/abstracts/AdapterBase.sol', 'AdapterBase.lastHarvest'), ('SV', 'src/vault/adapter/abstracts/AdapterBase.sol', 'AdapterBase.strategy')
 reader witnesses  -> 6
 storage exposures -> 2
[MV-SI candidate 0c2b52e44f13e15a25a2] {fees, highWaterMark}
 writer root       -> src/vault/Vault.sol::Vault.withdraw(uint256)
 writer effect     -> src/vault/Vault.sol:498
 written member    -> ('SV', 'src/vault/Vault.sol', 'Vault.highWaterMark')
 potentially stale -> ('SV', 'src/vault/Vault.sol', 'Vault.fees')
 reader witnesses  -> 4
 storage exposures -> 1
[MV-SI candidate 0cef128ceea4e39d2edf] {fees, highWaterMark}
 writer root       -> src/vault/Vault.sol::Vault.withdraw(uint256,address,address)
 writer effect     -> src/vault/Vault.sol:498
 written member    -> ('SV', 'src/vault/Vault.sol', 'Vault.highWaterMark')
 potentially stale -> ('SV', 'src/vault/Vault.sol', 'Vault.fees')
 reader witnesses  -> 4
 storage exposures -> 1
[MV-SI candidate 115c780d8d747c317015] {fees, highWaterMark}
 writer root       -> src/vault/Vault.sol::Vault.initialize(IERC20Upgradeable,IERC4626,VaultFees,address,address)
 writer effect     -> src/vault/Vault.sol:88
 written member    -> ('SV', 'src/vault/Vault.sol', 'Vault.fees')
 potentially stale -> ('SV', 'src/vault/Vault.sol', 'Vault.highWaterMark')
 reader witnesses  -> 4
 storage exposures -> 1
[MV-SI candidate 200c0ab47bc8be52e6c8] {fees, highWaterMark}
 writer root       -> src/vault/Vault.sol::Vault.deposit(uint256)
 writer effect     -> src/vault/Vault.sol:498
 written member    -> ('SV', 'src/vault/Vault.sol', 'Vault.highWaterMark')
 potentially stale -> ('SV', 'src/vault/Vault.sol', 'Vault.fees')
 reader witnesses  -> 4
 storage exposures -> 1
[MV-SI candidate 30a605c6c37865408a15] {rewardInfos[@local::src/utils/MultiRewardStaking.sol::MultiRewardStaking.accrueRewards(address,address)::LocalVariable::rewardToken_1], rewardTokens}
 writer root       -> src/utils/MultiRewardStaking.sol::MultiRewardStaking.addRewardToken(IERC20Upgradeable,uint160,uint256,bool,uint192,uint32,uint32)
 writer effect     -> src/utils/MultiRewardStaking.sol:263
 written member    -> ('SV', 'src/utils/MultiRewardStaking.sol', 'MultiRewardStaking.rewardTokens')
 potentially stale -> ('MS', 'src/utils/MultiRewardStaking.sol', 'MultiRewardStaking.rewardInfos', '@local::src/utils/MultiRewardStaking.sol::MultiRewardStaking.accrueRewards(address,address)::LocalVariable::rewardToken_1')
 reader witnesses  -> 1
 storage exposures -> 1
[MV-SI candidate 30db6f1d059d96699c58] {_initialized, _initializing}
 writer root       -> src/vault/adapter/beefy/BeefyAdapter.sol::BeefyAdapter.initialize(bytes,address,bytes)
 writer effect     -> node_modules/openzeppelin-upgradeable/proxy/utils/Initializable.sol:90
 written member    -> ('SV', 'node_modules/openzeppelin-upgradeable/proxy/utils/Initializable.sol', 'Initializable._initializing')
 potentially stale -> ('SV', 'node_modules/openzeppelin-upgradeable/proxy/utils/Initializable.sol', 'Initializable._initialized')
 reader witnesses  -> 1
 storage exposures -> 1
[MV-SI candidate 353b209ac5977582fd2b] {INITIAL_DOMAIN_SEPARATOR, _name, nonces[$arg0]}
 writer root       -> src/vault/adapter/beefy/BeefyAdapter.sol::BeefyAdapter.initialize(bytes,address,bytes)
 writer effect     -> src/vault/adapter/abstracts/AdapterBase.sol:75
 written member    -> ('SV', 'src/vault/adapter/abstracts/AdapterBase.sol', 'AdapterBase.INITIAL_DOMAIN_SEPARATOR')
 potentially stale -> ('MS', 'src/vault/adapter/abstracts/AdapterBase.sol', 'AdapterBase.nonces', '$arg0'), ('SV', 'node_modules/openzeppelin-upgradeable/token/ERC20/ERC20Upgradeable.sol', 'ERC20Upgradeable._name')
 reader witnesses  -> 1
 storage exposures -> 1
[MV-SI candidate 35aa43a32deecf5116a2] {_initialized, _initializing}
 writer root       -> src/vault/Vault.sol::Vault.initialize(IERC20Upgradeable,IERC4626,VaultFees,address,address)
 writer effect     -> node_modules/openzeppelin-upgradeable/proxy/utils/Initializable.sol:90
 written member    -> ('SV', 'node_modules/openzeppelin-upgradeable/proxy/utils/Initializable.sol', 'Initializable._initializing')
 potentially stale -> ('SV', 'node_modules/openzeppelin-upgradeable/proxy/utils/Initializable.sol', 'Initializable._initialized')
 reader witnesses  -> 1
 storage exposures -> 1
[MV-SI candidate 3827f8bbe338ab32efbd] {fees, highWaterMark}
 writer root       -> src/vault/Vault.sol::Vault.deposit(uint256,address)
 writer effect     -> src/vault/Vault.sol:498
 written member    -> ('SV', 'src/vault/Vault.sol', 'Vault.highWaterMark')
 potentially stale -> ('SV', 'src/vault/Vault.sol', 'Vault.fees')
 reader witnesses  -> 4
 storage exposures -> 1
[MV-SI candidate 39ba40dbd696ec3455fc] {_initialized, _initializing}
 writer root       -> src/vault/Vault.sol::Vault.initialize(IERC20Upgradeable,IERC4626,VaultFees,address,address)
 writer effect     -> node_modules/openzeppelin-upgradeable/proxy/utils/Initializable.sol:86
 written member    -> ('SV', 'node_modules/openzeppelin-upgradeable/proxy/utils/Initializable.sol', 'Initializable._initializing')
 potentially stale -> ('SV', 'node_modules/openzeppelin-upgradeable/proxy/utils/Initializable.sol', 'Initializable._initialized')
 reader witnesses  -> 1
 storage exposures -> 1
[MV-SI candidate 4a4d1605c2e0398b6e04] {_initialized, _initializing}
 writer root       -> src/vault/adapter/beefy/BeefyAdapter.sol::BeefyAdapter.initialize(bytes,address,bytes)
 writer effect     -> node_modules/openzeppelin-upgradeable/proxy/utils/Initializable.sol:86
 written member    -> ('SV', 'node_modules/openzeppelin-upgradeable/proxy/utils/Initializable.sol', 'Initializable._initializing')
 potentially stale -> ('SV', 'node_modules/openzeppelin-upgradeable/proxy/utils/Initializable.sol', 'Initializable._initialized')
 reader witnesses  -> 1
 storage exposures -> 1
[MV-SI candidate 4cb90b9d15849cfbf6a5] {_initialized, _initializing}
 writer root       -> src/utils/MultiRewardStaking.sol::MultiRewardStaking.initialize(IERC20Upgradeable,IMultiRewardEscrow,address)
 writer effect     -> node_modules/openzeppelin-upgradeable/proxy/utils/Initializable.sol:86
 written member    -> ('SV', 'node_modules/openzeppelin-upgradeable/proxy/utils/Initializable.sol', 'Initializable._initializing')
 potentially stale -> ('SV', 'node_modules/openzeppelin-upgradeable/proxy/utils/Initializable.sol', 'Initializable._initialized')
 reader witnesses  -> 1
 storage exposures -> 1
[MV-SI candidate 4e54145f942e8ea94774] {proposedFeeTime, quitPeriod}
 writer root       -> src/vault/Vault.sol::Vault.proposeFees(VaultFees)
 writer effect     -> src/vault/Vault.sol:534
 written member    -> ('SV', 'src/vault/Vault.sol', 'Vault.proposedFeeTime')
 potentially stale -> ('SV', 'src/vault/Vault.sol', 'Vault.quitPeriod')
 reader witnesses  -> 2
 storage exposures -> 1
[MV-SI candidate 4e795780f4854d87d694] {INITIAL_DOMAIN_SEPARATOR, _name, nonces[$arg0]}
 writer root       -> src/vault/Vault.sol::Vault.permit(address,address,uint256,uint256,uint8,bytes32,bytes32)
 writer effect     -> src/vault/Vault.sol:678
 written member    -> ('MS', 'src/vault/Vault.sol', 'Vault.nonces', '$arg0')
 potentially stale -> ('SV', 'node_modules/openzeppelin-upgradeable/token/ERC20/ERC20Upgradeable.sol', 'ERC20Upgradeable._name'), ('SV', 'src/vault/Vault.sol', 'Vault.INITIAL_DOMAIN_SEPARATOR')
 reader witnesses  -> 3
 storage exposures -> 1
[MV-SI candidate 5c575abcbb3aeeb66e9b] {_initialized, _initializing}
 writer root       -> src/utils/MultiRewardStaking.sol::MultiRewardStaking.initialize(IERC20Upgradeable,IMultiRewardEscrow,address)
 writer effect     -> node_modules/openzeppelin-upgradeable/proxy/utils/Initializable.sol:90
 written member    -> ('SV', 'node_modules/openzeppelin-upgradeable/proxy/utils/Initializable.sol', 'Initializable._initializing')
 potentially stale -> ('SV', 'node_modules/openzeppelin-upgradeable/proxy/utils/Initializable.sol', 'Initializable._initialized')
 reader witnesses  -> 1
 storage exposures -> 1
[MV-SI candidate 65b94a6b2be9aeea89e9] {_initialized, _initializing}
 writer root       -> src/vault/Vault.sol::Vault.initialize(IERC20Upgradeable,IERC4626,VaultFees,address,address)
 writer effect     -> node_modules/openzeppelin-upgradeable/proxy/utils/Initializable.sol:84
 written member    -> ('SV', 'node_modules/openzeppelin-upgradeable/proxy/utils/Initializable.sol', 'Initializable._initialized')
 potentially stale -> ('SV', 'node_modules/openzeppelin-upgradeable/proxy/utils/Initializable.sol', 'Initializable._initializing')
 reader witnesses  -> 2
 storage exposures -> 1
[MV-SI candidate 72056fe62cd906ca7036] {fees, highWaterMark}
 writer root       -> src/vault/Vault.sol::Vault.mint(uint256,address)
 writer effect     -> src/vault/Vault.sol:498
 written member    -> ('SV', 'src/vault/Vault.sol', 'Vault.highWaterMark')
 potentially stale -> ('SV', 'src/vault/Vault.sol', 'Vault.fees')
 reader witnesses  -> 4
 storage exposures -> 1
[MV-SI candidate 778a6495a9b8f62664d2] {_initialized, _initializing}
 writer root       -> src/vault/adapter/yearn/YearnAdapter.sol::YearnAdapter.initialize(bytes,address,bytes)
 writer effect     -> node_modules/openzeppelin-upgradeable/proxy/utils/Initializable.sol:84
 written member    -> ('SV', 'node_modules/openzeppelin-upgradeable/proxy/utils/Initializable.sol', 'Initializable._initialized')
 potentially stale -> ('SV', 'node_modules/openzeppelin-upgradeable/proxy/utils/Initializable.sol', 'Initializable._initializing')
 reader witnesses  -> 2
 storage exposures -> 1
[MV-SI candidate 870f906313d7741174ee] {INITIAL_DOMAIN_SEPARATOR, _name, nonces[$arg0]}
 writer root       -> src/vault/Vault.sol::Vault.initialize(IERC20Upgradeable,IERC4626,VaultFees,address,address)
 writer effect     -> node_modules/openzeppelin-upgradeable/token/ERC20/ERC20Upgradeable.sol:60
 written member    -> ('SV', 'node_modules/openzeppelin-upgradeable/token/ERC20/ERC20Upgradeable.sol', 'ERC20Upgradeable._name')
 potentially stale -> ('MS', 'src/vault/Vault.sol', 'Vault.nonces', '$arg0'), ('SV', 'src/vault/Vault.sol', 'Vault.INITIAL_DOMAIN_SEPARATOR')
 reader witnesses  -> 2
 storage exposures -> 1
[MV-SI candidate 896329e11717f6706cfb] {INITIAL_DOMAIN_SEPARATOR, _name, nonces[$arg0]}
 writer root       -> src/utils/MultiRewardStaking.sol::MultiRewardStaking.initialize(IERC20Upgradeable,IMultiRewardEscrow,address)
 writer effect     -> src/utils/MultiRewardStaking.sol:56
 written member    -> ('SV', 'src/utils/MultiRewardStaking.sol', 'MultiRewardStaking.INITIAL_DOMAIN_SEPARATOR')
 potentially stale -> ('MS', 'src/utils/MultiRewardStaking.sol', 'MultiRewardStaking.nonces', '$arg0'), ('SV', 'src/utils/MultiRewardStaking.sol', 'MultiRewardStaking._name')
 reader witnesses  -> 3
 storage exposures -> 1
[MV-SI candidate 9b856ff2f3cb4272c2f8] {fees, highWaterMark}
 writer root       -> src/vault/Vault.sol::Vault.mint(uint256)
 writer effect     -> src/vault/Vault.sol:498
 written member    -> ('SV', 'src/vault/Vault.sol', 'Vault.highWaterMark')
 potentially stale -> ('SV', 'src/vault/Vault.sol', 'Vault.fees')
 reader witnesses  -> 4
 storage exposures -> 1
[MV-SI candidate ada17510918c104519cb] {fees, highWaterMark}
 writer root       -> src/vault/Vault.sol::Vault.changeFees()
 writer effect     -> src/vault/Vault.sol:545
 written member    -> ('SV', 'src/vault/Vault.sol', 'Vault.fees')
 potentially stale -> ('SV', 'src/vault/Vault.sol', 'Vault.highWaterMark')
 reader witnesses  -> 4
 storage exposures -> 1
[MV-SI candidate af4f71bc5cfc8b689fa1] {proposedFeeTime, quitPeriod}
 writer root       -> src/vault/Vault.sol::Vault.setQuitPeriod(uint256)
 writer effect     -> src/vault/Vault.sol:633
 written member    -> ('SV', 'src/vault/Vault.sol', 'Vault.quitPeriod')
 potentially stale -> ('SV', 'src/vault/Vault.sol', 'Vault.proposedFeeTime')
 reader witnesses  -> 1
 storage exposures -> 1
[MV-SI candidate b2771cb031a4041754d7] {fees, highWaterMark}
 writer root       -> src/vault/Vault.sol::Vault.takeManagementAndPerformanceFees()
 writer effect     -> src/vault/Vault.sol:486
 written member    -> ('SV', 'src/vault/Vault.sol', 'Vault.highWaterMark')
 potentially stale -> ('SV', 'src/vault/Vault.sol', 'Vault.fees')
 reader witnesses  -> 4
 storage exposures -> 1
[MV-SI candidate b7b70f18d362797e6946] {_initialized, _initializing}
 writer root       -> src/vault/adapter/yearn/YearnAdapter.sol::YearnAdapter.initialize(bytes,address,bytes)
 writer effect     -> node_modules/openzeppelin-upgradeable/proxy/utils/Initializable.sol:86
 written member    -> ('SV', 'node_modules/openzeppelin-upgradeable/proxy/utils/Initializable.sol', 'Initializable._initializing')
 potentially stale -> ('SV', 'node_modules/openzeppelin-upgradeable/proxy/utils/Initializable.sol', 'Initializable._initialized')
 reader witnesses  -> 1
 storage exposures -> 1
[MV-SI candidate c3c3e45a158e085f004a] {proposedAdapterTime, quitPeriod}
 writer root       -> src/vault/Vault.sol::Vault.setQuitPeriod(uint256)
 writer effect     -> src/vault/Vault.sol:633
 written member    -> ('SV', 'src/vault/Vault.sol', 'Vault.quitPeriod')
 potentially stale -> ('SV', 'src/vault/Vault.sol', 'Vault.proposedAdapterTime')
 reader witnesses  -> 1
 storage exposures -> 1
[MV-SI candidate c41fb77e754d3cec4e91] {INITIAL_DOMAIN_SEPARATOR, _name, nonces[$arg0]}
 writer root       -> src/vault/Vault.sol::Vault.initialize(IERC20Upgradeable,IERC4626,VaultFees,address,address)
 writer effect     -> src/vault/Vault.sol:85
 written member    -> ('SV', 'src/vault/Vault.sol', 'Vault.INITIAL_DOMAIN_SEPARATOR')
 potentially stale -> ('MS', 'src/vault/Vault.sol', 'Vault.nonces', '$arg0'), ('SV', 'node_modules/openzeppelin-upgradeable/token/ERC20/ERC20Upgradeable.sol', 'ERC20Upgradeable._name')
 reader witnesses  -> 3
 storage exposures -> 1
[MV-SI candidate cc0bc2c21a1040b5575d] {INITIAL_DOMAIN_SEPARATOR, _name, nonces[$arg0]}
 writer root       -> src/vault/adapter/abstracts/AdapterBase.sol::AdapterBase.permit(address,address,uint256,uint256,uint8,bytes32,bytes32)
 writer effect     -> src/vault/adapter/abstracts/AdapterBase.sol:646
 written member    -> ('MS', 'src/vault/adapter/abstracts/AdapterBase.sol', 'AdapterBase.nonces', '$arg0')
 potentially stale -> ('SV', 'node_modules/openzeppelin-upgradeable/token/ERC20/ERC20Upgradeable.sol', 'ERC20Upgradeable._name'), ('SV', 'src/vault/adapter/abstracts/AdapterBase.sol', 'AdapterBase.INITIAL_DOMAIN_SEPARATOR')
 reader witnesses  -> 2
 storage exposures -> 2
[MV-SI candidate daccac19f78732221e72] {proposedAdapterTime, quitPeriod}
 writer root       -> src/vault/Vault.sol::Vault.proposeAdapter(IERC4626)
 writer effect     -> src/vault/Vault.sol:583
 written member    -> ('SV', 'src/vault/Vault.sol', 'Vault.proposedAdapterTime')
 potentially stale -> ('SV', 'src/vault/Vault.sol', 'Vault.quitPeriod')
 reader witnesses  -> 2
 storage exposures -> 1
[MV-SI candidate db50f89e1085954ee292] {INITIAL_DOMAIN_SEPARATOR, _name, nonces[$arg0]}
 writer root       -> src/utils/MultiRewardStaking.sol::MultiRewardStaking.initialize(IERC20Upgradeable,IMultiRewardEscrow,address)
 writer effect     -> src/utils/MultiRewardStaking.sol:49
 written member    -> ('SV', 'src/utils/MultiRewardStaking.sol', 'MultiRewardStaking._name')
 potentially stale -> ('MS', 'src/utils/MultiRewardStaking.sol', 'MultiRewardStaking.nonces', '$arg0'), ('SV', 'src/utils/MultiRewardStaking.sol', 'MultiRewardStaking.INITIAL_DOMAIN_SEPARATOR')
 reader witnesses  -> 2
 storage exposures -> 1
[MV-SI candidate dbd24cb38a09cf719e28] {_initialized, _initializing}
 writer root       -> src/vault/adapter/beefy/BeefyAdapter.sol::BeefyAdapter.initialize(bytes,address,bytes)
 writer effect     -> node_modules/openzeppelin-upgradeable/proxy/utils/Initializable.sol:84
 written member    -> ('SV', 'node_modules/openzeppelin-upgradeable/proxy/utils/Initializable.sol', 'Initializable._initialized')
 potentially stale -> ('SV', 'node_modules/openzeppelin-upgradeable/proxy/utils/Initializable.sol', 'Initializable._initializing')
 reader witnesses  -> 2
 storage exposures -> 1
[MV-SI candidate dd734732f54b949fbc7d] {INITIAL_DOMAIN_SEPARATOR, _name, nonces[$arg0]}
 writer root       -> src/vault/adapter/yearn/YearnAdapter.sol::YearnAdapter.initialize(bytes,address,bytes)
 writer effect     -> src/vault/adapter/abstracts/AdapterBase.sol:75
 written member    -> ('SV', 'src/vault/adapter/abstracts/AdapterBase.sol', 'AdapterBase.INITIAL_DOMAIN_SEPARATOR')
 potentially stale -> ('MS', 'src/vault/adapter/abstracts/AdapterBase.sol', 'AdapterBase.nonces', '$arg0'), ('SV', 'node_modules/openzeppelin-upgradeable/token/ERC20/ERC20Upgradeable.sol', 'ERC20Upgradeable._name')
 reader witnesses  -> 1
 storage exposures -> 1
[MV-SI candidate e1fd8987d9a7b0d1122d] {fees, highWaterMark}
 writer root       -> src/vault/Vault.sol::Vault.changeAdapter()
 writer effect     -> src/vault/Vault.sol:486
 written member    -> ('SV', 'src/vault/Vault.sol', 'Vault.highWaterMark')
 potentially stale -> ('SV', 'src/vault/Vault.sol', 'Vault.fees')
 reader witnesses  -> 4
 storage exposures -> 1
[MV-SI candidate e21d274913f251244c5c] {INITIAL_DOMAIN_SEPARATOR, _name, nonces[$arg0]}
 writer root       -> src/utils/MultiRewardStaking.sol::MultiRewardStaking.permit(address,address,uint256,uint256,uint8,bytes32,bytes32)
 writer effect     -> src/utils/MultiRewardStaking.sol:459
 written member    -> ('MS', 'src/utils/MultiRewardStaking.sol', 'MultiRewardStaking.nonces', '$arg0')
 potentially stale -> ('SV', 'src/utils/MultiRewardStaking.sol', 'MultiRewardStaking.INITIAL_DOMAIN_SEPARATOR'), ('SV', 'src/utils/MultiRewardStaking.sol', 'MultiRewardStaking._name')
 reader witnesses  -> 3
 storage exposures -> 1
[MV-SI candidate fef3023c8ae038925034] {_initialized, _initializing}
 writer root       -> src/vault/adapter/yearn/YearnAdapter.sol::YearnAdapter.initialize(bytes,address,bytes)
 writer effect     -> node_modules/openzeppelin-upgradeable/proxy/utils/Initializable.sol:90
 written member    -> ('SV', 'node_modules/openzeppelin-upgradeable/proxy/utils/Initializable.sol', 'Initializable._initializing')
 potentially stale -> ('SV', 'node_modules/openzeppelin-upgradeable/proxy/utils/Initializable.sol', 'Initializable._initialized')
 reader witnesses  -> 1
 storage exposures -> 1Reference: https://github.com/crytic/slither/wiki/Detector-Documentation
INFO:Slither:mvscan-standard-input.json analyzed (67 contracts with 1 detectors), 37 result(s) found
