Problem executing hardhat to fetch configuration, using defaults: [Errno 2] No such file or directory: 'hardhat'
[mvscan-config] {"ATOMIC_GROUP": [], "DIVERGENCE_BUDGET": 1000, "ENABLE_BRANCH_GROUPS": true, "ENABLE_EXTERNAL_STATE": true, "ENABLE_MULTI_RETURN_GROUPS": true, "MAPPING_MODE": "base_collapsed", "MERGE_OVERLOADS": false, "MVSCAN_ABLATION": "mapping_insensitive", "MVSCAN_CONTEXTUAL_KEYS": true, "MVSCAN_INCLUDE_SCALAR_WITNESSES": false, "MVSCAN_INTERFACE_DISPATCH": false, "MVSCAN_MAX_CONTEXTS_PER_OWNER_BLOCK": 128, "MVSCAN_MAX_DISPATCH_TARGETS": 16, "MVSCAN_REQUIRE_DISTINCT_OUTER_ROOTS": false, "MVSCAN_ROOT_CONTEXT_SINKS": false, "NOOP_WRITE_FILTER": true, "REQUIRE_SAME_SLOT_KEY": false, "SINK_TEST": "none", "USER_CALLABLE_ALWAYS": [], "USER_CALLABLE_DENY": []}
[mvscan-stage] icfg-built blocks=71 vars=6
[mvscan-stage] root-seeding-done eligible_exposures=11 seeded=9 multi_exposure_entry_blocks=2 collapsed_contextual_aliases=2 excluded_dependency=0 excluded_interface=0 excluded_library=0 excluded_abstract=0 missing_entry_point=0 missing_entry_block=0
[mvscan-pairs] call_target_digest=8f0481dae422c78757acbdde48a12e33da647daef87095a33c42ed29c8f69dbe candidate_count=0 candidate_digest=4f53cda18c2baa0c0354bb5f9a3ecbe5ed12ab4d8e11ba873c2f11161202b945 context_instance_count=0 execution_context_digest=36332d3724dcb732785c4d78a7bad65c2e53bb38f0072cea30ef143202f06c11 invalid_partial_write_filtered=0 must_full_relation_filtered=0 omitted_member_evidence_filtered=0 omitted_member_not_sensitive_filtered=0 owner_context_pairs=0 owner_context_pairs_considered=0 reader_witness_count=0 relation_base_members_shadowed=0 relation_context_incompatible=0 relation_digest=4f53cda18c2baa0c0354bb5f9a3ecbe5ed12ab4d8e11ba873c2f11161202b945 relation_members_raw=5 relation_origins_rejected_unary_after_shadowing=5 relation_origins_seen=5 root_context_sink_filtered=0 same_outer_root_filtered=0 scalar_variables_skipped=5 storage_context_mismatch=0 variables_considered=5
[mvscan-config] {"ATOMIC_GROUP": [], "DIVERGENCE_BUDGET": 1000, "ENABLE_BRANCH_GROUPS": true, "ENABLE_EXTERNAL_STATE": true, "ENABLE_MULTI_RETURN_GROUPS": true, "MAPPING_MODE": "base_collapsed", "MERGE_OVERLOADS": false, "MVSCAN_ABLATION": "mapping_insensitive", "MVSCAN_CONTEXTUAL_KEYS": true, "MVSCAN_INCLUDE_SCALAR_WITNESSES": false, "MVSCAN_INTERFACE_DISPATCH": false, "MVSCAN_MAX_CONTEXTS_PER_OWNER_BLOCK": 128, "MVSCAN_MAX_DISPATCH_TARGETS": 16, "MVSCAN_REQUIRE_DISTINCT_OUTER_ROOTS": false, "MVSCAN_ROOT_CONTEXT_SINKS": false, "NOOP_WRITE_FILTER": true, "REQUIRE_SAME_SLOT_KEY": false, "SINK_TEST": "none", "USER_CALLABLE_ALWAYS": [], "USER_CALLABLE_DENY": []}
[mvscan-stage] icfg-built blocks=5845 vars=348
[mvscan-stage] root-seeding-done eligible_exposures=351 seeded=240 multi_exposure_entry_blocks=98 collapsed_contextual_aliases=111 excluded_dependency=0 excluded_interface=163 excluded_library=0 excluded_abstract=0 missing_entry_point=0 missing_entry_block=0
[mvscan-pairs] call_target_digest=f02cd579f7d5c2eb6a62e1c6560d534c87af4d92b932fc7155cae8d788809690 candidate_count=17 candidate_digest=9568cc71274be15e52fc519b9237fc2db0f6c2f36830e894bd9cf6851afd8945 context_instance_count=77 eligible_readers=62 eligible_writers=57 execution_context_digest=d94b5c3e337e8970f964b6a7f13abe66b1b2447b4a57f4f9a7e8b472f89b4109 insensitive_readers_filtered=43 invalid_partial_write_filtered=22 must_full_relation_filtered=256 omitted_member_evidence_filtered=0 omitted_member_not_sensitive_filtered=806 owner_context_pairs=77 owner_context_pairs_considered=5134 raw_block_pairs=521 reader_witness_count=77 relation_base_members_shadowed=0 relation_context_incompatible=1509 relation_digest=588fdd2c6177251d9723dcfacf6cdc03496a24571caa78dfed859e42ea53a950 relation_members_raw=189 relation_origins_registered=11 relation_origins_rejected_unary_after_shadowing=158 relation_origins_rejected_unreachable=111 relation_origins_seen=169 root_context_sink_filtered=0 same_outer_root_filtered=0 same_static_block_filtered=8 scalar_variables_skipped=202 storage_context_mismatch=2464 variables_considered=213
INFO:Detectors:

[MV-SI candidate 1bfb3184bd6d46672445] {L_Coll, Troves, rewardSnapshots}
 writer root       -> contracts/TroveManager.sol::TroveManager.closeTroveLiquidation(address)
 writer effect     -> contracts/TroveManager.sol:618
 written member    -> ('SV', 'contracts/TroveManager.sol', 'TroveManager.rewardSnapshots')
 potentially stale -> ('SV', 'contracts/TroveManager.sol', 'TroveManager.L_Coll'), ('SV', 'contracts/TroveManager.sol', 'TroveManager.Troves')
 reader witnesses  -> 1
 storage exposures -> 1
[MV-SI candidate 3a1878db2a8e446613f6] {L_Coll, Troves, rewardSnapshots}
 writer root       -> contracts/TroveManager.sol::TroveManager.closeTroveLiquidation(address)
 writer effect     -> contracts/TroveManager.sol:617
 written member    -> ('SV', 'contracts/TroveManager.sol', 'TroveManager.rewardSnapshots')
 potentially stale -> ('SV', 'contracts/TroveManager.sol', 'TroveManager.L_Coll'), ('SV', 'contracts/TroveManager.sol', 'TroveManager.Troves')
 reader witnesses  -> 1
 storage exposures -> 1
[MV-SI candidate 455a8a9e73943dce0027] {L_Coll, Troves, rewardSnapshots}
 writer root       -> contracts/TroveManager.sol::TroveManager.closeTroveRedemption(address)
 writer effect     -> contracts/TroveManager.sol:617
 written member    -> ('SV', 'contracts/TroveManager.sol', 'TroveManager.rewardSnapshots')
 potentially stale -> ('SV', 'contracts/TroveManager.sol', 'TroveManager.L_Coll'), ('SV', 'contracts/TroveManager.sol', 'TroveManager.Troves')
 reader witnesses  -> 1
 storage exposures -> 1
[MV-SI candidate 4d340354b73ef6e7cae1] {collateralParams, validCollateral}
 writer root       -> contracts/Dependencies/Whitelist.sol::Whitelist.setDefaultRouter(address,address)
 writer effect     -> contracts/Dependencies/Whitelist.sol:231
 written member    -> ('SV', 'contracts/Dependencies/Whitelist.sol', 'Whitelist.collateralParams')
 potentially stale -> ('SV', 'contracts/Dependencies/Whitelist.sol', 'Whitelist.validCollateral')
 reader witnesses  -> 11
 storage exposures -> 1
[MV-SI candidate 4e2af24b687e6354e725] {L_Coll, Troves, rewardSnapshots}
 writer root       -> contracts/TroveManager.sol::TroveManager.applyPendingRewards(address)
 writer effect     -> contracts/TroveManager.sol:377
 written member    -> ('SV', 'contracts/TroveManager.sol', 'TroveManager.rewardSnapshots')
 potentially stale -> ('SV', 'contracts/TroveManager.sol', 'TroveManager.L_Coll'), ('SV', 'contracts/TroveManager.sol', 'TroveManager.Troves')
 reader witnesses  -> 1
 storage exposures -> 1
[MV-SI candidate 63682f99c5ba339db372] {L_Coll, Troves, rewardSnapshots}
 writer root       -> contracts/TroveManager.sol::TroveManager.closeTrove(address)
 writer effect     -> contracts/TroveManager.sol:617
 written member    -> ('SV', 'contracts/TroveManager.sol', 'TroveManager.rewardSnapshots')
 potentially stale -> ('SV', 'contracts/TroveManager.sol', 'TroveManager.L_Coll'), ('SV', 'contracts/TroveManager.sol', 'TroveManager.Troves')
 reader witnesses  -> 1
 storage exposures -> 1
[MV-SI candidate 7af335759110999abb64] {collateralParams, validCollateral}
 writer root       -> contracts/Dependencies/Whitelist.sol::Whitelist.changeRatio(address,uint256)
 writer effect     -> contracts/Dependencies/Whitelist.sol:221
 written member    -> ('SV', 'contracts/Dependencies/Whitelist.sol', 'Whitelist.collateralParams')
 potentially stale -> ('SV', 'contracts/Dependencies/Whitelist.sol', 'Whitelist.validCollateral')
 reader witnesses  -> 11
 storage exposures -> 1
[MV-SI candidate 7cdcab20de8e106fe8b2] {L_Coll, Troves, rewardSnapshots}
 writer root       -> contracts/TroveManager.sol::TroveManager.redistributeDebtAndColl(IActivePool,IDefaultPool,uint256,address[],uint256[])
 writer effect     -> contracts/TroveManager.sol:574
 written member    -> ('SV', 'contracts/TroveManager.sol', 'TroveManager.L_Coll')
 potentially stale -> ('SV', 'contracts/TroveManager.sol', 'TroveManager.Troves'), ('SV', 'contracts/TroveManager.sol', 'TroveManager.rewardSnapshots')
 reader witnesses  -> 1
 storage exposures -> 1
[MV-SI candidate 82f7a370578b870729f8] {collateralParams, validCollateral}
 writer root       -> contracts/Dependencies/Whitelist.sol::Whitelist.deprecateCollateral(address)
 writer effect     -> contracts/Dependencies/Whitelist.sol:153
 written member    -> ('SV', 'contracts/Dependencies/Whitelist.sol', 'Whitelist.collateralParams')
 potentially stale -> ('SV', 'contracts/Dependencies/Whitelist.sol', 'Whitelist.validCollateral')
 reader witnesses  -> 11
 storage exposures -> 1
[MV-SI candidate 841795467aa3f723d6e1] {L_Coll, Troves, rewardSnapshots}
 writer root       -> contracts/TroveManager.sol::TroveManager.applyPendingRewards(address)
 writer effect     -> contracts/TroveManager.sol:378
 written member    -> ('SV', 'contracts/TroveManager.sol', 'TroveManager.rewardSnapshots')
 potentially stale -> ('SV', 'contracts/TroveManager.sol', 'TroveManager.L_Coll'), ('SV', 'contracts/TroveManager.sol', 'TroveManager.Troves')
 reader witnesses  -> 1
 storage exposures -> 1
[MV-SI candidate 8a5e2f159aac063f1d1f] {collateralParams, validCollateral}
 writer root       -> contracts/Dependencies/Whitelist.sol::Whitelist.changePriceCurve(address,address)
 writer effect     -> contracts/Dependencies/Whitelist.sol:204
 written member    -> ('SV', 'contracts/Dependencies/Whitelist.sol', 'Whitelist.collateralParams')
 potentially stale -> ('SV', 'contracts/Dependencies/Whitelist.sol', 'Whitelist.validCollateral')
 reader witnesses  -> 11
 storage exposures -> 1
[MV-SI candidate a727e0d8b451479f2f2b] {L_Coll, Troves, rewardSnapshots}
 writer root       -> contracts/TroveManager.sol::TroveManager.updateTroveRewardSnapshots(address)
 writer effect     -> contracts/TroveManager.sol:378
 written member    -> ('SV', 'contracts/TroveManager.sol', 'TroveManager.rewardSnapshots')
 potentially stale -> ('SV', 'contracts/TroveManager.sol', 'TroveManager.L_Coll'), ('SV', 'contracts/TroveManager.sol', 'TroveManager.Troves')
 reader witnesses  -> 1
 storage exposures -> 1
[MV-SI candidate b8f9d3cf495a934a1b21] {L_Coll, Troves, rewardSnapshots}
 writer root       -> contracts/TroveManager.sol::TroveManager.closeTroveRedemption(address)
 writer effect     -> contracts/TroveManager.sol:618
 written member    -> ('SV', 'contracts/TroveManager.sol', 'TroveManager.rewardSnapshots')
 potentially stale -> ('SV', 'contracts/TroveManager.sol', 'TroveManager.L_Coll'), ('SV', 'contracts/TroveManager.sol', 'TroveManager.Troves')
 reader witnesses  -> 1
 storage exposures -> 1
[MV-SI candidate be7da64f90a86f019e9e] {collateralParams, validCollateral}
 writer root       -> contracts/Dependencies/Whitelist.sol::Whitelist.changeOracle(address,address)
 writer effect     -> contracts/Dependencies/Whitelist.sol:184
 written member    -> ('SV', 'contracts/Dependencies/Whitelist.sol', 'Whitelist.collateralParams')
 potentially stale -> ('SV', 'contracts/Dependencies/Whitelist.sol', 'Whitelist.validCollateral')
 reader witnesses  -> 11
 storage exposures -> 1
[MV-SI candidate bf80a1e3a6d475e143da] {L_Coll, Troves, rewardSnapshots}
 writer root       -> contracts/TroveManager.sol::TroveManager.updateTroveRewardSnapshots(address)
 writer effect     -> contracts/TroveManager.sol:377
 written member    -> ('SV', 'contracts/TroveManager.sol', 'TroveManager.rewardSnapshots')
 potentially stale -> ('SV', 'contracts/TroveManager.sol', 'TroveManager.L_Coll'), ('SV', 'contracts/TroveManager.sol', 'TroveManager.Troves')
 reader witnesses  -> 1
 storage exposures -> 1
[MV-SI candidate d6150bc3638f8d8f7e0e] {collateralParams, validCollateral}
 writer root       -> contracts/Dependencies/Whitelist.sol::Whitelist.undeprecateCollateral(address)
 writer effect     -> contracts/Dependencies/Whitelist.sol:168
 written member    -> ('SV', 'contracts/Dependencies/Whitelist.sol', 'Whitelist.collateralParams')
 potentially stale -> ('SV', 'contracts/Dependencies/Whitelist.sol', 'Whitelist.validCollateral')
 reader witnesses  -> 11
 storage exposures -> 1
[MV-SI candidate e36a860171e2140101fc] {L_Coll, Troves, rewardSnapshots}
 writer root       -> contracts/TroveManager.sol::TroveManager.closeTrove(address)
 writer effect     -> contracts/TroveManager.sol:618
 written member    -> ('SV', 'contracts/TroveManager.sol', 'TroveManager.rewardSnapshots')
 potentially stale -> ('SV', 'contracts/TroveManager.sol', 'TroveManager.L_Coll'), ('SV', 'contracts/TroveManager.sol', 'TroveManager.Troves')
 reader witnesses  -> 1
 storage exposures -> 1Reference: https://github.com/crytic/slither/wiki/Detector-Documentation
[mvscan-config] {"ATOMIC_GROUP": [], "DIVERGENCE_BUDGET": 1000, "ENABLE_BRANCH_GROUPS": true, "ENABLE_EXTERNAL_STATE": true, "ENABLE_MULTI_RETURN_GROUPS": true, "MAPPING_MODE": "base_collapsed", "MERGE_OVERLOADS": false, "MVSCAN_ABLATION": "mapping_insensitive", "MVSCAN_CONTEXTUAL_KEYS": true, "MVSCAN_INCLUDE_SCALAR_WITNESSES": false, "MVSCAN_INTERFACE_DISPATCH": false, "MVSCAN_MAX_CONTEXTS_PER_OWNER_BLOCK": 128, "MVSCAN_MAX_DISPATCH_TARGETS": 16, "MVSCAN_REQUIRE_DISTINCT_OUTER_ROOTS": false, "MVSCAN_ROOT_CONTEXT_SINKS": false, "NOOP_WRITE_FILTER": true, "REQUIRE_SAME_SLOT_KEY": false, "SINK_TEST": "none", "USER_CALLABLE_ALWAYS": [], "USER_CALLABLE_DENY": []}
[mvscan-stage] icfg-built blocks=0 vars=0
[mvscan-stage] root-seeding-done eligible_exposures=0 seeded=0 multi_exposure_entry_blocks=0 collapsed_contextual_aliases=0 excluded_dependency=0 excluded_interface=4 excluded_library=0 excluded_abstract=0 missing_entry_point=0 missing_entry_block=0
[mvscan-pairs] call_target_digest=4f53cda18c2baa0c0354bb5f9a3ecbe5ed12ab4d8e11ba873c2f11161202b945 candidate_count=0 candidate_digest=4f53cda18c2baa0c0354bb5f9a3ecbe5ed12ab4d8e11ba873c2f11161202b945 context_instance_count=0 execution_context_digest=4f53cda18c2baa0c0354bb5f9a3ecbe5ed12ab4d8e11ba873c2f11161202b945 invalid_partial_write_filtered=0 must_full_relation_filtered=0 omitted_member_evidence_filtered=0 omitted_member_not_sensitive_filtered=0 owner_context_pairs=0 owner_context_pairs_considered=0 reader_witness_count=0 relation_context_incompatible=0 relation_digest=4f53cda18c2baa0c0354bb5f9a3ecbe5ed12ab4d8e11ba873c2f11161202b945 root_context_sink_filtered=0 same_outer_root_filtered=0 storage_context_mismatch=0
[mvscan-config] {"ATOMIC_GROUP": [], "DIVERGENCE_BUDGET": 1000, "ENABLE_BRANCH_GROUPS": true, "ENABLE_EXTERNAL_STATE": true, "ENABLE_MULTI_RETURN_GROUPS": true, "MAPPING_MODE": "base_collapsed", "MERGE_OVERLOADS": false, "MVSCAN_ABLATION": "mapping_insensitive", "MVSCAN_CONTEXTUAL_KEYS": true, "MVSCAN_INCLUDE_SCALAR_WITNESSES": false, "MVSCAN_INTERFACE_DISPATCH": false, "MVSCAN_MAX_CONTEXTS_PER_OWNER_BLOCK": 128, "MVSCAN_MAX_DISPATCH_TARGETS": 16, "MVSCAN_REQUIRE_DISTINCT_OUTER_ROOTS": false, "MVSCAN_ROOT_CONTEXT_SINKS": false, "NOOP_WRITE_FILTER": true, "REQUIRE_SAME_SLOT_KEY": false, "SINK_TEST": "none", "USER_CALLABLE_ALWAYS": [], "USER_CALLABLE_DENY": []}
[mvscan-stage] icfg-built blocks=0 vars=0
[mvscan-stage] root-seeding-done eligible_exposures=0 seeded=0 multi_exposure_entry_blocks=0 collapsed_contextual_aliases=0 excluded_dependency=0 excluded_interface=2 excluded_library=0 excluded_abstract=0 missing_entry_point=0 missing_entry_block=0
[mvscan-pairs] call_target_digest=4f53cda18c2baa0c0354bb5f9a3ecbe5ed12ab4d8e11ba873c2f11161202b945 candidate_count=0 candidate_digest=4f53cda18c2baa0c0354bb5f9a3ecbe5ed12ab4d8e11ba873c2f11161202b945 context_instance_count=0 execution_context_digest=4f53cda18c2baa0c0354bb5f9a3ecbe5ed12ab4d8e11ba873c2f11161202b945 invalid_partial_write_filtered=0 must_full_relation_filtered=0 omitted_member_evidence_filtered=0 omitted_member_not_sensitive_filtered=0 owner_context_pairs=0 owner_context_pairs_considered=0 reader_witness_count=0 relation_context_incompatible=0 relation_digest=4f53cda18c2baa0c0354bb5f9a3ecbe5ed12ab4d8e11ba873c2f11161202b945 root_context_sink_filtered=0 same_outer_root_filtered=0 storage_context_mismatch=0
[mvscan-config] {"ATOMIC_GROUP": [], "DIVERGENCE_BUDGET": 1000, "ENABLE_BRANCH_GROUPS": true, "ENABLE_EXTERNAL_STATE": true, "ENABLE_MULTI_RETURN_GROUPS": true, "MAPPING_MODE": "base_collapsed", "MERGE_OVERLOADS": false, "MVSCAN_ABLATION": "mapping_insensitive", "MVSCAN_CONTEXTUAL_KEYS": true, "MVSCAN_INCLUDE_SCALAR_WITNESSES": false, "MVSCAN_INTERFACE_DISPATCH": false, "MVSCAN_MAX_CONTEXTS_PER_OWNER_BLOCK": 128, "MVSCAN_MAX_DISPATCH_TARGETS": 16, "MVSCAN_REQUIRE_DISTINCT_OUTER_ROOTS": false, "MVSCAN_ROOT_CONTEXT_SINKS": false, "NOOP_WRITE_FILTER": true, "REQUIRE_SAME_SLOT_KEY": false, "SINK_TEST": "none", "USER_CALLABLE_ALWAYS": [], "USER_CALLABLE_DENY": []}
[mvscan-stage] icfg-built blocks=0 vars=0
[mvscan-stage] root-seeding-done eligible_exposures=0 seeded=0 multi_exposure_entry_blocks=0 collapsed_contextual_aliases=0 excluded_dependency=0 excluded_interface=1 excluded_library=0 excluded_abstract=0 missing_entry_point=0 missing_entry_block=0
[mvscan-pairs] call_target_digest=4f53cda18c2baa0c0354bb5f9a3ecbe5ed12ab4d8e11ba873c2f11161202b945 candidate_count=0 candidate_digest=4f53cda18c2baa0c0354bb5f9a3ecbe5ed12ab4d8e11ba873c2f11161202b945 context_instance_count=0 execution_context_digest=4f53cda18c2baa0c0354bb5f9a3ecbe5ed12ab4d8e11ba873c2f11161202b945 invalid_partial_write_filtered=0 must_full_relation_filtered=0 omitted_member_evidence_filtered=0 omitted_member_not_sensitive_filtered=0 owner_context_pairs=0 owner_context_pairs_considered=0 reader_witness_count=0 relation_context_incompatible=0 relation_digest=4f53cda18c2baa0c0354bb5f9a3ecbe5ed12ab4d8e11ba873c2f11161202b945 root_context_sink_filtered=0 same_outer_root_filtered=0 storage_context_mismatch=0
[mvscan-config] {"ATOMIC_GROUP": [], "DIVERGENCE_BUDGET": 1000, "ENABLE_BRANCH_GROUPS": true, "ENABLE_EXTERNAL_STATE": true, "ENABLE_MULTI_RETURN_GROUPS": true, "MAPPING_MODE": "base_collapsed", "MERGE_OVERLOADS": false, "MVSCAN_ABLATION": "mapping_insensitive", "MVSCAN_CONTEXTUAL_KEYS": true, "MVSCAN_INCLUDE_SCALAR_WITNESSES": false, "MVSCAN_INTERFACE_DISPATCH": false, "MVSCAN_MAX_CONTEXTS_PER_OWNER_BLOCK": 128, "MVSCAN_MAX_DISPATCH_TARGETS": 16, "MVSCAN_REQUIRE_DISTINCT_OUTER_ROOTS": false, "MVSCAN_ROOT_CONTEXT_SINKS": false, "NOOP_WRITE_FILTER": true, "REQUIRE_SAME_SLOT_KEY": false, "SINK_TEST": "none", "USER_CALLABLE_ALWAYS": [], "USER_CALLABLE_DENY": []}
[mvscan-stage] icfg-built blocks=134 vars=6
[mvscan-stage] root-seeding-done eligible_exposures=14 seeded=9 multi_exposure_entry_blocks=5 collapsed_contextual_aliases=5 excluded_dependency=0 excluded_interface=3 excluded_library=0 excluded_abstract=0 missing_entry_point=0 missing_entry_block=0
[mvscan-pairs] call_target_digest=65c6c3c7b684063390d47862b1c9f1617c4c9fdb91d2ee6ca6ebb5b27d9c8374 candidate_count=0 candidate_digest=4f53cda18c2baa0c0354bb5f9a3ecbe5ed12ab4d8e11ba873c2f11161202b945 context_instance_count=0 execution_context_digest=43ccd1b40a1f86707b528b60752ed72be3837e698739454a4a8864954e2d5ee6 invalid_partial_write_filtered=0 must_full_relation_filtered=0 omitted_member_evidence_filtered=0 omitted_member_not_sensitive_filtered=0 owner_context_pairs=0 owner_context_pairs_considered=0 reader_witness_count=0 relation_context_incompatible=0 relation_digest=4f53cda18c2baa0c0354bb5f9a3ecbe5ed12ab4d8e11ba873c2f11161202b945 relation_origins_rejected_unreachable=6 root_context_sink_filtered=0 same_outer_root_filtered=0 scalar_variables_skipped=3 storage_context_mismatch=0 variables_considered=3
[mvscan-config] {"ATOMIC_GROUP": [], "DIVERGENCE_BUDGET": 1000, "ENABLE_BRANCH_GROUPS": true, "ENABLE_EXTERNAL_STATE": true, "ENABLE_MULTI_RETURN_GROUPS": true, "MAPPING_MODE": "base_collapsed", "MERGE_OVERLOADS": false, "MVSCAN_ABLATION": "mapping_insensitive", "MVSCAN_CONTEXTUAL_KEYS": true, "MVSCAN_INCLUDE_SCALAR_WITNESSES": false, "MVSCAN_INTERFACE_DISPATCH": false, "MVSCAN_MAX_CONTEXTS_PER_OWNER_BLOCK": 128, "MVSCAN_MAX_DISPATCH_TARGETS": 16, "MVSCAN_REQUIRE_DISTINCT_OUTER_ROOTS": false, "MVSCAN_ROOT_CONTEXT_SINKS": false, "NOOP_WRITE_FILTER": true, "REQUIRE_SAME_SLOT_KEY": false, "SINK_TEST": "none", "USER_CALLABLE_ALWAYS": [], "USER_CALLABLE_DENY": []}
[mvscan-stage] icfg-built blocks=13 vars=2
[mvscan-stage] root-seeding-done eligible_exposures=2 seeded=2 multi_exposure_entry_blocks=0 collapsed_contextual_aliases=0 excluded_dependency=0 excluded_interface=0 excluded_library=0 excluded_abstract=0 missing_entry_point=0 missing_entry_block=0
[mvscan-pairs] call_target_digest=c5bdf05cb860427f8704ca3c000e67f3ffd8a5c537dd8cf97d7b315e93dd1a0c candidate_count=0 candidate_digest=4f53cda18c2baa0c0354bb5f9a3ecbe5ed12ab4d8e11ba873c2f11161202b945 context_instance_count=0 execution_context_digest=6abfb7e721884b7bd2eee7f13341c0bbe526cce08ed5acb15d5715188ae6e679 invalid_partial_write_filtered=0 must_full_relation_filtered=0 omitted_member_evidence_filtered=0 omitted_member_not_sensitive_filtered=0 owner_context_pairs=0 owner_context_pairs_considered=0 reader_witness_count=0 relation_base_members_shadowed=0 relation_context_incompatible=0 relation_digest=4f53cda18c2baa0c0354bb5f9a3ecbe5ed12ab4d8e11ba873c2f11161202b945 relation_members_raw=1 relation_origins_rejected_unary_after_shadowing=1 relation_origins_seen=1 root_context_sink_filtered=0 same_outer_root_filtered=0 scalar_variables_skipped=1 storage_context_mismatch=0 variables_considered=1
[mvscan-config] {"ATOMIC_GROUP": [], "DIVERGENCE_BUDGET": 1000, "ENABLE_BRANCH_GROUPS": true, "ENABLE_EXTERNAL_STATE": true, "ENABLE_MULTI_RETURN_GROUPS": true, "MAPPING_MODE": "base_collapsed", "MERGE_OVERLOADS": false, "MVSCAN_ABLATION": "mapping_insensitive", "MVSCAN_CONTEXTUAL_KEYS": true, "MVSCAN_INCLUDE_SCALAR_WITNESSES": false, "MVSCAN_INTERFACE_DISPATCH": false, "MVSCAN_MAX_CONTEXTS_PER_OWNER_BLOCK": 128, "MVSCAN_MAX_DISPATCH_TARGETS": 16, "MVSCAN_REQUIRE_DISTINCT_OUTER_ROOTS": false, "MVSCAN_ROOT_CONTEXT_SINKS": false, "NOOP_WRITE_FILTER": true, "REQUIRE_SAME_SLOT_KEY": false, "SINK_TEST": "none", "USER_CALLABLE_ALWAYS": [], "USER_CALLABLE_DENY": []}
[mvscan-stage] icfg-built blocks=3 vars=0
[mvscan-stage] root-seeding-done eligible_exposures=2 seeded=2 multi_exposure_entry_blocks=0 collapsed_contextual_aliases=0 excluded_dependency=0 excluded_interface=0 excluded_library=0 excluded_abstract=0 missing_entry_point=0 missing_entry_block=0
[mvscan-pairs] call_target_digest=4f53cda18c2baa0c0354bb5f9a3ecbe5ed12ab4d8e11ba873c2f11161202b945 candidate_count=0 candidate_digest=4f53cda18c2baa0c0354bb5f9a3ecbe5ed12ab4d8e11ba873c2f11161202b945 context_instance_count=0 execution_context_digest=c625c0609c5f7b176ca3deab2672d72182066b7bb8717eb047a478dda2ece5ec invalid_partial_write_filtered=0 must_full_relation_filtered=0 omitted_member_evidence_filtered=0 omitted_member_not_sensitive_filtered=0 owner_context_pairs=0 owner_context_pairs_considered=0 reader_witness_count=0 relation_context_incompatible=0 relation_digest=4f53cda18c2baa0c0354bb5f9a3ecbe5ed12ab4d8e11ba873c2f11161202b945 root_context_sink_filtered=0 same_outer_root_filtered=0 storage_context_mismatch=0
[mvscan-config] {"ATOMIC_GROUP": [], "DIVERGENCE_BUDGET": 1000, "ENABLE_BRANCH_GROUPS": true, "ENABLE_EXTERNAL_STATE": true, "ENABLE_MULTI_RETURN_GROUPS": true, "MAPPING_MODE": "base_collapsed", "MERGE_OVERLOADS": false, "MVSCAN_ABLATION": "mapping_insensitive", "MVSCAN_CONTEXTUAL_KEYS": true, "MVSCAN_INCLUDE_SCALAR_WITNESSES": false, "MVSCAN_INTERFACE_DISPATCH": false, "MVSCAN_MAX_CONTEXTS_PER_OWNER_BLOCK": 128, "MVSCAN_MAX_DISPATCH_TARGETS": 16, "MVSCAN_REQUIRE_DISTINCT_OUTER_ROOTS": false, "MVSCAN_ROOT_CONTEXT_SINKS": false, "NOOP_WRITE_FILTER": true, "REQUIRE_SAME_SLOT_KEY": false, "SINK_TEST": "none", "USER_CALLABLE_ALWAYS": [], "USER_CALLABLE_DENY": []}
[mvscan-stage] icfg-built blocks=18 vars=4
[mvscan-stage] root-seeding-done eligible_exposures=4 seeded=4 multi_exposure_entry_blocks=0 collapsed_contextual_aliases=0 excluded_dependency=0 excluded_interface=0 excluded_library=0 excluded_abstract=0 missing_entry_point=0 missing_entry_block=0
[mvscan-pairs] call_target_digest=4f53cda18c2baa0c0354bb5f9a3ecbe5ed12ab4d8e11ba873c2f11161202b945 candidate_count=0 candidate_digest=4f53cda18c2baa0c0354bb5f9a3ecbe5ed12ab4d8e11ba873c2f11161202b945 context_instance_count=0 execution_context_digest=d3ef97426725c1e3791895b8097503a9fcd3982ba6c4e87a1bf64c4915274718 invalid_partial_write_filtered=0 must_full_relation_filtered=0 omitted_member_evidence_filtered=0 omitted_member_not_sensitive_filtered=0 owner_context_pairs=0 owner_context_pairs_considered=0 reader_witness_count=0 relation_context_incompatible=0 relation_digest=4f53cda18c2baa0c0354bb5f9a3ecbe5ed12ab4d8e11ba873c2f11161202b945 relation_origins_rejected_unreachable=2 root_context_sink_filtered=0 same_outer_root_filtered=0 scalar_variables_skipped=4 storage_context_mismatch=0 variables_considered=4
[mvscan-config] {"ATOMIC_GROUP": [], "DIVERGENCE_BUDGET": 1000, "ENABLE_BRANCH_GROUPS": true, "ENABLE_EXTERNAL_STATE": true, "ENABLE_MULTI_RETURN_GROUPS": true, "MAPPING_MODE": "base_collapsed", "MERGE_OVERLOADS": false, "MVSCAN_ABLATION": "mapping_insensitive", "MVSCAN_CONTEXTUAL_KEYS": true, "MVSCAN_INCLUDE_SCALAR_WITNESSES": false, "MVSCAN_INTERFACE_DISPATCH": false, "MVSCAN_MAX_CONTEXTS_PER_OWNER_BLOCK": 128, "MVSCAN_MAX_DISPATCH_TARGETS": 16, "MVSCAN_REQUIRE_DISTINCT_OUTER_ROOTS": false, "MVSCAN_ROOT_CONTEXT_SINKS": false, "NOOP_WRITE_FILTER": true, "REQUIRE_SAME_SLOT_KEY": false, "SINK_TEST": "none", "USER_CALLABLE_ALWAYS": [], "USER_CALLABLE_DENY": []}
[mvscan-stage] icfg-built blocks=9 vars=1
[mvscan-stage] root-seeding-done eligible_exposures=3 seeded=3 multi_exposure_entry_blocks=0 collapsed_contextual_aliases=0 excluded_dependency=0 excluded_interface=0 excluded_library=0 excluded_abstract=0 missing_entry_point=0 missing_entry_block=0
[mvscan-pairs] call_target_digest=4f53cda18c2baa0c0354bb5f9a3ecbe5ed12ab4d8e11ba873c2f11161202b945 candidate_count=0 candidate_digest=4f53cda18c2baa0c0354bb5f9a3ecbe5ed12ab4d8e11ba873c2f11161202b945 context_instance_count=0 execution_context_digest=2adc834c7be5cb2d5e6a9bdfdebedd3d108554966926967181be84399efa83d6 invalid_partial_write_filtered=0 must_full_relation_filtered=0 omitted_member_evidence_filtered=0 omitted_member_not_sensitive_filtered=0 owner_context_pairs=0 owner_context_pairs_considered=0 reader_witness_count=0 relation_base_members_shadowed=0 relation_context_incompatible=0 relation_digest=4f53cda18c2baa0c0354bb5f9a3ecbe5ed12ab4d8e11ba873c2f11161202b945 relation_members_raw=1 relation_origins_rejected_unary_after_shadowing=1 relation_origins_seen=1 root_context_sink_filtered=0 same_outer_root_filtered=0 scalar_variables_skipped=1 storage_context_mismatch=0 variables_considered=1
[mvscan-config] {"ATOMIC_GROUP": [], "DIVERGENCE_BUDGET": 1000, "ENABLE_BRANCH_GROUPS": true, "ENABLE_EXTERNAL_STATE": true, "ENABLE_MULTI_RETURN_GROUPS": true, "MAPPING_MODE": "base_collapsed", "MERGE_OVERLOADS": false, "MVSCAN_ABLATION": "mapping_insensitive", "MVSCAN_CONTEXTUAL_KEYS": true, "MVSCAN_INCLUDE_SCALAR_WITNESSES": false, "MVSCAN_INTERFACE_DISPATCH": false, "MVSCAN_MAX_CONTEXTS_PER_OWNER_BLOCK": 128, "MVSCAN_MAX_DISPATCH_TARGETS": 16, "MVSCAN_REQUIRE_DISTINCT_OUTER_ROOTS": false, "MVSCAN_ROOT_CONTEXT_SINKS": false, "NOOP_WRITE_FILTER": true, "REQUIRE_SAME_SLOT_KEY": false, "SINK_TEST": "none", "USER_CALLABLE_ALWAYS": [], "USER_CALLABLE_DENY": []}
[mvscan-stage] icfg-built blocks=73 vars=6
[mvscan-stage] root-seeding-done eligible_exposures=4 seeded=4 multi_exposure_entry_blocks=0 collapsed_contextual_aliases=0 excluded_dependency=0 excluded_interface=0 excluded_library=0 excluded_abstract=0 missing_entry_point=0 missing_entry_block=0
[mvscan-pairs] call_target_digest=48871f8dc57d04b655172b5dfb34b762d8134b17a942037418626737dd098ada candidate_count=0 candidate_digest=4f53cda18c2baa0c0354bb5f9a3ecbe5ed12ab4d8e11ba873c2f11161202b945 context_instance_count=0 execution_context_digest=0b42cea71345f489b9e2934bfde541545e31ab0f43879d1a434c1da3d61b2cb8 invalid_partial_write_filtered=0 must_full_relation_filtered=0 omitted_member_evidence_filtered=0 omitted_member_not_sensitive_filtered=0 owner_context_pairs=0 owner_context_pairs_considered=0 reader_witness_count=0 relation_base_members_shadowed=0 relation_context_incompatible=0 relation_digest=4f53cda18c2baa0c0354bb5f9a3ecbe5ed12ab4d8e11ba873c2f11161202b945 relation_members_raw=3 relation_origins_rejected_unary_after_shadowing=3 relation_origins_rejected_unreachable=6 relation_origins_seen=3 root_context_sink_filtered=0 same_outer_root_filtered=0 scalar_variables_skipped=2 storage_context_mismatch=0 variables_considered=2
[mvscan-config] {"ATOMIC_GROUP": [], "DIVERGENCE_BUDGET": 1000, "ENABLE_BRANCH_GROUPS": true, "ENABLE_EXTERNAL_STATE": true, "ENABLE_MULTI_RETURN_GROUPS": true, "MAPPING_MODE": "base_collapsed", "MERGE_OVERLOADS": false, "MVSCAN_ABLATION": "mapping_insensitive", "MVSCAN_CONTEXTUAL_KEYS": true, "MVSCAN_INCLUDE_SCALAR_WITNESSES": false, "MVSCAN_INTERFACE_DISPATCH": false, "MVSCAN_MAX_CONTEXTS_PER_OWNER_BLOCK": 128, "MVSCAN_MAX_DISPATCH_TARGETS": 16, "MVSCAN_REQUIRE_DISTINCT_OUTER_ROOTS": false, "MVSCAN_ROOT_CONTEXT_SINKS": false, "NOOP_WRITE_FILTER": true, "REQUIRE_SAME_SLOT_KEY": false, "SINK_TEST": "none", "USER_CALLABLE_ALWAYS": [], "USER_CALLABLE_DENY": []}
[mvscan-stage] icfg-built blocks=52 vars=0
[mvscan-stage] root-seeding-done eligible_exposures=0 seeded=0 multi_exposure_entry_blocks=0 collapsed_contextual_aliases=0 excluded_dependency=0 excluded_interface=0 excluded_library=0 excluded_abstract=0 missing_entry_point=0 missing_entry_block=0
[mvscan-pairs] call_target_digest=332e98ad16ecfbc1595c294daf32e9e116272df8cb35dd349456c7791335167d candidate_count=0 candidate_digest=4f53cda18c2baa0c0354bb5f9a3ecbe5ed12ab4d8e11ba873c2f11161202b945 context_instance_count=0 execution_context_digest=4f53cda18c2baa0c0354bb5f9a3ecbe5ed12ab4d8e11ba873c2f11161202b945 invalid_partial_write_filtered=0 must_full_relation_filtered=0 omitted_member_evidence_filtered=0 omitted_member_not_sensitive_filtered=0 owner_context_pairs=0 owner_context_pairs_considered=0 reader_witness_count=0 relation_context_incompatible=0 relation_digest=4f53cda18c2baa0c0354bb5f9a3ecbe5ed12ab4d8e11ba873c2f11161202b945 root_context_sink_filtered=0 same_outer_root_filtered=0 storage_context_mismatch=0
[mvscan-config] {"ATOMIC_GROUP": [], "DIVERGENCE_BUDGET": 1000, "ENABLE_BRANCH_GROUPS": true, "ENABLE_EXTERNAL_STATE": true, "ENABLE_MULTI_RETURN_GROUPS": true, "MAPPING_MODE": "base_collapsed", "MERGE_OVERLOADS": false, "MVSCAN_ABLATION": "mapping_insensitive", "MVSCAN_CONTEXTUAL_KEYS": true, "MVSCAN_INCLUDE_SCALAR_WITNESSES": false, "MVSCAN_INTERFACE_DISPATCH": false, "MVSCAN_MAX_CONTEXTS_PER_OWNER_BLOCK": 128, "MVSCAN_MAX_DISPATCH_TARGETS": 16, "MVSCAN_REQUIRE_DISTINCT_OUTER_ROOTS": false, "MVSCAN_ROOT_CONTEXT_SINKS": false, "NOOP_WRITE_FILTER": true, "REQUIRE_SAME_SLOT_KEY": false, "SINK_TEST": "none", "USER_CALLABLE_ALWAYS": [], "USER_CALLABLE_DENY": []}
[mvscan-stage] icfg-built blocks=123 vars=6
[mvscan-stage] root-seeding-done eligible_exposures=5 seeded=5 multi_exposure_entry_blocks=0 collapsed_contextual_aliases=0 excluded_dependency=0 excluded_interface=3 excluded_library=0 excluded_abstract=0 missing_entry_point=0 missing_entry_block=0
[mvscan-pairs] call_target_digest=b82423caf227cea5e41436f826de895c226de96d813a8cfe07658c76504b1c64 candidate_count=0 candidate_digest=4f53cda18c2baa0c0354bb5f9a3ecbe5ed12ab4d8e11ba873c2f11161202b945 context_instance_count=0 execution_context_digest=874e0049e35648648734b9407743ff27c76533265f1f136892cee227fe17aaef invalid_partial_write_filtered=0 must_full_relation_filtered=0 omitted_member_evidence_filtered=0 omitted_member_not_sensitive_filtered=0 owner_context_pairs=0 owner_context_pairs_considered=0 reader_witness_count=0 relation_context_incompatible=0 relation_digest=4f53cda18c2baa0c0354bb5f9a3ecbe5ed12ab4d8e11ba873c2f11161202b945 relation_origins_rejected_unreachable=6 root_context_sink_filtered=0 same_outer_root_filtered=0 scalar_variables_skipped=2 storage_context_mismatch=0 variables_considered=2
[mvscan-config] {"ATOMIC_GROUP": [], "DIVERGENCE_BUDGET": 1000, "ENABLE_BRANCH_GROUPS": true, "ENABLE_EXTERNAL_STATE": true, "ENABLE_MULTI_RETURN_GROUPS": true, "MAPPING_MODE": "base_collapsed", "MERGE_OVERLOADS": false, "MVSCAN_ABLATION": "mapping_insensitive", "MVSCAN_CONTEXTUAL_KEYS": true, "MVSCAN_INCLUDE_SCALAR_WITNESSES": false, "MVSCAN_INTERFACE_DISPATCH": false, "MVSCAN_MAX_CONTEXTS_PER_OWNER_BLOCK": 128, "MVSCAN_MAX_DISPATCH_TARGETS": 16, "MVSCAN_REQUIRE_DISTINCT_OUTER_ROOTS": false, "MVSCAN_ROOT_CONTEXT_SINKS": false, "NOOP_WRITE_FILTER": true, "REQUIRE_SAME_SLOT_KEY": false, "SINK_TEST": "none", "USER_CALLABLE_ALWAYS": [], "USER_CALLABLE_DENY": []}
[mvscan-stage] icfg-built blocks=387 vars=40
[mvscan-stage] root-seeding-done eligible_exposures=48 seeded=26 multi_exposure_entry_blocks=18 collapsed_contextual_aliases=22 excluded_dependency=0 excluded_interface=10 excluded_library=0 excluded_abstract=5 missing_entry_point=0 missing_entry_block=0
[mvscan-pairs] call_target_digest=69d2177092e23af5fe8047f9f3f2635342c0836b5f13e14c7203a78de445d041 candidate_count=0 candidate_digest=4f53cda18c2baa0c0354bb5f9a3ecbe5ed12ab4d8e11ba873c2f11161202b945 context_instance_count=0 execution_context_digest=4397b98412b8416cc2153a608f821bf6b48221f9c34f76a3db06b62447ee8b63 invalid_partial_write_filtered=0 must_full_relation_filtered=0 omitted_member_evidence_filtered=0 omitted_member_not_sensitive_filtered=0 owner_context_pairs=0 owner_context_pairs_considered=0 reader_witness_count=0 relation_base_members_shadowed=0 relation_context_incompatible=0 relation_digest=4f53cda18c2baa0c0354bb5f9a3ecbe5ed12ab4d8e11ba873c2f11161202b945 relation_members_raw=19 relation_origins_rejected_unary_after_shadowing=19 relation_origins_rejected_unreachable=5 relation_origins_seen=19 root_context_sink_filtered=0 same_outer_root_filtered=0 scalar_variables_skipped=23 storage_context_mismatch=0 variables_considered=23
[mvscan-config] {"ATOMIC_GROUP": [], "DIVERGENCE_BUDGET": 1000, "ENABLE_BRANCH_GROUPS": true, "ENABLE_EXTERNAL_STATE": true, "ENABLE_MULTI_RETURN_GROUPS": true, "MAPPING_MODE": "base_collapsed", "MERGE_OVERLOADS": false, "MVSCAN_ABLATION": "mapping_insensitive", "MVSCAN_CONTEXTUAL_KEYS": true, "MVSCAN_INCLUDE_SCALAR_WITNESSES": false, "MVSCAN_INTERFACE_DISPATCH": false, "MVSCAN_MAX_CONTEXTS_PER_OWNER_BLOCK": 128, "MVSCAN_MAX_DISPATCH_TARGETS": 16, "MVSCAN_REQUIRE_DISTINCT_OUTER_ROOTS": false, "MVSCAN_ROOT_CONTEXT_SINKS": false, "NOOP_WRITE_FILTER": true, "REQUIRE_SAME_SLOT_KEY": false, "SINK_TEST": "none", "USER_CALLABLE_ALWAYS": [], "USER_CALLABLE_DENY": []}
[mvscan-stage] icfg-built blocks=768 vars=1
[mvscan-stage] root-seeding-done eligible_exposures=0 seeded=0 multi_exposure_entry_blocks=0 collapsed_contextual_aliases=0 excluded_dependency=0 excluded_interface=10 excluded_library=0 excluded_abstract=0 missing_entry_point=0 missing_entry_block=0
[mvscan-pairs] call_target_digest=dc24e43f5cb4ef7374dec47d5b184ca2fa100bc87c454a5f1c428354b19d69be candidate_count=0 candidate_digest=4f53cda18c2baa0c0354bb5f9a3ecbe5ed12ab4d8e11ba873c2f11161202b945 context_instance_count=0 execution_context_digest=4f53cda18c2baa0c0354bb5f9a3ecbe5ed12ab4d8e11ba873c2f11161202b945 invalid_partial_write_filtered=0 must_full_relation_filtered=0 omitted_member_evidence_filtered=0 omitted_member_not_sensitive_filtered=0 owner_context_pairs=0 owner_context_pairs_considered=0 reader_witness_count=0 relation_context_incompatible=0 relation_digest=4f53cda18c2baa0c0354bb5f9a3ecbe5ed12ab4d8e11ba873c2f11161202b945 root_context_sink_filtered=0 same_outer_root_filtered=0 storage_context_mismatch=0
[mvscan-config] {"ATOMIC_GROUP": [], "DIVERGENCE_BUDGET": 1000, "ENABLE_BRANCH_GROUPS": true, "ENABLE_EXTERNAL_STATE": true, "ENABLE_MULTI_RETURN_GROUPS": true, "MAPPING_MODE": "base_collapsed", "MERGE_OVERLOADS": false, "MVSCAN_ABLATION": "mapping_insensitive", "MVSCAN_CONTEXTUAL_KEYS": true, "MVSCAN_INCLUDE_SCALAR_WITNESSES": false, "MVSCAN_INTERFACE_DISPATCH": false, "MVSCAN_MAX_CONTEXTS_PER_OWNER_BLOCK": 128, "MVSCAN_MAX_DISPATCH_TARGETS": 16, "MVSCAN_REQUIRE_DISTINCT_OUTER_ROOTS": false, "MVSCAN_ROOT_CONTEXT_SINKS": false, "NOOP_WRITE_FILTER": true, "REQUIRE_SAME_SLOT_KEY": false, "SINK_TEST": "none", "USER_CALLABLE_ALWAYS": [], "USER_CALLABLE_DENY": []}
[mvscan-stage] icfg-built blocks=437 vars=44
[mvscan-stage] root-seeding-done eligible_exposures=43 seeded=30 multi_exposure_entry_blocks=5 collapsed_contextual_aliases=13 excluded_dependency=0 excluded_interface=20 excluded_library=0 excluded_abstract=0 missing_entry_point=0 missing_entry_block=0
[mvscan-pairs] call_target_digest=10fbedcdebbfa292bf26a7998d15879a08dc506683cd132d911fc76de8c57025 candidate_count=10 candidate_digest=91e123f07c419acdb70de6ef69f03968dbf2eea27a8c7fd7c20f2ac48a8344d4 context_instance_count=17 eligible_readers=56 eligible_writers=44 execution_context_digest=540936bf27d155449969cdf025c60de10724493c9c758eff73da0c12b3f0f94d insensitive_readers_filtered=10 invalid_partial_write_filtered=0 must_full_relation_filtered=108 omitted_member_evidence_filtered=0 omitted_member_not_sensitive_filtered=0 owner_context_pairs=34 owner_context_pairs_considered=302 raw_block_pairs=214 reader_witness_count=34 relation_base_members_shadowed=0 relation_context_incompatible=160 relation_digest=f11c9c87c6fcd8c978da7699b2eb56dde7a0fefbd9f60f3b7acbd6497415f954 relation_members_raw=45 relation_origins_registered=12 relation_origins_rejected_unary_after_shadowing=13 relation_origins_rejected_unreachable=8 relation_origins_seen=25 root_context_sink_filtered=0 same_outer_root_filtered=0 same_static_block_filtered=8 scalar_variables_skipped=30 storage_context_mismatch=0 variables_considered=42
INFO:Detectors:

[MV-SI candidate 0354bc661dba87743afd] {YetiFinanceTreasury, userInfo}
 writer root       -> contracts/AssetWrappers/WBQI.sol::WBQI.wrap(uint256,address,address,address)
 writer effect     -> contracts/AssetWrappers/WBQI.sol:112
 written member    -> ('SV', 'contracts/AssetWrappers/WBQI.sol', 'WBQI.userInfo')
 potentially stale -> ('SV', 'contracts/AssetWrappers/WBQI.sol', 'WBQI.YetiFinanceTreasury')
 reader witnesses  -> 2
 storage exposures -> 1
[MV-SI candidate 0dd1be59338e54a65d4a] {YetiFinanceTreasury, userInfo}
 writer root       -> contracts/AssetWrappers/WBQI.sol::WBQI.endTreasuryReward(address,uint256)
 writer effect     -> contracts/AssetWrappers/WBQI.sol:147
 written member    -> ('SV', 'contracts/AssetWrappers/WBQI.sol', 'WBQI.userInfo')
 potentially stale -> ('SV', 'contracts/AssetWrappers/WBQI.sol', 'WBQI.YetiFinanceTreasury')
 reader witnesses  -> 2
 storage exposures -> 1
[MV-SI candidate 5897f08005e033903fe6] {YetiFinanceTreasury, userInfo}
 writer root       -> contracts/AssetWrappers/WBQI.sol::WBQI.updateReward(address,address,uint256)
 writer effect     -> contracts/AssetWrappers/WBQI.sol:194
 written member    -> ('SV', 'contracts/AssetWrappers/WBQI.sol', 'WBQI.userInfo')
 potentially stale -> ('SV', 'contracts/AssetWrappers/WBQI.sol', 'WBQI.YetiFinanceTreasury')
 reader witnesses  -> 2
 storage exposures -> 1
[MV-SI candidate 723c4bca61f0ad9db8c0] {YetiFinanceTreasury, userInfo}
 writer root       -> contracts/AssetWrappers/WBQI.sol::WBQI.wrap(uint256,address,address,address)
 writer effect     -> contracts/AssetWrappers/WBQI.sol:147
 written member    -> ('SV', 'contracts/AssetWrappers/WBQI.sol', 'WBQI.userInfo')
 potentially stale -> ('SV', 'contracts/AssetWrappers/WBQI.sol', 'WBQI.YetiFinanceTreasury')
 reader witnesses  -> 2
 storage exposures -> 1
[MV-SI candidate 9dbd6cfaf1dfaa50f7e4] {YetiFinanceTreasury, userInfo}
 writer root       -> contracts/AssetWrappers/WBQI.sol::WBQI.updateReward(address,address,uint256)
 writer effect     -> contracts/AssetWrappers/WBQI.sol:197
 written member    -> ('SV', 'contracts/AssetWrappers/WBQI.sol', 'WBQI.userInfo')
 potentially stale -> ('SV', 'contracts/AssetWrappers/WBQI.sol', 'WBQI.YetiFinanceTreasury')
 reader witnesses  -> 2
 storage exposures -> 1
[MV-SI candidate a16a9ec581cfb361d53b] {YetiFinanceTreasury, userInfo}
 writer root       -> contracts/AssetWrappers/WBQI.sol::WBQI.setAddresses(address,address,address,address,address,address)
 writer effect     -> contracts/AssetWrappers/WBQI.sol:94
 written member    -> ('SV', 'contracts/AssetWrappers/WBQI.sol', 'WBQI.YetiFinanceTreasury')
 potentially stale -> ('SV', 'contracts/AssetWrappers/WBQI.sol', 'WBQI.userInfo')
 reader witnesses  -> 16
 storage exposures -> 1
[MV-SI candidate c9b64825565b2ce4bd42] {YetiFinanceTreasury, userInfo}
 writer root       -> contracts/AssetWrappers/WBQI.sol::WBQI.claimReward(address)
 writer effect     -> contracts/AssetWrappers/WBQI.sol:235
 written member    -> ('SV', 'contracts/AssetWrappers/WBQI.sol', 'WBQI.userInfo')
 potentially stale -> ('SV', 'contracts/AssetWrappers/WBQI.sol', 'WBQI.YetiFinanceTreasury')
 reader witnesses  -> 2
 storage exposures -> 1
[MV-SI candidate d78097686397b4b74c35] {YetiFinanceTreasury, userInfo}
 writer root       -> contracts/AssetWrappers/WBQI.sol::WBQI.claimReward(address)
 writer effect     -> contracts/AssetWrappers/WBQI.sol:236
 written member    -> ('SV', 'contracts/AssetWrappers/WBQI.sol', 'WBQI.userInfo')
 potentially stale -> ('SV', 'contracts/AssetWrappers/WBQI.sol', 'WBQI.YetiFinanceTreasury')
 reader witnesses  -> 2
 storage exposures -> 1
[MV-SI candidate da801084e6504a19f397] {YetiFinanceTreasury, userInfo}
 writer root       -> contracts/AssetWrappers/WBQI.sol::WBQI.updateReward(address,address,uint256)
 writer effect     -> contracts/AssetWrappers/WBQI.sol:147
 written member    -> ('SV', 'contracts/AssetWrappers/WBQI.sol', 'WBQI.userInfo')
 potentially stale -> ('SV', 'contracts/AssetWrappers/WBQI.sol', 'WBQI.YetiFinanceTreasury')
 reader witnesses  -> 2
 storage exposures -> 1
[MV-SI candidate e2fc697fc39084ea202b] {YetiFinanceTreasury, userInfo}
 writer root       -> contracts/AssetWrappers/WBQI.sol::WBQI.claimReward(address)
 writer effect     -> contracts/AssetWrappers/WBQI.sol:147
 written member    -> ('SV', 'contracts/AssetWrappers/WBQI.sol', 'WBQI.userInfo')
 potentially stale -> ('SV', 'contracts/AssetWrappers/WBQI.sol', 'WBQI.YetiFinanceTreasury')
 reader witnesses  -> 2
 storage exposures -> 1Reference: https://github.com/crytic/slither/wiki/Detector-Documentation
[mvscan-config] {"ATOMIC_GROUP": [], "DIVERGENCE_BUDGET": 1000, "ENABLE_BRANCH_GROUPS": true, "ENABLE_EXTERNAL_STATE": true, "ENABLE_MULTI_RETURN_GROUPS": true, "MAPPING_MODE": "base_collapsed", "MERGE_OVERLOADS": false, "MVSCAN_ABLATION": "mapping_insensitive", "MVSCAN_CONTEXTUAL_KEYS": true, "MVSCAN_INCLUDE_SCALAR_WITNESSES": false, "MVSCAN_INTERFACE_DISPATCH": false, "MVSCAN_MAX_CONTEXTS_PER_OWNER_BLOCK": 128, "MVSCAN_MAX_DISPATCH_TARGETS": 16, "MVSCAN_REQUIRE_DISTINCT_OUTER_ROOTS": false, "MVSCAN_ROOT_CONTEXT_SINKS": false, "NOOP_WRITE_FILTER": true, "REQUIRE_SAME_SLOT_KEY": false, "SINK_TEST": "none", "USER_CALLABLE_ALWAYS": [], "USER_CALLABLE_DENY": []}
[mvscan-stage] icfg-built blocks=0 vars=0
[mvscan-stage] root-seeding-done eligible_exposures=0 seeded=0 multi_exposure_entry_blocks=0 collapsed_contextual_aliases=0 excluded_dependency=0 excluded_interface=3 excluded_library=0 excluded_abstract=0 missing_entry_point=0 missing_entry_block=0
[mvscan-pairs] call_target_digest=4f53cda18c2baa0c0354bb5f9a3ecbe5ed12ab4d8e11ba873c2f11161202b945 candidate_count=0 candidate_digest=4f53cda18c2baa0c0354bb5f9a3ecbe5ed12ab4d8e11ba873c2f11161202b945 context_instance_count=0 execution_context_digest=4f53cda18c2baa0c0354bb5f9a3ecbe5ed12ab4d8e11ba873c2f11161202b945 invalid_partial_write_filtered=0 must_full_relation_filtered=0 omitted_member_evidence_filtered=0 omitted_member_not_sensitive_filtered=0 owner_context_pairs=0 owner_context_pairs_considered=0 reader_witness_count=0 relation_context_incompatible=0 relation_digest=4f53cda18c2baa0c0354bb5f9a3ecbe5ed12ab4d8e11ba873c2f11161202b945 root_context_sink_filtered=0 same_outer_root_filtered=0 storage_context_mismatch=0
INFO:Slither:. analyzed (175 contracts with 1 detectors), 27 result(s) found
