Problem executing hardhat to fetch configuration, using defaults: [Errno 2] No such file or directory: 'hardhat'
[mvscan-config] {"ATOMIC_GROUP": [], "DIVERGENCE_BUDGET": 1000, "ENABLE_BRANCH_GROUPS": true, "ENABLE_EXTERNAL_STATE": true, "ENABLE_MULTI_RETURN_GROUPS": false, "MAPPING_MODE": "precise", "MERGE_OVERLOADS": false, "MVSCAN_ABLATION": "no_multi_return_groups", "MVSCAN_CONTEXTUAL_KEYS": true, "MVSCAN_INCLUDE_SCALAR_WITNESSES": false, "MVSCAN_INTERFACE_DISPATCH": false, "MVSCAN_MAX_CONTEXTS_PER_OWNER_BLOCK": 128, "MVSCAN_MAX_DISPATCH_TARGETS": 16, "MVSCAN_REQUIRE_DISTINCT_OUTER_ROOTS": false, "MVSCAN_ROOT_CONTEXT_SINKS": false, "NOOP_WRITE_FILTER": true, "REQUIRE_SAME_SLOT_KEY": true, "SINK_TEST": "none", "USER_CALLABLE_ALWAYS": [], "USER_CALLABLE_DENY": []}
[mvscan-stage] icfg-built blocks=4 vars=1
[mvscan-stage] root-seeding-done eligible_exposures=0 seeded=0 multi_exposure_entry_blocks=0 collapsed_contextual_aliases=0 excluded_dependency=0 excluded_interface=0 excluded_library=0 excluded_abstract=0 missing_entry_point=0 missing_entry_block=0
[mvscan-pairs] call_target_digest=4f53cda18c2baa0c0354bb5f9a3ecbe5ed12ab4d8e11ba873c2f11161202b945 candidate_count=0 candidate_digest=4f53cda18c2baa0c0354bb5f9a3ecbe5ed12ab4d8e11ba873c2f11161202b945 context_instance_count=0 execution_context_digest=4f53cda18c2baa0c0354bb5f9a3ecbe5ed12ab4d8e11ba873c2f11161202b945 invalid_partial_write_filtered=0 must_full_relation_filtered=0 omitted_member_evidence_filtered=0 omitted_member_not_sensitive_filtered=0 owner_context_pairs=0 owner_context_pairs_considered=0 reader_witness_count=0 relation_context_incompatible=0 relation_digest=4f53cda18c2baa0c0354bb5f9a3ecbe5ed12ab4d8e11ba873c2f11161202b945 root_context_sink_filtered=0 same_outer_root_filtered=0 storage_context_mismatch=0
[mvscan-config] {"ATOMIC_GROUP": [], "DIVERGENCE_BUDGET": 1000, "ENABLE_BRANCH_GROUPS": true, "ENABLE_EXTERNAL_STATE": true, "ENABLE_MULTI_RETURN_GROUPS": false, "MAPPING_MODE": "precise", "MERGE_OVERLOADS": false, "MVSCAN_ABLATION": "no_multi_return_groups", "MVSCAN_CONTEXTUAL_KEYS": true, "MVSCAN_INCLUDE_SCALAR_WITNESSES": false, "MVSCAN_INTERFACE_DISPATCH": false, "MVSCAN_MAX_CONTEXTS_PER_OWNER_BLOCK": 128, "MVSCAN_MAX_DISPATCH_TARGETS": 16, "MVSCAN_REQUIRE_DISTINCT_OUTER_ROOTS": false, "MVSCAN_ROOT_CONTEXT_SINKS": false, "NOOP_WRITE_FILTER": true, "REQUIRE_SAME_SLOT_KEY": true, "SINK_TEST": "none", "USER_CALLABLE_ALWAYS": [], "USER_CALLABLE_DENY": []}
[mvscan-stage] icfg-built blocks=2745 vars=162
[mvscan-stage] root-seeding-done eligible_exposures=145 seeded=101 multi_exposure_entry_blocks=22 collapsed_contextual_aliases=44 excluded_dependency=0 excluded_interface=80 excluded_library=0 excluded_abstract=26 missing_entry_point=0 missing_entry_block=0
[mvscan-pairs] call_target_digest=09a2851814ffca4277303ef31aede7e356b9aee7bf9bc8e7ff05a64bfbe7c011 candidate_count=2 candidate_digest=f44ea5add3f8c06ff6fb8225bf770968d4dad521485600b80becf73a9b4aa7ab context_instance_count=19 eligible_readers=16 eligible_writers=8 execution_context_digest=bb8d63de635662ac748821b9f68380fa3519b06bea71b28f5a15483b947dbc75 insensitive_readers_filtered=16 invalid_partial_write_filtered=0 must_full_relation_filtered=0 omitted_member_evidence_filtered=0 omitted_member_not_sensitive_filtered=0 owner_context_pairs=76 owner_context_pairs_considered=140 raw_block_pairs=32 reader_witness_count=76 relation_base_members_shadowed=26 relation_context_incompatible=64 relation_digest=84f9b5de295bec85a94f602e867d633ab93bc39ec6ccf894699b1366eb5b0479 relation_members_raw=85 relation_origins_registered=4 relation_origins_rejected_unary_after_shadowing=51 relation_origins_seen=55 relation_unbound_key_templates=24 root_context_sink_filtered=0 same_outer_root_filtered=0 same_static_block_filtered=4 scalar_variables_skipped=98 storage_context_mismatch=0 variables_considered=102
INFO:Detectors:

[MV-SI candidate 1f22b3c682c1ff11d572] {delays[$arg1], minDelay}
 writer root       -> contracts/timelock/ConfigTimelockController.sol::ConfigTimelockController.setDelay(bytes32,uint256)
 writer effect     -> contracts/timelock/ConfigTimelockController.sol:39
 written member    -> ('MS', 'contracts/timelock/ConfigTimelockController.sol', 'ConfigTimelockController.delays', '$arg1')
 potentially stale -> ('SV', 'contracts/timelock/ConfigTimelockController.sol', 'ConfigTimelockController.minDelay')
 reader witnesses  -> 40
 storage exposures -> 1
[MV-SI candidate 2c19cddb245592eb5136] {delays[$arg1], minDelay}
 writer root       -> contracts/timelock/ConfigTimelockController.sol::ConfigTimelockController.setDelay(bytes32,uint256)
 writer effect     -> contracts/timelock/ConfigTimelockController.sol:39
 written member    -> ('MS', 'contracts/timelock/ConfigTimelockController.sol', 'ConfigTimelockController.delays', '$arg1')
 potentially stale -> ('SV', 'contracts/timelock/ConfigTimelockController.sol', 'ConfigTimelockController.minDelay')
 reader witnesses  -> 36
 storage exposures -> 1Reference: https://github.com/crytic/slither/wiki/Detector-Documentation
INFO:Slither:. analyzed (86 contracts with 1 detectors), 2 result(s) found
