Problem executing hardhat to fetch configuration, using defaults: [Errno 2] No such file or directory: 'hardhat'
[mvscan-config] {"ATOMIC_GROUP": [], "DIVERGENCE_BUDGET": 1000, "ENABLE_BRANCH_GROUPS": true, "ENABLE_EXTERNAL_STATE": true, "ENABLE_MULTI_RETURN_GROUPS": true, "MAPPING_MODE": "base_collapsed", "MERGE_OVERLOADS": false, "MVSCAN_ABLATION": "mapping_insensitive", "MVSCAN_CONTEXTUAL_KEYS": true, "MVSCAN_INCLUDE_SCALAR_WITNESSES": false, "MVSCAN_INTERFACE_DISPATCH": false, "MVSCAN_MAX_CONTEXTS_PER_OWNER_BLOCK": 128, "MVSCAN_MAX_DISPATCH_TARGETS": 16, "MVSCAN_REQUIRE_DISTINCT_OUTER_ROOTS": false, "MVSCAN_ROOT_CONTEXT_SINKS": false, "NOOP_WRITE_FILTER": true, "REQUIRE_SAME_SLOT_KEY": false, "SINK_TEST": "none", "USER_CALLABLE_ALWAYS": [], "USER_CALLABLE_DENY": []}
[mvscan-stage] icfg-built blocks=1533 vars=45
[mvscan-stage] root-seeding-done eligible_exposures=60 seeded=56 multi_exposure_entry_blocks=3 collapsed_contextual_aliases=4 excluded_dependency=0 excluded_interface=49 excluded_library=0 excluded_abstract=3 missing_entry_point=0 missing_entry_block=0
[mvscan-pairs] call_target_digest=9025de41cf4d429072b7c0dcd25ae5f129d418e89d317de339f55f077d4112ee candidate_count=14 candidate_digest=616cf82d3f426637084ed85a76f006545e1e4bd1c80bd77b06255af13a6df880 context_instance_count=82 eligible_readers=11 eligible_writers=14 execution_context_digest=0bdc7ca5de0a0e7ed36486b540828b3494801ec5817433877e166a1a0f2f6cb8 insensitive_readers_filtered=5 invalid_partial_write_filtered=0 must_full_relation_filtered=0 omitted_member_evidence_filtered=0 omitted_member_not_sensitive_filtered=2 owner_context_pairs=82 owner_context_pairs_considered=232 raw_block_pairs=52 reader_witness_count=82 relation_base_members_shadowed=0 relation_context_incompatible=148 relation_digest=cb908e331495d1d5245b93f5b88ba841ec37bdc5b69058c7e424263279ad68d5 relation_members_raw=17 relation_origins_registered=3 relation_origins_rejected_unary_after_shadowing=9 relation_origins_rejected_unreachable=64 relation_origins_seen=12 root_context_sink_filtered=0 same_outer_root_filtered=0 same_static_block_filtered=8 scalar_variables_skipped=24 storage_context_mismatch=0 variables_considered=27
INFO:Detectors:

[MV-SI candidate 0c3492a7e5586746f968] {_controllers, controllerFor, pauser}
 writer root       -> contracts/factory/Factory.sol::Factory.initialize(ICollateral,IIncentivizer,IProduct,address)
 writer effect     -> contracts/factory/Factory.sol:186
 written member    -> ('SV', 'contracts/factory/Factory.sol', 'Factory.pauser')
 potentially stale -> ('SV', 'contracts/factory/Factory.sol', 'Factory._controllers'), ('SV', 'contracts/factory/Factory.sol', 'Factory.controllerFor')
 reader witnesses  -> 16
 storage exposures -> 1
[MV-SI candidate 11ee93278b30983187b2] {minDelay, priceAtVersion, timestampAtVersion}
 writer root       -> contracts/oracle/ChainlinkOracle.sol::ChainlinkOracle.sync()
 writer effect     -> contracts/oracle/ChainlinkOracle.sol:54
 written member    -> ('SV', 'contracts/oracle/ChainlinkOracle.sol', 'ChainlinkOracle.priceAtVersion')
 potentially stale -> ('SV', 'contracts/oracle/ChainlinkOracle.sol', 'ChainlinkOracle.minDelay'), ('SV', 'contracts/oracle/ChainlinkOracle.sol', 'ChainlinkOracle.timestampAtVersion')
 reader witnesses  -> 1
 storage exposures -> 1
[MV-SI candidate 52783873edd0e424221a] {minDelay, priceAtVersion, timestampAtVersion}
 writer root       -> contracts/oracle/ChainlinkOracle.sol::ChainlinkOracle.sync()
 writer effect     -> contracts/oracle/ChainlinkOracle.sol:56
 written member    -> ('SV', 'contracts/oracle/ChainlinkOracle.sol', 'ChainlinkOracle.timestampAtVersion')
 potentially stale -> ('SV', 'contracts/oracle/ChainlinkOracle.sol', 'ChainlinkOracle.minDelay'), ('SV', 'contracts/oracle/ChainlinkOracle.sol', 'ChainlinkOracle.priceAtVersion')
 reader witnesses  -> 3
 storage exposures -> 1
[MV-SI candidate 557a65fdbbf043731cff] {_controllers, controllerFor, pauser}
 writer root       -> contracts/factory/Factory.sol::Factory.initialize(ICollateral,IIncentivizer,IProduct,address)
 writer effect     -> contracts/factory/Factory.sol:87
 written member    -> ('SV', 'contracts/factory/Factory.sol', 'Factory._controllers')
 potentially stale -> ('SV', 'contracts/factory/Factory.sol', 'Factory.controllerFor'), ('SV', 'contracts/factory/Factory.sol', 'Factory.pauser')
 reader witnesses  -> 1
 storage exposures -> 1
[MV-SI candidate 58e291006df591e1d4b2] {_controllers, controllerFor, pauser}
 writer root       -> contracts/factory/Factory.sol::Factory.updateController(uint256,IFactory.Controller)
 writer effect     -> contracts/factory/Factory.sol:104
 written member    -> ('SV', 'contracts/factory/Factory.sol', 'Factory._controllers')
 potentially stale -> ('SV', 'contracts/factory/Factory.sol', 'Factory.controllerFor'), ('SV', 'contracts/factory/Factory.sol', 'Factory.pauser')
 reader witnesses  -> 1
 storage exposures -> 1
[MV-SI candidate 5b9c3a1560f3bd24c6ba] {minDelay, priceAtVersion, timestampAtVersion}
 writer root       -> contracts/oracle/ChainlinkOracle.sol::ChainlinkOracle.updateMinDelay(uint256)
 writer effect     -> contracts/oracle/ChainlinkOracle.sol:75
 written member    -> ('SV', 'contracts/oracle/ChainlinkOracle.sol', 'ChainlinkOracle.minDelay')
 potentially stale -> ('SV', 'contracts/oracle/ChainlinkOracle.sol', 'ChainlinkOracle.priceAtVersion'), ('SV', 'contracts/oracle/ChainlinkOracle.sol', 'ChainlinkOracle.timestampAtVersion')
 reader witnesses  -> 4
 storage exposures -> 1
[MV-SI candidate 86bc68a79126f1c1d67b] {_controllers, controllerFor, pauser}
 writer root       -> contracts/factory/Factory.sol::Factory.createController(address)
 writer effect     -> contracts/factory/Factory.sol:85
 written member    -> ('SV', 'contracts/factory/Factory.sol', 'Factory._controllers')
 potentially stale -> ('SV', 'contracts/factory/Factory.sol', 'Factory.controllerFor'), ('SV', 'contracts/factory/Factory.sol', 'Factory.pauser')
 reader witnesses  -> 1
 storage exposures -> 1
[MV-SI candidate a346d9b61ba170dc9e5d] {_controllers, controllerFor, pauser}
 writer root       -> contracts/factory/Factory.sol::Factory.createController(address)
 writer effect     -> contracts/factory/Factory.sol:87
 written member    -> ('SV', 'contracts/factory/Factory.sol', 'Factory._controllers')
 potentially stale -> ('SV', 'contracts/factory/Factory.sol', 'Factory.controllerFor'), ('SV', 'contracts/factory/Factory.sol', 'Factory.pauser')
 reader witnesses  -> 1
 storage exposures -> 1
[MV-SI candidate af53218a373853c372dc] {_controllers, controllerFor, pauser}
 writer root       -> contracts/factory/Factory.sol::Factory.updatePauser(address)
 writer effect     -> contracts/factory/Factory.sol:186
 written member    -> ('SV', 'contracts/factory/Factory.sol', 'Factory.pauser')
 potentially stale -> ('SV', 'contracts/factory/Factory.sol', 'Factory._controllers'), ('SV', 'contracts/factory/Factory.sol', 'Factory.controllerFor')
 reader witnesses  -> 16
 storage exposures -> 1
[MV-SI candidate b1107d60555b9ab1cb2a] {_controllers, controllerFor, pauser}
 writer root       -> contracts/factory/Factory.sol::Factory.initialize(ICollateral,IIncentivizer,IProduct,address)
 writer effect     -> contracts/factory/Factory.sol:85
 written member    -> ('SV', 'contracts/factory/Factory.sol', 'Factory._controllers')
 potentially stale -> ('SV', 'contracts/factory/Factory.sol', 'Factory.controllerFor'), ('SV', 'contracts/factory/Factory.sol', 'Factory.pauser')
 reader witnesses  -> 1
 storage exposures -> 1
[MV-SI candidate c1ec4239523cb9e55b11] {_controllers, controllerFor, pauser}
 writer root       -> contracts/factory/Factory.sol::Factory.createProduct(uint256,IProductProvider)
 writer effect     -> contracts/factory/Factory.sol:121
 written member    -> ('SV', 'contracts/factory/Factory.sol', 'Factory.controllerFor')
 potentially stale -> ('SV', 'contracts/factory/Factory.sol', 'Factory._controllers'), ('SV', 'contracts/factory/Factory.sol', 'Factory.pauser')
 reader witnesses  -> 17
 storage exposures -> 1
[MV-SI candidate c51b372a24f21cf12d84] {minDelay, priceAtVersion, timestampAtVersion}
 writer root       -> contracts/oracle/ChainlinkOracle.sol::ChainlinkOracle.sync()
 writer effect     -> contracts/oracle/ChainlinkOracle.sol:67
 written member    -> ('SV', 'contracts/oracle/ChainlinkOracle.sol', 'ChainlinkOracle.priceAtVersion')
 potentially stale -> ('SV', 'contracts/oracle/ChainlinkOracle.sol', 'ChainlinkOracle.minDelay'), ('SV', 'contracts/oracle/ChainlinkOracle.sol', 'ChainlinkOracle.timestampAtVersion')
 reader witnesses  -> 2
 storage exposures -> 1
[MV-SI candidate d90f9cdb765eee681c0a] {minDelay, priceAtVersion, timestampAtVersion}
 writer root       -> contracts/oracle/ChainlinkOracle.sol::ChainlinkOracle.sync()
 writer effect     -> contracts/oracle/ChainlinkOracle.sol:55
 written member    -> ('SV', 'contracts/oracle/ChainlinkOracle.sol', 'ChainlinkOracle.priceAtVersion')
 potentially stale -> ('SV', 'contracts/oracle/ChainlinkOracle.sol', 'ChainlinkOracle.minDelay'), ('SV', 'contracts/oracle/ChainlinkOracle.sol', 'ChainlinkOracle.timestampAtVersion')
 reader witnesses  -> 2
 storage exposures -> 1
[MV-SI candidate e0ad595388d9cd2cac9b] {_controllers, controllerFor}
 writer root       -> contracts/factory/Factory.sol::Factory.createProduct(uint256,IProductProvider)
 writer effect     -> contracts/factory/Factory.sol:121
 written member    -> ('SV', 'contracts/factory/Factory.sol', 'Factory.controllerFor')
 potentially stale -> ('SV', 'contracts/factory/Factory.sol', 'Factory._controllers')
 reader witnesses  -> 16
 storage exposures -> 1Reference: https://github.com/crytic/slither/wiki/Detector-Documentation
INFO:Slither:. analyzed (46 contracts with 1 detectors), 14 result(s) found
