Problem executing hardhat to fetch configuration, using defaults: [Errno 2] No such file or directory: 'hardhat'
[mvscan-config] {"ATOMIC_GROUP": [], "DIVERGENCE_BUDGET": 1000, "ENABLE_BRANCH_GROUPS": true, "ENABLE_EXTERNAL_STATE": true, "ENABLE_MULTI_RETURN_GROUPS": true, "MAPPING_MODE": "base_collapsed", "MERGE_OVERLOADS": false, "MVSCAN_ABLATION": "mapping_insensitive", "MVSCAN_CONTEXTUAL_KEYS": true, "MVSCAN_INCLUDE_SCALAR_WITNESSES": false, "MVSCAN_INTERFACE_DISPATCH": false, "MVSCAN_MAX_CONTEXTS_PER_OWNER_BLOCK": 128, "MVSCAN_MAX_DISPATCH_TARGETS": 16, "MVSCAN_REQUIRE_DISTINCT_OUTER_ROOTS": false, "MVSCAN_ROOT_CONTEXT_SINKS": false, "NOOP_WRITE_FILTER": true, "REQUIRE_SAME_SLOT_KEY": false, "SINK_TEST": "none", "USER_CALLABLE_ALWAYS": [], "USER_CALLABLE_DENY": []}
[mvscan-stage] icfg-built blocks=4461 vars=246
[mvscan-stage] root-seeding-done eligible_exposures=147 seeded=111 multi_exposure_entry_blocks=24 collapsed_contextual_aliases=36 excluded_dependency=0 excluded_interface=122 excluded_library=0 excluded_abstract=31 missing_entry_point=0 missing_entry_block=0
[mvscan-pairs] call_target_digest=a8904838f24f4c1d5660f08e5cb5bdab446a92a02ae72354953048b4219d1065 candidate_count=23 candidate_digest=f4b1109777731c32ea184ae6ba751293639b290f3b7d62125baafbed3fd9bacd context_instance_count=271 eligible_readers=81 eligible_writers=54 execution_context_digest=bdb76dbcf3809a85d829289b200d1c2cdaa9df8cfe15ed5c48ee169d3caf7341 insensitive_readers_filtered=78 invalid_partial_write_filtered=0 must_full_relation_filtered=55 omitted_member_evidence_filtered=0 omitted_member_not_sensitive_filtered=56 owner_context_pairs=673 owner_context_pairs_considered=2570 raw_block_pairs=424 reader_witness_count=673 relation_base_members_shadowed=0 relation_context_incompatible=613 relation_digest=9b1d37a174864384650fa9d816829e39b2ce7bcdc722ce6c2c315bf83dd80001 relation_members_raw=140 relation_origins_registered=12 relation_origins_rejected_unary_after_shadowing=113 relation_origins_rejected_unreachable=39 relation_origins_seen=125 root_context_sink_filtered=0 same_outer_root_filtered=0 same_static_block_filtered=22 scalar_variables_skipped=133 storage_context_mismatch=1173 variables_considered=145
INFO:Detectors:

[MV-SI candidate 10c3aead0878631e82a0] {requireClaimFor, tokenOf}
 writer root       -> contracts/JBTokenStore.sol::JBTokenStore.changeFor(uint256,IJBToken,address)
 writer effect     -> contracts/JBTokenStore.sol:256
 written member    -> ('SV', 'contracts/JBTokenStore.sol', 'JBTokenStore.tokenOf')
 potentially stale -> ('SV', 'contracts/JBTokenStore.sol', 'JBTokenStore.requireClaimFor')
 reader witnesses  -> 2
 storage exposures -> 1
[MV-SI candidate 13589f195ea7eca99d18] {_operatorApprovals, _owners}
 writer root       -> @openzeppelin/contracts/token/ERC721/ERC721.sol::ERC721.safeTransferFrom(address,address,uint256,bytes)
 writer effect     -> @openzeppelin/contracts/token/ERC721/ERC721.sol:346
 written member    -> ('SV', '@openzeppelin/contracts/token/ERC721/ERC721.sol', 'ERC721._owners')
 potentially stale -> ('SV', '@openzeppelin/contracts/token/ERC721/ERC721.sol', 'ERC721._operatorApprovals')
 reader witnesses  -> 8
 storage exposures -> 2
[MV-SI candidate 18b319fdba59b5177371] {balanceOf, usedDistributionLimitOf}
 writer root       -> contracts/JBSingleTokenPaymentTerminalStore.sol::JBSingleTokenPaymentTerminalStore.recordPaymentFrom(address,JBTokenAmount,uint256,uint256,address,string,bytes)
 writer effect     -> contracts/JBSingleTokenPaymentTerminalStore.sol:373
 written member    -> ('SV', 'contracts/JBSingleTokenPaymentTerminalStore.sol', 'JBSingleTokenPaymentTerminalStore.balanceOf')
 potentially stale -> ('SV', 'contracts/JBSingleTokenPaymentTerminalStore.sol', 'JBSingleTokenPaymentTerminalStore.usedDistributionLimitOf')
 reader witnesses  -> 12
 storage exposures -> 1
[MV-SI candidate 1a5d056507bf5ce6dfd5] {_operatorApprovals, _owners, _tokenApprovals}
 writer root       -> @openzeppelin/contracts/token/ERC721/ERC721.sol::ERC721.safeTransferFrom(address,address,uint256)
 writer effect     -> @openzeppelin/contracts/token/ERC721/ERC721.sol:359
 written member    -> ('SV', '@openzeppelin/contracts/token/ERC721/ERC721.sol', 'ERC721._tokenApprovals')
 potentially stale -> ('SV', '@openzeppelin/contracts/token/ERC721/ERC721.sol', 'ERC721._operatorApprovals'), ('SV', '@openzeppelin/contracts/token/ERC721/ERC721.sol', 'ERC721._owners')
 reader witnesses  -> 72
 storage exposures -> 2
[MV-SI candidate 3169c8cbf85506d07e63] {fee, isFeelessAddress}
 writer root       -> contracts/system_tests/TestDistributeHeldFee.sol::TestDistributeHeldFee.testHeldFeeReimburse(uint256,uint16,uint256)
 writer effect     -> contracts/abstract/JBPayoutRedemptionPaymentTerminal.sol:627
 written member    -> ('SV', 'contracts/abstract/JBPayoutRedemptionPaymentTerminal.sol', 'JBPayoutRedemptionPaymentTerminal.fee')
 potentially stale -> ('SV', 'contracts/abstract/JBPayoutRedemptionPaymentTerminal.sol', 'JBPayoutRedemptionPaymentTerminal.isFeelessAddress')
 reader witnesses  -> 46
 storage exposures -> 1
[MV-SI candidate 332ea721650f5805578a] {_operatorApprovals, _owners, _tokenApprovals}
 writer root       -> contracts/JBProjects.sol::JBProjects.createFor(address,JBProjectMetadata)
 writer effect     -> @openzeppelin/contracts/token/ERC721/ERC721.sol:287
 written member    -> ('SV', '@openzeppelin/contracts/token/ERC721/ERC721.sol', 'ERC721._owners')
 potentially stale -> ('SV', '@openzeppelin/contracts/token/ERC721/ERC721.sol', 'ERC721._operatorApprovals'), ('SV', '@openzeppelin/contracts/token/ERC721/ERC721.sol', 'ERC721._tokenApprovals')
 reader witnesses  -> 21
 storage exposures -> 1
[MV-SI candidate 3b61e1935855cf207b71] {balanceOf, usedDistributionLimitOf}
 writer root       -> contracts/JBSingleTokenPaymentTerminalStore.sol::JBSingleTokenPaymentTerminalStore.recordRedemptionFor(address,uint256,uint256,string,bytes)
 writer effect     -> contracts/JBSingleTokenPaymentTerminalStore.sol:519
 written member    -> ('SV', 'contracts/JBSingleTokenPaymentTerminalStore.sol', 'JBSingleTokenPaymentTerminalStore.balanceOf')
 potentially stale -> ('SV', 'contracts/JBSingleTokenPaymentTerminalStore.sol', 'JBSingleTokenPaymentTerminalStore.usedDistributionLimitOf')
 reader witnesses  -> 12
 storage exposures -> 1
[MV-SI candidate 3cef31d48c10d54a4d55] {_operatorApprovals, _owners}
 writer root       -> @openzeppelin/contracts/token/ERC721/ERC721.sol::ERC721.transferFrom(address,address,uint256)
 writer effect     -> @openzeppelin/contracts/token/ERC721/ERC721.sol:346
 written member    -> ('SV', '@openzeppelin/contracts/token/ERC721/ERC721.sol', 'ERC721._owners')
 potentially stale -> ('SV', '@openzeppelin/contracts/token/ERC721/ERC721.sol', 'ERC721._operatorApprovals')
 reader witnesses  -> 8
 storage exposures -> 2
[MV-SI candidate 532ce1912a78e1870b00] {_operatorApprovals, _owners, _tokenApprovals}
 writer root       -> @openzeppelin/contracts/token/ERC721/ERC721.sol::ERC721.transferFrom(address,address,uint256)
 writer effect     -> @openzeppelin/contracts/token/ERC721/ERC721.sol:359
 written member    -> ('SV', '@openzeppelin/contracts/token/ERC721/ERC721.sol', 'ERC721._tokenApprovals')
 potentially stale -> ('SV', '@openzeppelin/contracts/token/ERC721/ERC721.sol', 'ERC721._operatorApprovals'), ('SV', '@openzeppelin/contracts/token/ERC721/ERC721.sol', 'ERC721._owners')
 reader witnesses  -> 72
 storage exposures -> 2
[MV-SI candidate 5e667c245d7cf000b52f] {balanceOf, usedDistributionLimitOf}
 writer root       -> contracts/JBSingleTokenPaymentTerminalStore.sol::JBSingleTokenPaymentTerminalStore.recordMigration(uint256)
 writer effect     -> contracts/JBSingleTokenPaymentTerminalStore.sol:730
 written member    -> ('SV', 'contracts/JBSingleTokenPaymentTerminalStore.sol', 'JBSingleTokenPaymentTerminalStore.balanceOf')
 potentially stale -> ('SV', 'contracts/JBSingleTokenPaymentTerminalStore.sol', 'JBSingleTokenPaymentTerminalStore.usedDistributionLimitOf')
 reader witnesses  -> 12
 storage exposures -> 1
[MV-SI candidate 62eeb8cecedaa6d03fa3] {_operatorApprovals, _owners, _tokenApprovals}
 writer root       -> @openzeppelin/contracts/token/ERC721/ERC721.sol::ERC721.safeTransferFrom(address,address,uint256)
 writer effect     -> @openzeppelin/contracts/token/ERC721/ERC721.sol:346
 written member    -> ('SV', '@openzeppelin/contracts/token/ERC721/ERC721.sol', 'ERC721._owners')
 potentially stale -> ('SV', '@openzeppelin/contracts/token/ERC721/ERC721.sol', 'ERC721._operatorApprovals'), ('SV', '@openzeppelin/contracts/token/ERC721/ERC721.sol', 'ERC721._tokenApprovals')
 reader witnesses  -> 42
 storage exposures -> 2
[MV-SI candidate 6fee5c060bb7586ae05f] {_operatorApprovals, _owners, _tokenApprovals}
 writer root       -> @openzeppelin/contracts/token/ERC721/ERC721.sol::ERC721.safeTransferFrom(address,address,uint256,bytes)
 writer effect     -> @openzeppelin/contracts/token/ERC721/ERC721.sol:346
 written member    -> ('SV', '@openzeppelin/contracts/token/ERC721/ERC721.sol', 'ERC721._owners')
 potentially stale -> ('SV', '@openzeppelin/contracts/token/ERC721/ERC721.sol', 'ERC721._operatorApprovals'), ('SV', '@openzeppelin/contracts/token/ERC721/ERC721.sol', 'ERC721._tokenApprovals')
 reader witnesses  -> 42
 storage exposures -> 2
[MV-SI candidate 7ad85a693210dbfea3b7] {requireClaimFor, tokenOf}
 writer root       -> contracts/JBTokenStore.sol::JBTokenStore.issueFor(uint256,string,string)
 writer effect     -> contracts/JBTokenStore.sol:206
 written member    -> ('SV', 'contracts/JBTokenStore.sol', 'JBTokenStore.tokenOf')
 potentially stale -> ('SV', 'contracts/JBTokenStore.sol', 'JBTokenStore.requireClaimFor')
 reader witnesses  -> 2
 storage exposures -> 1
[MV-SI candidate 87b9952c1f5ae177e40b] {balanceOf, usedDistributionLimitOf}
 writer root       -> contracts/JBSingleTokenPaymentTerminalStore.sol::JBSingleTokenPaymentTerminalStore.recordUsedAllowanceOf(uint256,uint256,uint256)
 writer effect     -> contracts/JBSingleTokenPaymentTerminalStore.sol:681
 written member    -> ('SV', 'contracts/JBSingleTokenPaymentTerminalStore.sol', 'JBSingleTokenPaymentTerminalStore.balanceOf')
 potentially stale -> ('SV', 'contracts/JBSingleTokenPaymentTerminalStore.sol', 'JBSingleTokenPaymentTerminalStore.usedDistributionLimitOf')
 reader witnesses  -> 12
 storage exposures -> 1
[MV-SI candidate 98d19062e874706863ba] {_operatorApprovals, _owners}
 writer root       -> contracts/JBProjects.sol::JBProjects.createFor(address,JBProjectMetadata)
 writer effect     -> @openzeppelin/contracts/token/ERC721/ERC721.sol:287
 written member    -> ('SV', '@openzeppelin/contracts/token/ERC721/ERC721.sol', 'ERC721._owners')
 potentially stale -> ('SV', '@openzeppelin/contracts/token/ERC721/ERC721.sol', 'ERC721._operatorApprovals')
 reader witnesses  -> 4
 storage exposures -> 1
[MV-SI candidate 9cd1e2337ee8f30547d8] {_operatorApprovals, _owners, _tokenApprovals}
 writer root       -> @openzeppelin/contracts/token/ERC721/ERC721.sol::ERC721.safeTransferFrom(address,address,uint256,bytes)
 writer effect     -> @openzeppelin/contracts/token/ERC721/ERC721.sol:359
 written member    -> ('SV', '@openzeppelin/contracts/token/ERC721/ERC721.sol', 'ERC721._tokenApprovals')
 potentially stale -> ('SV', '@openzeppelin/contracts/token/ERC721/ERC721.sol', 'ERC721._operatorApprovals'), ('SV', '@openzeppelin/contracts/token/ERC721/ERC721.sol', 'ERC721._owners')
 reader witnesses  -> 72
 storage exposures -> 2
[MV-SI candidate b14c4669dee33ba39bfd] {_operatorApprovals, _owners, _tokenApprovals}
 writer root       -> @openzeppelin/contracts/token/ERC721/ERC721.sol::ERC721.approve(address,uint256)
 writer effect     -> @openzeppelin/contracts/token/ERC721/ERC721.sol:359
 written member    -> ('SV', '@openzeppelin/contracts/token/ERC721/ERC721.sol', 'ERC721._tokenApprovals')
 potentially stale -> ('SV', '@openzeppelin/contracts/token/ERC721/ERC721.sol', 'ERC721._operatorApprovals'), ('SV', '@openzeppelin/contracts/token/ERC721/ERC721.sol', 'ERC721._owners')
 reader witnesses  -> 72
 storage exposures -> 2
[MV-SI candidate b3edd266674708ece7a5] {_operatorApprovals, _owners, _tokenApprovals}
 writer root       -> @openzeppelin/contracts/token/ERC721/ERC721.sol::ERC721.transferFrom(address,address,uint256)
 writer effect     -> @openzeppelin/contracts/token/ERC721/ERC721.sol:346
 written member    -> ('SV', '@openzeppelin/contracts/token/ERC721/ERC721.sol', 'ERC721._owners')
 potentially stale -> ('SV', '@openzeppelin/contracts/token/ERC721/ERC721.sol', 'ERC721._operatorApprovals'), ('SV', '@openzeppelin/contracts/token/ERC721/ERC721.sol', 'ERC721._tokenApprovals')
 reader witnesses  -> 42
 storage exposures -> 2
[MV-SI candidate c680d89ce504be18b8e9] {requireClaimFor, tokenOf}
 writer root       -> contracts/JBTokenStore.sol::JBTokenStore.shouldRequireClaimingFor(uint256,bool)
 writer effect     -> contracts/JBTokenStore.sol:480
 written member    -> ('SV', 'contracts/JBTokenStore.sol', 'JBTokenStore.requireClaimFor')
 potentially stale -> ('SV', 'contracts/JBTokenStore.sol', 'JBTokenStore.tokenOf')
 reader witnesses  -> 18
 storage exposures -> 1
[MV-SI candidate cee6a6b732ac9f47fd18] {_operatorApprovals, _owners, _tokenApprovals}
 writer root       -> @openzeppelin/contracts/token/ERC721/ERC721.sol::ERC721.setApprovalForAll(address,bool)
 writer effect     -> @openzeppelin/contracts/token/ERC721/ERC721.sol:374
 written member    -> ('SV', '@openzeppelin/contracts/token/ERC721/ERC721.sol', 'ERC721._operatorApprovals')
 potentially stale -> ('SV', '@openzeppelin/contracts/token/ERC721/ERC721.sol', 'ERC721._owners'), ('SV', '@openzeppelin/contracts/token/ERC721/ERC721.sol', 'ERC721._tokenApprovals')
 reader witnesses  -> 66
 storage exposures -> 2
[MV-SI candidate e77e21b5ba0c9c96b1f3] {_operatorApprovals, _owners}
 writer root       -> @openzeppelin/contracts/token/ERC721/ERC721.sol::ERC721.safeTransferFrom(address,address,uint256)
 writer effect     -> @openzeppelin/contracts/token/ERC721/ERC721.sol:346
 written member    -> ('SV', '@openzeppelin/contracts/token/ERC721/ERC721.sol', 'ERC721._owners')
 potentially stale -> ('SV', '@openzeppelin/contracts/token/ERC721/ERC721.sol', 'ERC721._operatorApprovals')
 reader witnesses  -> 8
 storage exposures -> 2
[MV-SI candidate fe8dedd4823fcb0365ab] {balanceOf, usedDistributionLimitOf}
 writer root       -> contracts/JBSingleTokenPaymentTerminalStore.sol::JBSingleTokenPaymentTerminalStore.recordAddedBalanceFor(uint256,uint256)
 writer effect     -> contracts/JBSingleTokenPaymentTerminalStore.sol:698
 written member    -> ('SV', 'contracts/JBSingleTokenPaymentTerminalStore.sol', 'JBSingleTokenPaymentTerminalStore.balanceOf')
 potentially stale -> ('SV', 'contracts/JBSingleTokenPaymentTerminalStore.sol', 'JBSingleTokenPaymentTerminalStore.usedDistributionLimitOf')
 reader witnesses  -> 12
 storage exposures -> 1
[MV-SI candidate ff38b3a4281d9234e9a8] {_operatorApprovals, _owners}
 writer root       -> @openzeppelin/contracts/token/ERC721/ERC721.sol::ERC721.setApprovalForAll(address,bool)
 writer effect     -> @openzeppelin/contracts/token/ERC721/ERC721.sol:374
 written member    -> ('SV', '@openzeppelin/contracts/token/ERC721/ERC721.sol', 'ERC721._operatorApprovals')
 potentially stale -> ('SV', '@openzeppelin/contracts/token/ERC721/ERC721.sol', 'ERC721._owners')
 reader witnesses  -> 16
 storage exposures -> 2Reference: https://github.com/crytic/slither/wiki/Detector-Documentation
INFO:Slither:. analyzed (105 contracts with 1 detectors), 23 result(s) found
