Problem executing hardhat to fetch configuration, using defaults: [Errno 2] No such file or directory: 'hardhat'
[mvscan-config] {"ATOMIC_GROUP": [], "DIVERGENCE_BUDGET": 1000, "ENABLE_BRANCH_GROUPS": true, "ENABLE_EXTERNAL_STATE": true, "ENABLE_MULTI_RETURN_GROUPS": true, "MAPPING_MODE": "base_collapsed", "MERGE_OVERLOADS": false, "MVSCAN_ABLATION": "mapping_insensitive", "MVSCAN_CONTEXTUAL_KEYS": true, "MVSCAN_INCLUDE_SCALAR_WITNESSES": false, "MVSCAN_INTERFACE_DISPATCH": false, "MVSCAN_MAX_CONTEXTS_PER_OWNER_BLOCK": 128, "MVSCAN_MAX_DISPATCH_TARGETS": 16, "MVSCAN_REQUIRE_DISTINCT_OUTER_ROOTS": false, "MVSCAN_ROOT_CONTEXT_SINKS": false, "NOOP_WRITE_FILTER": true, "REQUIRE_SAME_SLOT_KEY": false, "SINK_TEST": "none", "USER_CALLABLE_ALWAYS": [], "USER_CALLABLE_DENY": []}
[mvscan-stage] icfg-built blocks=632 vars=60
[mvscan-stage] root-seeding-done eligible_exposures=63 seeded=40 multi_exposure_entry_blocks=7 collapsed_contextual_aliases=23 excluded_dependency=0 excluded_interface=71 excluded_library=0 excluded_abstract=4 missing_entry_point=0 missing_entry_block=0
[mvscan-pairs] call_target_digest=6a7ac0273929e5f8fd75a208845e2d07d87419184dcd369585466e66359c885a candidate_count=25 candidate_digest=47f62225a8d6495614689b960ab5c591c4c99b85cd1be03d75d0792314f3bfb2 context_instance_count=168 eligible_readers=109 eligible_writers=55 execution_context_digest=5dbec89c795e0e9211ce5bc1b7789067f6646c05e50fc0c229c3e7b8cf7bc22f insensitive_readers_filtered=28 invalid_partial_write_filtered=0 must_full_relation_filtered=387 omitted_member_evidence_filtered=0 omitted_member_not_sensitive_filtered=1 owner_context_pairs=168 owner_context_pairs_considered=761 raw_block_pairs=535 reader_witness_count=168 relation_base_members_shadowed=0 relation_context_incompatible=205 relation_digest=4a6d219794ea0330bda1116407248726373de4bfc9eb85837584b70da80920c2 relation_members_raw=79 relation_origins_registered=13 relation_origins_rejected_unary_after_shadowing=41 relation_origins_rejected_unreachable=6 relation_origins_seen=54 root_context_sink_filtered=0 same_outer_root_filtered=0 same_static_block_filtered=8 scalar_variables_skipped=56 storage_context_mismatch=0 variables_considered=69
INFO:Detectors:

[MV-SI candidate 13ea6689384dd79ba943] {floorPrice, tokenReserve, wavaxReserve}
 writer root       -> contracts/LaunchEvent.sol::LaunchEvent.withdrawLiquidity()
 writer effect     -> contracts/LaunchEvent.sol:457
 written member    -> ('SV', 'contracts/LaunchEvent.sol', 'LaunchEvent.tokenReserve')
 potentially stale -> ('SV', 'contracts/LaunchEvent.sol', 'LaunchEvent.floorPrice'), ('SV', 'contracts/LaunchEvent.sol', 'LaunchEvent.wavaxReserve')
 reader witnesses  -> 10
 storage exposures -> 1
[MV-SI candidate 1e359e15914df05c4b3b] {floorPrice, tokenReserve, wavaxReserve}
 writer root       -> contracts/LaunchEvent.sol::LaunchEvent.initialize(address,uint256,address,uint256,uint256,uint256,uint256,uint256,uint256,uint256)
 writer effect     -> contracts/LaunchEvent.sol:273
 written member    -> ('SV', 'contracts/LaunchEvent.sol', 'LaunchEvent.tokenReserve')
 potentially stale -> ('SV', 'contracts/LaunchEvent.sol', 'LaunchEvent.floorPrice'), ('SV', 'contracts/LaunchEvent.sol', 'LaunchEvent.wavaxReserve')
 reader witnesses  -> 10
 storage exposures -> 1
[MV-SI candidate 2fc6ead7c7c7410e46b3] {floorPrice, tokenReserve, wavaxReserve}
 writer root       -> contracts/LaunchEvent.sol::LaunchEvent.emergencyWithdraw()
 writer effect     -> contracts/LaunchEvent.sol:512
 written member    -> ('SV', 'contracts/LaunchEvent.sol', 'LaunchEvent.tokenReserve')
 potentially stale -> ('SV', 'contracts/LaunchEvent.sol', 'LaunchEvent.floorPrice'), ('SV', 'contracts/LaunchEvent.sol', 'LaunchEvent.wavaxReserve')
 reader witnesses  -> 10
 storage exposures -> 1
[MV-SI candidate 3218e7eea3f2085501a4] {getUserInfo, wavaxAllocated}
 writer root       -> contracts/LaunchEvent.sol::LaunchEvent.createPair()
 writer effect     -> contracts/LaunchEvent.sol:423
 written member    -> ('SV', 'contracts/LaunchEvent.sol', 'LaunchEvent.wavaxAllocated')
 potentially stale -> ('SV', 'contracts/LaunchEvent.sol', 'LaunchEvent.getUserInfo')
 reader witnesses  -> 6
 storage exposures -> 1
[MV-SI candidate 3c50dce7f2d7902033f7] {getUserInfo, wavaxAllocated}
 writer root       -> contracts/LaunchEvent.sol::LaunchEvent.emergencyWithdraw()
 writer effect     -> contracts/LaunchEvent.sol:503
 written member    -> ('SV', 'contracts/LaunchEvent.sol', 'LaunchEvent.getUserInfo')
 potentially stale -> ('SV', 'contracts/LaunchEvent.sol', 'LaunchEvent.wavaxAllocated')
 reader witnesses  -> 3
 storage exposures -> 1
[MV-SI candidate 4e85c4833202b497b094] {floorPrice, tokenReserve, wavaxReserve}
 writer root       -> contracts/LaunchEvent.sol::LaunchEvent.withdrawAVAX(uint256)
 writer effect     -> contracts/LaunchEvent.sol:366
 written member    -> ('SV', 'contracts/LaunchEvent.sol', 'LaunchEvent.wavaxReserve')
 potentially stale -> ('SV', 'contracts/LaunchEvent.sol', 'LaunchEvent.floorPrice'), ('SV', 'contracts/LaunchEvent.sol', 'LaunchEvent.tokenReserve')
 reader witnesses  -> 10
 storage exposures -> 1
[MV-SI candidate 60534a4265c76faecc02] {tokenIncentivesBalance, tokenReserve}
 writer root       -> contracts/LaunchEvent.sol::LaunchEvent.emergencyWithdraw()
 writer effect     -> contracts/LaunchEvent.sol:512
 written member    -> ('SV', 'contracts/LaunchEvent.sol', 'LaunchEvent.tokenReserve')
 potentially stale -> ('SV', 'contracts/LaunchEvent.sol', 'LaunchEvent.tokenIncentivesBalance')
 reader witnesses  -> 4
 storage exposures -> 1
[MV-SI candidate 6d4b9a66b5b2e32eab19] {floorPrice, tokenReserve, wavaxReserve}
 writer root       -> contracts/LaunchEvent.sol::LaunchEvent.createPair()
 writer effect     -> contracts/LaunchEvent.sol:426
 written member    -> ('SV', 'contracts/LaunchEvent.sol', 'LaunchEvent.tokenReserve')
 potentially stale -> ('SV', 'contracts/LaunchEvent.sol', 'LaunchEvent.floorPrice'), ('SV', 'contracts/LaunchEvent.sol', 'LaunchEvent.wavaxReserve')
 reader witnesses  -> 10
 storage exposures -> 1
[MV-SI candidate 72b13416f319e60739eb] {tokenIncentivesBalance, tokenReserve}
 writer root       -> contracts/LaunchEvent.sol::LaunchEvent.withdrawLiquidity()
 writer effect     -> contracts/LaunchEvent.sol:457
 written member    -> ('SV', 'contracts/LaunchEvent.sol', 'LaunchEvent.tokenReserve')
 potentially stale -> ('SV', 'contracts/LaunchEvent.sol', 'LaunchEvent.tokenIncentivesBalance')
 reader witnesses  -> 4
 storage exposures -> 1
[MV-SI candidate 8a627868fad7486f798d] {tokenIncentivesBalance, tokenReserve}
 writer root       -> contracts/LaunchEvent.sol::LaunchEvent.createPair()
 writer effect     -> contracts/LaunchEvent.sol:426
 written member    -> ('SV', 'contracts/LaunchEvent.sol', 'LaunchEvent.tokenReserve')
 potentially stale -> ('SV', 'contracts/LaunchEvent.sol', 'LaunchEvent.tokenIncentivesBalance')
 reader witnesses  -> 4
 storage exposures -> 1
[MV-SI candidate 8be4aa92861947374c47] {floorPrice, tokenReserve, wavaxReserve}
 writer root       -> contracts/LaunchEvent.sol::LaunchEvent.depositAVAX()
 writer effect     -> contracts/LaunchEvent.sol:336
 written member    -> ('SV', 'contracts/LaunchEvent.sol', 'LaunchEvent.wavaxReserve')
 potentially stale -> ('SV', 'contracts/LaunchEvent.sol', 'LaunchEvent.floorPrice'), ('SV', 'contracts/LaunchEvent.sol', 'LaunchEvent.tokenReserve')
 reader witnesses  -> 10
 storage exposures -> 1
[MV-SI candidate 98001df57e8710754c27] {getUserInfo, wavaxAllocated}
 writer root       -> contracts/LaunchEvent.sol::LaunchEvent.depositAVAX()
 writer effect     -> contracts/LaunchEvent.sol:332
 written member    -> ('SV', 'contracts/LaunchEvent.sol', 'LaunchEvent.getUserInfo')
 potentially stale -> ('SV', 'contracts/LaunchEvent.sol', 'LaunchEvent.wavaxAllocated')
 reader witnesses  -> 3
 storage exposures -> 1
[MV-SI candidate 98306ae46f43897d2e95] {getUserInfo, wavaxAllocated}
 writer root       -> contracts/LaunchEvent.sol::LaunchEvent.withdrawIncentives()
 writer effect     -> contracts/LaunchEvent.sol:477
 written member    -> ('SV', 'contracts/LaunchEvent.sol', 'LaunchEvent.getUserInfo')
 potentially stale -> ('SV', 'contracts/LaunchEvent.sol', 'LaunchEvent.wavaxAllocated')
 reader witnesses  -> 3
 storage exposures -> 1
[MV-SI candidate 9e9148a010e10f6e6f2e] {floorPrice, tokenReserve, wavaxReserve}
 writer root       -> contracts/LaunchEvent.sol::LaunchEvent.initialize(address,uint256,address,uint256,uint256,uint256,uint256,uint256,uint256,uint256)
 writer effect     -> contracts/LaunchEvent.sol:277
 written member    -> ('SV', 'contracts/LaunchEvent.sol', 'LaunchEvent.floorPrice')
 potentially stale -> ('SV', 'contracts/LaunchEvent.sol', 'LaunchEvent.tokenReserve'), ('SV', 'contracts/LaunchEvent.sol', 'LaunchEvent.wavaxReserve')
 reader witnesses  -> 18
 storage exposures -> 1
[MV-SI candidate a0d5f95b858960c1c043] {tokenIncentiveIssuerRefund, tokenIncentivesForUsers, wavaxAllocated}
 writer root       -> contracts/LaunchEvent.sol::LaunchEvent.initialize(address,uint256,address,uint256,uint256,uint256,uint256,uint256,uint256,uint256)
 writer effect     -> contracts/LaunchEvent.sol:274
 written member    -> ('SV', 'contracts/LaunchEvent.sol', 'LaunchEvent.tokenIncentivesForUsers')
 potentially stale -> ('SV', 'contracts/LaunchEvent.sol', 'LaunchEvent.tokenIncentiveIssuerRefund'), ('SV', 'contracts/LaunchEvent.sol', 'LaunchEvent.wavaxAllocated')
 reader witnesses  -> 4
 storage exposures -> 1
[MV-SI candidate a5496c3ee26702cc2c58] {floorPrice, tokenReserve, wavaxReserve}
 writer root       -> contracts/LaunchEvent.sol::LaunchEvent.createPair()
 writer effect     -> contracts/LaunchEvent.sol:424
 written member    -> ('SV', 'contracts/LaunchEvent.sol', 'LaunchEvent.wavaxReserve')
 potentially stale -> ('SV', 'contracts/LaunchEvent.sol', 'LaunchEvent.floorPrice'), ('SV', 'contracts/LaunchEvent.sol', 'LaunchEvent.tokenReserve')
 reader witnesses  -> 10
 storage exposures -> 1
[MV-SI candidate a82559bb2af6a8f22727] {floorPrice, tokenReserve, wavaxReserve}
 writer root       -> contracts/LaunchEvent.sol::LaunchEvent.emergencyWithdraw()
 writer effect     -> contracts/LaunchEvent.sol:504
 written member    -> ('SV', 'contracts/LaunchEvent.sol', 'LaunchEvent.wavaxReserve')
 potentially stale -> ('SV', 'contracts/LaunchEvent.sol', 'LaunchEvent.floorPrice'), ('SV', 'contracts/LaunchEvent.sol', 'LaunchEvent.tokenReserve')
 reader witnesses  -> 10
 storage exposures -> 1
[MV-SI candidate ae4c728fc4d26f896fc9] {tokenIncentivesBalance, tokenReserve}
 writer root       -> contracts/LaunchEvent.sol::LaunchEvent.emergencyWithdraw()
 writer effect     -> contracts/LaunchEvent.sol:513
 written member    -> ('SV', 'contracts/LaunchEvent.sol', 'LaunchEvent.tokenIncentivesBalance')
 potentially stale -> ('SV', 'contracts/LaunchEvent.sol', 'LaunchEvent.tokenReserve')
 reader witnesses  -> 8
 storage exposures -> 1
[MV-SI candidate b033f0c1228f15cd8231] {tokenIncentiveIssuerRefund, tokenIncentivesForUsers, wavaxAllocated}
 writer root       -> contracts/LaunchEvent.sol::LaunchEvent.createPair()
 writer effect     -> contracts/LaunchEvent.sol:402
 written member    -> ('SV', 'contracts/LaunchEvent.sol', 'LaunchEvent.tokenIncentiveIssuerRefund')
 potentially stale -> ('SV', 'contracts/LaunchEvent.sol', 'LaunchEvent.tokenIncentivesForUsers'), ('SV', 'contracts/LaunchEvent.sol', 'LaunchEvent.wavaxAllocated')
 reader witnesses  -> 5
 storage exposures -> 1
[MV-SI candidate bb7549f9d7dd2d8c0fa3] {getUserInfo, wavaxAllocated}
 writer root       -> contracts/LaunchEvent.sol::LaunchEvent.withdrawAVAX(uint256)
 writer effect     -> contracts/LaunchEvent.sol:361
 written member    -> ('SV', 'contracts/LaunchEvent.sol', 'LaunchEvent.getUserInfo')
 potentially stale -> ('SV', 'contracts/LaunchEvent.sol', 'LaunchEvent.wavaxAllocated')
 reader witnesses  -> 3
 storage exposures -> 1
[MV-SI candidate be9ce5f991fdd92e915f] {getUserInfo, wavaxAllocated}
 writer root       -> contracts/LaunchEvent.sol::LaunchEvent.withdrawLiquidity()
 writer effect     -> contracts/LaunchEvent.sol:448
 written member    -> ('SV', 'contracts/LaunchEvent.sol', 'LaunchEvent.getUserInfo')
 potentially stale -> ('SV', 'contracts/LaunchEvent.sol', 'LaunchEvent.wavaxAllocated')
 reader witnesses  -> 3
 storage exposures -> 1
[MV-SI candidate c2e45eb80c30cf90cbd1] {getUserInfo, wavaxAllocated}
 writer root       -> contracts/LaunchEvent.sol::LaunchEvent.depositAVAX()
 writer effect     -> contracts/LaunchEvent.sol:335
 written member    -> ('SV', 'contracts/LaunchEvent.sol', 'LaunchEvent.getUserInfo')
 potentially stale -> ('SV', 'contracts/LaunchEvent.sol', 'LaunchEvent.wavaxAllocated')
 reader witnesses  -> 3
 storage exposures -> 1
[MV-SI candidate d733e4e38bbc3572db76] {tokenIncentiveIssuerRefund, tokenIncentivesForUsers, wavaxAllocated}
 writer root       -> contracts/LaunchEvent.sol::LaunchEvent.createPair()
 writer effect     -> contracts/LaunchEvent.sol:423
 written member    -> ('SV', 'contracts/LaunchEvent.sol', 'LaunchEvent.wavaxAllocated')
 potentially stale -> ('SV', 'contracts/LaunchEvent.sol', 'LaunchEvent.tokenIncentiveIssuerRefund'), ('SV', 'contracts/LaunchEvent.sol', 'LaunchEvent.tokenIncentivesForUsers')
 reader witnesses  -> 5
 storage exposures -> 1
[MV-SI candidate e01c450bfc25f1ef66f4] {tokenIncentiveIssuerRefund, tokenIncentivesForUsers, wavaxAllocated}
 writer root       -> contracts/LaunchEvent.sol::LaunchEvent.createPair()
 writer effect     -> contracts/LaunchEvent.sol:399
 written member    -> ('SV', 'contracts/LaunchEvent.sol', 'LaunchEvent.tokenIncentivesForUsers')
 potentially stale -> ('SV', 'contracts/LaunchEvent.sol', 'LaunchEvent.tokenIncentiveIssuerRefund'), ('SV', 'contracts/LaunchEvent.sol', 'LaunchEvent.wavaxAllocated')
 reader witnesses  -> 4
 storage exposures -> 1
[MV-SI candidate fe869714b6d0c6022603] {tokenIncentivesBalance, tokenReserve}
 writer root       -> contracts/LaunchEvent.sol::LaunchEvent.withdrawIncentives()
 writer effect     -> contracts/LaunchEvent.sol:488
 written member    -> ('SV', 'contracts/LaunchEvent.sol', 'LaunchEvent.tokenIncentivesBalance')
 potentially stale -> ('SV', 'contracts/LaunchEvent.sol', 'LaunchEvent.tokenReserve')
 reader witnesses  -> 8
 storage exposures -> 1Reference: https://github.com/crytic/slither/wiki/Detector-Documentation
INFO:Slither:. analyzed (26 contracts with 1 detectors), 25 result(s) found
