'/tmp/.svm/0.8.0/solc-0.8.0 --version' running
'solc --standard-json --allow-paths /tmp/analysis-input' running
Warning: Warning: Unused function parameter. Remove or comment out the variable name to silence this warning.
  --> contracts/InterestRateModel.sol:55:23:
   |
55 |   function systemRate(ILendingPair _pair, address _token) external pure returns(uint) {
   |                       ^^^^^^^^^^^^^^^^^^


Warning: Warning: Unused function parameter. Remove or comment out the variable name to silence this warning.
  --> contracts/InterestRateModel.sol:55:43:
   |
55 |   function systemRate(ILendingPair _pair, address _token) external pure returns(uint) {
   |                                           ^^^^^^^^^^^^^^



[mvscan-config] {"ATOMIC_GROUP": [], "DIVERGENCE_BUDGET": 1000, "ENABLE_BRANCH_GROUPS": true, "ENABLE_EXTERNAL_STATE": true, "ENABLE_MULTI_RETURN_GROUPS": false, "MAPPING_MODE": "precise", "MERGE_OVERLOADS": false, "MVSCAN_ABLATION": "no_multi_return_groups", "MVSCAN_CONTEXTUAL_KEYS": true, "MVSCAN_INCLUDE_SCALAR_WITNESSES": false, "MVSCAN_INTERFACE_DISPATCH": false, "MVSCAN_MAX_CONTEXTS_PER_OWNER_BLOCK": 128, "MVSCAN_MAX_DISPATCH_TARGETS": 16, "MVSCAN_REQUIRE_DISTINCT_OUTER_ROOTS": false, "MVSCAN_ROOT_CONTEXT_SINKS": false, "NOOP_WRITE_FILTER": true, "REQUIRE_SAME_SLOT_KEY": true, "SINK_TEST": "none", "USER_CALLABLE_ALWAYS": [], "USER_CALLABLE_DENY": []}
[mvscan-stage] icfg-built blocks=822 vars=68
[mvscan-stage] root-seeding-done eligible_exposures=64 seeded=54 multi_exposure_entry_blocks=2 collapsed_contextual_aliases=10 excluded_dependency=0 excluded_interface=28 excluded_library=0 excluded_abstract=0 missing_entry_point=0 missing_entry_block=0
[mvscan-pairs] call_target_digest=f4b6cb54ab197f2c4a9fd1fabc7a47b8d938180612456b97d5bab4f52312ac1f candidate_count=56 candidate_digest=384df78c0347cb96c76240cfcf032d2e04e7a73f27b3037ae436aa904ced8cd7 context_instance_count=5500 eligible_readers=34 eligible_writers=10 execution_context_digest=22c3d10ddf5a5db26a356b72996dcb28c533aa62cfa2aa086bda2bc7a674b907 insensitive_readers_filtered=60 invalid_partial_write_filtered=0 must_full_relation_filtered=172 omitted_member_evidence_filtered=0 omitted_member_not_sensitive_filtered=0 owner_context_pairs=11080 owner_context_pairs_considered=26007 raw_block_pairs=116 reader_witness_count=11080 relation_base_members_shadowed=11 relation_context_incompatible=14755 relation_digest=fae8cb79bc6aa08d115c4e9eedb6066c703d09fa55831d1c3753dac19d6278f8 relation_members_raw=45 relation_origins_registered=3 relation_origins_rejected_unary_after_shadowing=25 relation_origins_seen=28 relation_unbound_key_templates=21 root_context_sink_filtered=0 same_outer_root_filtered=0 same_static_block_filtered=2 scalar_variables_skipped=45 storage_context_mismatch=0 variables_considered=48
INFO:Detectors:

[MV-SI candidate 0478d5828a144f88fd7f] {debtOf[@state::contracts/LendingPair.sol::LendingPair.tokenA][$arg0], debtOf[@state::contracts/LendingPair.sol::LendingPair.tokenB][$arg0], tokenA, tokenB}
 writer root       -> contracts/LendingPair.sol::LendingPair.accrueAccount(address)
 writer effect     -> contracts/LendingPair.sol:377
 written member    -> ('MS', 'contracts/LendingPair.sol', 'LendingPair.debtOf', '@state::contracts/LendingPair.sol::LendingPair.tokenB][$arg0')
 potentially stale -> ('MS', 'contracts/LendingPair.sol', 'LendingPair.debtOf', '@state::contracts/LendingPair.sol::LendingPair.tokenA][$arg0'), ('SV', 'contracts/LendingPair.sol', 'LendingPair.tokenA'), ('SV', 'contracts/LendingPair.sol', 'LendingPair.tokenB')
 reader witnesses  -> 156
 storage exposures -> 1
[MV-SI candidate 0a6de60d09da3d95a4f0] {debtOf[@state::contracts/LendingPair.sol::LendingPair.tokenA][$arg0], debtOf[@state::contracts/LendingPair.sol::LendingPair.tokenB][$arg0], tokenA, tokenB}
 writer root       -> contracts/LendingPair.sol::LendingPair.borrow(address,uint256)
 writer effect     -> contracts/LendingPair.sol:377
 written member    -> ('MS', 'contracts/LendingPair.sol', 'LendingPair.debtOf', '@state::contracts/LendingPair.sol::LendingPair.tokenB][$arg0')
 potentially stale -> ('MS', 'contracts/LendingPair.sol', 'LendingPair.debtOf', '@state::contracts/LendingPair.sol::LendingPair.tokenA][$arg0'), ('SV', 'contracts/LendingPair.sol', 'LendingPair.tokenA'), ('SV', 'contracts/LendingPair.sol', 'LendingPair.tokenB')
 reader witnesses  -> 156
 storage exposures -> 1
[MV-SI candidate 0fe5b9a832e9f74fd8ac] {debtOf[@state::contracts/LendingPair.sol::LendingPair.tokenA][$arg0], debtOf[@state::contracts/LendingPair.sol::LendingPair.tokenB][$arg0], tokenA, tokenB}
 writer root       -> contracts/LendingPair.sol::LendingPair.depositRepay(address,address,uint256)
 writer effect     -> contracts/LendingPair.sol:377
 written member    -> ('MS', 'contracts/LendingPair.sol', 'LendingPair.debtOf', '@state::contracts/LendingPair.sol::LendingPair.tokenA][$arg0')
 potentially stale -> ('MS', 'contracts/LendingPair.sol', 'LendingPair.debtOf', '@state::contracts/LendingPair.sol::LendingPair.tokenB][$arg0'), ('SV', 'contracts/LendingPair.sol', 'LendingPair.tokenA'), ('SV', 'contracts/LendingPair.sol', 'LendingPair.tokenB')
 reader witnesses  -> 156
 storage exposures -> 1
[MV-SI candidate 127ee78f2d4ed237df79] {debtOf[@state::contracts/LendingPair.sol::LendingPair.tokenA][$arg0], debtOf[@state::contracts/LendingPair.sol::LendingPair.tokenB][$arg0], tokenA, tokenB}
 writer root       -> contracts/LendingPair.sol::LendingPair.depositRepay(address,address,uint256)
 writer effect     -> contracts/LendingPair.sol:382
 written member    -> ('MS', 'contracts/LendingPair.sol', 'LendingPair.debtOf', '@state::contracts/LendingPair.sol::LendingPair.tokenA][$arg0'), ('MS', 'contracts/LendingPair.sol', 'LendingPair.debtOf', '@state::contracts/LendingPair.sol::LendingPair.tokenB][$arg0')
 potentially stale -> ('SV', 'contracts/LendingPair.sol', 'LendingPair.tokenA'), ('SV', 'contracts/LendingPair.sol', 'LendingPair.tokenB')
 reader witnesses  -> 156
 storage exposures -> 1
[MV-SI candidate 15ad2c53ffe7d5525e1f] {debtOf[$arg0][$arg1], tokenA, tokenB}
 writer root       -> contracts/LendingPair.sol::LendingPair.withdrawBorrowETH(uint256)
 writer effect     -> contracts/LendingPair.sol:377
 written member    -> ('MS', 'contracts/LendingPair.sol', 'LendingPair.debtOf', '$arg0][$arg1')
 potentially stale -> ('SV', 'contracts/LendingPair.sol', 'LendingPair.tokenA'), ('SV', 'contracts/LendingPair.sol', 'LendingPair.tokenB')
 reader witnesses  -> 312
 storage exposures -> 1
[MV-SI candidate 16896ebdc3e40523a861] {debtOf[$arg0][$arg1], tokenA, tokenB}
 writer root       -> contracts/LendingPair.sol::LendingPair.withdrawBorrow(address,uint256)
 writer effect     -> contracts/LendingPair.sol:377
 written member    -> ('MS', 'contracts/LendingPair.sol', 'LendingPair.debtOf', '$arg0][$arg1')
 potentially stale -> ('SV', 'contracts/LendingPair.sol', 'LendingPair.tokenA'), ('SV', 'contracts/LendingPair.sol', 'LendingPair.tokenB')
 reader witnesses  -> 468
 storage exposures -> 1
[MV-SI candidate 178e071de86e777def52] {debtOf[@state::contracts/LendingPair.sol::LendingPair.tokenA][$arg0], debtOf[@state::contracts/LendingPair.sol::LendingPair.tokenB][$arg0], tokenA, tokenB}
 writer root       -> contracts/LendingPair.sol::LendingPair.repay(address,address,uint256)
 writer effect     -> contracts/LendingPair.sol:382
 written member    -> ('MS', 'contracts/LendingPair.sol', 'LendingPair.debtOf', '@state::contracts/LendingPair.sol::LendingPair.tokenA][$arg0'), ('MS', 'contracts/LendingPair.sol', 'LendingPair.debtOf', '@state::contracts/LendingPair.sol::LendingPair.tokenB][$arg0')
 potentially stale -> ('SV', 'contracts/LendingPair.sol', 'LendingPair.tokenA'), ('SV', 'contracts/LendingPair.sol', 'LendingPair.tokenB')
 reader witnesses  -> 156
 storage exposures -> 1
[MV-SI candidate 263d66d82b5713e851c7] {debtOf[@state::contracts/LendingPair.sol::LendingPair.tokenA][$arg0], debtOf[@state::contracts/LendingPair.sol::LendingPair.tokenB][$arg0], tokenA, tokenB}
 writer root       -> contracts/LendingPair.sol::LendingPair.repayAll(address,address)
 writer effect     -> contracts/LendingPair.sol:382
 written member    -> ('MS', 'contracts/LendingPair.sol', 'LendingPair.debtOf', '@state::contracts/LendingPair.sol::LendingPair.tokenA][$arg0'), ('MS', 'contracts/LendingPair.sol', 'LendingPair.debtOf', '@state::contracts/LendingPair.sol::LendingPair.tokenB][$arg0')
 potentially stale -> ('SV', 'contracts/LendingPair.sol', 'LendingPair.tokenA'), ('SV', 'contracts/LendingPair.sol', 'LendingPair.tokenB')
 reader witnesses  -> 156
 storage exposures -> 1
[MV-SI candidate 2d00cfb2ada7aa3e5d2b] {debtOf[@state::contracts/LendingPair.sol::LendingPair.tokenA][$arg0], debtOf[@state::contracts/LendingPair.sol::LendingPair.tokenB][$arg0], tokenA, tokenB}
 writer root       -> contracts/LendingPair.sol::LendingPair.depositRepayETH(address)
 writer effect     -> contracts/LendingPair.sol:377
 written member    -> ('MS', 'contracts/LendingPair.sol', 'LendingPair.debtOf', '@state::contracts/LendingPair.sol::LendingPair.tokenB][$arg0')
 potentially stale -> ('MS', 'contracts/LendingPair.sol', 'LendingPair.debtOf', '@state::contracts/LendingPair.sol::LendingPair.tokenA][$arg0'), ('SV', 'contracts/LendingPair.sol', 'LendingPair.tokenA'), ('SV', 'contracts/LendingPair.sol', 'LendingPair.tokenB')
 reader witnesses  -> 156
 storage exposures -> 1
[MV-SI candidate 306b4b7c757092595877] {debtOf[$arg0][$arg1], tokenA, tokenB}
 writer root       -> contracts/LendingPair.sol::LendingPair.initialize(address,address,IERC20,IERC20)
 writer effect     -> contracts/LendingPair.sol:68
 written member    -> ('SV', 'contracts/LendingPair.sol', 'LendingPair.tokenB')
 potentially stale -> ('MS', 'contracts/LendingPair.sol', 'LendingPair.debtOf', '$arg0][$arg1'), ('SV', 'contracts/LendingPair.sol', 'LendingPair.tokenA')
 reader witnesses  -> 151
 storage exposures -> 1
[MV-SI candidate 31051f3b8069d8fe8a76] {debtOf[@state::contracts/LendingPair.sol::LendingPair.tokenA][$arg0], debtOf[@state::contracts/LendingPair.sol::LendingPair.tokenB][$arg0], tokenA, tokenB}
 writer root       -> contracts/LendingPair.sol::LendingPair.withdrawAllETH()
 writer effect     -> contracts/LendingPair.sol:377
 written member    -> ('MS', 'contracts/LendingPair.sol', 'LendingPair.debtOf', '@state::contracts/LendingPair.sol::LendingPair.tokenB][$arg0')
 potentially stale -> ('MS', 'contracts/LendingPair.sol', 'LendingPair.debtOf', '@state::contracts/LendingPair.sol::LendingPair.tokenA][$arg0'), ('SV', 'contracts/LendingPair.sol', 'LendingPair.tokenA'), ('SV', 'contracts/LendingPair.sol', 'LendingPair.tokenB')
 reader witnesses  -> 156
 storage exposures -> 1
[MV-SI candidate 33f6ac0ee734c26d4ddd] {debtOf[@state::contracts/LendingPair.sol::LendingPair.tokenA][$arg0], debtOf[@state::contracts/LendingPair.sol::LendingPair.tokenB][$arg0], tokenA, tokenB}
 writer root       -> contracts/LendingPair.sol::LendingPair.withdraw(address,uint256)
 writer effect     -> contracts/LendingPair.sol:377
 written member    -> ('MS', 'contracts/LendingPair.sol', 'LendingPair.debtOf', '@state::contracts/LendingPair.sol::LendingPair.tokenB][$arg0')
 potentially stale -> ('MS', 'contracts/LendingPair.sol', 'LendingPair.debtOf', '@state::contracts/LendingPair.sol::LendingPair.tokenA][$arg0'), ('SV', 'contracts/LendingPair.sol', 'LendingPair.tokenA'), ('SV', 'contracts/LendingPair.sol', 'LendingPair.tokenB')
 reader witnesses  -> 156
 storage exposures -> 1
[MV-SI candidate 3432d58fb0d104e8ca6f] {debtOf[$arg0][$arg1], tokenA, tokenB}
 writer root       -> contracts/LendingPair.sol::LendingPair.liquidateAccount(address,address,uint256,uint256)
 writer effect     -> contracts/LendingPair.sol:382
 written member    -> ('MS', 'contracts/LendingPair.sol', 'LendingPair.debtOf', '$arg0][$arg1')
 potentially stale -> ('SV', 'contracts/LendingPair.sol', 'LendingPair.tokenA'), ('SV', 'contracts/LendingPair.sol', 'LendingPair.tokenB')
 reader witnesses  -> 156
 storage exposures -> 1
[MV-SI candidate 41f49c744d83270fd674] {debtOf[@state::contracts/LendingPair.sol::LendingPair.tokenA][$arg0], debtOf[@state::contracts/LendingPair.sol::LendingPair.tokenB][$arg0], tokenA, tokenB}
 writer root       -> contracts/LendingPair.sol::LendingPair.withdrawBorrowETH(uint256)
 writer effect     -> contracts/LendingPair.sol:377
 written member    -> ('MS', 'contracts/LendingPair.sol', 'LendingPair.debtOf', '@state::contracts/LendingPair.sol::LendingPair.tokenB][$arg0')
 potentially stale -> ('MS', 'contracts/LendingPair.sol', 'LendingPair.debtOf', '@state::contracts/LendingPair.sol::LendingPair.tokenA][$arg0'), ('SV', 'contracts/LendingPair.sol', 'LendingPair.tokenA'), ('SV', 'contracts/LendingPair.sol', 'LendingPair.tokenB')
 reader witnesses  -> 156
 storage exposures -> 1
[MV-SI candidate 460122640b289c23b1ac] {debtOf[@state::contracts/LendingPair.sol::LendingPair.tokenA][$arg0], debtOf[@state::contracts/LendingPair.sol::LendingPair.tokenB][$arg0], tokenA, tokenB}
 writer root       -> contracts/LendingPair.sol::LendingPair.repayAllETH(address)
 writer effect     -> contracts/LendingPair.sol:377
 written member    -> ('MS', 'contracts/LendingPair.sol', 'LendingPair.debtOf', '@state::contracts/LendingPair.sol::LendingPair.tokenA][$arg0')
 potentially stale -> ('MS', 'contracts/LendingPair.sol', 'LendingPair.debtOf', '@state::contracts/LendingPair.sol::LendingPair.tokenB][$arg0'), ('SV', 'contracts/LendingPair.sol', 'LendingPair.tokenA'), ('SV', 'contracts/LendingPair.sol', 'LendingPair.tokenB')
 reader witnesses  -> 156
 storage exposures -> 1
[MV-SI candidate 4f1be628cbf6ce5426b0] {debtOf[@state::contracts/LendingPair.sol::LendingPair.tokenA][$arg0], debtOf[@state::contracts/LendingPair.sol::LendingPair.tokenB][$arg0], tokenA, tokenB}
 writer root       -> contracts/LendingPair.sol::LendingPair.repayAll(address,address)
 writer effect     -> contracts/LendingPair.sol:377
 written member    -> ('MS', 'contracts/LendingPair.sol', 'LendingPair.debtOf', '@state::contracts/LendingPair.sol::LendingPair.tokenA][$arg0')
 potentially stale -> ('MS', 'contracts/LendingPair.sol', 'LendingPair.debtOf', '@state::contracts/LendingPair.sol::LendingPair.tokenB][$arg0'), ('SV', 'contracts/LendingPair.sol', 'LendingPair.tokenA'), ('SV', 'contracts/LendingPair.sol', 'LendingPair.tokenB')
 reader witnesses  -> 156
 storage exposures -> 1
[MV-SI candidate 4fcf794254f0355aaa21] {debtOf[@state::contracts/LendingPair.sol::LendingPair.tokenA][$arg0], debtOf[@state::contracts/LendingPair.sol::LendingPair.tokenB][$arg0], tokenA, tokenB}
 writer root       -> contracts/LendingPair.sol::LendingPair.initialize(address,address,IERC20,IERC20)
 writer effect     -> contracts/LendingPair.sol:67
 written member    -> ('SV', 'contracts/LendingPair.sol', 'LendingPair.tokenA')
 potentially stale -> ('MS', 'contracts/LendingPair.sol', 'LendingPair.debtOf', '@state::contracts/LendingPair.sol::LendingPair.tokenA][$arg0'), ('MS', 'contracts/LendingPair.sol', 'LendingPair.debtOf', '@state::contracts/LendingPair.sol::LendingPair.tokenB][$arg0'), ('SV', 'contracts/LendingPair.sol', 'LendingPair.tokenB')
 reader witnesses  -> 85
 storage exposures -> 1
[MV-SI candidate 5d87b1e869628c93e41c] {debtOf[$arg0][$arg1], tokenA, tokenB}
 writer root       -> contracts/LendingPair.sol::LendingPair.deposit(address,address,uint256)
 writer effect     -> contracts/LendingPair.sol:377
 written member    -> ('MS', 'contracts/LendingPair.sol', 'LendingPair.debtOf', '$arg0][$arg1')
 potentially stale -> ('SV', 'contracts/LendingPair.sol', 'LendingPair.tokenA'), ('SV', 'contracts/LendingPair.sol', 'LendingPair.tokenB')
 reader witnesses  -> 312
 storage exposures -> 1
[MV-SI candidate 5e714c087c3655907e66] {debtOf[$arg0][$arg1], tokenA, tokenB}
 writer root       -> contracts/LendingPair.sol::LendingPair.repayAll(address,address)
 writer effect     -> contracts/LendingPair.sol:377
 written member    -> ('MS', 'contracts/LendingPair.sol', 'LendingPair.debtOf', '$arg0][$arg1')
 potentially stale -> ('SV', 'contracts/LendingPair.sol', 'LendingPair.tokenA'), ('SV', 'contracts/LendingPair.sol', 'LendingPair.tokenB')
 reader witnesses  -> 312
 storage exposures -> 1
[MV-SI candidate 5f322fa1d5c63fe2a926] {debtOf[@state::contracts/LendingPair.sol::LendingPair.tokenA][$arg0], debtOf[@state::contracts/LendingPair.sol::LendingPair.tokenB][$arg0], tokenA, tokenB}
 writer root       -> contracts/LendingPair.sol::LendingPair.repay(address,address,uint256)
 writer effect     -> contracts/LendingPair.sol:377
 written member    -> ('MS', 'contracts/LendingPair.sol', 'LendingPair.debtOf', '@state::contracts/LendingPair.sol::LendingPair.tokenA][$arg0')
 potentially stale -> ('MS', 'contracts/LendingPair.sol', 'LendingPair.debtOf', '@state::contracts/LendingPair.sol::LendingPair.tokenB][$arg0'), ('SV', 'contracts/LendingPair.sol', 'LendingPair.tokenA'), ('SV', 'contracts/LendingPair.sol', 'LendingPair.tokenB')
 reader witnesses  -> 156
 storage exposures -> 1
[MV-SI candidate 6bfef7f098db0f080cd4] {debtOf[$arg0][$arg1], tokenA, tokenB}
 writer root       -> contracts/LendingPair.sol::LendingPair.accrueAccount(address)
 writer effect     -> contracts/LendingPair.sol:377
 written member    -> ('MS', 'contracts/LendingPair.sol', 'LendingPair.debtOf', '$arg0][$arg1')
 potentially stale -> ('SV', 'contracts/LendingPair.sol', 'LendingPair.tokenA'), ('SV', 'contracts/LendingPair.sol', 'LendingPair.tokenB')
 reader witnesses  -> 312
 storage exposures -> 1
[MV-SI candidate 76076d15aaaba2777b0a] {debtOf[@state::contracts/LendingPair.sol::LendingPair.tokenA][$arg0], debtOf[@state::contracts/LendingPair.sol::LendingPair.tokenB][$arg0], tokenA, tokenB}
 writer root       -> contracts/LendingPair.sol::LendingPair.withdraw(address,uint256)
 writer effect     -> contracts/LendingPair.sol:377
 written member    -> ('MS', 'contracts/LendingPair.sol', 'LendingPair.debtOf', '@state::contracts/LendingPair.sol::LendingPair.tokenA][$arg0')
 potentially stale -> ('MS', 'contracts/LendingPair.sol', 'LendingPair.debtOf', '@state::contracts/LendingPair.sol::LendingPair.tokenB][$arg0'), ('SV', 'contracts/LendingPair.sol', 'LendingPair.tokenA'), ('SV', 'contracts/LendingPair.sol', 'LendingPair.tokenB')
 reader witnesses  -> 156
 storage exposures -> 1
[MV-SI candidate 763f779d196ddb051d8c] {debtOf[$arg0][$arg1], tokenA, tokenB}
 writer root       -> contracts/LendingPair.sol::LendingPair.depositRepay(address,address,uint256)
 writer effect     -> contracts/LendingPair.sol:382
 written member    -> ('MS', 'contracts/LendingPair.sol', 'LendingPair.debtOf', '$arg0][$arg1')
 potentially stale -> ('SV', 'contracts/LendingPair.sol', 'LendingPair.tokenA'), ('SV', 'contracts/LendingPair.sol', 'LendingPair.tokenB')
 reader witnesses  -> 156
 storage exposures -> 1
[MV-SI candidate 78553e1f8b1b50ff564a] {debtOf[$arg0][$arg1], tokenA, tokenB}
 writer root       -> contracts/LendingPair.sol::LendingPair.initialize(address,address,IERC20,IERC20)
 writer effect     -> contracts/LendingPair.sol:67
 written member    -> ('SV', 'contracts/LendingPair.sol', 'LendingPair.tokenA')
 potentially stale -> ('MS', 'contracts/LendingPair.sol', 'LendingPair.debtOf', '$arg0][$arg1'), ('SV', 'contracts/LendingPair.sol', 'LendingPair.tokenB')
 reader witnesses  -> 149
 storage exposures -> 1
[MV-SI candidate 7a5df23b3d9de8d574ad] {debtOf[@state::contracts/LendingPair.sol::LendingPair.tokenA][$arg0], debtOf[@state::contracts/LendingPair.sol::LendingPair.tokenB][$arg0], tokenA, tokenB}
 writer root       -> contracts/LendingPair.sol::LendingPair.depositRepay(address,address,uint256)
 writer effect     -> contracts/LendingPair.sol:377
 written member    -> ('MS', 'contracts/LendingPair.sol', 'LendingPair.debtOf', '@state::contracts/LendingPair.sol::LendingPair.tokenB][$arg0')
 potentially stale -> ('MS', 'contracts/LendingPair.sol', 'LendingPair.debtOf', '@state::contracts/LendingPair.sol::LendingPair.tokenA][$arg0'), ('SV', 'contracts/LendingPair.sol', 'LendingPair.tokenA'), ('SV', 'contracts/LendingPair.sol', 'LendingPair.tokenB')
 reader witnesses  -> 156
 storage exposures -> 1
[MV-SI candidate 7fcc474445a11dd55e3e] {debtOf[$arg0][$arg1], tokenA, tokenB}
 writer root       -> contracts/LendingPair.sol::LendingPair.liquidateAccount(address,address,uint256,uint256)
 writer effect     -> contracts/LendingPair.sol:377
 written member    -> ('MS', 'contracts/LendingPair.sol', 'LendingPair.debtOf', '$arg0][$arg1')
 potentially stale -> ('SV', 'contracts/LendingPair.sol', 'LendingPair.tokenA'), ('SV', 'contracts/LendingPair.sol', 'LendingPair.tokenB')
 reader witnesses  -> 312
 storage exposures -> 1
[MV-SI candidate 81433701bafa1dcd6c7f] {debtOf[@state::contracts/LendingPair.sol::LendingPair.tokenA][$arg0], debtOf[@state::contracts/LendingPair.sol::LendingPair.tokenB][$arg0], tokenA, tokenB}
 writer root       -> contracts/LendingPair.sol::LendingPair.withdrawBorrow(address,uint256)
 writer effect     -> contracts/LendingPair.sol:377
 written member    -> ('MS', 'contracts/LendingPair.sol', 'LendingPair.debtOf', '@state::contracts/LendingPair.sol::LendingPair.tokenA][$arg0')
 potentially stale -> ('MS', 'contracts/LendingPair.sol', 'LendingPair.debtOf', '@state::contracts/LendingPair.sol::LendingPair.tokenB][$arg0'), ('SV', 'contracts/LendingPair.sol', 'LendingPair.tokenA'), ('SV', 'contracts/LendingPair.sol', 'LendingPair.tokenB')
 reader witnesses  -> 156
 storage exposures -> 1
[MV-SI candidate 96eac624caf92de3f10e] {debtOf[@state::contracts/LendingPair.sol::LendingPair.tokenA][$arg0], debtOf[@state::contracts/LendingPair.sol::LendingPair.tokenB][$arg0], tokenA, tokenB}
 writer root       -> contracts/LendingPair.sol::LendingPair.withdrawAllETH()
 writer effect     -> contracts/LendingPair.sol:377
 written member    -> ('MS', 'contracts/LendingPair.sol', 'LendingPair.debtOf', '@state::contracts/LendingPair.sol::LendingPair.tokenA][$arg0')
 potentially stale -> ('MS', 'contracts/LendingPair.sol', 'LendingPair.debtOf', '@state::contracts/LendingPair.sol::LendingPair.tokenB][$arg0'), ('SV', 'contracts/LendingPair.sol', 'LendingPair.tokenA'), ('SV', 'contracts/LendingPair.sol', 'LendingPair.tokenB')
 reader witnesses  -> 156
 storage exposures -> 1
[MV-SI candidate 9d83f5a68b033fb0132a] {debtOf[$arg0][$arg1], tokenA, tokenB}
 writer root       -> contracts/LendingPair.sol::LendingPair.withdrawAllETH()
 writer effect     -> contracts/LendingPair.sol:377
 written member    -> ('MS', 'contracts/LendingPair.sol', 'LendingPair.debtOf', '$arg0][$arg1')
 potentially stale -> ('SV', 'contracts/LendingPair.sol', 'LendingPair.tokenA'), ('SV', 'contracts/LendingPair.sol', 'LendingPair.tokenB')
 reader witnesses  -> 312
 storage exposures -> 1
[MV-SI candidate a015a93cd1aa751c0ab7] {debtOf[@state::contracts/LendingPair.sol::LendingPair.tokenA][$arg0], debtOf[@state::contracts/LendingPair.sol::LendingPair.tokenB][$arg0], tokenA, tokenB}
 writer root       -> contracts/LendingPair.sol::LendingPair.withdrawAll(address)
 writer effect     -> contracts/LendingPair.sol:377
 written member    -> ('MS', 'contracts/LendingPair.sol', 'LendingPair.debtOf', '@state::contracts/LendingPair.sol::LendingPair.tokenB][$arg0')
 potentially stale -> ('MS', 'contracts/LendingPair.sol', 'LendingPair.debtOf', '@state::contracts/LendingPair.sol::LendingPair.tokenA][$arg0'), ('SV', 'contracts/LendingPair.sol', 'LendingPair.tokenA'), ('SV', 'contracts/LendingPair.sol', 'LendingPair.tokenB')
 reader witnesses  -> 156
 storage exposures -> 1
[MV-SI candidate a9a7acc4ba8f5044ef23] {debtOf[$arg0][$arg1], tokenA, tokenB}
 writer root       -> contracts/LendingPair.sol::LendingPair.withdraw(address,uint256)
 writer effect     -> contracts/LendingPair.sol:377
 written member    -> ('MS', 'contracts/LendingPair.sol', 'LendingPair.debtOf', '$arg0][$arg1')
 potentially stale -> ('SV', 'contracts/LendingPair.sol', 'LendingPair.tokenA'), ('SV', 'contracts/LendingPair.sol', 'LendingPair.tokenB')
 reader witnesses  -> 312
 storage exposures -> 1
[MV-SI candidate aaa691f4c8acc160870c] {debtOf[@state::contracts/LendingPair.sol::LendingPair.tokenA][$arg0], debtOf[@state::contracts/LendingPair.sol::LendingPair.tokenB][$arg0], tokenA, tokenB}
 writer root       -> contracts/LendingPair.sol::LendingPair.borrow(address,uint256)
 writer effect     -> contracts/LendingPair.sol:377
 written member    -> ('MS', 'contracts/LendingPair.sol', 'LendingPair.debtOf', '@state::contracts/LendingPair.sol::LendingPair.tokenA][$arg0'), ('MS', 'contracts/LendingPair.sol', 'LendingPair.debtOf', '@state::contracts/LendingPair.sol::LendingPair.tokenB][$arg0')
 potentially stale -> ('SV', 'contracts/LendingPair.sol', 'LendingPair.tokenA'), ('SV', 'contracts/LendingPair.sol', 'LendingPair.tokenB')
 reader witnesses  -> 156
 storage exposures -> 1
[MV-SI candidate b00b02698012807bd7a2] {debtOf[@state::contracts/LendingPair.sol::LendingPair.tokenA][$arg0], debtOf[@state::contracts/LendingPair.sol::LendingPair.tokenB][$arg0], tokenA, tokenB}
 writer root       -> contracts/LendingPair.sol::LendingPair.withdrawAll(address)
 writer effect     -> contracts/LendingPair.sol:377
 written member    -> ('MS', 'contracts/LendingPair.sol', 'LendingPair.debtOf', '@state::contracts/LendingPair.sol::LendingPair.tokenA][$arg0')
 potentially stale -> ('MS', 'contracts/LendingPair.sol', 'LendingPair.debtOf', '@state::contracts/LendingPair.sol::LendingPair.tokenB][$arg0'), ('SV', 'contracts/LendingPair.sol', 'LendingPair.tokenA'), ('SV', 'contracts/LendingPair.sol', 'LendingPair.tokenB')
 reader witnesses  -> 156
 storage exposures -> 1
[MV-SI candidate b5ea116d56d0f5575227] {debtOf[@state::contracts/LendingPair.sol::LendingPair.tokenA][$arg0], debtOf[@state::contracts/LendingPair.sol::LendingPair.tokenB][$arg0], tokenA, tokenB}
 writer root       -> contracts/LendingPair.sol::LendingPair.deposit(address,address,uint256)
 writer effect     -> contracts/LendingPair.sol:377
 written member    -> ('MS', 'contracts/LendingPair.sol', 'LendingPair.debtOf', '@state::contracts/LendingPair.sol::LendingPair.tokenA][$arg0')
 potentially stale -> ('MS', 'contracts/LendingPair.sol', 'LendingPair.debtOf', '@state::contracts/LendingPair.sol::LendingPair.tokenB][$arg0'), ('SV', 'contracts/LendingPair.sol', 'LendingPair.tokenA'), ('SV', 'contracts/LendingPair.sol', 'LendingPair.tokenB')
 reader witnesses  -> 156
 storage exposures -> 1
[MV-SI candidate b7ab922a763ba45e1a70] {debtOf[@state::contracts/LendingPair.sol::LendingPair.tokenA][$arg0], debtOf[@state::contracts/LendingPair.sol::LendingPair.tokenB][$arg0], tokenA, tokenB}
 writer root       -> contracts/LendingPair.sol::LendingPair.repayAllETH(address)
 writer effect     -> contracts/LendingPair.sol:377
 written member    -> ('MS', 'contracts/LendingPair.sol', 'LendingPair.debtOf', '@state::contracts/LendingPair.sol::LendingPair.tokenB][$arg0')
 potentially stale -> ('MS', 'contracts/LendingPair.sol', 'LendingPair.debtOf', '@state::contracts/LendingPair.sol::LendingPair.tokenA][$arg0'), ('SV', 'contracts/LendingPair.sol', 'LendingPair.tokenA'), ('SV', 'contracts/LendingPair.sol', 'LendingPair.tokenB')
 reader witnesses  -> 156
 storage exposures -> 1
[MV-SI candidate c11eb2469dc5904020a1] {debtOf[@state::contracts/LendingPair.sol::LendingPair.tokenA][$arg0], debtOf[@state::contracts/LendingPair.sol::LendingPair.tokenB][$arg0], tokenA, tokenB}
 writer root       -> contracts/LendingPair.sol::LendingPair.repay(address,address,uint256)
 writer effect     -> contracts/LendingPair.sol:377
 written member    -> ('MS', 'contracts/LendingPair.sol', 'LendingPair.debtOf', '@state::contracts/LendingPair.sol::LendingPair.tokenB][$arg0')
 potentially stale -> ('MS', 'contracts/LendingPair.sol', 'LendingPair.debtOf', '@state::contracts/LendingPair.sol::LendingPair.tokenA][$arg0'), ('SV', 'contracts/LendingPair.sol', 'LendingPair.tokenA'), ('SV', 'contracts/LendingPair.sol', 'LendingPair.tokenB')
 reader witnesses  -> 156
 storage exposures -> 1
[MV-SI candidate c8aa71b06476d5b2ce0f] {debtOf[@state::contracts/LendingPair.sol::LendingPair.tokenA][$arg0], debtOf[@state::contracts/LendingPair.sol::LendingPair.tokenB][$arg0], tokenA, tokenB}
 writer root       -> contracts/LendingPair.sol::LendingPair.withdrawBorrowETH(uint256)
 writer effect     -> contracts/LendingPair.sol:377
 written member    -> ('MS', 'contracts/LendingPair.sol', 'LendingPair.debtOf', '@state::contracts/LendingPair.sol::LendingPair.tokenA][$arg0')
 potentially stale -> ('MS', 'contracts/LendingPair.sol', 'LendingPair.debtOf', '@state::contracts/LendingPair.sol::LendingPair.tokenB][$arg0'), ('SV', 'contracts/LendingPair.sol', 'LendingPair.tokenA'), ('SV', 'contracts/LendingPair.sol', 'LendingPair.tokenB')
 reader witnesses  -> 156
 storage exposures -> 1
[MV-SI candidate ccb6206e15d1ca08fc40] {debtOf[@state::contracts/LendingPair.sol::LendingPair.tokenA][$arg0], debtOf[@state::contracts/LendingPair.sol::LendingPair.tokenB][$arg0], tokenA, tokenB}
 writer root       -> contracts/LendingPair.sol::LendingPair.initialize(address,address,IERC20,IERC20)
 writer effect     -> contracts/LendingPair.sol:68
 written member    -> ('SV', 'contracts/LendingPair.sol', 'LendingPair.tokenB')
 potentially stale -> ('MS', 'contracts/LendingPair.sol', 'LendingPair.debtOf', '@state::contracts/LendingPair.sol::LendingPair.tokenA][$arg0'), ('MS', 'contracts/LendingPair.sol', 'LendingPair.debtOf', '@state::contracts/LendingPair.sol::LendingPair.tokenB][$arg0'), ('SV', 'contracts/LendingPair.sol', 'LendingPair.tokenA')
 reader witnesses  -> 87
 storage exposures -> 1
[MV-SI candidate cfc1fb726dae6d357462] {debtOf[@state::contracts/LendingPair.sol::LendingPair.tokenA][$arg0], debtOf[@state::contracts/LendingPair.sol::LendingPair.tokenB][$arg0], tokenA, tokenB}
 writer root       -> contracts/LendingPair.sol::LendingPair.liquidateAccount(address,address,uint256,uint256)
 writer effect     -> contracts/LendingPair.sol:377
 written member    -> ('MS', 'contracts/LendingPair.sol', 'LendingPair.debtOf', '@state::contracts/LendingPair.sol::LendingPair.tokenB][$arg0')
 potentially stale -> ('MS', 'contracts/LendingPair.sol', 'LendingPair.debtOf', '@state::contracts/LendingPair.sol::LendingPair.tokenA][$arg0'), ('SV', 'contracts/LendingPair.sol', 'LendingPair.tokenA'), ('SV', 'contracts/LendingPair.sol', 'LendingPair.tokenB')
 reader witnesses  -> 156
 storage exposures -> 1
[MV-SI candidate d0368832f6b804a86404] {debtOf[@state::contracts/LendingPair.sol::LendingPair.tokenA][$arg0], debtOf[@state::contracts/LendingPair.sol::LendingPair.tokenB][$arg0], tokenA, tokenB}
 writer root       -> contracts/LendingPair.sol::LendingPair.depositRepayETH(address)
 writer effect     -> contracts/LendingPair.sol:377
 written member    -> ('MS', 'contracts/LendingPair.sol', 'LendingPair.debtOf', '@state::contracts/LendingPair.sol::LendingPair.tokenA][$arg0')
 potentially stale -> ('MS', 'contracts/LendingPair.sol', 'LendingPair.debtOf', '@state::contracts/LendingPair.sol::LendingPair.tokenB][$arg0'), ('SV', 'contracts/LendingPair.sol', 'LendingPair.tokenA'), ('SV', 'contracts/LendingPair.sol', 'LendingPair.tokenB')
 reader witnesses  -> 156
 storage exposures -> 1
[MV-SI candidate d109cab95875210545a1] {debtOf[@state::contracts/LendingPair.sol::LendingPair.tokenA][$arg0], debtOf[@state::contracts/LendingPair.sol::LendingPair.tokenB][$arg0], tokenA, tokenB}
 writer root       -> contracts/LendingPair.sol::LendingPair.liquidateAccount(address,address,uint256,uint256)
 writer effect     -> contracts/LendingPair.sol:377
 written member    -> ('MS', 'contracts/LendingPair.sol', 'LendingPair.debtOf', '@state::contracts/LendingPair.sol::LendingPair.tokenA][$arg0')
 potentially stale -> ('MS', 'contracts/LendingPair.sol', 'LendingPair.debtOf', '@state::contracts/LendingPair.sol::LendingPair.tokenB][$arg0'), ('SV', 'contracts/LendingPair.sol', 'LendingPair.tokenA'), ('SV', 'contracts/LendingPair.sol', 'LendingPair.tokenB')
 reader witnesses  -> 156
 storage exposures -> 1
[MV-SI candidate d85f5f9a6cfdfde2ce30] {debtOf[$arg0][$arg1], tokenA, tokenB}
 writer root       -> contracts/LendingPair.sol::LendingPair.repay(address,address,uint256)
 writer effect     -> contracts/LendingPair.sol:382
 written member    -> ('MS', 'contracts/LendingPair.sol', 'LendingPair.debtOf', '$arg0][$arg1')
 potentially stale -> ('SV', 'contracts/LendingPair.sol', 'LendingPair.tokenA'), ('SV', 'contracts/LendingPair.sol', 'LendingPair.tokenB')
 reader witnesses  -> 156
 storage exposures -> 1
[MV-SI candidate d8c405eb733eef15a1a7] {debtOf[$arg0][$arg1], tokenA, tokenB}
 writer root       -> contracts/LendingPair.sol::LendingPair.borrow(address,uint256)
 writer effect     -> contracts/LendingPair.sol:377
 written member    -> ('MS', 'contracts/LendingPair.sol', 'LendingPair.debtOf', '$arg0][$arg1')
 potentially stale -> ('SV', 'contracts/LendingPair.sol', 'LendingPair.tokenA'), ('SV', 'contracts/LendingPair.sol', 'LendingPair.tokenB')
 reader witnesses  -> 468
 storage exposures -> 1
[MV-SI candidate dc11416e882526242749] {debtOf[@state::contracts/LendingPair.sol::LendingPair.tokenA][$arg0], debtOf[@state::contracts/LendingPair.sol::LendingPair.tokenB][$arg0], tokenA, tokenB}
 writer root       -> contracts/LendingPair.sol::LendingPair.deposit(address,address,uint256)
 writer effect     -> contracts/LendingPair.sol:377
 written member    -> ('MS', 'contracts/LendingPair.sol', 'LendingPair.debtOf', '@state::contracts/LendingPair.sol::LendingPair.tokenB][$arg0')
 potentially stale -> ('MS', 'contracts/LendingPair.sol', 'LendingPair.debtOf', '@state::contracts/LendingPair.sol::LendingPair.tokenA][$arg0'), ('SV', 'contracts/LendingPair.sol', 'LendingPair.tokenA'), ('SV', 'contracts/LendingPair.sol', 'LendingPair.tokenB')
 reader witnesses  -> 156
 storage exposures -> 1
[MV-SI candidate df1f43c6a2bbf1c9496a] {debtOf[@state::contracts/LendingPair.sol::LendingPair.tokenA][$arg0], debtOf[@state::contracts/LendingPair.sol::LendingPair.tokenB][$arg0], tokenA, tokenB}
 writer root       -> contracts/LendingPair.sol::LendingPair.borrow(address,uint256)
 writer effect     -> contracts/LendingPair.sol:377
 written member    -> ('MS', 'contracts/LendingPair.sol', 'LendingPair.debtOf', '@state::contracts/LendingPair.sol::LendingPair.tokenA][$arg0')
 potentially stale -> ('MS', 'contracts/LendingPair.sol', 'LendingPair.debtOf', '@state::contracts/LendingPair.sol::LendingPair.tokenB][$arg0'), ('SV', 'contracts/LendingPair.sol', 'LendingPair.tokenA'), ('SV', 'contracts/LendingPair.sol', 'LendingPair.tokenB')
 reader witnesses  -> 156
 storage exposures -> 1
[MV-SI candidate df68d948606b9622e3a8] {debtOf[@state::contracts/LendingPair.sol::LendingPair.tokenA][$arg0], debtOf[@state::contracts/LendingPair.sol::LendingPair.tokenB][$arg0], tokenA, tokenB}
 writer root       -> contracts/LendingPair.sol::LendingPair.accrueAccount(address)
 writer effect     -> contracts/LendingPair.sol:377
 written member    -> ('MS', 'contracts/LendingPair.sol', 'LendingPair.debtOf', '@state::contracts/LendingPair.sol::LendingPair.tokenA][$arg0')
 potentially stale -> ('MS', 'contracts/LendingPair.sol', 'LendingPair.debtOf', '@state::contracts/LendingPair.sol::LendingPair.tokenB][$arg0'), ('SV', 'contracts/LendingPair.sol', 'LendingPair.tokenA'), ('SV', 'contracts/LendingPair.sol', 'LendingPair.tokenB')
 reader witnesses  -> 156
 storage exposures -> 1
[MV-SI candidate e25efa41bd2a3426d87d] {debtOf[@state::contracts/LendingPair.sol::LendingPair.tokenA][$arg0], debtOf[@state::contracts/LendingPair.sol::LendingPair.tokenB][$arg0], tokenA, tokenB}
 writer root       -> contracts/LendingPair.sol::LendingPair.withdrawBorrow(address,uint256)
 writer effect     -> contracts/LendingPair.sol:377
 written member    -> ('MS', 'contracts/LendingPair.sol', 'LendingPair.debtOf', '@state::contracts/LendingPair.sol::LendingPair.tokenB][$arg0')
 potentially stale -> ('MS', 'contracts/LendingPair.sol', 'LendingPair.debtOf', '@state::contracts/LendingPair.sol::LendingPair.tokenA][$arg0'), ('SV', 'contracts/LendingPair.sol', 'LendingPair.tokenA'), ('SV', 'contracts/LendingPair.sol', 'LendingPair.tokenB')
 reader witnesses  -> 156
 storage exposures -> 1
[MV-SI candidate e2be4591992c68d3a576] {debtOf[$arg0][$arg1], tokenA, tokenB}
 writer root       -> contracts/LendingPair.sol::LendingPair.depositRepayETH(address)
 writer effect     -> contracts/LendingPair.sol:377
 written member    -> ('MS', 'contracts/LendingPair.sol', 'LendingPair.debtOf', '$arg0][$arg1')
 potentially stale -> ('SV', 'contracts/LendingPair.sol', 'LendingPair.tokenA'), ('SV', 'contracts/LendingPair.sol', 'LendingPair.tokenB')
 reader witnesses  -> 312
 storage exposures -> 1
[MV-SI candidate e68de84a1101d64e6f9a] {debtOf[$arg0][$arg1], tokenA, tokenB}
 writer root       -> contracts/LendingPair.sol::LendingPair.withdrawAll(address)
 writer effect     -> contracts/LendingPair.sol:377
 written member    -> ('MS', 'contracts/LendingPair.sol', 'LendingPair.debtOf', '$arg0][$arg1')
 potentially stale -> ('SV', 'contracts/LendingPair.sol', 'LendingPair.tokenA'), ('SV', 'contracts/LendingPair.sol', 'LendingPair.tokenB')
 reader witnesses  -> 312
 storage exposures -> 1
[MV-SI candidate e6ed87bce63e78a63cd9] {debtOf[$arg0][$arg1], tokenA, tokenB}
 writer root       -> contracts/LendingPair.sol::LendingPair.depositRepay(address,address,uint256)
 writer effect     -> contracts/LendingPair.sol:377
 written member    -> ('MS', 'contracts/LendingPair.sol', 'LendingPair.debtOf', '$arg0][$arg1')
 potentially stale -> ('SV', 'contracts/LendingPair.sol', 'LendingPair.tokenA'), ('SV', 'contracts/LendingPair.sol', 'LendingPair.tokenB')
 reader witnesses  -> 312
 storage exposures -> 1
[MV-SI candidate eae0c2f06bb0e59628bc] {debtOf[@state::contracts/LendingPair.sol::LendingPair.tokenA][$arg0], debtOf[@state::contracts/LendingPair.sol::LendingPair.tokenB][$arg0], tokenA, tokenB}
 writer root       -> contracts/LendingPair.sol::LendingPair.liquidateAccount(address,address,uint256,uint256)
 writer effect     -> contracts/LendingPair.sol:382
 written member    -> ('MS', 'contracts/LendingPair.sol', 'LendingPair.debtOf', '@state::contracts/LendingPair.sol::LendingPair.tokenA][$arg0'), ('MS', 'contracts/LendingPair.sol', 'LendingPair.debtOf', '@state::contracts/LendingPair.sol::LendingPair.tokenB][$arg0')
 potentially stale -> ('SV', 'contracts/LendingPair.sol', 'LendingPair.tokenA'), ('SV', 'contracts/LendingPair.sol', 'LendingPair.tokenB')
 reader witnesses  -> 156
 storage exposures -> 1
[MV-SI candidate f1a3ad4ad05107c054f7] {debtOf[@state::contracts/LendingPair.sol::LendingPair.tokenA][$arg0], debtOf[@state::contracts/LendingPair.sol::LendingPair.tokenB][$arg0], tokenA, tokenB}
 writer root       -> contracts/LendingPair.sol::LendingPair.repayAll(address,address)
 writer effect     -> contracts/LendingPair.sol:377
 written member    -> ('MS', 'contracts/LendingPair.sol', 'LendingPair.debtOf', '@state::contracts/LendingPair.sol::LendingPair.tokenB][$arg0')
 potentially stale -> ('MS', 'contracts/LendingPair.sol', 'LendingPair.debtOf', '@state::contracts/LendingPair.sol::LendingPair.tokenA][$arg0'), ('SV', 'contracts/LendingPair.sol', 'LendingPair.tokenA'), ('SV', 'contracts/LendingPair.sol', 'LendingPair.tokenB')
 reader witnesses  -> 156
 storage exposures -> 1
[MV-SI candidate f5ed90688063efa11c20] {debtOf[$arg0][$arg1], tokenA, tokenB}
 writer root       -> contracts/LendingPair.sol::LendingPair.repayAllETH(address)
 writer effect     -> contracts/LendingPair.sol:377
 written member    -> ('MS', 'contracts/LendingPair.sol', 'LendingPair.debtOf', '$arg0][$arg1')
 potentially stale -> ('SV', 'contracts/LendingPair.sol', 'LendingPair.tokenA'), ('SV', 'contracts/LendingPair.sol', 'LendingPair.tokenB')
 reader witnesses  -> 312
 storage exposures -> 1
[MV-SI candidate f7c90b6586026050240f] {debtOf[$arg0][$arg1], tokenA, tokenB}
 writer root       -> contracts/LendingPair.sol::LendingPair.repayAll(address,address)
 writer effect     -> contracts/LendingPair.sol:382
 written member    -> ('MS', 'contracts/LendingPair.sol', 'LendingPair.debtOf', '$arg0][$arg1')
 potentially stale -> ('SV', 'contracts/LendingPair.sol', 'LendingPair.tokenA'), ('SV', 'contracts/LendingPair.sol', 'LendingPair.tokenB')
 reader witnesses  -> 156
 storage exposures -> 1
[MV-SI candidate f8474bac08ca3d7021e9] {debtOf[@state::contracts/LendingPair.sol::LendingPair.tokenA][$arg0], debtOf[@state::contracts/LendingPair.sol::LendingPair.tokenB][$arg0], tokenA, tokenB}
 writer root       -> contracts/LendingPair.sol::LendingPair.withdrawBorrow(address,uint256)
 writer effect     -> contracts/LendingPair.sol:377
 written member    -> ('MS', 'contracts/LendingPair.sol', 'LendingPair.debtOf', '@state::contracts/LendingPair.sol::LendingPair.tokenA][$arg0'), ('MS', 'contracts/LendingPair.sol', 'LendingPair.debtOf', '@state::contracts/LendingPair.sol::LendingPair.tokenB][$arg0')
 potentially stale -> ('SV', 'contracts/LendingPair.sol', 'LendingPair.tokenA'), ('SV', 'contracts/LendingPair.sol', 'LendingPair.tokenB')
 reader witnesses  -> 156
 storage exposures -> 1
[MV-SI candidate fa4320c0f43a3aa5af61] {debtOf[$arg0][$arg1], tokenA, tokenB}
 writer root       -> contracts/LendingPair.sol::LendingPair.repay(address,address,uint256)
 writer effect     -> contracts/LendingPair.sol:377
 written member    -> ('MS', 'contracts/LendingPair.sol', 'LendingPair.debtOf', '$arg0][$arg1')
 potentially stale -> ('SV', 'contracts/LendingPair.sol', 'LendingPair.tokenA'), ('SV', 'contracts/LendingPair.sol', 'LendingPair.tokenB')
 reader witnesses  -> 312
 storage exposures -> 1Reference: https://github.com/crytic/slither/wiki/Detector-Documentation
INFO:Slither:mvscan-standard-input.json analyzed (25 contracts with 1 detectors), 56 result(s) found
