Problem executing hardhat to fetch configuration, using defaults: [Errno 2] No such file or directory: 'hardhat'
[mvscan-config] {"ATOMIC_GROUP": [], "DIVERGENCE_BUDGET": 1000, "ENABLE_BRANCH_GROUPS": false, "ENABLE_EXTERNAL_STATE": true, "ENABLE_MULTI_RETURN_GROUPS": true, "MAPPING_MODE": "precise", "MERGE_OVERLOADS": false, "MVSCAN_ABLATION": "no_branch_groups", "MVSCAN_CONTEXTUAL_KEYS": true, "MVSCAN_INCLUDE_SCALAR_WITNESSES": false, "MVSCAN_INTERFACE_DISPATCH": false, "MVSCAN_MAX_CONTEXTS_PER_OWNER_BLOCK": 128, "MVSCAN_MAX_DISPATCH_TARGETS": 16, "MVSCAN_REQUIRE_DISTINCT_OUTER_ROOTS": false, "MVSCAN_ROOT_CONTEXT_SINKS": false, "NOOP_WRITE_FILTER": true, "REQUIRE_SAME_SLOT_KEY": true, "SINK_TEST": "none", "USER_CALLABLE_ALWAYS": [], "USER_CALLABLE_DENY": []}
[mvscan-stage] icfg-built blocks=592 vars=68
[mvscan-stage] root-seeding-done eligible_exposures=28 seeded=23 multi_exposure_entry_blocks=5 collapsed_contextual_aliases=5 excluded_dependency=0 excluded_interface=8 excluded_library=0 excluded_abstract=2 missing_entry_point=0 missing_entry_block=0
[mvscan-pairs] call_target_digest=f1c1f8950d7b94fc5e8262449de09bd331dd3e58a274e2d0b8d3164cae4bb45a candidate_count=8 candidate_digest=2223ed85976559e4c61cc9b96b4c1fb304c49b492a016aa2e09fcbf6af711456 context_instance_count=40 eligible_readers=8 eligible_writers=8 execution_context_digest=53ea0132a0c97ee558c341cd50983cfaed2102fdb50099e0d81915f5d0d22495 insensitive_readers_filtered=12 invalid_partial_write_filtered=0 must_full_relation_filtered=0 omitted_member_evidence_filtered=0 omitted_member_not_sensitive_filtered=0 owner_context_pairs=40 owner_context_pairs_considered=48 raw_block_pairs=32 reader_witness_count=40 relation_base_members_shadowed=0 relation_context_incompatible=8 relation_digest=05fc78b249edbc2966936ac29b10519775222d8c3008b5a5cfa8bd93b05ef379 relation_members_raw=9 relation_origins_registered=2 relation_origins_rejected_unary_after_shadowing=3 relation_origins_rejected_unreachable=7 relation_origins_seen=5 root_context_sink_filtered=0 same_outer_root_filtered=0 scalar_variables_skipped=35 storage_context_mismatch=0 variables_considered=37
INFO:Detectors:

[MV-SI candidate 0ad467d9c36b5500094f] {rate, startEpochSupply, startEpochTime}
 writer root       -> contracts/InvestorDistribution.sol::InvestorDistribution.updateEmission()
 writer effect     -> contracts/InvestorDistribution.sol:172
 written member    -> ('SV', 'contracts/InvestorDistribution.sol', 'InvestorDistribution.startEpochSupply')
 potentially stale -> ('SV', 'contracts/InvestorDistribution.sol', 'InvestorDistribution.rate'), ('SV', 'contracts/InvestorDistribution.sol', 'InvestorDistribution.startEpochTime')
 reader witnesses  -> 6
 storage exposures -> 1
[MV-SI candidate 2bb0b1519f6b03e7f8a0] {rate, startEpochSupply, startEpochTime}
 writer root       -> contracts/AirdropDistribution.sol::AirdropDistribution.updateEmission()
 writer effect     -> contracts/AirdropDistribution.sol:582
 written member    -> ('SV', 'contracts/AirdropDistribution.sol', 'AirdropDistribution.startEpochSupply')
 potentially stale -> ('SV', 'contracts/AirdropDistribution.sol', 'AirdropDistribution.rate'), ('SV', 'contracts/AirdropDistribution.sol', 'AirdropDistribution.startEpochTime')
 reader witnesses  -> 6
 storage exposures -> 1
[MV-SI candidate 34181ce00a01994b6ced] {rate, startEpochSupply, startEpochTime}
 writer root       -> contracts/AirdropDistribution.sol::AirdropDistribution.updateEmission()
 writer effect     -> contracts/AirdropDistribution.sol:585
 written member    -> ('SV', 'contracts/AirdropDistribution.sol', 'AirdropDistribution.rate')
 potentially stale -> ('SV', 'contracts/AirdropDistribution.sol', 'AirdropDistribution.startEpochSupply'), ('SV', 'contracts/AirdropDistribution.sol', 'AirdropDistribution.startEpochTime')
 reader witnesses  -> 6
 storage exposures -> 1
[MV-SI candidate 9637ff6d9fabaa7bfad1] {rate, startEpochSupply, startEpochTime}
 writer root       -> contracts/InvestorDistribution.sol::InvestorDistribution.updateEmission()
 writer effect     -> contracts/InvestorDistribution.sol:178
 written member    -> ('SV', 'contracts/InvestorDistribution.sol', 'InvestorDistribution.rate')
 potentially stale -> ('SV', 'contracts/InvestorDistribution.sol', 'InvestorDistribution.startEpochSupply'), ('SV', 'contracts/InvestorDistribution.sol', 'InvestorDistribution.startEpochTime')
 reader witnesses  -> 6
 storage exposures -> 1
[MV-SI candidate a06784141d027b014c9d] {rate, startEpochSupply, startEpochTime}
 writer root       -> contracts/AirdropDistribution.sol::AirdropDistribution.updateEmission()
 writer effect     -> contracts/AirdropDistribution.sol:581
 written member    -> ('SV', 'contracts/AirdropDistribution.sol', 'AirdropDistribution.startEpochTime')
 potentially stale -> ('SV', 'contracts/AirdropDistribution.sol', 'AirdropDistribution.rate'), ('SV', 'contracts/AirdropDistribution.sol', 'AirdropDistribution.startEpochSupply')
 reader witnesses  -> 2
 storage exposures -> 1
[MV-SI candidate bc81fbe8fe20c0b6d893] {rate, startEpochSupply, startEpochTime}
 writer root       -> contracts/InvestorDistribution.sol::InvestorDistribution.updateEmission()
 writer effect     -> contracts/InvestorDistribution.sol:171
 written member    -> ('SV', 'contracts/InvestorDistribution.sol', 'InvestorDistribution.startEpochTime')
 potentially stale -> ('SV', 'contracts/InvestorDistribution.sol', 'InvestorDistribution.rate'), ('SV', 'contracts/InvestorDistribution.sol', 'InvestorDistribution.startEpochSupply')
 reader witnesses  -> 2
 storage exposures -> 1
[MV-SI candidate bdbdd72cea48fc05480d] {rate, startEpochSupply, startEpochTime}
 writer root       -> contracts/InvestorDistribution.sol::InvestorDistribution.updateEmission()
 writer effect     -> contracts/InvestorDistribution.sol:175
 written member    -> ('SV', 'contracts/InvestorDistribution.sol', 'InvestorDistribution.rate')
 potentially stale -> ('SV', 'contracts/InvestorDistribution.sol', 'InvestorDistribution.startEpochSupply'), ('SV', 'contracts/InvestorDistribution.sol', 'InvestorDistribution.startEpochTime')
 reader witnesses  -> 6
 storage exposures -> 1
[MV-SI candidate d470c350c651655a7b67] {rate, startEpochSupply, startEpochTime}
 writer root       -> contracts/AirdropDistribution.sol::AirdropDistribution.updateEmission()
 writer effect     -> contracts/AirdropDistribution.sol:588
 written member    -> ('SV', 'contracts/AirdropDistribution.sol', 'AirdropDistribution.rate')
 potentially stale -> ('SV', 'contracts/AirdropDistribution.sol', 'AirdropDistribution.startEpochSupply'), ('SV', 'contracts/AirdropDistribution.sol', 'AirdropDistribution.startEpochTime')
 reader witnesses  -> 6
 storage exposures -> 1Reference: https://github.com/crytic/slither/wiki/Detector-Documentation
INFO:Slither:. analyzed (16 contracts with 1 detectors), 8 result(s) found
