Problem executing hardhat to fetch configuration, using defaults: [Errno 2] No such file or directory: 'hardhat'
[mvscan-config] {"ATOMIC_GROUP": [], "DIVERGENCE_BUDGET": 1000, "ENABLE_BRANCH_GROUPS": true, "ENABLE_EXTERNAL_STATE": true, "ENABLE_MULTI_RETURN_GROUPS": false, "MAPPING_MODE": "precise", "MERGE_OVERLOADS": false, "MVSCAN_ABLATION": "no_multi_return_groups", "MVSCAN_CONTEXTUAL_KEYS": true, "MVSCAN_INCLUDE_SCALAR_WITNESSES": false, "MVSCAN_INTERFACE_DISPATCH": false, "MVSCAN_MAX_CONTEXTS_PER_OWNER_BLOCK": 128, "MVSCAN_MAX_DISPATCH_TARGETS": 16, "MVSCAN_REQUIRE_DISTINCT_OUTER_ROOTS": false, "MVSCAN_ROOT_CONTEXT_SINKS": false, "NOOP_WRITE_FILTER": true, "REQUIRE_SAME_SLOT_KEY": true, "SINK_TEST": "none", "USER_CALLABLE_ALWAYS": [], "USER_CALLABLE_DENY": []}
[mvscan-stage] icfg-built blocks=1424 vars=120
[mvscan-stage] root-seeding-done eligible_exposures=98 seeded=71 multi_exposure_entry_blocks=12 collapsed_contextual_aliases=27 excluded_dependency=0 excluded_interface=120 excluded_library=0 excluded_abstract=17 missing_entry_point=0 missing_entry_block=0
[mvscan-pairs] call_target_digest=23c7d9999c2cbc32f732a398ede2887fdbe3c1c2519b5b604531f71c04ee244c candidate_count=81 candidate_digest=eb2054d7bbf76f57d01c0914ae61aa9600bc09c5c443e4750f5262c8032c4686 context_instance_count=977 eligible_readers=222 eligible_writers=105 execution_context_digest=1a2125e411f894d06668fb669a0389d955daeee513116c3db80b6b792927724c insensitive_readers_filtered=137 invalid_partial_write_filtered=0 must_full_relation_filtered=1 omitted_member_evidence_filtered=0 omitted_member_not_sensitive_filtered=0 owner_context_pairs=1772 owner_context_pairs_considered=5124 raw_block_pairs=855 reader_witness_count=1772 relation_base_members_shadowed=33 relation_context_incompatible=1389 relation_digest=bf3f7707fd8df1269b0595636a44cb1992748895969f41d0e6ea23d7ed86fe6e relation_members_raw=159 relation_origins_registered=32 relation_origins_rejected_unary_after_shadowing=41 relation_origins_seen=73 relation_unbound_key_templates=129 root_context_sink_filtered=0 same_outer_root_filtered=0 same_static_block_filtered=30 scalar_variables_skipped=85 storage_context_mismatch=1962 variables_considered=117
INFO:Detectors:

[MV-SI candidate 04835d687db045d10011] {currentGeneration, generationMintCounts[$arg2], maxTokensPerGen}
 writer root       -> contracts/TraitForgeNft/TraitForgeNft.sol::TraitForgeNft.mintWithBudget(bytes32[])
 writer effect     -> contracts/TraitForgeNft/TraitForgeNft.sol:350
 written member    -> ('SV', 'contracts/TraitForgeNft/TraitForgeNft.sol', 'TraitForgeNft.currentGeneration')
 potentially stale -> ('MS', 'contracts/TraitForgeNft/TraitForgeNft.sol', 'TraitForgeNft.generationMintCounts', '$arg2'), ('SV', 'contracts/TraitForgeNft/TraitForgeNft.sol', 'TraitForgeNft.maxTokensPerGen')
 reader witnesses  -> 8
 storage exposures -> 1
[MV-SI candidate 08b0384c2579e532fa71] {batchSize2, lastInitializedIndex, maxSlotIndex}
 writer root       -> contracts/EntropyGenerator/EntropyGenerator.sol::EntropyGenerator.writeEntropyBatch1()
 writer effect     -> contracts/EntropyGenerator/EntropyGenerator.sol:60
 written member    -> ('SV', 'contracts/EntropyGenerator/EntropyGenerator.sol', 'EntropyGenerator.lastInitializedIndex')
 potentially stale -> ('SV', 'contracts/EntropyGenerator/EntropyGenerator.sol', 'EntropyGenerator.batchSize2'), ('SV', 'contracts/EntropyGenerator/EntropyGenerator.sol', 'EntropyGenerator.maxSlotIndex')
 reader witnesses  -> 7
 storage exposures -> 1
[MV-SI candidate 0df57a5f6ea7aa99f6c0] {batchSize1, batchSize2, lastInitializedIndex}
 writer root       -> contracts/EntropyGenerator/EntropyGenerator.sol::EntropyGenerator.writeEntropyBatch2()
 writer effect     -> contracts/EntropyGenerator/EntropyGenerator.sol:80
 written member    -> ('SV', 'contracts/EntropyGenerator/EntropyGenerator.sol', 'EntropyGenerator.lastInitializedIndex')
 potentially stale -> ('SV', 'contracts/EntropyGenerator/EntropyGenerator.sol', 'EntropyGenerator.batchSize1'), ('SV', 'contracts/EntropyGenerator/EntropyGenerator.sol', 'EntropyGenerator.batchSize2')
 reader witnesses  -> 5
 storage exposures -> 1
[MV-SI candidate 129085ee624c669ada74] {currentGeneration, generationMintCounts[@state::contracts/TraitForgeNft/TraitForgeNft.sol::TraitForgeNft.currentGeneration], maxTokensPerGen}
 writer root       -> contracts/TraitForgeNft/TraitForgeNft.sol::TraitForgeNft.mintWithBudget(bytes32[])
 writer effect     -> contracts/TraitForgeNft/TraitForgeNft.sol:350
 written member    -> ('SV', 'contracts/TraitForgeNft/TraitForgeNft.sol', 'TraitForgeNft.currentGeneration')
 potentially stale -> ('MS', 'contracts/TraitForgeNft/TraitForgeNft.sol', 'TraitForgeNft.generationMintCounts', '@state::contracts/TraitForgeNft/TraitForgeNft.sol::TraitForgeNft.currentGeneration'), ('SV', 'contracts/TraitForgeNft/TraitForgeNft.sol', 'TraitForgeNft.maxTokensPerGen')
 reader witnesses  -> 24
 storage exposures -> 1
[MV-SI candidate 1d6dad851652b91aacc5] {ageMultiplier, defaultNukeFactorIncrease, nukeFactorMaxParam}
 writer root       -> contracts/NukeFund/NukeFund.sol::NukeFund.setNukeFactorMaxParam(uint256)
 writer effect     -> contracts/NukeFund/NukeFund.sol:80
 written member    -> ('SV', 'contracts/NukeFund/NukeFund.sol', 'NukeFund.nukeFactorMaxParam')
 potentially stale -> ('SV', 'contracts/NukeFund/NukeFund.sol', 'NukeFund.ageMultiplier'), ('SV', 'contracts/NukeFund/NukeFund.sol', 'NukeFund.defaultNukeFactorIncrease')
 reader witnesses  -> 2
 storage exposures -> 1
[MV-SI candidate 200017b394dbf917a82d] {lastForgeResetTimestamp[$arg0], oneYearInDays}
 writer root       -> contracts/EntityForging/EntityForging.sol::EntityForging.listForForging(uint256,uint256)
 writer effect     -> contracts/EntityForging/EntityForging.sol:202
 written member    -> ('MS', 'contracts/EntityForging/EntityForging.sol', 'EntityForging.lastForgeResetTimestamp', '$arg0')
 potentially stale -> ('SV', 'contracts/EntityForging/EntityForging.sol', 'EntityForging.oneYearInDays')
 reader witnesses  -> 3
 storage exposures -> 1
[MV-SI candidate 25f40d762f0917c8c339] {currentGeneration, generationMintCounts[@state::contracts/TraitForgeNft/TraitForgeNft.sol::TraitForgeNft.currentGeneration], priceIncrement, startPrice}
 writer root       -> contracts/TraitForgeNft/TraitForgeNft.sol::TraitForgeNft.setStartPrice(uint256)
 writer effect     -> contracts/TraitForgeNft/TraitForgeNft.sol:101
 written member    -> ('SV', 'contracts/TraitForgeNft/TraitForgeNft.sol', 'TraitForgeNft.startPrice')
 potentially stale -> ('MS', 'contracts/TraitForgeNft/TraitForgeNft.sol', 'TraitForgeNft.generationMintCounts', '@state::contracts/TraitForgeNft/TraitForgeNft.sol::TraitForgeNft.currentGeneration'), ('SV', 'contracts/TraitForgeNft/TraitForgeNft.sol', 'TraitForgeNft.currentGeneration'), ('SV', 'contracts/TraitForgeNft/TraitForgeNft.sol', 'TraitForgeNft.priceIncrement')
 reader witnesses  -> 63
 storage exposures -> 1
[MV-SI candidate 26aeb271a9e9e8027d08] {currentGeneration, generationMintCounts[$arg2], maxTokensPerGen}
 writer root       -> contracts/TraitForgeNft/TraitForgeNft.sol::TraitForgeNft.forge(address,uint256,uint256,string)
 writer effect     -> contracts/TraitForgeNft/TraitForgeNft.sol:350
 written member    -> ('SV', 'contracts/TraitForgeNft/TraitForgeNft.sol', 'TraitForgeNft.currentGeneration')
 potentially stale -> ('MS', 'contracts/TraitForgeNft/TraitForgeNft.sol', 'TraitForgeNft.generationMintCounts', '$arg2'), ('SV', 'contracts/TraitForgeNft/TraitForgeNft.sol', 'TraitForgeNft.maxTokensPerGen')
 reader witnesses  -> 8
 storage exposures -> 1
[MV-SI candidate 26f65a31ea3ec1d38d00] {batchSize2, lastInitializedIndex, maxSlotIndex}
 writer root       -> contracts/EntropyGenerator/EntropyGenerator.sol::EntropyGenerator.writeEntropyBatch3()
 writer effect     -> contracts/EntropyGenerator/EntropyGenerator.sol:97
 written member    -> ('SV', 'contracts/EntropyGenerator/EntropyGenerator.sol', 'EntropyGenerator.lastInitializedIndex')
 potentially stale -> ('SV', 'contracts/EntropyGenerator/EntropyGenerator.sol', 'EntropyGenerator.batchSize2'), ('SV', 'contracts/EntropyGenerator/EntropyGenerator.sol', 'EntropyGenerator.maxSlotIndex')
 reader witnesses  -> 6
 storage exposures -> 1
[MV-SI candidate 274c7d2de91aee54d686] {batchSize1, batchSize2, lastInitializedIndex}
 writer root       -> contracts/EntropyGenerator/EntropyGenerator.sol::EntropyGenerator.writeEntropyBatch3()
 writer effect     -> contracts/EntropyGenerator/EntropyGenerator.sol:97
 written member    -> ('SV', 'contracts/EntropyGenerator/EntropyGenerator.sol', 'EntropyGenerator.lastInitializedIndex')
 potentially stale -> ('SV', 'contracts/EntropyGenerator/EntropyGenerator.sol', 'EntropyGenerator.batchSize1'), ('SV', 'contracts/EntropyGenerator/EntropyGenerator.sol', 'EntropyGenerator.batchSize2')
 reader witnesses  -> 5
 storage exposures -> 1
[MV-SI candidate 28223eecda9eafb50409] {currentGeneration, generationMintCounts[@state::contracts/TraitForgeNft/TraitForgeNft.sol::TraitForgeNft.currentGeneration], priceIncrement, startPrice}
 writer root       -> contracts/TraitForgeNft/TraitForgeNft.sol::TraitForgeNft.forge(address,uint256,uint256,string)
 writer effect     -> contracts/TraitForgeNft/TraitForgeNft.sol:350
 written member    -> ('SV', 'contracts/TraitForgeNft/TraitForgeNft.sol', 'TraitForgeNft.currentGeneration')
 potentially stale -> ('MS', 'contracts/TraitForgeNft/TraitForgeNft.sol', 'TraitForgeNft.generationMintCounts', '@state::contracts/TraitForgeNft/TraitForgeNft.sol::TraitForgeNft.currentGeneration'), ('SV', 'contracts/TraitForgeNft/TraitForgeNft.sol', 'TraitForgeNft.priceIncrement'), ('SV', 'contracts/TraitForgeNft/TraitForgeNft.sol', 'TraitForgeNft.startPrice')
 reader witnesses  -> 48
 storage exposures -> 1
[MV-SI candidate 2c579a7aed8e7fba8976] {currentGeneration, generationMintCounts[@state::contracts/TraitForgeNft/TraitForgeNft.sol::TraitForgeNft.currentGeneration], maxTokensPerGen}
 writer root       -> contracts/TraitForgeNft/TraitForgeNft.sol::TraitForgeNft.mintWithBudget(bytes32[])
 writer effect     -> contracts/TraitForgeNft/TraitForgeNft.sol:293
 written member    -> ('MS', 'contracts/TraitForgeNft/TraitForgeNft.sol', 'TraitForgeNft.generationMintCounts', '@state::contracts/TraitForgeNft/TraitForgeNft.sol::TraitForgeNft.currentGeneration')
 potentially stale -> ('SV', 'contracts/TraitForgeNft/TraitForgeNft.sol', 'TraitForgeNft.currentGeneration'), ('SV', 'contracts/TraitForgeNft/TraitForgeNft.sol', 'TraitForgeNft.maxTokensPerGen')
 reader witnesses  -> 32
 storage exposures -> 1
[MV-SI candidate 2c97d2d5724f1ec8b698] {_operatorApprovals[$arg0][$arg1], _owners[$arg0], _tokenApprovals[$arg0]}
 writer root       -> @openzeppelin/contracts/token/ERC721/ERC721.sol::ERC721.safeTransferFrom(address,address,uint256)
 writer effect     -> @openzeppelin/contracts/token/ERC721/ERC721.sol:354
 written member    -> ('MS', '@openzeppelin/contracts/token/ERC721/ERC721.sol', 'ERC721._owners', '$arg0')
 potentially stale -> ('MS', '@openzeppelin/contracts/token/ERC721/ERC721.sol', 'ERC721._operatorApprovals', '$arg0][$arg1'), ('MS', '@openzeppelin/contracts/token/ERC721/ERC721.sol', 'ERC721._tokenApprovals', '$arg0')
 reader witnesses  -> 33
 storage exposures -> 3
[MV-SI candidate 31893cada21889c3b371] {batchSize2, lastInitializedIndex, maxSlotIndex}
 writer root       -> contracts/EntropyGenerator/EntropyGenerator.sol::EntropyGenerator.writeEntropyBatch2()
 writer effect     -> contracts/EntropyGenerator/EntropyGenerator.sol:80
 written member    -> ('SV', 'contracts/EntropyGenerator/EntropyGenerator.sol', 'EntropyGenerator.lastInitializedIndex')
 potentially stale -> ('SV', 'contracts/EntropyGenerator/EntropyGenerator.sol', 'EntropyGenerator.batchSize2'), ('SV', 'contracts/EntropyGenerator/EntropyGenerator.sol', 'EntropyGenerator.maxSlotIndex')
 reader witnesses  -> 7
 storage exposures -> 1
[MV-SI candidate 36d97b0edee558b1a23e] {_tokenIds, currentGeneration, generationMintCounts[@state::contracts/TraitForgeNft/TraitForgeNft.sol::TraitForgeNft.currentGeneration], maxTokensPerGen, priceIncrement, startPrice}
 writer root       -> contracts/TraitForgeNft/TraitForgeNft.sol::TraitForgeNft.forge(address,uint256,uint256,string)
 writer effect     -> contracts/TraitForgeNft/TraitForgeNft.sol:321
 written member    -> ('SV', 'contracts/TraitForgeNft/TraitForgeNft.sol', 'TraitForgeNft._tokenIds')
 potentially stale -> ('MS', 'contracts/TraitForgeNft/TraitForgeNft.sol', 'TraitForgeNft.generationMintCounts', '@state::contracts/TraitForgeNft/TraitForgeNft.sol::TraitForgeNft.currentGeneration'), ('SV', 'contracts/TraitForgeNft/TraitForgeNft.sol', 'TraitForgeNft.currentGeneration'), ('SV', 'contracts/TraitForgeNft/TraitForgeNft.sol', 'TraitForgeNft.maxTokensPerGen'), ('SV', 'contracts/TraitForgeNft/TraitForgeNft.sol', 'TraitForgeNft.priceIncrement'), ('SV', 'contracts/TraitForgeNft/TraitForgeNft.sol', 'TraitForgeNft.startPrice')
 reader witnesses  -> 25
 storage exposures -> 1
[MV-SI candidate 38823b21047d855f5ce7] {_tokenIds, currentGeneration, generationMintCounts[@state::contracts/TraitForgeNft/TraitForgeNft.sol::TraitForgeNft.currentGeneration], maxTokensPerGen, priceIncrement, startPrice}
 writer root       -> contracts/TraitForgeNft/TraitForgeNft.sol::TraitForgeNft.mintWithBudget(bytes32[])
 writer effect     -> contracts/TraitForgeNft/TraitForgeNft.sol:350
 written member    -> ('SV', 'contracts/TraitForgeNft/TraitForgeNft.sol', 'TraitForgeNft.currentGeneration')
 potentially stale -> ('MS', 'contracts/TraitForgeNft/TraitForgeNft.sol', 'TraitForgeNft.generationMintCounts', '@state::contracts/TraitForgeNft/TraitForgeNft.sol::TraitForgeNft.currentGeneration'), ('SV', 'contracts/TraitForgeNft/TraitForgeNft.sol', 'TraitForgeNft._tokenIds'), ('SV', 'contracts/TraitForgeNft/TraitForgeNft.sol', 'TraitForgeNft.maxTokensPerGen'), ('SV', 'contracts/TraitForgeNft/TraitForgeNft.sol', 'TraitForgeNft.priceIncrement'), ('SV', 'contracts/TraitForgeNft/TraitForgeNft.sol', 'TraitForgeNft.startPrice')
 reader witnesses  -> 22
 storage exposures -> 1
[MV-SI candidate 3979281ad3e42b6f992b] {_operatorApprovals[$arg0][$arg1], _owners[$arg0], _tokenApprovals[$arg0]}
 writer root       -> @openzeppelin/contracts/token/ERC721/ERC721.sol::ERC721.transferFrom(address,address,uint256)
 writer effect     -> @openzeppelin/contracts/token/ERC721/ERC721.sol:354
 written member    -> ('MS', '@openzeppelin/contracts/token/ERC721/ERC721.sol', 'ERC721._owners', '$arg0')
 potentially stale -> ('MS', '@openzeppelin/contracts/token/ERC721/ERC721.sol', 'ERC721._operatorApprovals', '$arg0][$arg1'), ('MS', '@openzeppelin/contracts/token/ERC721/ERC721.sol', 'ERC721._tokenApprovals', '$arg0')
 reader witnesses  -> 33
 storage exposures -> 3
[MV-SI candidate 3d652122bb50fb83f5c6] {currentNumberIndex, maxNumberIndex}
 writer root       -> contracts/EntropyGenerator/EntropyGenerator.sol::EntropyGenerator.getNextEntropy()
 writer effect     -> contracts/EntropyGenerator/EntropyGenerator.sol:113
 written member    -> ('SV', 'contracts/EntropyGenerator/EntropyGenerator.sol', 'EntropyGenerator.currentNumberIndex')
 potentially stale -> ('SV', 'contracts/EntropyGenerator/EntropyGenerator.sol', 'EntropyGenerator.maxNumberIndex')
 reader witnesses  -> 1
 storage exposures -> 1
[MV-SI candidate 3e4ff857bf28300abc64] {_tokenIds, currentGeneration, generationMintCounts[@state::contracts/TraitForgeNft/TraitForgeNft.sol::TraitForgeNft.currentGeneration], maxTokensPerGen, priceIncrement, startPrice}
 writer root       -> contracts/TraitForgeNft/TraitForgeNft.sol::TraitForgeNft.mintToken(bytes32[])
 writer effect     -> contracts/TraitForgeNft/TraitForgeNft.sol:352
 written member    -> ('SV', 'contracts/TraitForgeNft/TraitForgeNft.sol', 'TraitForgeNft.priceIncrement')
 potentially stale -> ('MS', 'contracts/TraitForgeNft/TraitForgeNft.sol', 'TraitForgeNft.generationMintCounts', '@state::contracts/TraitForgeNft/TraitForgeNft.sol::TraitForgeNft.currentGeneration'), ('SV', 'contracts/TraitForgeNft/TraitForgeNft.sol', 'TraitForgeNft._tokenIds'), ('SV', 'contracts/TraitForgeNft/TraitForgeNft.sol', 'TraitForgeNft.currentGeneration'), ('SV', 'contracts/TraitForgeNft/TraitForgeNft.sol', 'TraitForgeNft.maxTokensPerGen'), ('SV', 'contracts/TraitForgeNft/TraitForgeNft.sol', 'TraitForgeNft.startPrice')
 reader witnesses  -> 23
 storage exposures -> 1
[MV-SI candidate 474f76429dc6ad505b7a] {currentNumberIndex, currentSlotIndex, numberIndexSelectionPoint, slotIndexSelectionPoint}
 writer root       -> contracts/EntropyGenerator/EntropyGenerator.sol::EntropyGenerator.initializeAlphaIndices()
 writer effect     -> contracts/EntropyGenerator/EntropyGenerator.sol:214
 written member    -> ('SV', 'contracts/EntropyGenerator/EntropyGenerator.sol', 'EntropyGenerator.slotIndexSelectionPoint')
 potentially stale -> ('SV', 'contracts/EntropyGenerator/EntropyGenerator.sol', 'EntropyGenerator.currentNumberIndex'), ('SV', 'contracts/EntropyGenerator/EntropyGenerator.sol', 'EntropyGenerator.currentSlotIndex'), ('SV', 'contracts/EntropyGenerator/EntropyGenerator.sol', 'EntropyGenerator.numberIndexSelectionPoint')
 reader witnesses  -> 6
 storage exposures -> 1
[MV-SI candidate 4d533adc8afe98cde09b] {currentGeneration, generationMintCounts[$arg2], maxTokensPerGen}
 writer root       -> contracts/TraitForgeNft/TraitForgeNft.sol::TraitForgeNft.mintToken(bytes32[])
 writer effect     -> contracts/TraitForgeNft/TraitForgeNft.sol:350
 written member    -> ('SV', 'contracts/TraitForgeNft/TraitForgeNft.sol', 'TraitForgeNft.currentGeneration')
 potentially stale -> ('MS', 'contracts/TraitForgeNft/TraitForgeNft.sol', 'TraitForgeNft.generationMintCounts', '$arg2'), ('SV', 'contracts/TraitForgeNft/TraitForgeNft.sol', 'TraitForgeNft.maxTokensPerGen')
 reader witnesses  -> 8
 storage exposures -> 1
[MV-SI candidate 4da5bc4da61c03f0ec6b] {currentGeneration, generationMintCounts[@state::contracts/TraitForgeNft/TraitForgeNft.sol::TraitForgeNft.currentGeneration], priceIncrement, startPrice}
 writer root       -> contracts/TraitForgeNft/TraitForgeNft.sol::TraitForgeNft.mintWithBudget(bytes32[])
 writer effect     -> contracts/TraitForgeNft/TraitForgeNft.sol:352
 written member    -> ('SV', 'contracts/TraitForgeNft/TraitForgeNft.sol', 'TraitForgeNft.priceIncrement')
 potentially stale -> ('MS', 'contracts/TraitForgeNft/TraitForgeNft.sol', 'TraitForgeNft.generationMintCounts', '@state::contracts/TraitForgeNft/TraitForgeNft.sol::TraitForgeNft.currentGeneration'), ('SV', 'contracts/TraitForgeNft/TraitForgeNft.sol', 'TraitForgeNft.currentGeneration'), ('SV', 'contracts/TraitForgeNft/TraitForgeNft.sol', 'TraitForgeNft.startPrice')
 reader witnesses  -> 54
 storage exposures -> 1
[MV-SI candidate 4db5b6d5fd2dd2dddb30] {currentGeneration, generationMintCounts[@state::contracts/TraitForgeNft/TraitForgeNft.sol::TraitForgeNft.currentGeneration], maxTokensPerGen}
 writer root       -> contracts/TraitForgeNft/TraitForgeNft.sol::TraitForgeNft.mintToken(bytes32[])
 writer effect     -> contracts/TraitForgeNft/TraitForgeNft.sol:350
 written member    -> ('SV', 'contracts/TraitForgeNft/TraitForgeNft.sol', 'TraitForgeNft.currentGeneration')
 potentially stale -> ('MS', 'contracts/TraitForgeNft/TraitForgeNft.sol', 'TraitForgeNft.generationMintCounts', '@state::contracts/TraitForgeNft/TraitForgeNft.sol::TraitForgeNft.currentGeneration'), ('SV', 'contracts/TraitForgeNft/TraitForgeNft.sol', 'TraitForgeNft.maxTokensPerGen')
 reader witnesses  -> 24
 storage exposures -> 1
[MV-SI candidate 54d043902489f48d67aa] {listedTokenIds[$arg0], listings}
 writer root       -> contracts/EntityForging/EntityForging.sol::EntityForging.forgeWithListed(uint256,uint256)
 writer effect     -> contracts/EntityForging/EntityForging.sol:194
 written member    -> ('SV', 'contracts/EntityForging/EntityForging.sol', 'EntityForging.listings')
 potentially stale -> ('MS', 'contracts/EntityForging/EntityForging.sol', 'EntityForging.listedTokenIds', '$arg0')
 reader witnesses  -> 3
 storage exposures -> 1
[MV-SI candidate 57c709a22d159fddd076] {lastInitializedIndex, maxSlotIndex}
 writer root       -> contracts/EntropyGenerator/EntropyGenerator.sol::EntropyGenerator.writeEntropyBatch3()
 writer effect     -> contracts/EntropyGenerator/EntropyGenerator.sol:97
 written member    -> ('SV', 'contracts/EntropyGenerator/EntropyGenerator.sol', 'EntropyGenerator.lastInitializedIndex')
 potentially stale -> ('SV', 'contracts/EntropyGenerator/EntropyGenerator.sol', 'EntropyGenerator.maxSlotIndex')
 reader witnesses  -> 5
 storage exposures -> 1
[MV-SI candidate 5c2dbcaeb06a9899783d] {currentGeneration, generationMintCounts[@state::contracts/TraitForgeNft/TraitForgeNft.sol::TraitForgeNft.currentGeneration], priceIncrement, startPrice}
 writer root       -> contracts/TraitForgeNft/TraitForgeNft.sol::TraitForgeNft.forge(address,uint256,uint256,string)
 writer effect     -> contracts/TraitForgeNft/TraitForgeNft.sol:352
 written member    -> ('SV', 'contracts/TraitForgeNft/TraitForgeNft.sol', 'TraitForgeNft.priceIncrement')
 potentially stale -> ('MS', 'contracts/TraitForgeNft/TraitForgeNft.sol', 'TraitForgeNft.generationMintCounts', '@state::contracts/TraitForgeNft/TraitForgeNft.sol::TraitForgeNft.currentGeneration'), ('SV', 'contracts/TraitForgeNft/TraitForgeNft.sol', 'TraitForgeNft.currentGeneration'), ('SV', 'contracts/TraitForgeNft/TraitForgeNft.sol', 'TraitForgeNft.startPrice')
 reader witnesses  -> 54
 storage exposures -> 1
[MV-SI candidate 5cd2aea92d8caa771c3f] {_tokenIds, currentGeneration, generationMintCounts[@state::contracts/TraitForgeNft/TraitForgeNft.sol::TraitForgeNft.currentGeneration], maxTokensPerGen, priceIncrement, startPrice}
 writer root       -> contracts/TraitForgeNft/TraitForgeNft.sol::TraitForgeNft.setStartPrice(uint256)
 writer effect     -> contracts/TraitForgeNft/TraitForgeNft.sol:101
 written member    -> ('SV', 'contracts/TraitForgeNft/TraitForgeNft.sol', 'TraitForgeNft.startPrice')
 potentially stale -> ('MS', 'contracts/TraitForgeNft/TraitForgeNft.sol', 'TraitForgeNft.generationMintCounts', '@state::contracts/TraitForgeNft/TraitForgeNft.sol::TraitForgeNft.currentGeneration'), ('SV', 'contracts/TraitForgeNft/TraitForgeNft.sol', 'TraitForgeNft._tokenIds'), ('SV', 'contracts/TraitForgeNft/TraitForgeNft.sol', 'TraitForgeNft.currentGeneration'), ('SV', 'contracts/TraitForgeNft/TraitForgeNft.sol', 'TraitForgeNft.maxTokensPerGen'), ('SV', 'contracts/TraitForgeNft/TraitForgeNft.sol', 'TraitForgeNft.priceIncrement')
 reader witnesses  -> 26
 storage exposures -> 1
[MV-SI candidate 5de14c91b3aa571ffdb4] {currentGeneration, generationMintCounts[@state::contracts/TraitForgeNft/TraitForgeNft.sol::TraitForgeNft.currentGeneration], priceIncrement, startPrice}
 writer root       -> contracts/TraitForgeNft/TraitForgeNft.sol::TraitForgeNft.mintToken(bytes32[])
 writer effect     -> contracts/TraitForgeNft/TraitForgeNft.sol:352
 written member    -> ('SV', 'contracts/TraitForgeNft/TraitForgeNft.sol', 'TraitForgeNft.priceIncrement')
 potentially stale -> ('MS', 'contracts/TraitForgeNft/TraitForgeNft.sol', 'TraitForgeNft.generationMintCounts', '@state::contracts/TraitForgeNft/TraitForgeNft.sol::TraitForgeNft.currentGeneration'), ('SV', 'contracts/TraitForgeNft/TraitForgeNft.sol', 'TraitForgeNft.currentGeneration'), ('SV', 'contracts/TraitForgeNft/TraitForgeNft.sol', 'TraitForgeNft.startPrice')
 reader witnesses  -> 54
 storage exposures -> 1
[MV-SI candidate 5e26b51ccf489cd72203] {currentNumberIndex, currentSlotIndex, numberIndexSelectionPoint, slotIndexSelectionPoint}
 writer root       -> contracts/EntropyGenerator/EntropyGenerator.sol::EntropyGenerator.getNextEntropy()
 writer effect     -> contracts/EntropyGenerator/EntropyGenerator.sol:110
 written member    -> ('SV', 'contracts/EntropyGenerator/EntropyGenerator.sol', 'EntropyGenerator.currentSlotIndex')
 potentially stale -> ('SV', 'contracts/EntropyGenerator/EntropyGenerator.sol', 'EntropyGenerator.currentNumberIndex'), ('SV', 'contracts/EntropyGenerator/EntropyGenerator.sol', 'EntropyGenerator.numberIndexSelectionPoint'), ('SV', 'contracts/EntropyGenerator/EntropyGenerator.sol', 'EntropyGenerator.slotIndexSelectionPoint')
 reader witnesses  -> 3
 storage exposures -> 1
[MV-SI candidate 646b2fffeb2ab9f4ae91] {batchSize1, lastInitializedIndex}
 writer root       -> contracts/EntropyGenerator/EntropyGenerator.sol::EntropyGenerator.writeEntropyBatch1()
 writer effect     -> contracts/EntropyGenerator/EntropyGenerator.sol:60
 written member    -> ('SV', 'contracts/EntropyGenerator/EntropyGenerator.sol', 'EntropyGenerator.lastInitializedIndex')
 potentially stale -> ('SV', 'contracts/EntropyGenerator/EntropyGenerator.sol', 'EntropyGenerator.batchSize1')
 reader witnesses  -> 12
 storage exposures -> 1
[MV-SI candidate 64975fc97f86d7604f70] {_tokenIds, currentGeneration, generationMintCounts[@state::contracts/TraitForgeNft/TraitForgeNft.sol::TraitForgeNft.currentGeneration], maxTokensPerGen, priceIncrement, startPrice}
 writer root       -> contracts/TraitForgeNft/TraitForgeNft.sol::TraitForgeNft.mintWithBudget(bytes32[])
 writer effect     -> contracts/TraitForgeNft/TraitForgeNft.sol:352
 written member    -> ('SV', 'contracts/TraitForgeNft/TraitForgeNft.sol', 'TraitForgeNft.priceIncrement')
 potentially stale -> ('MS', 'contracts/TraitForgeNft/TraitForgeNft.sol', 'TraitForgeNft.generationMintCounts', '@state::contracts/TraitForgeNft/TraitForgeNft.sol::TraitForgeNft.currentGeneration'), ('SV', 'contracts/TraitForgeNft/TraitForgeNft.sol', 'TraitForgeNft._tokenIds'), ('SV', 'contracts/TraitForgeNft/TraitForgeNft.sol', 'TraitForgeNft.currentGeneration'), ('SV', 'contracts/TraitForgeNft/TraitForgeNft.sol', 'TraitForgeNft.maxTokensPerGen'), ('SV', 'contracts/TraitForgeNft/TraitForgeNft.sol', 'TraitForgeNft.startPrice')
 reader witnesses  -> 23
 storage exposures -> 1
[MV-SI candidate 6ca9d6651f65c540852d] {ageMultiplier, defaultNukeFactorIncrease, nukeFactorMaxParam}
 writer root       -> contracts/NukeFund/NukeFund.sol::NukeFund.setDefaultNukeFactorIncrease(uint256)
 writer effect     -> contracts/NukeFund/NukeFund.sol:72
 written member    -> ('SV', 'contracts/NukeFund/NukeFund.sol', 'NukeFund.defaultNukeFactorIncrease')
 potentially stale -> ('SV', 'contracts/NukeFund/NukeFund.sol', 'NukeFund.ageMultiplier'), ('SV', 'contracts/NukeFund/NukeFund.sol', 'NukeFund.nukeFactorMaxParam')
 reader witnesses  -> 2
 storage exposures -> 1
[MV-SI candidate 6ee549150ad53f471b05] {currentGeneration, generationMintCounts[@state::contracts/TraitForgeNft/TraitForgeNft.sol::TraitForgeNft.currentGeneration], maxTokensPerGen}
 writer root       -> contracts/TraitForgeNft/TraitForgeNft.sol::TraitForgeNft.mintToken(bytes32[])
 writer effect     -> contracts/TraitForgeNft/TraitForgeNft.sol:351
 written member    -> ('MS', 'contracts/TraitForgeNft/TraitForgeNft.sol', 'TraitForgeNft.generationMintCounts', '@state::contracts/TraitForgeNft/TraitForgeNft.sol::TraitForgeNft.currentGeneration')
 potentially stale -> ('SV', 'contracts/TraitForgeNft/TraitForgeNft.sol', 'TraitForgeNft.currentGeneration'), ('SV', 'contracts/TraitForgeNft/TraitForgeNft.sol', 'TraitForgeNft.maxTokensPerGen')
 reader witnesses  -> 36
 storage exposures -> 1
[MV-SI candidate 70bd3eed4b8f608a4385] {lastInitializedIndex, maxSlotIndex}
 writer root       -> contracts/EntropyGenerator/EntropyGenerator.sol::EntropyGenerator.writeEntropyBatch2()
 writer effect     -> contracts/EntropyGenerator/EntropyGenerator.sol:80
 written member    -> ('SV', 'contracts/EntropyGenerator/EntropyGenerator.sol', 'EntropyGenerator.lastInitializedIndex')
 potentially stale -> ('SV', 'contracts/EntropyGenerator/EntropyGenerator.sol', 'EntropyGenerator.maxSlotIndex')
 reader witnesses  -> 6
 storage exposures -> 1
[MV-SI candidate 76445cb77b729dee9720] {_operatorApprovals[$arg0][$arg1], _owners[$arg0], _tokenApprovals[$arg0]}
 writer root       -> contracts/test/TestERC721.sol::TestERC721.mintToken(address)
 writer effect     -> @openzeppelin/contracts/token/ERC721/ERC721.sol:281
 written member    -> ('MS', '@openzeppelin/contracts/token/ERC721/ERC721.sol', 'ERC721._owners', '$arg0')
 potentially stale -> ('MS', '@openzeppelin/contracts/token/ERC721/ERC721.sol', 'ERC721._operatorApprovals', '$arg0][$arg1'), ('MS', '@openzeppelin/contracts/token/ERC721/ERC721.sol', 'ERC721._tokenApprovals', '$arg0')
 reader witnesses  -> 9
 storage exposures -> 1
[MV-SI candidate 767b50342e3c7623258e] {_tokenIds, currentGeneration, generationMintCounts[@state::contracts/TraitForgeNft/TraitForgeNft.sol::TraitForgeNft.currentGeneration], maxTokensPerGen, priceIncrement, startPrice}
 writer root       -> contracts/TraitForgeNft/TraitForgeNft.sol::TraitForgeNft.forge(address,uint256,uint256,string)
 writer effect     -> contracts/TraitForgeNft/TraitForgeNft.sol:352
 written member    -> ('SV', 'contracts/TraitForgeNft/TraitForgeNft.sol', 'TraitForgeNft.priceIncrement')
 potentially stale -> ('MS', 'contracts/TraitForgeNft/TraitForgeNft.sol', 'TraitForgeNft.generationMintCounts', '@state::contracts/TraitForgeNft/TraitForgeNft.sol::TraitForgeNft.currentGeneration'), ('SV', 'contracts/TraitForgeNft/TraitForgeNft.sol', 'TraitForgeNft._tokenIds'), ('SV', 'contracts/TraitForgeNft/TraitForgeNft.sol', 'TraitForgeNft.currentGeneration'), ('SV', 'contracts/TraitForgeNft/TraitForgeNft.sol', 'TraitForgeNft.maxTokensPerGen'), ('SV', 'contracts/TraitForgeNft/TraitForgeNft.sol', 'TraitForgeNft.startPrice')
 reader witnesses  -> 23
 storage exposures -> 1
[MV-SI candidate 7965f47d7662de01aba8] {currentNumberIndex, currentSlotIndex, numberIndexSelectionPoint, slotIndexSelectionPoint}
 writer root       -> contracts/EntropyGenerator/EntropyGenerator.sol::EntropyGenerator.initializeAlphaIndices()
 writer effect     -> contracts/EntropyGenerator/EntropyGenerator.sol:215
 written member    -> ('SV', 'contracts/EntropyGenerator/EntropyGenerator.sol', 'EntropyGenerator.numberIndexSelectionPoint')
 potentially stale -> ('SV', 'contracts/EntropyGenerator/EntropyGenerator.sol', 'EntropyGenerator.currentNumberIndex'), ('SV', 'contracts/EntropyGenerator/EntropyGenerator.sol', 'EntropyGenerator.currentSlotIndex'), ('SV', 'contracts/EntropyGenerator/EntropyGenerator.sol', 'EntropyGenerator.slotIndexSelectionPoint')
 reader witnesses  -> 6
 storage exposures -> 1
[MV-SI candidate 7adc3996d2bd2f6d223d] {_tokenIds, currentGeneration, generationMintCounts[@state::contracts/TraitForgeNft/TraitForgeNft.sol::TraitForgeNft.currentGeneration], maxTokensPerGen, priceIncrement, startPrice}
 writer root       -> contracts/TraitForgeNft/TraitForgeNft.sol::TraitForgeNft.setPriceIncrement(uint256)
 writer effect     -> contracts/TraitForgeNft/TraitForgeNft.sol:105
 written member    -> ('SV', 'contracts/TraitForgeNft/TraitForgeNft.sol', 'TraitForgeNft.priceIncrement')
 potentially stale -> ('MS', 'contracts/TraitForgeNft/TraitForgeNft.sol', 'TraitForgeNft.generationMintCounts', '@state::contracts/TraitForgeNft/TraitForgeNft.sol::TraitForgeNft.currentGeneration'), ('SV', 'contracts/TraitForgeNft/TraitForgeNft.sol', 'TraitForgeNft._tokenIds'), ('SV', 'contracts/TraitForgeNft/TraitForgeNft.sol', 'TraitForgeNft.currentGeneration'), ('SV', 'contracts/TraitForgeNft/TraitForgeNft.sol', 'TraitForgeNft.maxTokensPerGen'), ('SV', 'contracts/TraitForgeNft/TraitForgeNft.sol', 'TraitForgeNft.startPrice')
 reader witnesses  -> 23
 storage exposures -> 1
[MV-SI candidate 81046d874283a2a55b31] {_tokenIds, currentGeneration, generationMintCounts[@state::contracts/TraitForgeNft/TraitForgeNft.sol::TraitForgeNft.currentGeneration], maxTokensPerGen, priceIncrement, startPrice}
 writer root       -> contracts/TraitForgeNft/TraitForgeNft.sol::TraitForgeNft.forge(address,uint256,uint256,string)
 writer effect     -> contracts/TraitForgeNft/TraitForgeNft.sol:351
 written member    -> ('MS', 'contracts/TraitForgeNft/TraitForgeNft.sol', 'TraitForgeNft.generationMintCounts', '@state::contracts/TraitForgeNft/TraitForgeNft.sol::TraitForgeNft.currentGeneration')
 potentially stale -> ('SV', 'contracts/TraitForgeNft/TraitForgeNft.sol', 'TraitForgeNft._tokenIds'), ('SV', 'contracts/TraitForgeNft/TraitForgeNft.sol', 'TraitForgeNft.currentGeneration'), ('SV', 'contracts/TraitForgeNft/TraitForgeNft.sol', 'TraitForgeNft.maxTokensPerGen'), ('SV', 'contracts/TraitForgeNft/TraitForgeNft.sol', 'TraitForgeNft.priceIncrement'), ('SV', 'contracts/TraitForgeNft/TraitForgeNft.sol', 'TraitForgeNft.startPrice')
 reader witnesses  -> 28
 storage exposures -> 1
[MV-SI candidate 81bf51ba60e71226eac1] {currentGeneration, generationMintCounts[@state::contracts/TraitForgeNft/TraitForgeNft.sol::TraitForgeNft.currentGeneration], priceIncrement, startPrice}
 writer root       -> contracts/TraitForgeNft/TraitForgeNft.sol::TraitForgeNft.mintWithBudget(bytes32[])
 writer effect     -> contracts/TraitForgeNft/TraitForgeNft.sol:350
 written member    -> ('SV', 'contracts/TraitForgeNft/TraitForgeNft.sol', 'TraitForgeNft.currentGeneration')
 potentially stale -> ('MS', 'contracts/TraitForgeNft/TraitForgeNft.sol', 'TraitForgeNft.generationMintCounts', '@state::contracts/TraitForgeNft/TraitForgeNft.sol::TraitForgeNft.currentGeneration'), ('SV', 'contracts/TraitForgeNft/TraitForgeNft.sol', 'TraitForgeNft.priceIncrement'), ('SV', 'contracts/TraitForgeNft/TraitForgeNft.sol', 'TraitForgeNft.startPrice')
 reader witnesses  -> 48
 storage exposures -> 1
[MV-SI candidate 821c41a967dee5e3b387] {lastForgeResetTimestamp[$arg0], oneYearInDays}
 writer root       -> contracts/EntityForging/EntityForging.sol::EntityForging.forgeWithListed(uint256,uint256)
 writer effect     -> contracts/EntityForging/EntityForging.sol:205
 written member    -> ('MS', 'contracts/EntityForging/EntityForging.sol', 'EntityForging.lastForgeResetTimestamp', '$arg0')
 potentially stale -> ('SV', 'contracts/EntityForging/EntityForging.sol', 'EntityForging.oneYearInDays')
 reader witnesses  -> 6
 storage exposures -> 1
[MV-SI candidate 853185a4424f2e3b880e] {listedTokenIds[$arg0], listings[@local::contracts/EntityTrading/EntityTrading.sol::EntityTrading.buyNFT(uint256)::ReferenceVariable::REF_320]}
 writer root       -> contracts/EntityTrading/EntityTrading.sol::EntityTrading.listNFTForSale(uint256,uint256)
 writer effect     -> contracts/EntityTrading/EntityTrading.sol:57
 written member    -> ('MS', 'contracts/EntityTrading/EntityTrading.sol', 'EntityTrading.listedTokenIds', '$arg0')
 potentially stale -> ('MS', 'contracts/EntityTrading/EntityTrading.sol', 'EntityTrading.listings', '@local::contracts/EntityTrading/EntityTrading.sol::EntityTrading.buyNFT(uint256)::ReferenceVariable::REF_320')
 reader witnesses  -> 2
 storage exposures -> 1
[MV-SI candidate 85ed05f8edfc80406436] {currentGeneration, generationMintCounts[@state::contracts/TraitForgeNft/TraitForgeNft.sol::TraitForgeNft.currentGeneration], maxTokensPerGen}
 writer root       -> contracts/TraitForgeNft/TraitForgeNft.sol::TraitForgeNft.mintToken(bytes32[])
 writer effect     -> contracts/TraitForgeNft/TraitForgeNft.sol:293
 written member    -> ('MS', 'contracts/TraitForgeNft/TraitForgeNft.sol', 'TraitForgeNft.generationMintCounts', '@state::contracts/TraitForgeNft/TraitForgeNft.sol::TraitForgeNft.currentGeneration')
 potentially stale -> ('SV', 'contracts/TraitForgeNft/TraitForgeNft.sol', 'TraitForgeNft.currentGeneration'), ('SV', 'contracts/TraitForgeNft/TraitForgeNft.sol', 'TraitForgeNft.maxTokensPerGen')
 reader witnesses  -> 32
 storage exposures -> 1
[MV-SI candidate 86d7f026779a6b3ff33f] {listedTokenIds[$arg0], listings}
 writer root       -> contracts/EntityForging/EntityForging.sol::EntityForging.cancelListingForForging(uint256)
 writer effect     -> contracts/EntityForging/EntityForging.sol:194
 written member    -> ('SV', 'contracts/EntityForging/EntityForging.sol', 'EntityForging.listings')
 potentially stale -> ('MS', 'contracts/EntityForging/EntityForging.sol', 'EntityForging.listedTokenIds', '$arg0')
 reader witnesses  -> 3
 storage exposures -> 1
[MV-SI candidate 8c0d52138e07f6f4334f] {listedTokenIds[$arg0], listings[@local::contracts/EntityForging/EntityForging.sol::EntityForging.listForForging(uint256,uint256)::ReferenceVariable::REF_278]}
 writer root       -> contracts/EntityForging/EntityForging.sol::EntityForging.listForForging(uint256,uint256)
 writer effect     -> contracts/EntityForging/EntityForging.sol:97
 written member    -> ('MS', 'contracts/EntityForging/EntityForging.sol', 'EntityForging.listedTokenIds', '$arg0')
 potentially stale -> ('MS', 'contracts/EntityForging/EntityForging.sol', 'EntityForging.listings', '@local::contracts/EntityForging/EntityForging.sol::EntityForging.listForForging(uint256,uint256)::ReferenceVariable::REF_278')
 reader witnesses  -> 1
 storage exposures -> 1
[MV-SI candidate 8cae6557094ee3367094] {_tokenIds, currentGeneration, generationMintCounts[@state::contracts/TraitForgeNft/TraitForgeNft.sol::TraitForgeNft.currentGeneration], maxTokensPerGen, priceIncrement, startPrice}
 writer root       -> contracts/TraitForgeNft/TraitForgeNft.sol::TraitForgeNft.mintWithBudget(bytes32[])
 writer effect     -> contracts/TraitForgeNft/TraitForgeNft.sol:351
 written member    -> ('MS', 'contracts/TraitForgeNft/TraitForgeNft.sol', 'TraitForgeNft.generationMintCounts', '@state::contracts/TraitForgeNft/TraitForgeNft.sol::TraitForgeNft.currentGeneration')
 potentially stale -> ('SV', 'contracts/TraitForgeNft/TraitForgeNft.sol', 'TraitForgeNft._tokenIds'), ('SV', 'contracts/TraitForgeNft/TraitForgeNft.sol', 'TraitForgeNft.currentGeneration'), ('SV', 'contracts/TraitForgeNft/TraitForgeNft.sol', 'TraitForgeNft.maxTokensPerGen'), ('SV', 'contracts/TraitForgeNft/TraitForgeNft.sol', 'TraitForgeNft.priceIncrement'), ('SV', 'contracts/TraitForgeNft/TraitForgeNft.sol', 'TraitForgeNft.startPrice')
 reader witnesses  -> 28
 storage exposures -> 1
[MV-SI candidate 9084b41c80f368b196f0] {currentNumberIndex, currentSlotIndex, numberIndexSelectionPoint, slotIndexSelectionPoint}
 writer root       -> contracts/EntropyGenerator/EntropyGenerator.sol::EntropyGenerator.getNextEntropy()
 writer effect     -> contracts/EntropyGenerator/EntropyGenerator.sol:106
 written member    -> ('SV', 'contracts/EntropyGenerator/EntropyGenerator.sol', 'EntropyGenerator.currentNumberIndex')
 potentially stale -> ('SV', 'contracts/EntropyGenerator/EntropyGenerator.sol', 'EntropyGenerator.currentSlotIndex'), ('SV', 'contracts/EntropyGenerator/EntropyGenerator.sol', 'EntropyGenerator.numberIndexSelectionPoint'), ('SV', 'contracts/EntropyGenerator/EntropyGenerator.sol', 'EntropyGenerator.slotIndexSelectionPoint')
 reader witnesses  -> 4
 storage exposures -> 1
[MV-SI candidate 910eb7615fdf49c2ff13] {lastForgeResetTimestamp[$arg0], oneYearInDays}
 writer root       -> contracts/EntityForging/EntityForging.sol::EntityForging.setOneYearInDays(uint256)
 writer effect     -> contracts/EntityForging/EntityForging.sol:41
 written member    -> ('SV', 'contracts/EntityForging/EntityForging.sol', 'EntityForging.oneYearInDays')
 potentially stale -> ('MS', 'contracts/EntityForging/EntityForging.sol', 'EntityForging.lastForgeResetTimestamp', '$arg0')
 reader witnesses  -> 6
 storage exposures -> 1
[MV-SI candidate 929f0e8ed39c19d75008] {currentNumberIndex, maxNumberIndex}
 writer root       -> contracts/EntropyGenerator/EntropyGenerator.sol::EntropyGenerator.getNextEntropy()
 writer effect     -> contracts/EntropyGenerator/EntropyGenerator.sol:106
 written member    -> ('SV', 'contracts/EntropyGenerator/EntropyGenerator.sol', 'EntropyGenerator.currentNumberIndex')
 potentially stale -> ('SV', 'contracts/EntropyGenerator/EntropyGenerator.sol', 'EntropyGenerator.maxNumberIndex')
 reader witnesses  -> 1
 storage exposures -> 1
[MV-SI candidate 952dc5414cf6496c28b3] {_tokenIds, currentGeneration, generationMintCounts[@state::contracts/TraitForgeNft/TraitForgeNft.sol::TraitForgeNft.currentGeneration], maxTokensPerGen, priceIncrement, startPrice}
 writer root       -> contracts/TraitForgeNft/TraitForgeNft.sol::TraitForgeNft.mintToken(bytes32[])
 writer effect     -> contracts/TraitForgeNft/TraitForgeNft.sol:350
 written member    -> ('SV', 'contracts/TraitForgeNft/TraitForgeNft.sol', 'TraitForgeNft.currentGeneration')
 potentially stale -> ('MS', 'contracts/TraitForgeNft/TraitForgeNft.sol', 'TraitForgeNft.generationMintCounts', '@state::contracts/TraitForgeNft/TraitForgeNft.sol::TraitForgeNft.currentGeneration'), ('SV', 'contracts/TraitForgeNft/TraitForgeNft.sol', 'TraitForgeNft._tokenIds'), ('SV', 'contracts/TraitForgeNft/TraitForgeNft.sol', 'TraitForgeNft.maxTokensPerGen'), ('SV', 'contracts/TraitForgeNft/TraitForgeNft.sol', 'TraitForgeNft.priceIncrement'), ('SV', 'contracts/TraitForgeNft/TraitForgeNft.sol', 'TraitForgeNft.startPrice')
 reader witnesses  -> 22
 storage exposures -> 1
[MV-SI candidate 95ace7525f76d66aa1e2] {currentGeneration, generationMintCounts[@state::contracts/TraitForgeNft/TraitForgeNft.sol::TraitForgeNft.currentGeneration], priceIncrement, startPrice}
 writer root       -> contracts/TraitForgeNft/TraitForgeNft.sol::TraitForgeNft.mintToken(bytes32[])
 writer effect     -> contracts/TraitForgeNft/TraitForgeNft.sol:351
 written member    -> ('MS', 'contracts/TraitForgeNft/TraitForgeNft.sol', 'TraitForgeNft.generationMintCounts', '@state::contracts/TraitForgeNft/TraitForgeNft.sol::TraitForgeNft.currentGeneration')
 potentially stale -> ('SV', 'contracts/TraitForgeNft/TraitForgeNft.sol', 'TraitForgeNft.currentGeneration'), ('SV', 'contracts/TraitForgeNft/TraitForgeNft.sol', 'TraitForgeNft.priceIncrement'), ('SV', 'contracts/TraitForgeNft/TraitForgeNft.sol', 'TraitForgeNft.startPrice')
 reader witnesses  -> 69
 storage exposures -> 1
[MV-SI candidate 9665d113c9f7c20a2953] {batchSize1, lastInitializedIndex}
 writer root       -> contracts/EntropyGenerator/EntropyGenerator.sol::EntropyGenerator.writeEntropyBatch3()
 writer effect     -> contracts/EntropyGenerator/EntropyGenerator.sol:97
 written member    -> ('SV', 'contracts/EntropyGenerator/EntropyGenerator.sol', 'EntropyGenerator.lastInitializedIndex')
 potentially stale -> ('SV', 'contracts/EntropyGenerator/EntropyGenerator.sol', 'EntropyGenerator.batchSize1')
 reader witnesses  -> 12
 storage exposures -> 1
[MV-SI candidate 97f52203848c7041a752] {_operatorApprovals[$arg0][$arg1], _owners[$arg0], _tokenApprovals[$arg0]}
 writer root       -> @openzeppelin/contracts/token/ERC721/ERC721.sol::ERC721.safeTransferFrom(address,address,uint256,bytes)
 writer effect     -> @openzeppelin/contracts/token/ERC721/ERC721.sol:354
 written member    -> ('MS', '@openzeppelin/contracts/token/ERC721/ERC721.sol', 'ERC721._owners', '$arg0')
 potentially stale -> ('MS', '@openzeppelin/contracts/token/ERC721/ERC721.sol', 'ERC721._operatorApprovals', '$arg0][$arg1'), ('MS', '@openzeppelin/contracts/token/ERC721/ERC721.sol', 'ERC721._tokenApprovals', '$arg0')
 reader witnesses  -> 33
 storage exposures -> 3
[MV-SI candidate 996e6c3f53334d6eaa95] {_operatorApprovals[$arg0][$arg1], _owners[$arg0], _tokenApprovals[$arg0]}
 writer root       -> @openzeppelin/contracts/token/ERC721/ERC721.sol::ERC721.approve(address,uint256)
 writer effect     -> @openzeppelin/contracts/token/ERC721/ERC721.sol:367
 written member    -> ('MS', '@openzeppelin/contracts/token/ERC721/ERC721.sol', 'ERC721._tokenApprovals', '$arg0')
 potentially stale -> ('MS', '@openzeppelin/contracts/token/ERC721/ERC721.sol', 'ERC721._operatorApprovals', '$arg0][$arg1'), ('MS', '@openzeppelin/contracts/token/ERC721/ERC721.sol', 'ERC721._owners', '$arg0')
 reader witnesses  -> 51
 storage exposures -> 3
[MV-SI candidate 9d9c1a702a553c513ca7] {maxGeneration, tokenGenerations[$arg0]}
 writer root       -> contracts/TraitForgeNft/TraitForgeNft.sol::TraitForgeNft.setMaxGeneration(uint256)
 writer effect     -> contracts/TraitForgeNft/TraitForgeNft.sol:119
 written member    -> ('SV', 'contracts/TraitForgeNft/TraitForgeNft.sol', 'TraitForgeNft.maxGeneration')
 potentially stale -> ('MS', 'contracts/TraitForgeNft/TraitForgeNft.sol', 'TraitForgeNft.tokenGenerations', '$arg0')
 reader witnesses  -> 1
 storage exposures -> 1
[MV-SI candidate 9e5a5e49195d77e019e2] {lastForgeResetTimestamp[$arg0], oneYearInDays}
 writer root       -> contracts/EntityForging/EntityForging.sol::EntityForging.forgeWithListed(uint256,uint256)
 writer effect     -> contracts/EntityForging/EntityForging.sol:202
 written member    -> ('MS', 'contracts/EntityForging/EntityForging.sol', 'EntityForging.lastForgeResetTimestamp', '$arg0')
 potentially stale -> ('SV', 'contracts/EntityForging/EntityForging.sol', 'EntityForging.oneYearInDays')
 reader witnesses  -> 6
 storage exposures -> 1
[MV-SI candidate a07907b20a69dbb1e3f2] {currentGeneration, generationMintCounts[@state::contracts/TraitForgeNft/TraitForgeNft.sol::TraitForgeNft.currentGeneration], maxTokensPerGen}
 writer root       -> contracts/TraitForgeNft/TraitForgeNft.sol::TraitForgeNft.mintWithBudget(bytes32[])
 writer effect     -> contracts/TraitForgeNft/TraitForgeNft.sol:351
 written member    -> ('MS', 'contracts/TraitForgeNft/TraitForgeNft.sol', 'TraitForgeNft.generationMintCounts', '@state::contracts/TraitForgeNft/TraitForgeNft.sol::TraitForgeNft.currentGeneration')
 potentially stale -> ('SV', 'contracts/TraitForgeNft/TraitForgeNft.sol', 'TraitForgeNft.currentGeneration'), ('SV', 'contracts/TraitForgeNft/TraitForgeNft.sol', 'TraitForgeNft.maxTokensPerGen')
 reader witnesses  -> 36
 storage exposures -> 1
[MV-SI candidate ac21722b696ec50301ee] {currentGeneration, generationMintCounts[@state::contracts/TraitForgeNft/TraitForgeNft.sol::TraitForgeNft.currentGeneration], maxTokensPerGen}
 writer root       -> contracts/TraitForgeNft/TraitForgeNft.sol::TraitForgeNft.forge(address,uint256,uint256,string)
 writer effect     -> contracts/TraitForgeNft/TraitForgeNft.sol:351
 written member    -> ('MS', 'contracts/TraitForgeNft/TraitForgeNft.sol', 'TraitForgeNft.generationMintCounts', '@state::contracts/TraitForgeNft/TraitForgeNft.sol::TraitForgeNft.currentGeneration')
 potentially stale -> ('SV', 'contracts/TraitForgeNft/TraitForgeNft.sol', 'TraitForgeNft.currentGeneration'), ('SV', 'contracts/TraitForgeNft/TraitForgeNft.sol', 'TraitForgeNft.maxTokensPerGen')
 reader witnesses  -> 36
 storage exposures -> 1
[MV-SI candidate b1fccc31768fb7ee874c] {currentGeneration, generationMintCounts[@state::contracts/TraitForgeNft/TraitForgeNft.sol::TraitForgeNft.currentGeneration], maxTokensPerGen}
 writer root       -> contracts/TraitForgeNft/TraitForgeNft.sol::TraitForgeNft.forge(address,uint256,uint256,string)
 writer effect     -> contracts/TraitForgeNft/TraitForgeNft.sol:350
 written member    -> ('SV', 'contracts/TraitForgeNft/TraitForgeNft.sol', 'TraitForgeNft.currentGeneration')
 potentially stale -> ('MS', 'contracts/TraitForgeNft/TraitForgeNft.sol', 'TraitForgeNft.generationMintCounts', '@state::contracts/TraitForgeNft/TraitForgeNft.sol::TraitForgeNft.currentGeneration'), ('SV', 'contracts/TraitForgeNft/TraitForgeNft.sol', 'TraitForgeNft.maxTokensPerGen')
 reader witnesses  -> 24
 storage exposures -> 1
[MV-SI candidate b89e2bbab09c42bbd64b] {batchSize1, lastInitializedIndex}
 writer root       -> contracts/EntropyGenerator/EntropyGenerator.sol::EntropyGenerator.writeEntropyBatch2()
 writer effect     -> contracts/EntropyGenerator/EntropyGenerator.sol:80
 written member    -> ('SV', 'contracts/EntropyGenerator/EntropyGenerator.sol', 'EntropyGenerator.lastInitializedIndex')
 potentially stale -> ('SV', 'contracts/EntropyGenerator/EntropyGenerator.sol', 'EntropyGenerator.batchSize1')
 reader witnesses  -> 12
 storage exposures -> 1
[MV-SI candidate c1d613eac0a61578e710] {currentNumberIndex, currentSlotIndex, numberIndexSelectionPoint, slotIndexSelectionPoint}
 writer root       -> contracts/EntropyGenerator/EntropyGenerator.sol::EntropyGenerator.getNextEntropy()
 writer effect     -> contracts/EntropyGenerator/EntropyGenerator.sol:113
 written member    -> ('SV', 'contracts/EntropyGenerator/EntropyGenerator.sol', 'EntropyGenerator.currentNumberIndex')
 potentially stale -> ('SV', 'contracts/EntropyGenerator/EntropyGenerator.sol', 'EntropyGenerator.currentSlotIndex'), ('SV', 'contracts/EntropyGenerator/EntropyGenerator.sol', 'EntropyGenerator.numberIndexSelectionPoint'), ('SV', 'contracts/EntropyGenerator/EntropyGenerator.sol', 'EntropyGenerator.slotIndexSelectionPoint')
 reader witnesses  -> 4
 storage exposures -> 1
[MV-SI candidate c67d41fe0b458515408b] {currentSlotIndex, maxSlotIndex}
 writer root       -> contracts/EntropyGenerator/EntropyGenerator.sol::EntropyGenerator.getNextEntropy()
 writer effect     -> contracts/EntropyGenerator/EntropyGenerator.sol:110
 written member    -> ('SV', 'contracts/EntropyGenerator/EntropyGenerator.sol', 'EntropyGenerator.currentSlotIndex')
 potentially stale -> ('SV', 'contracts/EntropyGenerator/EntropyGenerator.sol', 'EntropyGenerator.maxSlotIndex')
 reader witnesses  -> 18
 storage exposures -> 1
[MV-SI candidate cbcefcf6e56b0981091f] {_tokenIds, currentGeneration, generationMintCounts[@state::contracts/TraitForgeNft/TraitForgeNft.sol::TraitForgeNft.currentGeneration], maxTokensPerGen, priceIncrement, startPrice}
 writer root       -> contracts/TraitForgeNft/TraitForgeNft.sol::TraitForgeNft.mintToken(bytes32[])
 writer effect     -> contracts/TraitForgeNft/TraitForgeNft.sol:285
 written member    -> ('SV', 'contracts/TraitForgeNft/TraitForgeNft.sol', 'TraitForgeNft._tokenIds')
 potentially stale -> ('MS', 'contracts/TraitForgeNft/TraitForgeNft.sol', 'TraitForgeNft.generationMintCounts', '@state::contracts/TraitForgeNft/TraitForgeNft.sol::TraitForgeNft.currentGeneration'), ('SV', 'contracts/TraitForgeNft/TraitForgeNft.sol', 'TraitForgeNft.currentGeneration'), ('SV', 'contracts/TraitForgeNft/TraitForgeNft.sol', 'TraitForgeNft.maxTokensPerGen'), ('SV', 'contracts/TraitForgeNft/TraitForgeNft.sol', 'TraitForgeNft.priceIncrement'), ('SV', 'contracts/TraitForgeNft/TraitForgeNft.sol', 'TraitForgeNft.startPrice')
 reader witnesses  -> 25
 storage exposures -> 1
[MV-SI candidate cc73ce53bd9f43e8f8b9] {currentGeneration, generationMintCounts[@state::contracts/TraitForgeNft/TraitForgeNft.sol::TraitForgeNft.currentGeneration], priceIncrement, startPrice}
 writer root       -> contracts/TraitForgeNft/TraitForgeNft.sol::TraitForgeNft.mintWithBudget(bytes32[])
 writer effect     -> contracts/TraitForgeNft/TraitForgeNft.sol:351
 written member    -> ('MS', 'contracts/TraitForgeNft/TraitForgeNft.sol', 'TraitForgeNft.generationMintCounts', '@state::contracts/TraitForgeNft/TraitForgeNft.sol::TraitForgeNft.currentGeneration')
 potentially stale -> ('SV', 'contracts/TraitForgeNft/TraitForgeNft.sol', 'TraitForgeNft.currentGeneration'), ('SV', 'contracts/TraitForgeNft/TraitForgeNft.sol', 'TraitForgeNft.priceIncrement'), ('SV', 'contracts/TraitForgeNft/TraitForgeNft.sol', 'TraitForgeNft.startPrice')
 reader witnesses  -> 69
 storage exposures -> 1
[MV-SI candidate cd450735dd597a38a56b] {_tokenIds, currentGeneration, generationMintCounts[@state::contracts/TraitForgeNft/TraitForgeNft.sol::TraitForgeNft.currentGeneration], maxTokensPerGen, priceIncrement, startPrice}
 writer root       -> contracts/TraitForgeNft/TraitForgeNft.sol::TraitForgeNft.mintWithBudget(bytes32[])
 writer effect     -> contracts/TraitForgeNft/TraitForgeNft.sol:293
 written member    -> ('MS', 'contracts/TraitForgeNft/TraitForgeNft.sol', 'TraitForgeNft.generationMintCounts', '@state::contracts/TraitForgeNft/TraitForgeNft.sol::TraitForgeNft.currentGeneration')
 potentially stale -> ('SV', 'contracts/TraitForgeNft/TraitForgeNft.sol', 'TraitForgeNft._tokenIds'), ('SV', 'contracts/TraitForgeNft/TraitForgeNft.sol', 'TraitForgeNft.currentGeneration'), ('SV', 'contracts/TraitForgeNft/TraitForgeNft.sol', 'TraitForgeNft.maxTokensPerGen'), ('SV', 'contracts/TraitForgeNft/TraitForgeNft.sol', 'TraitForgeNft.priceIncrement'), ('SV', 'contracts/TraitForgeNft/TraitForgeNft.sol', 'TraitForgeNft.startPrice')
 reader witnesses  -> 26
 storage exposures -> 1
[MV-SI candidate cfd7d438a0d1977f6815] {currentGeneration, generationMintCounts[@state::contracts/TraitForgeNft/TraitForgeNft.sol::TraitForgeNft.currentGeneration], priceIncrement, startPrice}
 writer root       -> contracts/TraitForgeNft/TraitForgeNft.sol::TraitForgeNft.mintWithBudget(bytes32[])
 writer effect     -> contracts/TraitForgeNft/TraitForgeNft.sol:293
 written member    -> ('MS', 'contracts/TraitForgeNft/TraitForgeNft.sol', 'TraitForgeNft.generationMintCounts', '@state::contracts/TraitForgeNft/TraitForgeNft.sol::TraitForgeNft.currentGeneration')
 potentially stale -> ('SV', 'contracts/TraitForgeNft/TraitForgeNft.sol', 'TraitForgeNft.currentGeneration'), ('SV', 'contracts/TraitForgeNft/TraitForgeNft.sol', 'TraitForgeNft.priceIncrement'), ('SV', 'contracts/TraitForgeNft/TraitForgeNft.sol', 'TraitForgeNft.startPrice')
 reader witnesses  -> 63
 storage exposures -> 1
[MV-SI candidate d048a3457cf48cd5f6eb] {currentGeneration, generationMintCounts[@state::contracts/TraitForgeNft/TraitForgeNft.sol::TraitForgeNft.currentGeneration], priceIncrement, startPrice}
 writer root       -> contracts/TraitForgeNft/TraitForgeNft.sol::TraitForgeNft.mintToken(bytes32[])
 writer effect     -> contracts/TraitForgeNft/TraitForgeNft.sol:293
 written member    -> ('MS', 'contracts/TraitForgeNft/TraitForgeNft.sol', 'TraitForgeNft.generationMintCounts', '@state::contracts/TraitForgeNft/TraitForgeNft.sol::TraitForgeNft.currentGeneration')
 potentially stale -> ('SV', 'contracts/TraitForgeNft/TraitForgeNft.sol', 'TraitForgeNft.currentGeneration'), ('SV', 'contracts/TraitForgeNft/TraitForgeNft.sol', 'TraitForgeNft.priceIncrement'), ('SV', 'contracts/TraitForgeNft/TraitForgeNft.sol', 'TraitForgeNft.startPrice')
 reader witnesses  -> 63
 storage exposures -> 1
[MV-SI candidate d073f4d05a688a7abe2e] {_tokenIds, currentGeneration, generationMintCounts[@state::contracts/TraitForgeNft/TraitForgeNft.sol::TraitForgeNft.currentGeneration], maxTokensPerGen, priceIncrement, startPrice}
 writer root       -> contracts/TraitForgeNft/TraitForgeNft.sol::TraitForgeNft.mintToken(bytes32[])
 writer effect     -> contracts/TraitForgeNft/TraitForgeNft.sol:293
 written member    -> ('MS', 'contracts/TraitForgeNft/TraitForgeNft.sol', 'TraitForgeNft.generationMintCounts', '@state::contracts/TraitForgeNft/TraitForgeNft.sol::TraitForgeNft.currentGeneration')
 potentially stale -> ('SV', 'contracts/TraitForgeNft/TraitForgeNft.sol', 'TraitForgeNft._tokenIds'), ('SV', 'contracts/TraitForgeNft/TraitForgeNft.sol', 'TraitForgeNft.currentGeneration'), ('SV', 'contracts/TraitForgeNft/TraitForgeNft.sol', 'TraitForgeNft.maxTokensPerGen'), ('SV', 'contracts/TraitForgeNft/TraitForgeNft.sol', 'TraitForgeNft.priceIncrement'), ('SV', 'contracts/TraitForgeNft/TraitForgeNft.sol', 'TraitForgeNft.startPrice')
 reader witnesses  -> 26
 storage exposures -> 1
[MV-SI candidate d97b352d089dd5f02359] {ageMultiplier, defaultNukeFactorIncrease, nukeFactorMaxParam}
 writer root       -> contracts/NukeFund/NukeFund.sol::NukeFund.setAgeMultplier(uint256)
 writer effect     -> contracts/NukeFund/NukeFund.sol:110
 written member    -> ('SV', 'contracts/NukeFund/NukeFund.sol', 'NukeFund.ageMultiplier')
 potentially stale -> ('SV', 'contracts/NukeFund/NukeFund.sol', 'NukeFund.defaultNukeFactorIncrease'), ('SV', 'contracts/NukeFund/NukeFund.sol', 'NukeFund.nukeFactorMaxParam')
 reader witnesses  -> 2
 storage exposures -> 1
[MV-SI candidate de515d83352c4ce02959] {batchSize1, batchSize2, lastInitializedIndex}
 writer root       -> contracts/EntropyGenerator/EntropyGenerator.sol::EntropyGenerator.writeEntropyBatch1()
 writer effect     -> contracts/EntropyGenerator/EntropyGenerator.sol:60
 written member    -> ('SV', 'contracts/EntropyGenerator/EntropyGenerator.sol', 'EntropyGenerator.lastInitializedIndex')
 potentially stale -> ('SV', 'contracts/EntropyGenerator/EntropyGenerator.sol', 'EntropyGenerator.batchSize1'), ('SV', 'contracts/EntropyGenerator/EntropyGenerator.sol', 'EntropyGenerator.batchSize2')
 reader witnesses  -> 5
 storage exposures -> 1
[MV-SI candidate df91b69f581fc8e76b09] {currentSlotIndex, maxSlotIndex}
 writer root       -> contracts/EntropyGenerator/EntropyGenerator.sol::EntropyGenerator.getNextEntropy()
 writer effect     -> contracts/EntropyGenerator/EntropyGenerator.sol:108
 written member    -> ('SV', 'contracts/EntropyGenerator/EntropyGenerator.sol', 'EntropyGenerator.currentSlotIndex')
 potentially stale -> ('SV', 'contracts/EntropyGenerator/EntropyGenerator.sol', 'EntropyGenerator.maxSlotIndex')
 reader witnesses  -> 18
 storage exposures -> 1
[MV-SI candidate e2700b82ac6cb4e7c259] {currentGeneration, generationMintCounts[@state::contracts/TraitForgeNft/TraitForgeNft.sol::TraitForgeNft.currentGeneration], priceIncrement, startPrice}
 writer root       -> contracts/TraitForgeNft/TraitForgeNft.sol::TraitForgeNft.forge(address,uint256,uint256,string)
 writer effect     -> contracts/TraitForgeNft/TraitForgeNft.sol:351
 written member    -> ('MS', 'contracts/TraitForgeNft/TraitForgeNft.sol', 'TraitForgeNft.generationMintCounts', '@state::contracts/TraitForgeNft/TraitForgeNft.sol::TraitForgeNft.currentGeneration')
 potentially stale -> ('SV', 'contracts/TraitForgeNft/TraitForgeNft.sol', 'TraitForgeNft.currentGeneration'), ('SV', 'contracts/TraitForgeNft/TraitForgeNft.sol', 'TraitForgeNft.priceIncrement'), ('SV', 'contracts/TraitForgeNft/TraitForgeNft.sol', 'TraitForgeNft.startPrice')
 reader witnesses  -> 69
 storage exposures -> 1
[MV-SI candidate e3f2aed730e2a233ad9f] {lastForgeResetTimestamp[$arg0], oneYearInDays}
 writer root       -> contracts/EntityForging/EntityForging.sol::EntityForging.listForForging(uint256,uint256)
 writer effect     -> contracts/EntityForging/EntityForging.sol:205
 written member    -> ('MS', 'contracts/EntityForging/EntityForging.sol', 'EntityForging.lastForgeResetTimestamp', '$arg0')
 potentially stale -> ('SV', 'contracts/EntityForging/EntityForging.sol', 'EntityForging.oneYearInDays')
 reader witnesses  -> 3
 storage exposures -> 1
[MV-SI candidate e4ce11930304977820ab] {currentGeneration, generationMintCounts[@state::contracts/TraitForgeNft/TraitForgeNft.sol::TraitForgeNft.currentGeneration], priceIncrement, startPrice}
 writer root       -> contracts/TraitForgeNft/TraitForgeNft.sol::TraitForgeNft.mintToken(bytes32[])
 writer effect     -> contracts/TraitForgeNft/TraitForgeNft.sol:350
 written member    -> ('SV', 'contracts/TraitForgeNft/TraitForgeNft.sol', 'TraitForgeNft.currentGeneration')
 potentially stale -> ('MS', 'contracts/TraitForgeNft/TraitForgeNft.sol', 'TraitForgeNft.generationMintCounts', '@state::contracts/TraitForgeNft/TraitForgeNft.sol::TraitForgeNft.currentGeneration'), ('SV', 'contracts/TraitForgeNft/TraitForgeNft.sol', 'TraitForgeNft.priceIncrement'), ('SV', 'contracts/TraitForgeNft/TraitForgeNft.sol', 'TraitForgeNft.startPrice')
 reader witnesses  -> 48
 storage exposures -> 1
[MV-SI candidate ef197ce4a1960a1fbe13] {_tokenIds, currentGeneration, generationMintCounts[@state::contracts/TraitForgeNft/TraitForgeNft.sol::TraitForgeNft.currentGeneration], maxTokensPerGen, priceIncrement, startPrice}
 writer root       -> contracts/TraitForgeNft/TraitForgeNft.sol::TraitForgeNft.mintWithBudget(bytes32[])
 writer effect     -> contracts/TraitForgeNft/TraitForgeNft.sol:285
 written member    -> ('SV', 'contracts/TraitForgeNft/TraitForgeNft.sol', 'TraitForgeNft._tokenIds')
 potentially stale -> ('MS', 'contracts/TraitForgeNft/TraitForgeNft.sol', 'TraitForgeNft.generationMintCounts', '@state::contracts/TraitForgeNft/TraitForgeNft.sol::TraitForgeNft.currentGeneration'), ('SV', 'contracts/TraitForgeNft/TraitForgeNft.sol', 'TraitForgeNft.currentGeneration'), ('SV', 'contracts/TraitForgeNft/TraitForgeNft.sol', 'TraitForgeNft.maxTokensPerGen'), ('SV', 'contracts/TraitForgeNft/TraitForgeNft.sol', 'TraitForgeNft.priceIncrement'), ('SV', 'contracts/TraitForgeNft/TraitForgeNft.sol', 'TraitForgeNft.startPrice')
 reader witnesses  -> 25
 storage exposures -> 1
[MV-SI candidate f2341ceb97925d46b191] {listedTokenIds[$arg0], listings[@local::contracts/EntityForging/EntityForging.sol::EntityForging.forgeWithListed(uint256,uint256)::ReferenceVariable::REF_286]}
 writer root       -> contracts/EntityForging/EntityForging.sol::EntityForging.listForForging(uint256,uint256)
 writer effect     -> contracts/EntityForging/EntityForging.sol:97
 written member    -> ('MS', 'contracts/EntityForging/EntityForging.sol', 'EntityForging.listedTokenIds', '$arg0')
 potentially stale -> ('MS', 'contracts/EntityForging/EntityForging.sol', 'EntityForging.listings', '@local::contracts/EntityForging/EntityForging.sol::EntityForging.forgeWithListed(uint256,uint256)::ReferenceVariable::REF_286')
 reader witnesses  -> 2
 storage exposures -> 1
[MV-SI candidate f38127b89f143f3ea90c] {_tokenIds, currentGeneration, generationMintCounts[@state::contracts/TraitForgeNft/TraitForgeNft.sol::TraitForgeNft.currentGeneration], maxTokensPerGen, priceIncrement, startPrice}
 writer root       -> contracts/TraitForgeNft/TraitForgeNft.sol::TraitForgeNft.mintToken(bytes32[])
 writer effect     -> contracts/TraitForgeNft/TraitForgeNft.sol:351
 written member    -> ('MS', 'contracts/TraitForgeNft/TraitForgeNft.sol', 'TraitForgeNft.generationMintCounts', '@state::contracts/TraitForgeNft/TraitForgeNft.sol::TraitForgeNft.currentGeneration')
 potentially stale -> ('SV', 'contracts/TraitForgeNft/TraitForgeNft.sol', 'TraitForgeNft._tokenIds'), ('SV', 'contracts/TraitForgeNft/TraitForgeNft.sol', 'TraitForgeNft.currentGeneration'), ('SV', 'contracts/TraitForgeNft/TraitForgeNft.sol', 'TraitForgeNft.maxTokensPerGen'), ('SV', 'contracts/TraitForgeNft/TraitForgeNft.sol', 'TraitForgeNft.priceIncrement'), ('SV', 'contracts/TraitForgeNft/TraitForgeNft.sol', 'TraitForgeNft.startPrice')
 reader witnesses  -> 28
 storage exposures -> 1
[MV-SI candidate f47012f9b1f58bdf6b84] {lastInitializedIndex, maxSlotIndex}
 writer root       -> contracts/EntropyGenerator/EntropyGenerator.sol::EntropyGenerator.writeEntropyBatch1()
 writer effect     -> contracts/EntropyGenerator/EntropyGenerator.sol:60
 written member    -> ('SV', 'contracts/EntropyGenerator/EntropyGenerator.sol', 'EntropyGenerator.lastInitializedIndex')
 potentially stale -> ('SV', 'contracts/EntropyGenerator/EntropyGenerator.sol', 'EntropyGenerator.maxSlotIndex')
 reader witnesses  -> 6
 storage exposures -> 1
[MV-SI candidate fab7502e766935214213] {_tokenIds, currentGeneration, generationMintCounts[@state::contracts/TraitForgeNft/TraitForgeNft.sol::TraitForgeNft.currentGeneration], maxTokensPerGen, priceIncrement, startPrice}
 writer root       -> contracts/TraitForgeNft/TraitForgeNft.sol::TraitForgeNft.forge(address,uint256,uint256,string)
 writer effect     -> contracts/TraitForgeNft/TraitForgeNft.sol:350
 written member    -> ('SV', 'contracts/TraitForgeNft/TraitForgeNft.sol', 'TraitForgeNft.currentGeneration')
 potentially stale -> ('MS', 'contracts/TraitForgeNft/TraitForgeNft.sol', 'TraitForgeNft.generationMintCounts', '@state::contracts/TraitForgeNft/TraitForgeNft.sol::TraitForgeNft.currentGeneration'), ('SV', 'contracts/TraitForgeNft/TraitForgeNft.sol', 'TraitForgeNft._tokenIds'), ('SV', 'contracts/TraitForgeNft/TraitForgeNft.sol', 'TraitForgeNft.maxTokensPerGen'), ('SV', 'contracts/TraitForgeNft/TraitForgeNft.sol', 'TraitForgeNft.priceIncrement'), ('SV', 'contracts/TraitForgeNft/TraitForgeNft.sol', 'TraitForgeNft.startPrice')
 reader witnesses  -> 22
 storage exposures -> 1
[MV-SI candidate fb046a493d7ebd9e6765] {currentNumberIndex, currentSlotIndex, numberIndexSelectionPoint, slotIndexSelectionPoint}
 writer root       -> contracts/EntropyGenerator/EntropyGenerator.sol::EntropyGenerator.getNextEntropy()
 writer effect     -> contracts/EntropyGenerator/EntropyGenerator.sol:108
 written member    -> ('SV', 'contracts/EntropyGenerator/EntropyGenerator.sol', 'EntropyGenerator.currentSlotIndex')
 potentially stale -> ('SV', 'contracts/EntropyGenerator/EntropyGenerator.sol', 'EntropyGenerator.currentNumberIndex'), ('SV', 'contracts/EntropyGenerator/EntropyGenerator.sol', 'EntropyGenerator.numberIndexSelectionPoint'), ('SV', 'contracts/EntropyGenerator/EntropyGenerator.sol', 'EntropyGenerator.slotIndexSelectionPoint')
 reader witnesses  -> 3
 storage exposures -> 1
[MV-SI candidate fc2fcdc18a8ab7bc4e52] {currentGeneration, generationMintCounts[@state::contracts/TraitForgeNft/TraitForgeNft.sol::TraitForgeNft.currentGeneration], priceIncrement, startPrice}
 writer root       -> contracts/TraitForgeNft/TraitForgeNft.sol::TraitForgeNft.setPriceIncrement(uint256)
 writer effect     -> contracts/TraitForgeNft/TraitForgeNft.sol:105
 written member    -> ('SV', 'contracts/TraitForgeNft/TraitForgeNft.sol', 'TraitForgeNft.priceIncrement')
 potentially stale -> ('MS', 'contracts/TraitForgeNft/TraitForgeNft.sol', 'TraitForgeNft.generationMintCounts', '@state::contracts/TraitForgeNft/TraitForgeNft.sol::TraitForgeNft.currentGeneration'), ('SV', 'contracts/TraitForgeNft/TraitForgeNft.sol', 'TraitForgeNft.currentGeneration'), ('SV', 'contracts/TraitForgeNft/TraitForgeNft.sol', 'TraitForgeNft.startPrice')
 reader witnesses  -> 54
 storage exposures -> 1Reference: https://github.com/crytic/slither/wiki/Detector-Documentation
INFO:Slither:. analyzed (44 contracts with 1 detectors), 81 result(s) found
