'/tmp/.svm/0.8.22/solc-0.8.22 --version' running
'solc --standard-json --allow-paths /tmp/analysis-input' running
Warning: Warning: SPDX license identifier not provided in source file. Before publishing, consider adding a comment containing "SPDX-License-Identifier: <SPDX-License>" to each source file. Use "SPDX-License-Identifier: UNLICENSED" for non-open-source code. Please see https://spdx.org for more information.
--> src/SigningTools.sol


Warning: Warning: SPDX license identifier not provided in source file. Before publishing, consider adding a comment containing "SPDX-License-Identifier: <SPDX-License>" to each source file. Use "SPDX-License-Identifier: UNLICENSED" for non-open-source code. Please see https://spdx.org for more information.
--> src/pools/PoolMath.sol


Warning: Warning: SPDX license identifier not provided in source file. Before publishing, consider adding a comment containing "SPDX-License-Identifier: <SPDX-License>" to each source file. Use "SPDX-License-Identifier: UNLICENSED" for non-open-source code. Please see https://spdx.org for more information.
--> src/pools/PoolUtils.sol


Warning: Warning: Contract code size is 202610 bytes and exceeds 24576 bytes (a limit introduced in Spurious Dragon). This contract may not be deployable on Mainnet. Consider enabling the optimizer (with a low "runs" value!), turning off revert strings, or using libraries.
  --> src/dev/Deployment.sol:47:1:
   |
47 | contract Deployment is Test
   | ^ (Relevant source part starts here and spans across multiple lines).


Warning: Warning: Contract initcode size is 208223 bytes and exceeds 49152 bytes (a limit introduced in Shanghai). This contract may not be deployable on Mainnet. Consider enabling the optimizer (with a low "runs" value!), turning off revert strings, or using libraries.
  --> src/dev/Deployment.sol:47:1:
   |
47 | contract Deployment is Test
   | ^ (Relevant source part starts here and spans across multiple lines).


Warning: Warning: Contract code size is 213215 bytes and exceeds 24576 bytes (a limit introduced in Spurious Dragon). This contract may not be deployable on Mainnet. Consider enabling the optimizer (with a low "runs" value!), turning off revert strings, or using libraries.
 --> src/root_tests/AccessManager.t.sol:7:1:
  |
7 | contract TestAccessManager is Deployment
  | ^ (Relevant source part starts here and spans across multiple lines).


Warning: Warning: Contract initcode size is 221571 bytes and exceeds 49152 bytes (a limit introduced in Shanghai). This contract may not be deployable on Mainnet. Consider enabling the optimizer (with a low "runs" value!), turning off revert strings, or using libraries.
 --> src/root_tests/AccessManager.t.sol:7:1:
  |
7 | contract TestAccessManager is Deployment
  | ^ (Relevant source part starts here and spans across multiple lines).


Warning: Warning: Contract code size is 234695 bytes and exceeds 24576 bytes (a limit introduced in Spurious Dragon). This contract may not be deployable on Mainnet. Consider enabling the optimizer (with a low "runs" value!), turning off revert strings, or using libraries.
 --> src/root_tests/Deployment.t.sol:7:1:
  |
7 | contract TestDeployment is Deployment
  | ^ (Relevant source part starts here and spans across multiple lines).


Warning: Warning: Contract initcode size is 240308 bytes and exceeds 49152 bytes (a limit introduced in Shanghai). This contract may not be deployable on Mainnet. Consider enabling the optimizer (with a low "runs" value!), turning off revert strings, or using libraries.
 --> src/root_tests/Deployment.t.sol:7:1:
  |
7 | contract TestDeployment is Deployment
  | ^ (Relevant source part starts here and spans across multiple lines).


Warning: Warning: Contract code size is 206555 bytes and exceeds 24576 bytes (a limit introduced in Spurious Dragon). This contract may not be deployable on Mainnet. Consider enabling the optimizer (with a low "runs" value!), turning off revert strings, or using libraries.
 --> src/root_tests/ExchangeConfig.t.sol:8:1:
  |
8 | contract TestExchangeConfig is Deployment
  | ^ (Relevant source part starts here and spans across multiple lines).


Warning: Warning: Contract initcode size is 406017 bytes and exceeds 49152 bytes (a limit introduced in Shanghai). This contract may not be deployable on Mainnet. Consider enabling the optimizer (with a low "runs" value!), turning off revert strings, or using libraries.
 --> src/root_tests/ExchangeConfig.t.sol:8:1:
  |
8 | contract TestExchangeConfig is Deployment
  | ^ (Relevant source part starts here and spans across multiple lines).


Warning: Warning: Contract code size is 217947 bytes and exceeds 24576 bytes (a limit introduced in Spurious Dragon). This contract may not be deployable on Mainnet. Consider enabling the optimizer (with a low "runs" value!), turning off revert strings, or using libraries.
 --> src/root_tests/ManagedWallet.t.sol:8:1:
  |
8 | contract TestManagedWallet is Deployment
  | ^ (Relevant source part starts here and spans across multiple lines).


Warning: Warning: Contract initcode size is 417409 bytes and exceeds 49152 bytes (a limit introduced in Shanghai). This contract may not be deployable on Mainnet. Consider enabling the optimizer (with a low "runs" value!), turning off revert strings, or using libraries.
 --> src/root_tests/ManagedWallet.t.sol:8:1:
  |
8 | contract TestManagedWallet is Deployment
  | ^ (Relevant source part starts here and spans across multiple lines).


Warning: Warning: Contract code size is 207668 bytes and exceeds 24576 bytes (a limit introduced in Spurious Dragon). This contract may not be deployable on Mainnet. Consider enabling the optimizer (with a low "runs" value!), turning off revert strings, or using libraries.
 --> src/root_tests/Salt.t.sol:9:1:
  |
9 | contract TestSalt is Deployment
  | ^ (Relevant source part starts here and spans across multiple lines).


Warning: Warning: Contract initcode size is 406277 bytes and exceeds 49152 bytes (a limit introduced in Shanghai). This contract may not be deployable on Mainnet. Consider enabling the optimizer (with a low "runs" value!), turning off revert strings, or using libraries.
 --> src/root_tests/Salt.t.sol:9:1:
  |
9 | contract TestSalt is Deployment
  | ^ (Relevant source part starts here and spans across multiple lines).


Warning: Warning: Contract code size is 206803 bytes and exceeds 24576 bytes (a limit introduced in Spurious Dragon). This contract may not be deployable on Mainnet. Consider enabling the optimizer (with a low "runs" value!), turning off revert strings, or using libraries.
 --> src/root_tests/Sandwich.t.sol:9:1:
  |
9 | contract TestSandwichAttacks is Deployment
  | ^ (Relevant source part starts here and spans across multiple lines).


Warning: Warning: Contract initcode size is 212416 bytes and exceeds 49152 bytes (a limit introduced in Shanghai). This contract may not be deployable on Mainnet. Consider enabling the optimizer (with a low "runs" value!), turning off revert strings, or using libraries.
 --> src/root_tests/Sandwich.t.sol:9:1:
  |
9 | contract TestSandwichAttacks is Deployment
  | ^ (Relevant source part starts here and spans across multiple lines).


Warning: Warning: Contract code size is 204696 bytes and exceeds 24576 bytes (a limit introduced in Spurious Dragon). This contract may not be deployable on Mainnet. Consider enabling the optimizer (with a low "runs" value!), turning off revert strings, or using libraries.
 --> src/root_tests/SplitSwaps.t.sol:9:1:
  |
9 | contract TestSplitSwaps is Deployment
  | ^ (Relevant source part starts here and spans across multiple lines).


Warning: Warning: Contract initcode size is 210309 bytes and exceeds 49152 bytes (a limit introduced in Shanghai). This contract may not be deployable on Mainnet. Consider enabling the optimizer (with a low "runs" value!), turning off revert strings, or using libraries.
 --> src/root_tests/SplitSwaps.t.sol:9:1:
  |
9 | contract TestSplitSwaps is Deployment
  | ^ (Relevant source part starts here and spans across multiple lines).


Warning: Warning: Contract code size is 244664 bytes and exceeds 24576 bytes (a limit introduced in Spurious Dragon). This contract may not be deployable on Mainnet. Consider enabling the optimizer (with a low "runs" value!), turning off revert strings, or using libraries.
 --> src/root_tests/Upkeep.t.sol:8:1:
  |
8 | contract TestUpkeep2 is Deployment
  | ^ (Relevant source part starts here and spans across multiple lines).


Warning: Warning: Contract initcode size is 445634 bytes and exceeds 49152 bytes (a limit introduced in Shanghai). This contract may not be deployable on Mainnet. Consider enabling the optimizer (with a low "runs" value!), turning off revert strings, or using libraries.
 --> src/root_tests/Upkeep.t.sol:8:1:
  |
8 | contract TestUpkeep2 is Deployment
  | ^ (Relevant source part starts here and spans across multiple lines).


Warning: Warning: Contract code size is 216115 bytes and exceeds 24576 bytes (a limit introduced in Spurious Dragon). This contract may not be deployable on Mainnet. Consider enabling the optimizer (with a low "runs" value!), turning off revert strings, or using libraries.
 --> src/root_tests/UpkeepEdge.t.sol:9:1:
  |
9 | contract TestUpkeepEdge is Deployment
  | ^ (Relevant source part starts here and spans across multiple lines).


Warning: Warning: Contract initcode size is 416665 bytes and exceeds 49152 bytes (a limit introduced in Shanghai). This contract may not be deployable on Mainnet. Consider enabling the optimizer (with a low "runs" value!), turning off revert strings, or using libraries.
 --> src/root_tests/UpkeepEdge.t.sol:9:1:
  |
9 | contract TestUpkeepEdge is Deployment
  | ^ (Relevant source part starts here and spans across multiple lines).


Warning: Warning: Contract code size is 284273 bytes and exceeds 24576 bytes (a limit introduced in Spurious Dragon). This contract may not be deployable on Mainnet. Consider enabling the optimizer (with a low "runs" value!), turning off revert strings, or using libraries.
 --> src/root_tests/UpkeepFlawed.t.sol:9:1:
  |
9 | contract TestUpkeepFlawed is Deployment
  | ^ (Relevant source part starts here and spans across multiple lines).


Warning: Warning: Contract initcode size is 289886 bytes and exceeds 49152 bytes (a limit introduced in Shanghai). This contract may not be deployable on Mainnet. Consider enabling the optimizer (with a low "runs" value!), turning off revert strings, or using libraries.
 --> src/root_tests/UpkeepFlawed.t.sol:9:1:
  |
9 | contract TestUpkeepFlawed is Deployment
  | ^ (Relevant source part starts here and spans across multiple lines).


Warning: Warning: Contract code size is 210347 bytes and exceeds 24576 bytes (a limit introduced in Spurious Dragon). This contract may not be deployable on Mainnet. Consider enabling the optimizer (with a low "runs" value!), turning off revert strings, or using libraries.
 --> src/root_tests/UpkeepMaxGas.t.sol:8:1:
  |
8 | contract TestMaxUpkeep is Deployment
  | ^ (Relevant source part starts here and spans across multiple lines).


Warning: Warning: Contract initcode size is 410703 bytes and exceeds 49152 bytes (a limit introduced in Shanghai). This contract may not be deployable on Mainnet. Consider enabling the optimizer (with a low "runs" value!), turning off revert strings, or using libraries.
 --> src/root_tests/UpkeepMaxGas.t.sol:8:1:
  |
8 | contract TestMaxUpkeep is Deployment
  | ^ (Relevant source part starts here and spans across multiple lines).


Warning: Warning: Contract code size is 209304 bytes and exceeds 24576 bytes (a limit introduced in Spurious Dragon). This contract may not be deployable on Mainnet. Consider enabling the optimizer (with a low "runs" value!), turning off revert strings, or using libraries.
 --> src/root_tests/UpkeepMinGas.t.sol:8:1:
  |
8 | contract TestMinUpkeep is Deployment
  | ^ (Relevant source part starts here and spans across multiple lines).


Warning: Warning: Contract initcode size is 409439 bytes and exceeds 49152 bytes (a limit introduced in Shanghai). This contract may not be deployable on Mainnet. Consider enabling the optimizer (with a low "runs" value!), turning off revert strings, or using libraries.
 --> src/root_tests/UpkeepMinGas.t.sol:8:1:
  |
8 | contract TestMinUpkeep is Deployment
  | ^ (Relevant source part starts here and spans across multiple lines).


Warning: Warning: Contract code size is 215324 bytes and exceeds 24576 bytes (a limit introduced in Spurious Dragon). This contract may not be deployable on Mainnet. Consider enabling the optimizer (with a low "runs" value!), turning off revert strings, or using libraries.
 --> src/scenario_tests/Comprehensive1.t.sol:9:1:
  |
9 | contract TestComprehensive1 is Deployment
  | ^ (Relevant source part starts here and spans across multiple lines).


Warning: Warning: Contract initcode size is 220937 bytes and exceeds 49152 bytes (a limit introduced in Shanghai). This contract may not be deployable on Mainnet. Consider enabling the optimizer (with a low "runs" value!), turning off revert strings, or using libraries.
 --> src/scenario_tests/Comprehensive1.t.sol:9:1:
  |
9 | contract TestComprehensive1 is Deployment
  | ^ (Relevant source part starts here and spans across multiple lines).



[mvscan-config] {"ATOMIC_GROUP": [], "DIVERGENCE_BUDGET": 1000, "ENABLE_BRANCH_GROUPS": false, "ENABLE_EXTERNAL_STATE": true, "ENABLE_MULTI_RETURN_GROUPS": true, "MAPPING_MODE": "precise", "MERGE_OVERLOADS": false, "MVSCAN_ABLATION": "no_branch_groups", "MVSCAN_CONTEXTUAL_KEYS": true, "MVSCAN_INCLUDE_SCALAR_WITNESSES": false, "MVSCAN_INTERFACE_DISPATCH": false, "MVSCAN_MAX_CONTEXTS_PER_OWNER_BLOCK": 128, "MVSCAN_MAX_DISPATCH_TARGETS": 16, "MVSCAN_REQUIRE_DISTINCT_OUTER_ROOTS": false, "MVSCAN_ROOT_CONTEXT_SINKS": false, "NOOP_WRITE_FILTER": true, "REQUIRE_SAME_SLOT_KEY": true, "SINK_TEST": "none", "USER_CALLABLE_ALWAYS": [], "USER_CALLABLE_DENY": []}
[mvscan-stage] icfg-built blocks=10116 vars=408
[mvscan-stage] root-seeding-done eligible_exposures=477 seeded=242 multi_exposure_entry_blocks=35 collapsed_contextual_aliases=235 excluded_dependency=0 excluded_interface=343 excluded_library=0 excluded_abstract=12 missing_entry_point=0 missing_entry_block=0
[mvscan-pairs] call_target_digest=cd41ca2f0d601f285788c3c9438594793aecb6dd6d0c9f6ac8e44214d26d58b9 candidate_count=17 candidate_digest=aaaeabddd100856d27ca54873afb410653ba5416fabcfc5b410381f9f614b99e context_instance_count=77 eligible_readers=17 eligible_writers=15 execution_context_digest=133dfddb9619a99f036adb128677f2aaf8442da222f65a26b8307b88c0fe02fd insensitive_readers_filtered=31 invalid_partial_write_filtered=0 must_full_relation_filtered=19 omitted_member_evidence_filtered=0 omitted_member_not_sensitive_filtered=3 owner_context_pairs=77 owner_context_pairs_considered=1438 raw_block_pairs=135 reader_witness_count=77 relation_base_members_shadowed=0 relation_context_incompatible=632 relation_digest=17039b750475049df210a6f2578328af04ec67c6d57bb2ec68f1ddcf0e0460a5 relation_members_raw=28 relation_origins_registered=2 relation_origins_rejected_unary_after_shadowing=24 relation_origins_rejected_unreachable=107 relation_origins_seen=26 relation_unbound_key_templates=19 root_context_sink_filtered=0 same_outer_root_filtered=0 same_static_block_filtered=3 scalar_variables_skipped=134 storage_context_mismatch=707 variables_considered=136
INFO:Detectors:

[MV-SI candidate 0401e19eb455d65013e0] {_userShareInfo, usdsBorrowedByUsers[$arg0]}
 writer root       -> src/staking/Liquidity.sol::Liquidity.withdrawLiquidityAndClaim(IERC20,IERC20,uint256,uint256,uint256,uint256)
 writer effect     -> src/staking/StakingRewards.sol:125
 written member    -> ('SV', 'src/staking/StakingRewards.sol', 'StakingRewards._userShareInfo')
 potentially stale -> ('MS', 'src/stable/CollateralAndLiquidity.sol', 'CollateralAndLiquidity.usdsBorrowedByUsers', '$arg0')
 reader witnesses  -> 5
 storage exposures -> 1
[MV-SI candidate 08d824cf7adab981e949] {_userShareInfo, usdsBorrowedByUsers[$arg0]}
 writer root       -> src/stable/CollateralAndLiquidity.sol::CollateralAndLiquidity.repayUSDS(uint256)
 writer effect     -> src/stable/CollateralAndLiquidity.sol:122
 written member    -> ('MS', 'src/stable/CollateralAndLiquidity.sol', 'CollateralAndLiquidity.usdsBorrowedByUsers', '$arg0')
 potentially stale -> ('SV', 'src/staking/StakingRewards.sol', 'StakingRewards._userShareInfo')
 reader witnesses  -> 4
 storage exposures -> 1
[MV-SI candidate 0a762bb68234f5762281] {_userShareInfo, usdsBorrowedByUsers[$arg0]}
 writer root       -> src/stable/CollateralAndLiquidity.sol::CollateralAndLiquidity.withdrawCollateralAndClaim(uint256,uint256,uint256,uint256)
 writer effect     -> src/staking/StakingRewards.sol:125
 written member    -> ('SV', 'src/staking/StakingRewards.sol', 'StakingRewards._userShareInfo')
 potentially stale -> ('MS', 'src/stable/CollateralAndLiquidity.sol', 'CollateralAndLiquidity.usdsBorrowedByUsers', '$arg0')
 reader witnesses  -> 5
 storage exposures -> 1
[MV-SI candidate 25577542a110bc6070b8] {totalRewards[$arg1], totalShares[$arg1]}
 writer root       -> src/stable/CollateralAndLiquidity.sol::CollateralAndLiquidity.liquidateUser(address)
 writer effect     -> src/staking/StakingRewards.sol:122
 written member    -> ('MS', 'src/staking/StakingRewards.sol', 'StakingRewards.totalShares', '$arg1')
 potentially stale -> ('MS', 'src/staking/StakingRewards.sol', 'StakingRewards.totalRewards', '$arg1')
 reader witnesses  -> 2
 storage exposures -> 1
[MV-SI candidate 36a68732dbb75865fef7] {_userShareInfo, usdsBorrowedByUsers[$arg0]}
 writer root       -> src/stable/CollateralAndLiquidity.sol::CollateralAndLiquidity.withdrawCollateralAndClaim(uint256,uint256,uint256,uint256)
 writer effect     -> src/staking/StakingRewards.sol:110
 written member    -> ('SV', 'src/staking/StakingRewards.sol', 'StakingRewards._userShareInfo')
 potentially stale -> ('MS', 'src/stable/CollateralAndLiquidity.sol', 'CollateralAndLiquidity.usdsBorrowedByUsers', '$arg0')
 reader witnesses  -> 5
 storage exposures -> 1
[MV-SI candidate 47f30e127ab7b6468a4d] {_userShareInfo, usdsBorrowedByUsers[$arg0]}
 writer root       -> src/stable/CollateralAndLiquidity.sol::CollateralAndLiquidity.borrowUSDS(uint256)
 writer effect     -> src/stable/CollateralAndLiquidity.sol:102
 written member    -> ('MS', 'src/stable/CollateralAndLiquidity.sol', 'CollateralAndLiquidity.usdsBorrowedByUsers', '$arg0')
 potentially stale -> ('SV', 'src/staking/StakingRewards.sol', 'StakingRewards._userShareInfo')
 reader witnesses  -> 4
 storage exposures -> 1
[MV-SI candidate 72df73989869a47a1bed] {_userShareInfo, usdsBorrowedByUsers[$arg0]}
 writer root       -> src/staking/Liquidity.sol::Liquidity.withdrawLiquidityAndClaim(IERC20,IERC20,uint256,uint256,uint256,uint256)
 writer effect     -> src/staking/StakingRewards.sol:110
 written member    -> ('SV', 'src/staking/StakingRewards.sol', 'StakingRewards._userShareInfo')
 potentially stale -> ('MS', 'src/stable/CollateralAndLiquidity.sol', 'CollateralAndLiquidity.usdsBorrowedByUsers', '$arg0')
 reader witnesses  -> 5
 storage exposures -> 1
[MV-SI candidate 74fa03a4f6c13e28cf59] {_userShareInfo, usdsBorrowedByUsers[$arg0]}
 writer root       -> src/staking/Liquidity.sol::Liquidity.withdrawLiquidityAndClaim(IERC20,IERC20,uint256,uint256,uint256,uint256)
 writer effect     -> src/staking/StakingRewards.sol:126
 written member    -> ('SV', 'src/staking/StakingRewards.sol', 'StakingRewards._userShareInfo')
 potentially stale -> ('MS', 'src/stable/CollateralAndLiquidity.sol', 'CollateralAndLiquidity.usdsBorrowedByUsers', '$arg0')
 reader witnesses  -> 5
 storage exposures -> 1
[MV-SI candidate 817ee8569da241760150] {_userShareInfo, usdsBorrowedByUsers[$arg0]}
 writer root       -> src/staking/Liquidity.sol::Liquidity.depositLiquidityAndIncreaseShare(IERC20,IERC20,uint256,uint256,uint256,uint256,bool)
 writer effect     -> src/staking/StakingRewards.sol:88
 written member    -> ('SV', 'src/staking/StakingRewards.sol', 'StakingRewards._userShareInfo')
 potentially stale -> ('MS', 'src/stable/CollateralAndLiquidity.sol', 'CollateralAndLiquidity.usdsBorrowedByUsers', '$arg0')
 reader witnesses  -> 5
 storage exposures -> 1
[MV-SI candidate 8187fafdfc6d1a16b83b] {_userShareInfo, usdsBorrowedByUsers[$arg0]}
 writer root       -> src/stable/CollateralAndLiquidity.sol::CollateralAndLiquidity.depositCollateralAndIncreaseShare(uint256,uint256,uint256,uint256,bool)
 writer effect     -> src/staking/StakingRewards.sol:88
 written member    -> ('SV', 'src/staking/StakingRewards.sol', 'StakingRewards._userShareInfo')
 potentially stale -> ('MS', 'src/stable/CollateralAndLiquidity.sol', 'CollateralAndLiquidity.usdsBorrowedByUsers', '$arg0')
 reader witnesses  -> 5
 storage exposures -> 1
[MV-SI candidate 938525eae75f444b4db4] {_userShareInfo, usdsBorrowedByUsers[$arg0]}
 writer root       -> src/staking/Liquidity.sol::Liquidity.depositLiquidityAndIncreaseShare(IERC20,IERC20,uint256,uint256,uint256,uint256,bool)
 writer effect     -> src/staking/StakingRewards.sol:70
 written member    -> ('SV', 'src/staking/StakingRewards.sol', 'StakingRewards._userShareInfo')
 potentially stale -> ('MS', 'src/stable/CollateralAndLiquidity.sol', 'CollateralAndLiquidity.usdsBorrowedByUsers', '$arg0')
 reader witnesses  -> 5
 storage exposures -> 1
[MV-SI candidate a9e27e4afe7dd110f7ba] {_userShareInfo, usdsBorrowedByUsers[$arg0]}
 writer root       -> src/stable/CollateralAndLiquidity.sol::CollateralAndLiquidity.depositCollateralAndIncreaseShare(uint256,uint256,uint256,uint256,bool)
 writer effect     -> src/staking/StakingRewards.sol:83
 written member    -> ('SV', 'src/staking/StakingRewards.sol', 'StakingRewards._userShareInfo')
 potentially stale -> ('MS', 'src/stable/CollateralAndLiquidity.sol', 'CollateralAndLiquidity.usdsBorrowedByUsers', '$arg0')
 reader witnesses  -> 5
 storage exposures -> 1
[MV-SI candidate bab724b48ecc795a63d1] {_userShareInfo, usdsBorrowedByUsers[$arg0]}
 writer root       -> src/stable/CollateralAndLiquidity.sol::CollateralAndLiquidity.withdrawCollateralAndClaim(uint256,uint256,uint256,uint256)
 writer effect     -> src/staking/StakingRewards.sol:126
 written member    -> ('SV', 'src/staking/StakingRewards.sol', 'StakingRewards._userShareInfo')
 potentially stale -> ('MS', 'src/stable/CollateralAndLiquidity.sol', 'CollateralAndLiquidity.usdsBorrowedByUsers', '$arg0')
 reader witnesses  -> 5
 storage exposures -> 1
[MV-SI candidate c70985be04616fa5daa7] {_userShareInfo, usdsBorrowedByUsers[$arg0]}
 writer root       -> src/staking/StakingRewards.sol::StakingRewards.claimAllRewards(bytes32[])
 writer effect     -> src/staking/StakingRewards.sol:159
 written member    -> ('SV', 'src/staking/StakingRewards.sol', 'StakingRewards._userShareInfo')
 potentially stale -> ('MS', 'src/stable/CollateralAndLiquidity.sol', 'CollateralAndLiquidity.usdsBorrowedByUsers', '$arg0')
 reader witnesses  -> 5
 storage exposures -> 1
[MV-SI candidate c915dd0afc1d00bc1861] {_userShareInfo, usdsBorrowedByUsers[$arg0]}
 writer root       -> src/stable/CollateralAndLiquidity.sol::CollateralAndLiquidity.depositCollateralAndIncreaseShare(uint256,uint256,uint256,uint256,bool)
 writer effect     -> src/staking/StakingRewards.sol:70
 written member    -> ('SV', 'src/staking/StakingRewards.sol', 'StakingRewards._userShareInfo')
 potentially stale -> ('MS', 'src/stable/CollateralAndLiquidity.sol', 'CollateralAndLiquidity.usdsBorrowedByUsers', '$arg0')
 reader witnesses  -> 5
 storage exposures -> 1
[MV-SI candidate d4813ddb4ea240da4fd7] {totalRewards[$arg1], totalShares[$arg1]}
 writer root       -> src/stable/CollateralAndLiquidity.sol::CollateralAndLiquidity.liquidateUser(address)
 writer effect     -> src/staking/StakingRewards.sol:121
 written member    -> ('MS', 'src/staking/StakingRewards.sol', 'StakingRewards.totalRewards', '$arg1')
 potentially stale -> ('MS', 'src/staking/StakingRewards.sol', 'StakingRewards.totalShares', '$arg1')
 reader witnesses  -> 2
 storage exposures -> 1
[MV-SI candidate fbfa7b39cc5a1486ca43] {_userShareInfo, usdsBorrowedByUsers[$arg0]}
 writer root       -> src/staking/Liquidity.sol::Liquidity.depositLiquidityAndIncreaseShare(IERC20,IERC20,uint256,uint256,uint256,uint256,bool)
 writer effect     -> src/staking/StakingRewards.sol:83
 written member    -> ('SV', 'src/staking/StakingRewards.sol', 'StakingRewards._userShareInfo')
 potentially stale -> ('MS', 'src/stable/CollateralAndLiquidity.sol', 'CollateralAndLiquidity.usdsBorrowedByUsers', '$arg0')
 reader witnesses  -> 5
 storage exposures -> 1Reference: https://github.com/crytic/slither/wiki/Detector-Documentation
INFO:Slither:mvscan-standard-input.json analyzed (133 contracts with 1 detectors), 17 result(s) found
