Problem executing hardhat to fetch configuration, using defaults: [Errno 2] No such file or directory: 'hardhat'
[mvscan-config] {"ATOMIC_GROUP": [], "DIVERGENCE_BUDGET": 1000, "ENABLE_BRANCH_GROUPS": true, "ENABLE_EXTERNAL_STATE": true, "ENABLE_MULTI_RETURN_GROUPS": false, "MAPPING_MODE": "precise", "MERGE_OVERLOADS": false, "MVSCAN_ABLATION": "no_multi_return_groups", "MVSCAN_CONTEXTUAL_KEYS": true, "MVSCAN_INCLUDE_SCALAR_WITNESSES": false, "MVSCAN_INTERFACE_DISPATCH": false, "MVSCAN_MAX_CONTEXTS_PER_OWNER_BLOCK": 128, "MVSCAN_MAX_DISPATCH_TARGETS": 16, "MVSCAN_REQUIRE_DISTINCT_OUTER_ROOTS": false, "MVSCAN_ROOT_CONTEXT_SINKS": false, "NOOP_WRITE_FILTER": true, "REQUIRE_SAME_SLOT_KEY": true, "SINK_TEST": "none", "USER_CALLABLE_ALWAYS": [], "USER_CALLABLE_DENY": []}
[mvscan-stage] icfg-built blocks=768 vars=20
[mvscan-stage] root-seeding-done eligible_exposures=24 seeded=21 multi_exposure_entry_blocks=3 collapsed_contextual_aliases=3 excluded_dependency=0 excluded_interface=53 excluded_library=0 excluded_abstract=2 missing_entry_point=0 missing_entry_block=0
[mvscan-pairs] call_target_digest=38910aec2df33b20d145eb50ce35677a21bb5c6faf9f5489570244c18888fe85 candidate_count=5 candidate_digest=b203ad9ecac435e43123b191be2371fdca983410e4021759af589facd9864f9c context_instance_count=11 eligible_readers=2 eligible_writers=5 execution_context_digest=63eed009b5e5b5286ae12cdc97807be86df56ecc6ef71e46f04667ec74448f6c insensitive_readers_filtered=5 invalid_partial_write_filtered=0 must_full_relation_filtered=0 omitted_member_evidence_filtered=0 omitted_member_not_sensitive_filtered=0 owner_context_pairs=11 owner_context_pairs_considered=25 raw_block_pairs=10 reader_witness_count=11 relation_base_members_shadowed=5 relation_context_incompatible=14 relation_digest=b520a5c3fd74d6bea6e65228e8988ecb599959279ff7fa4dd4c44b77129013a3 relation_members_raw=15 relation_origins_registered=1 relation_origins_rejected_unary_after_shadowing=8 relation_origins_seen=9 root_context_sink_filtered=0 same_outer_root_filtered=0 scalar_variables_skipped=13 storage_context_mismatch=0 variables_considered=14
INFO:Detectors:

[MV-SI candidate 0e4b368b72580a4e501d] {closeFees, maxWinPercent}
 writer root       -> contracts/Trading.sol::Trading.setFees(bool,uint256,uint256,uint256,uint256,uint256)
 writer effect     -> contracts/Trading.sol:961
 written member    -> ('SV', 'contracts/Trading.sol', 'Trading.closeFees')
 potentially stale -> ('SV', 'contracts/Trading.sol', 'Trading.maxWinPercent')
 reader witnesses  -> 2
 storage exposures -> 1
[MV-SI candidate 48efffe3a7686850cc8c] {closeFees, maxWinPercent}
 writer root       -> contracts/Trading.sol::Trading.setFees(bool,uint256,uint256,uint256,uint256,uint256)
 writer effect     -> contracts/Trading.sol:964
 written member    -> ('SV', 'contracts/Trading.sol', 'Trading.closeFees')
 potentially stale -> ('SV', 'contracts/Trading.sol', 'Trading.maxWinPercent')
 reader witnesses  -> 2
 storage exposures -> 1
[MV-SI candidate 6063465242e13af1a5be] {closeFees, maxWinPercent}
 writer root       -> contracts/Trading.sol::Trading.setFees(bool,uint256,uint256,uint256,uint256,uint256)
 writer effect     -> contracts/Trading.sol:962
 written member    -> ('SV', 'contracts/Trading.sol', 'Trading.closeFees')
 potentially stale -> ('SV', 'contracts/Trading.sol', 'Trading.maxWinPercent')
 reader witnesses  -> 2
 storage exposures -> 1
[MV-SI candidate c024399155c94bf65a28] {closeFees, maxWinPercent}
 writer root       -> contracts/Trading.sol::Trading.setFees(bool,uint256,uint256,uint256,uint256,uint256)
 writer effect     -> contracts/Trading.sol:963
 written member    -> ('SV', 'contracts/Trading.sol', 'Trading.closeFees')
 potentially stale -> ('SV', 'contracts/Trading.sol', 'Trading.maxWinPercent')
 reader witnesses  -> 2
 storage exposures -> 1
[MV-SI candidate c1f1313de742067aa06e] {closeFees, maxWinPercent}
 writer root       -> contracts/Trading.sol::Trading.setMaxWinPercent(uint256)
 writer effect     -> contracts/Trading.sol:932
 written member    -> ('SV', 'contracts/Trading.sol', 'Trading.maxWinPercent')
 potentially stale -> ('SV', 'contracts/Trading.sol', 'Trading.closeFees')
 reader witnesses  -> 3
 storage exposures -> 1Reference: https://github.com/crytic/slither/wiki/Detector-Documentation
[mvscan-config] {"ATOMIC_GROUP": [], "DIVERGENCE_BUDGET": 1000, "ENABLE_BRANCH_GROUPS": true, "ENABLE_EXTERNAL_STATE": true, "ENABLE_MULTI_RETURN_GROUPS": false, "MAPPING_MODE": "precise", "MERGE_OVERLOADS": false, "MVSCAN_ABLATION": "no_multi_return_groups", "MVSCAN_CONTEXTUAL_KEYS": true, "MVSCAN_INCLUDE_SCALAR_WITNESSES": false, "MVSCAN_INTERFACE_DISPATCH": false, "MVSCAN_MAX_CONTEXTS_PER_OWNER_BLOCK": 128, "MVSCAN_MAX_DISPATCH_TARGETS": 16, "MVSCAN_REQUIRE_DISTINCT_OUTER_ROOTS": false, "MVSCAN_ROOT_CONTEXT_SINKS": false, "NOOP_WRITE_FILTER": true, "REQUIRE_SAME_SLOT_KEY": true, "SINK_TEST": "none", "USER_CALLABLE_ALWAYS": [], "USER_CALLABLE_DENY": []}
[mvscan-stage] icfg-built blocks=3199 vars=246
[mvscan-stage] root-seeding-done eligible_exposures=255 seeded=172 multi_exposure_entry_blocks=33 collapsed_contextual_aliases=83 excluded_dependency=0 excluded_interface=106 excluded_library=0 excluded_abstract=18 missing_entry_point=0 missing_entry_block=0
[mvscan-pairs] call_target_digest=fb141c009b08d736647327abfc7d196a902bd3133c02a4fe664501b5cda41071 candidate_count=23 candidate_digest=8f575544d7372344c8dccca9497d1f00ac7b4fa6a7de64f095439a621a9b3783 context_instance_count=126 eligible_readers=83 eligible_writers=60 execution_context_digest=e6aaec1e2a16ff4d9edf3a54089bc59f79fa2a8ce9a847a0b2c1ddfb59578902 insensitive_readers_filtered=259 invalid_partial_write_filtered=0 must_full_relation_filtered=20 omitted_member_evidence_filtered=0 omitted_member_not_sensitive_filtered=0 owner_context_pairs=220 owner_context_pairs_considered=11864 raw_block_pairs=235 reader_witness_count=220 relation_base_members_shadowed=84 relation_context_incompatible=2544 relation_digest=6f6907d923bb21345b5594fdf6a93e20280015ade7b3330ae416aaa5db0d11bd relation_members_raw=247 relation_origins_registered=21 relation_origins_rejected_unary_after_shadowing=113 relation_origins_seen=134 relation_unbound_key_templates=276 root_context_sink_filtered=0 same_outer_root_filtered=0 same_static_block_filtered=3 scalar_variables_skipped=181 storage_context_mismatch=9080 variables_considered=202
INFO:Detectors:

[MV-SI candidate 1f15d748376f23a29267] {assetsIndex[$arg0], assets[@local::contracts/BondNFT.sol::BondNFT.setAllowedAsset(address,bool)::ReferenceVariable::REF_522]}
 writer root       -> contracts/BondNFT.sol::BondNFT.addAsset(address)
 writer effect     -> contracts/BondNFT.sol:351
 written member    -> ('MS', 'contracts/BondNFT.sol', 'BondNFT.assetsIndex', '$arg0')
 potentially stale -> ('MS', 'contracts/BondNFT.sol', 'BondNFT.assets', '@local::contracts/BondNFT.sol::BondNFT.setAllowedAsset(address,bool)::ReferenceVariable::REF_522')
 reader witnesses  -> 1
 storage exposures -> 1
[MV-SI candidate 2c97d2d5724f1ec8b698] {_operatorApprovals[$arg0][$arg1], _owners[$arg0], _tokenApprovals[$arg0]}
 writer root       -> @openzeppelin/contracts/token/ERC721/ERC721.sol::ERC721.safeTransferFrom(address,address,uint256)
 writer effect     -> @openzeppelin/contracts/token/ERC721/ERC721.sol:380
 written member    -> ('MS', '@openzeppelin/contracts/token/ERC721/ERC721.sol', 'ERC721._owners', '$arg0')
 potentially stale -> ('MS', '@openzeppelin/contracts/token/ERC721/ERC721.sol', 'ERC721._operatorApprovals', '$arg0][$arg1'), ('MS', '@openzeppelin/contracts/token/ERC721/ERC721.sol', 'ERC721._tokenApprovals', '$arg0')
 reader witnesses  -> 34
 storage exposures -> 5
[MV-SI candidate 38d59e34404ca833a0f3] {allowedAsset[$arg0], totalShares[$arg0]}
 writer root       -> contracts/BondNFT.sol::BondNFT.addAsset(address)
 writer effect     -> contracts/BondNFT.sol:353
 written member    -> ('MS', 'contracts/BondNFT.sol', 'BondNFT.allowedAsset', '$arg0')
 potentially stale -> ('MS', 'contracts/BondNFT.sol', 'BondNFT.totalShares', '$arg0')
 reader witnesses  -> 3
 storage exposures -> 1
[MV-SI candidate 3979281ad3e42b6f992b] {_operatorApprovals[$arg0][$arg1], _owners[$arg0], _tokenApprovals[$arg0]}
 writer root       -> @openzeppelin/contracts/token/ERC721/ERC721.sol::ERC721.transferFrom(address,address,uint256)
 writer effect     -> @openzeppelin/contracts/token/ERC721/ERC721.sol:380
 written member    -> ('MS', '@openzeppelin/contracts/token/ERC721/ERC721.sol', 'ERC721._owners', '$arg0')
 potentially stale -> ('MS', '@openzeppelin/contracts/token/ERC721/ERC721.sol', 'ERC721._operatorApprovals', '$arg0][$arg1'), ('MS', '@openzeppelin/contracts/token/ERC721/ERC721.sol', 'ERC721._tokenApprovals', '$arg0')
 reader witnesses  -> 34
 storage exposures -> 5
[MV-SI candidate 4af5313ddb875dc6e0c0] {_operatorApprovals[$arg0][$arg1], _owners[$arg0], _tokenApprovals[$arg0]}
 writer root       -> contracts/GovNFT.sol::GovNFT._bridgeMint(address,uint256)
 writer effect     -> @openzeppelin/contracts/token/ERC721/ERC721.sol:303
 written member    -> ('MS', '@openzeppelin/contracts/token/ERC721/ERC721.sol', 'ERC721._owners', '$arg0')
 potentially stale -> ('MS', '@openzeppelin/contracts/token/ERC721/ERC721.sol', 'ERC721._operatorApprovals', '$arg0][$arg1'), ('MS', '@openzeppelin/contracts/token/ERC721/ERC721.sol', 'ERC721._tokenApprovals', '$arg0')
 reader witnesses  -> 6
 storage exposures -> 1
[MV-SI candidate 50a6f3488c90698a0968] {_allTokens, _allowedAsset[$arg0], assetsIndex[$arg0], assets[@local::contracts/GovNFTBridged.sol::GovNFTBridged.distribute(address,uint256)::ReferenceVariable::REF_911]}
 writer root       -> contracts/GovNFTBridged.sol::GovNFTBridged.addAsset(address)
 writer effect     -> contracts/GovNFTBridged.sol:253
 written member    -> ('MS', 'contracts/GovNFTBridged.sol', 'GovNFTBridged.assetsIndex', '$arg0')
 potentially stale -> ('MS', 'contracts/GovNFTBridged.sol', 'GovNFTBridged._allowedAsset', '$arg0'), ('MS', 'contracts/GovNFTBridged.sol', 'GovNFTBridged.assets', '@local::contracts/GovNFTBridged.sol::GovNFTBridged.distribute(address,uint256)::ReferenceVariable::REF_911'), ('SV', '@openzeppelin/contracts/token/ERC721/extensions/ERC721Enumerable.sol', 'ERC721Enumerable._allTokens')
 reader witnesses  -> 2
 storage exposures -> 1
[MV-SI candidate 6e3a3d2b409714b32d95] {_allTokens, _allowedAsset[$arg0], assetsIndex[$arg0], assets[@local::contracts/GovNFT.sol::GovNFT.distribute(address,uint256)::ReferenceVariable::REF_722]}
 writer root       -> contracts/GovNFT.sol::GovNFT.addAsset(address)
 writer effect     -> contracts/GovNFT.sol:302
 written member    -> ('MS', 'contracts/GovNFT.sol', 'GovNFT.assetsIndex', '$arg0')
 potentially stale -> ('MS', 'contracts/GovNFT.sol', 'GovNFT._allowedAsset', '$arg0'), ('MS', 'contracts/GovNFT.sol', 'GovNFT.assets', '@local::contracts/GovNFT.sol::GovNFT.distribute(address,uint256)::ReferenceVariable::REF_722'), ('SV', '@openzeppelin/contracts/token/ERC721/extensions/ERC721Enumerable.sol', 'ERC721Enumerable._allTokens')
 reader witnesses  -> 2
 storage exposures -> 1
[MV-SI candidate 71202f2521de68b332a1] {_allTokens, _allowedAsset[$arg0], assetsIndex[$arg0], assets[@local::contracts/GovNFTBridged.sol::GovNFTBridged.distribute(address,uint256)::ReferenceVariable::REF_911]}
 writer root       -> contracts/GovNFTBridged.sol::GovNFTBridged.setAllowedAsset(address,bool)
 writer effect     -> contracts/GovNFTBridged.sol:259
 written member    -> ('MS', 'contracts/GovNFTBridged.sol', 'GovNFTBridged._allowedAsset', '$arg0')
 potentially stale -> ('MS', 'contracts/GovNFTBridged.sol', 'GovNFTBridged.assets', '@local::contracts/GovNFTBridged.sol::GovNFTBridged.distribute(address,uint256)::ReferenceVariable::REF_911'), ('MS', 'contracts/GovNFTBridged.sol', 'GovNFTBridged.assetsIndex', '$arg0'), ('SV', '@openzeppelin/contracts/token/ERC721/extensions/ERC721Enumerable.sol', 'ERC721Enumerable._allTokens')
 reader witnesses  -> 3
 storage exposures -> 1
[MV-SI candidate 7b7c2a8e445501a38a8f] {_allTokens, _allowedAsset[$arg0], assetsIndex[$arg0], assets[@local::contracts/GovNFTBridged.sol::GovNFTBridged.distribute(address,uint256)::ReferenceVariable::REF_911]}
 writer root       -> contracts/GovNFTBridged.sol::GovNFTBridged.addAsset(address)
 writer effect     -> contracts/GovNFTBridged.sol:255
 written member    -> ('MS', 'contracts/GovNFTBridged.sol', 'GovNFTBridged._allowedAsset', '$arg0')
 potentially stale -> ('MS', 'contracts/GovNFTBridged.sol', 'GovNFTBridged.assets', '@local::contracts/GovNFTBridged.sol::GovNFTBridged.distribute(address,uint256)::ReferenceVariable::REF_911'), ('MS', 'contracts/GovNFTBridged.sol', 'GovNFTBridged.assetsIndex', '$arg0'), ('SV', '@openzeppelin/contracts/token/ERC721/extensions/ERC721Enumerable.sol', 'ERC721Enumerable._allTokens')
 reader witnesses  -> 3
 storage exposures -> 1
[MV-SI candidate 826c3b59351aeb6195a6] {_operatorApprovals[$arg0][$arg1], _owners[$arg0], _tokenApprovals[$arg0]}
 writer root       -> contracts/GovNFT.sol::GovNFT.mintMany(uint256)
 writer effect     -> @openzeppelin/contracts/token/ERC721/ERC721.sol:303
 written member    -> ('MS', '@openzeppelin/contracts/token/ERC721/ERC721.sol', 'ERC721._owners', '$arg0')
 potentially stale -> ('MS', '@openzeppelin/contracts/token/ERC721/ERC721.sol', 'ERC721._operatorApprovals', '$arg0][$arg1'), ('MS', '@openzeppelin/contracts/token/ERC721/ERC721.sol', 'ERC721._tokenApprovals', '$arg0')
 reader witnesses  -> 6
 storage exposures -> 1
[MV-SI candidate 866785204eb425adea25] {allowedAsset[$arg0], totalShares[$arg0]}
 writer root       -> contracts/BondNFT.sol::BondNFT.createLock(address,uint256,uint256,address)
 writer effect     -> contracts/BondNFT.sol:68
 written member    -> ('MS', 'contracts/BondNFT.sol', 'BondNFT.totalShares', '$arg0')
 potentially stale -> ('MS', 'contracts/BondNFT.sol', 'BondNFT.allowedAsset', '$arg0')
 reader witnesses  -> 2
 storage exposures -> 1
[MV-SI candidate 95f52d9be089c964444a] {_allTokens, _allowedAsset[$arg0], assetsIndex[$arg0], assets[@local::contracts/GovNFT.sol::GovNFT.distribute(address,uint256)::ReferenceVariable::REF_722]}
 writer root       -> contracts/GovNFT.sol::GovNFT.distribute(address,uint256)
 writer effect     -> @openzeppelin/contracts/token/ERC721/extensions/ERC721Enumerable.sol:46
 written member    -> ('SV', '@openzeppelin/contracts/token/ERC721/extensions/ERC721Enumerable.sol', 'ERC721Enumerable._allTokens')
 potentially stale -> ('MS', 'contracts/GovNFT.sol', 'GovNFT._allowedAsset', '$arg0'), ('MS', 'contracts/GovNFT.sol', 'GovNFT.assets', '@local::contracts/GovNFT.sol::GovNFT.distribute(address,uint256)::ReferenceVariable::REF_722'), ('MS', 'contracts/GovNFT.sol', 'GovNFT.assetsIndex', '$arg0')
 reader witnesses  -> 2
 storage exposures -> 1
[MV-SI candidate 97f52203848c7041a752] {_operatorApprovals[$arg0][$arg1], _owners[$arg0], _tokenApprovals[$arg0]}
 writer root       -> @openzeppelin/contracts/token/ERC721/ERC721.sol::ERC721.safeTransferFrom(address,address,uint256,bytes)
 writer effect     -> @openzeppelin/contracts/token/ERC721/ERC721.sol:380
 written member    -> ('MS', '@openzeppelin/contracts/token/ERC721/ERC721.sol', 'ERC721._owners', '$arg0')
 potentially stale -> ('MS', '@openzeppelin/contracts/token/ERC721/ERC721.sol', 'ERC721._operatorApprovals', '$arg0][$arg1'), ('MS', '@openzeppelin/contracts/token/ERC721/ERC721.sol', 'ERC721._tokenApprovals', '$arg0')
 reader witnesses  -> 34
 storage exposures -> 5
[MV-SI candidate 996e6c3f53334d6eaa95] {_operatorApprovals[$arg0][$arg1], _owners[$arg0], _tokenApprovals[$arg0]}
 writer root       -> @openzeppelin/contracts/token/ERC721/ERC721.sol::ERC721.approve(address,uint256)
 writer effect     -> @openzeppelin/contracts/token/ERC721/ERC721.sol:393
 written member    -> ('MS', '@openzeppelin/contracts/token/ERC721/ERC721.sol', 'ERC721._tokenApprovals', '$arg0')
 potentially stale -> ('MS', '@openzeppelin/contracts/token/ERC721/ERC721.sol', 'ERC721._operatorApprovals', '$arg0][$arg1'), ('MS', '@openzeppelin/contracts/token/ERC721/ERC721.sol', 'ERC721._owners', '$arg0')
 reader witnesses  -> 62
 storage exposures -> 5
[MV-SI candidate 9fadfb4a4cb838e79898] {_allTokens, _allowedAsset[$arg0], assetsIndex[$arg0], assets[@local::contracts/GovNFT.sol::GovNFT.distribute(address,uint256)::ReferenceVariable::REF_722]}
 writer root       -> contracts/GovNFT.sol::GovNFT.setAllowedAsset(address,bool)
 writer effect     -> contracts/GovNFT.sol:308
 written member    -> ('MS', 'contracts/GovNFT.sol', 'GovNFT._allowedAsset', '$arg0')
 potentially stale -> ('MS', 'contracts/GovNFT.sol', 'GovNFT.assets', '@local::contracts/GovNFT.sol::GovNFT.distribute(address,uint256)::ReferenceVariable::REF_722'), ('MS', 'contracts/GovNFT.sol', 'GovNFT.assetsIndex', '$arg0'), ('SV', '@openzeppelin/contracts/token/ERC721/extensions/ERC721Enumerable.sol', 'ERC721Enumerable._allTokens')
 reader witnesses  -> 3
 storage exposures -> 1
[MV-SI candidate a05f96b562b1b0b7d938] {_operatorApprovals[$arg0][$arg1], _owners[$arg0], _tokenApprovals[$arg0]}
 writer root       -> contracts/GovNFT.sol::GovNFT.mint()
 writer effect     -> @openzeppelin/contracts/token/ERC721/ERC721.sol:303
 written member    -> ('MS', '@openzeppelin/contracts/token/ERC721/ERC721.sol', 'ERC721._owners', '$arg0')
 potentially stale -> ('MS', '@openzeppelin/contracts/token/ERC721/ERC721.sol', 'ERC721._operatorApprovals', '$arg0][$arg1'), ('MS', '@openzeppelin/contracts/token/ERC721/ERC721.sol', 'ERC721._tokenApprovals', '$arg0')
 reader witnesses  -> 6
 storage exposures -> 1
[MV-SI candidate a94c46c0503743d29dd3] {allowedAsset[$arg0], totalShares[$arg0]}
 writer root       -> contracts/BondNFT.sol::BondNFT.setAllowedAsset(address,bool)
 writer effect     -> contracts/BondNFT.sol:359
 written member    -> ('MS', 'contracts/BondNFT.sol', 'BondNFT.allowedAsset', '$arg0')
 potentially stale -> ('MS', 'contracts/BondNFT.sol', 'BondNFT.totalShares', '$arg0')
 reader witnesses  -> 3
 storage exposures -> 1
[MV-SI candidate b6a1b1b50fead8cc450c] {assetsIndex[$arg0], assets[@local::contracts/GovNFT.sol::GovNFT.addAsset(address)::ReferenceVariable::REF_733]}
 writer root       -> contracts/GovNFT.sol::GovNFT.addAsset(address)
 writer effect     -> contracts/GovNFT.sol:302
 written member    -> ('MS', 'contracts/GovNFT.sol', 'GovNFT.assetsIndex', '$arg0')
 potentially stale -> ('MS', 'contracts/GovNFT.sol', 'GovNFT.assets', '@local::contracts/GovNFT.sol::GovNFT.addAsset(address)::ReferenceVariable::REF_733')
 reader witnesses  -> 1
 storage exposures -> 1
[MV-SI candidate b8ea53e6565f0f224f7f] {assetsIndex[$arg0], assets[@local::contracts/BondNFT.sol::BondNFT.addAsset(address)::ReferenceVariable::REF_513]}
 writer root       -> contracts/BondNFT.sol::BondNFT.addAsset(address)
 writer effect     -> contracts/BondNFT.sol:351
 written member    -> ('MS', 'contracts/BondNFT.sol', 'BondNFT.assetsIndex', '$arg0')
 potentially stale -> ('MS', 'contracts/BondNFT.sol', 'BondNFT.assets', '@local::contracts/BondNFT.sol::BondNFT.addAsset(address)::ReferenceVariable::REF_513')
 reader witnesses  -> 1
 storage exposures -> 1
[MV-SI candidate c624de167e52002b5b4b] {assetsIndex[$arg0], assets[@local::contracts/GovNFTBridged.sol::GovNFTBridged.addAsset(address)::ReferenceVariable::REF_922]}
 writer root       -> contracts/GovNFTBridged.sol::GovNFTBridged.addAsset(address)
 writer effect     -> contracts/GovNFTBridged.sol:253
 written member    -> ('MS', 'contracts/GovNFTBridged.sol', 'GovNFTBridged.assetsIndex', '$arg0')
 potentially stale -> ('MS', 'contracts/GovNFTBridged.sol', 'GovNFTBridged.assets', '@local::contracts/GovNFTBridged.sol::GovNFTBridged.addAsset(address)::ReferenceVariable::REF_922')
 reader witnesses  -> 1
 storage exposures -> 1
[MV-SI candidate d7427b7602ea2997cc9a] {_operatorApprovals[$arg0][$arg1], _owners[$arg0], _tokenApprovals[$arg0]}
 writer root       -> contracts/GovNFTBridged.sol::GovNFTBridged._bridgeMint(address,uint256)
 writer effect     -> @openzeppelin/contracts/token/ERC721/ERC721.sol:303
 written member    -> ('MS', '@openzeppelin/contracts/token/ERC721/ERC721.sol', 'ERC721._owners', '$arg0')
 potentially stale -> ('MS', '@openzeppelin/contracts/token/ERC721/ERC721.sol', 'ERC721._operatorApprovals', '$arg0][$arg1'), ('MS', '@openzeppelin/contracts/token/ERC721/ERC721.sol', 'ERC721._tokenApprovals', '$arg0')
 reader witnesses  -> 6
 storage exposures -> 1
[MV-SI candidate ed146d5e9e9112ab8bce] {_allTokens, _allowedAsset[$arg0], assetsIndex[$arg0], assets[@local::contracts/GovNFT.sol::GovNFT.distribute(address,uint256)::ReferenceVariable::REF_722]}
 writer root       -> contracts/GovNFT.sol::GovNFT.addAsset(address)
 writer effect     -> contracts/GovNFT.sol:304
 written member    -> ('MS', 'contracts/GovNFT.sol', 'GovNFT._allowedAsset', '$arg0')
 potentially stale -> ('MS', 'contracts/GovNFT.sol', 'GovNFT.assets', '@local::contracts/GovNFT.sol::GovNFT.distribute(address,uint256)::ReferenceVariable::REF_722'), ('MS', 'contracts/GovNFT.sol', 'GovNFT.assetsIndex', '$arg0'), ('SV', '@openzeppelin/contracts/token/ERC721/extensions/ERC721Enumerable.sol', 'ERC721Enumerable._allTokens')
 reader witnesses  -> 3
 storage exposures -> 1
[MV-SI candidate f7314f85357abc2864a0] {_allTokens, _allowedAsset[$arg0], assetsIndex[$arg0], assets[@local::contracts/GovNFTBridged.sol::GovNFTBridged.distribute(address,uint256)::ReferenceVariable::REF_911]}
 writer root       -> contracts/GovNFTBridged.sol::GovNFTBridged.distribute(address,uint256)
 writer effect     -> @openzeppelin/contracts/token/ERC721/extensions/ERC721Enumerable.sol:46
 written member    -> ('SV', '@openzeppelin/contracts/token/ERC721/extensions/ERC721Enumerable.sol', 'ERC721Enumerable._allTokens')
 potentially stale -> ('MS', 'contracts/GovNFTBridged.sol', 'GovNFTBridged._allowedAsset', '$arg0'), ('MS', 'contracts/GovNFTBridged.sol', 'GovNFTBridged.assets', '@local::contracts/GovNFTBridged.sol::GovNFTBridged.distribute(address,uint256)::ReferenceVariable::REF_911'), ('MS', 'contracts/GovNFTBridged.sol', 'GovNFTBridged.assetsIndex', '$arg0')
 reader witnesses  -> 2
 storage exposures -> 1Reference: https://github.com/crytic/slither/wiki/Detector-Documentation
INFO:Slither:. analyzed (96 contracts with 1 detectors), 28 result(s) found
