--ignore-compile used, if something goes wrong, consider removing the ignore compile flag
[mvscan-config] {"ATOMIC_GROUP": [], "DIVERGENCE_BUDGET": 1000, "ENABLE_BRANCH_GROUPS": true, "ENABLE_EXTERNAL_STATE": true, "ENABLE_MULTI_RETURN_GROUPS": true, "MAPPING_MODE": "precise", "MERGE_OVERLOADS": false, "MVSCAN_ABLATION": "full", "MVSCAN_CONTEXTUAL_KEYS": false, "MVSCAN_INCLUDE_SCALAR_WITNESSES": false, "MVSCAN_INTERFACE_DISPATCH": false, "MVSCAN_MAX_CONTEXTS_PER_OWNER_BLOCK": 128, "MVSCAN_MAX_DISPATCH_TARGETS": 16, "MVSCAN_REQUIRE_DISTINCT_OUTER_ROOTS": false, "MVSCAN_ROOT_CONTEXT_SINKS": false, "NOOP_WRITE_FILTER": true, "REQUIRE_SAME_SLOT_KEY": true, "SINK_TEST": "none", "USER_CALLABLE_ALWAYS": [], "USER_CALLABLE_DENY": []}
[mvscan-stage] icfg-built blocks=140 vars=6
[mvscan-stage] root-seeding-done eligible_exposures=26 seeded=26 multi_exposure_entry_blocks=0 collapsed_contextual_aliases=0 excluded_dependency=0 excluded_interface=16 excluded_library=0 excluded_abstract=0 missing_entry_point=26 missing_entry_block=0
[mvscan-pairs] call_target_digest=fb25d4820a1e3896dcb75efa6aeda1726c83727bfda4c2fd3390e090bf370d9b candidate_count=0 candidate_digest=4f53cda18c2baa0c0354bb5f9a3ecbe5ed12ab4d8e11ba873c2f11161202b945 context_instance_count=0 execution_context_digest=9f95a7f8081109f2ebe4020e722fa00e9ad0f9120dbf0d13d817d439d688edf4 invalid_partial_write_filtered=0 must_full_relation_filtered=0 omitted_member_evidence_filtered=0 omitted_member_not_sensitive_filtered=0 owner_context_pairs=0 owner_context_pairs_considered=0 reader_witness_count=0 relation_base_members_shadowed=0 relation_context_incompatible=0 relation_digest=4f53cda18c2baa0c0354bb5f9a3ecbe5ed12ab4d8e11ba873c2f11161202b945 relation_members_raw=1 relation_origins_rejected_unary_after_shadowing=1 relation_origins_seen=1 root_context_sink_filtered=0 same_outer_root_filtered=0 scalar_variables_skipped=1 storage_context_mismatch=0 variables_considered=1
[mvscan-config] {"ATOMIC_GROUP": [], "DIVERGENCE_BUDGET": 1000, "ENABLE_BRANCH_GROUPS": true, "ENABLE_EXTERNAL_STATE": true, "ENABLE_MULTI_RETURN_GROUPS": true, "MAPPING_MODE": "precise", "MERGE_OVERLOADS": false, "MVSCAN_ABLATION": "full", "MVSCAN_CONTEXTUAL_KEYS": false, "MVSCAN_INCLUDE_SCALAR_WITNESSES": false, "MVSCAN_INTERFACE_DISPATCH": false, "MVSCAN_MAX_CONTEXTS_PER_OWNER_BLOCK": 128, "MVSCAN_MAX_DISPATCH_TARGETS": 16, "MVSCAN_REQUIRE_DISTINCT_OUTER_ROOTS": false, "MVSCAN_ROOT_CONTEXT_SINKS": false, "NOOP_WRITE_FILTER": true, "REQUIRE_SAME_SLOT_KEY": true, "SINK_TEST": "none", "USER_CALLABLE_ALWAYS": [], "USER_CALLABLE_DENY": []}
[mvscan-stage] icfg-built blocks=84 vars=9
[mvscan-stage] root-seeding-done eligible_exposures=7 seeded=7 multi_exposure_entry_blocks=0 collapsed_contextual_aliases=0 excluded_dependency=0 excluded_interface=0 excluded_library=0 excluded_abstract=0 missing_entry_point=0 missing_entry_block=0
[mvscan-pairs] call_target_digest=390a2ade099c5bd74259ea0443e70096ca7596675e09ac15be29febc31ed9091 candidate_count=0 candidate_digest=4f53cda18c2baa0c0354bb5f9a3ecbe5ed12ab4d8e11ba873c2f11161202b945 context_instance_count=0 execution_context_digest=585286e8cd933e3871d49ca7434d2748e9a8c84576e5140fa7c429aa3a39a4f6 invalid_partial_write_filtered=0 must_full_relation_filtered=0 omitted_member_evidence_filtered=0 omitted_member_not_sensitive_filtered=0 owner_context_pairs=0 owner_context_pairs_considered=0 reader_witness_count=0 relation_base_members_shadowed=1 relation_context_incompatible=0 relation_digest=4f53cda18c2baa0c0354bb5f9a3ecbe5ed12ab4d8e11ba873c2f11161202b945 relation_members_raw=6 relation_origins_rejected_unary_after_shadowing=5 relation_origins_seen=5 root_context_sink_filtered=0 same_outer_root_filtered=0 scalar_variables_skipped=6 storage_context_mismatch=0 variables_considered=6
[mvscan-config] {"ATOMIC_GROUP": [], "DIVERGENCE_BUDGET": 1000, "ENABLE_BRANCH_GROUPS": true, "ENABLE_EXTERNAL_STATE": true, "ENABLE_MULTI_RETURN_GROUPS": true, "MAPPING_MODE": "precise", "MERGE_OVERLOADS": false, "MVSCAN_ABLATION": "full", "MVSCAN_CONTEXTUAL_KEYS": false, "MVSCAN_INCLUDE_SCALAR_WITNESSES": false, "MVSCAN_INTERFACE_DISPATCH": false, "MVSCAN_MAX_CONTEXTS_PER_OWNER_BLOCK": 128, "MVSCAN_MAX_DISPATCH_TARGETS": 16, "MVSCAN_REQUIRE_DISTINCT_OUTER_ROOTS": false, "MVSCAN_ROOT_CONTEXT_SINKS": false, "NOOP_WRITE_FILTER": true, "REQUIRE_SAME_SLOT_KEY": true, "SINK_TEST": "none", "USER_CALLABLE_ALWAYS": [], "USER_CALLABLE_DENY": []}
[mvscan-stage] icfg-built blocks=137 vars=5
[mvscan-stage] root-seeding-done eligible_exposures=26 seeded=26 multi_exposure_entry_blocks=0 collapsed_contextual_aliases=0 excluded_dependency=0 excluded_interface=16 excluded_library=0 excluded_abstract=0 missing_entry_point=26 missing_entry_block=0
[mvscan-pairs] call_target_digest=5bfb08429c63ddc643cf0f0dab2e616a7abeb3af3a7e61c8eca0ec7576cb2055 candidate_count=0 candidate_digest=4f53cda18c2baa0c0354bb5f9a3ecbe5ed12ab4d8e11ba873c2f11161202b945 context_instance_count=0 execution_context_digest=9ce9cee814d65f002bb08890f1d8723a34e29013f7c756f6d9ad72c70e127096 invalid_partial_write_filtered=0 must_full_relation_filtered=0 omitted_member_evidence_filtered=0 omitted_member_not_sensitive_filtered=0 owner_context_pairs=0 owner_context_pairs_considered=0 reader_witness_count=0 relation_base_members_shadowed=0 relation_context_incompatible=0 relation_digest=4f53cda18c2baa0c0354bb5f9a3ecbe5ed12ab4d8e11ba873c2f11161202b945 relation_members_raw=1 relation_origins_rejected_unary_after_shadowing=1 relation_origins_seen=1 root_context_sink_filtered=0 same_outer_root_filtered=0 scalar_variables_skipped=1 storage_context_mismatch=0 variables_considered=1
[mvscan-config] {"ATOMIC_GROUP": [], "DIVERGENCE_BUDGET": 1000, "ENABLE_BRANCH_GROUPS": true, "ENABLE_EXTERNAL_STATE": true, "ENABLE_MULTI_RETURN_GROUPS": true, "MAPPING_MODE": "precise", "MERGE_OVERLOADS": false, "MVSCAN_ABLATION": "full", "MVSCAN_CONTEXTUAL_KEYS": false, "MVSCAN_INCLUDE_SCALAR_WITNESSES": false, "MVSCAN_INTERFACE_DISPATCH": false, "MVSCAN_MAX_CONTEXTS_PER_OWNER_BLOCK": 128, "MVSCAN_MAX_DISPATCH_TARGETS": 16, "MVSCAN_REQUIRE_DISTINCT_OUTER_ROOTS": false, "MVSCAN_ROOT_CONTEXT_SINKS": false, "NOOP_WRITE_FILTER": true, "REQUIRE_SAME_SLOT_KEY": true, "SINK_TEST": "none", "USER_CALLABLE_ALWAYS": [], "USER_CALLABLE_DENY": []}
[mvscan-stage] icfg-built blocks=71 vars=7
[mvscan-stage] root-seeding-done eligible_exposures=1 seeded=1 multi_exposure_entry_blocks=0 collapsed_contextual_aliases=0 excluded_dependency=0 excluded_interface=0 excluded_library=0 excluded_abstract=0 missing_entry_point=0 missing_entry_block=0
[mvscan-pairs] call_target_digest=bf3a44b6b34209834eb911ad2c02a9f32710ce0cfd0fe197047a0669aaf8c5a0 candidate_count=0 candidate_digest=4f53cda18c2baa0c0354bb5f9a3ecbe5ed12ab4d8e11ba873c2f11161202b945 context_instance_count=0 execution_context_digest=76281e501b59c7cf6a25636459bf2689d5cfd630460a738cf74aaf7c09ba3d62 invalid_partial_write_filtered=0 must_full_relation_filtered=0 omitted_member_evidence_filtered=0 omitted_member_not_sensitive_filtered=0 owner_context_pairs=0 owner_context_pairs_considered=0 reader_witness_count=0 relation_base_members_shadowed=0 relation_context_incompatible=0 relation_digest=4f53cda18c2baa0c0354bb5f9a3ecbe5ed12ab4d8e11ba873c2f11161202b945 relation_members_raw=1 relation_origins_rejected_unary_after_shadowing=1 relation_origins_seen=1 root_context_sink_filtered=0 same_outer_root_filtered=0 scalar_variables_skipped=4 storage_context_mismatch=0 variables_considered=4
[mvscan-config] {"ATOMIC_GROUP": [], "DIVERGENCE_BUDGET": 1000, "ENABLE_BRANCH_GROUPS": true, "ENABLE_EXTERNAL_STATE": true, "ENABLE_MULTI_RETURN_GROUPS": true, "MAPPING_MODE": "precise", "MERGE_OVERLOADS": false, "MVSCAN_ABLATION": "full", "MVSCAN_CONTEXTUAL_KEYS": false, "MVSCAN_INCLUDE_SCALAR_WITNESSES": false, "MVSCAN_INTERFACE_DISPATCH": false, "MVSCAN_MAX_CONTEXTS_PER_OWNER_BLOCK": 128, "MVSCAN_MAX_DISPATCH_TARGETS": 16, "MVSCAN_REQUIRE_DISTINCT_OUTER_ROOTS": false, "MVSCAN_ROOT_CONTEXT_SINKS": false, "NOOP_WRITE_FILTER": true, "REQUIRE_SAME_SLOT_KEY": true, "SINK_TEST": "none", "USER_CALLABLE_ALWAYS": [], "USER_CALLABLE_DENY": []}
[mvscan-stage] icfg-built blocks=886 vars=266
[mvscan-stage] root-seeding-done eligible_exposures=13 seeded=9 multi_exposure_entry_blocks=2 collapsed_contextual_aliases=4 excluded_dependency=0 excluded_interface=4 excluded_library=0 excluded_abstract=0 missing_entry_point=0 missing_entry_block=0
[mvscan-pairs] call_target_digest=a402c32231a2501958d4cf9e16be7c8b958bdd430134f466774693408c07678b candidate_count=0 candidate_digest=4f53cda18c2baa0c0354bb5f9a3ecbe5ed12ab4d8e11ba873c2f11161202b945 context_instance_count=0 execution_context_digest=e587ba4aacf8cfc56ccd5413926cc111463b09dc40ad8fe324e7892043018cb2 invalid_partial_write_filtered=0 must_full_relation_filtered=0 omitted_member_evidence_filtered=0 omitted_member_not_sensitive_filtered=0 owner_context_pairs=0 owner_context_pairs_considered=0 reader_witness_count=0 relation_base_members_shadowed=1 relation_context_incompatible=0 relation_digest=4f53cda18c2baa0c0354bb5f9a3ecbe5ed12ab4d8e11ba873c2f11161202b945 relation_members_raw=9 relation_origins_rejected_unary_after_shadowing=8 relation_origins_rejected_unreachable=5 relation_origins_seen=8 root_context_sink_filtered=0 same_outer_root_filtered=0 scalar_variables_skipped=8 storage_context_mismatch=0 variables_considered=8
[mvscan-config] {"ATOMIC_GROUP": [], "DIVERGENCE_BUDGET": 1000, "ENABLE_BRANCH_GROUPS": true, "ENABLE_EXTERNAL_STATE": true, "ENABLE_MULTI_RETURN_GROUPS": true, "MAPPING_MODE": "precise", "MERGE_OVERLOADS": false, "MVSCAN_ABLATION": "full", "MVSCAN_CONTEXTUAL_KEYS": false, "MVSCAN_INCLUDE_SCALAR_WITNESSES": false, "MVSCAN_INTERFACE_DISPATCH": false, "MVSCAN_MAX_CONTEXTS_PER_OWNER_BLOCK": 128, "MVSCAN_MAX_DISPATCH_TARGETS": 16, "MVSCAN_REQUIRE_DISTINCT_OUTER_ROOTS": false, "MVSCAN_ROOT_CONTEXT_SINKS": false, "NOOP_WRITE_FILTER": true, "REQUIRE_SAME_SLOT_KEY": true, "SINK_TEST": "none", "USER_CALLABLE_ALWAYS": [], "USER_CALLABLE_DENY": []}
[mvscan-stage] icfg-built blocks=224 vars=26
[mvscan-stage] root-seeding-done eligible_exposures=18 seeded=18 multi_exposure_entry_blocks=0 collapsed_contextual_aliases=0 excluded_dependency=0 excluded_interface=5 excluded_library=0 excluded_abstract=0 missing_entry_point=0 missing_entry_block=0
[mvscan-pairs] call_target_digest=5cd38613ad23b53508d44c1cb42cd8f811c01f3ab88ff2871730f8c1a74b0bb8 candidate_count=9 candidate_digest=fca9374e58b37cc867b4c8330d76cc10e9dd7ee6858e6b7efec6b664f5d0003c context_instance_count=33 eligible_readers=24 eligible_writers=11 execution_context_digest=4b3d76b8e9c03c796667ba88929ee8bea9f641d7d7438bbdc1465b9bdba56fd5 insensitive_readers_filtered=43 invalid_partial_write_filtered=0 must_full_relation_filtered=18 omitted_member_evidence_filtered=0 omitted_member_not_sensitive_filtered=0 owner_context_pairs=33 owner_context_pairs_considered=52 raw_block_pairs=62 reader_witness_count=33 relation_base_members_shadowed=2 relation_context_incompatible=0 relation_digest=bfaff2d3426a2c5e3077032aa46a5f69c59d0660d90430cd79a648b793078772 relation_evidence_edges=32 relation_incompatible=28 relation_members_raw=32 relation_origins_registered=7 relation_origins_rejected_unary_after_shadowing=16 relation_origins_rejected_unreachable=1 relation_origins_seen=23 root_context_sink_filtered=0 same_outer_root_filtered=0 same_static_block_filtered=2 scalar_variables_skipped=15 storage_context_mismatch=1 variables_considered=22
INFO:Detectors:

[MV-SI candidate 3a81344b01446a164619] {proposalThreshold, whitelistGuardian}
 writer root       -> contracts/lending/compound/governance/GovernorBravoDelegate.sol::GovernorBravoDelegate._setProposalThreshold(uint256)
 writer effect     -> contracts/lending/compound/governance/GovernorBravoDelegate.sol:538
 written member    -> ('SV', 'contracts/lending/compound/governance/GovernorBravoInterfaces.sol', 'GovernorBravoDelegateStorageV1.proposalThreshold')
 potentially stale -> ('SV', 'contracts/lending/compound/governance/GovernorBravoInterfaces.sol', 'GovernorBravoDelegateStorageV2.whitelistGuardian')
 reader witnesses  -> 2
 storage exposures -> 1
[MV-SI candidate 44823524d26aaac7e126] {proposalThreshold, whitelistAccountExpirations[$arg0]}
 writer root       -> contracts/lending/compound/governance/GovernorBravoDelegate.sol::GovernorBravoDelegate.initialize(address,address,uint256,uint256,uint256)
 writer effect     -> contracts/lending/compound/governance/GovernorBravoDelegate.sol:93
 written member    -> ('SV', 'contracts/lending/compound/governance/GovernorBravoInterfaces.sol', 'GovernorBravoDelegateStorageV1.proposalThreshold')
 potentially stale -> ('MS', 'contracts/lending/compound/governance/GovernorBravoInterfaces.sol', 'GovernorBravoDelegateStorageV2.whitelistAccountExpirations', '$arg0')
 reader witnesses  -> 2
 storage exposures -> 1
[MV-SI candidate 6949987e1cd0cec6af87] {admin, whitelistGuardian}
 writer root       -> contracts/lending/compound/governance/GovernorBravoDelegate.sol::GovernorBravoDelegate._acceptAdmin()
 writer effect     -> contracts/lending/compound/governance/GovernorBravoDelegate.sol:627
 written member    -> ('SV', 'contracts/lending/compound/governance/GovernorBravoInterfaces.sol', 'GovernorBravoDelegatorStorage.admin')
 potentially stale -> ('SV', 'contracts/lending/compound/governance/GovernorBravoInterfaces.sol', 'GovernorBravoDelegateStorageV2.whitelistGuardian')
 reader witnesses  -> 2
 storage exposures -> 1
[MV-SI candidate 7342444ef9e1fee917a5] {proposalThreshold, whitelistAccountExpirations[$arg0]}
 writer root       -> contracts/lending/compound/governance/GovernorBravoDelegate.sol::GovernorBravoDelegate._setWhitelistAccountExpiration(address,uint256)
 writer effect     -> contracts/lending/compound/governance/GovernorBravoDelegate.sol:556
 written member    -> ('MS', 'contracts/lending/compound/governance/GovernorBravoInterfaces.sol', 'GovernorBravoDelegateStorageV2.whitelistAccountExpirations', '$arg0')
 potentially stale -> ('SV', 'contracts/lending/compound/governance/GovernorBravoInterfaces.sol', 'GovernorBravoDelegateStorageV1.proposalThreshold')
 reader witnesses  -> 3
 storage exposures -> 1
[MV-SI candidate 9aa87de3185028ed76cd] {proposalThreshold, whitelistAccountExpirations[$arg0]}
 writer root       -> contracts/lending/compound/governance/GovernorBravoDelegate.sol::GovernorBravoDelegate._setProposalThreshold(uint256)
 writer effect     -> contracts/lending/compound/governance/GovernorBravoDelegate.sol:538
 written member    -> ('SV', 'contracts/lending/compound/governance/GovernorBravoInterfaces.sol', 'GovernorBravoDelegateStorageV1.proposalThreshold')
 potentially stale -> ('MS', 'contracts/lending/compound/governance/GovernorBravoInterfaces.sol', 'GovernorBravoDelegateStorageV2.whitelistAccountExpirations', '$arg0')
 reader witnesses  -> 2
 storage exposures -> 1
[MV-SI candidate a81b0feb2a94b7a82198] {admin, whitelistGuardian}
 writer root       -> contracts/lending/compound/governance/GovernorBravoDelegate.sol::GovernorBravoDelegate._setWhitelistGuardian(address)
 writer effect     -> contracts/lending/compound/governance/GovernorBravoDelegate.sol:571
 written member    -> ('SV', 'contracts/lending/compound/governance/GovernorBravoInterfaces.sol', 'GovernorBravoDelegateStorageV2.whitelistGuardian')
 potentially stale -> ('SV', 'contracts/lending/compound/governance/GovernorBravoInterfaces.sol', 'GovernorBravoDelegatorStorage.admin')
 reader witnesses  -> 8
 storage exposures -> 1
[MV-SI candidate e486c829de26aba0f70f] {proposalThreshold, whitelistGuardian}
 writer root       -> contracts/lending/compound/governance/GovernorBravoDelegate.sol::GovernorBravoDelegate._setWhitelistGuardian(address)
 writer effect     -> contracts/lending/compound/governance/GovernorBravoDelegate.sol:571
 written member    -> ('SV', 'contracts/lending/compound/governance/GovernorBravoInterfaces.sol', 'GovernorBravoDelegateStorageV2.whitelistGuardian')
 potentially stale -> ('SV', 'contracts/lending/compound/governance/GovernorBravoInterfaces.sol', 'GovernorBravoDelegateStorageV1.proposalThreshold')
 reader witnesses  -> 3
 storage exposures -> 1
[MV-SI candidate eb4d5e92b6ffb711fbd8] {initialProposalId, proposalCount}
 writer root       -> contracts/lending/compound/governance/GovernorBravoDelegate.sol::GovernorBravoDelegate.propose(address[],uint256[],string[],bytes[],string)
 writer effect     -> contracts/lending/compound/governance/GovernorBravoDelegate.sol:155
 written member    -> ('SV', 'contracts/lending/compound/governance/GovernorBravoInterfaces.sol', 'GovernorBravoDelegateStorageV1.proposalCount')
 potentially stale -> ('SV', 'contracts/lending/compound/governance/GovernorBravoInterfaces.sol', 'GovernorBravoDelegateStorageV1.initialProposalId')
 reader witnesses  -> 9
 storage exposures -> 1
[MV-SI candidate ebc6dc172860f6c55df5] {proposalThreshold, whitelistGuardian}
 writer root       -> contracts/lending/compound/governance/GovernorBravoDelegate.sol::GovernorBravoDelegate.initialize(address,address,uint256,uint256,uint256)
 writer effect     -> contracts/lending/compound/governance/GovernorBravoDelegate.sol:93
 written member    -> ('SV', 'contracts/lending/compound/governance/GovernorBravoInterfaces.sol', 'GovernorBravoDelegateStorageV1.proposalThreshold')
 potentially stale -> ('SV', 'contracts/lending/compound/governance/GovernorBravoInterfaces.sol', 'GovernorBravoDelegateStorageV2.whitelistGuardian')
 reader witnesses  -> 2
 storage exposures -> 1Reference: https://github.com/crytic/slither/wiki/Detector-Documentation
[mvscan-config] {"ATOMIC_GROUP": [], "DIVERGENCE_BUDGET": 1000, "ENABLE_BRANCH_GROUPS": true, "ENABLE_EXTERNAL_STATE": true, "ENABLE_MULTI_RETURN_GROUPS": true, "MAPPING_MODE": "precise", "MERGE_OVERLOADS": false, "MVSCAN_ABLATION": "full", "MVSCAN_CONTEXTUAL_KEYS": false, "MVSCAN_INCLUDE_SCALAR_WITNESSES": false, "MVSCAN_INTERFACE_DISPATCH": false, "MVSCAN_MAX_CONTEXTS_PER_OWNER_BLOCK": 128, "MVSCAN_MAX_DISPATCH_TARGETS": 16, "MVSCAN_REQUIRE_DISTINCT_OUTER_ROOTS": false, "MVSCAN_ROOT_CONTEXT_SINKS": false, "NOOP_WRITE_FILTER": true, "REQUIRE_SAME_SLOT_KEY": true, "SINK_TEST": "none", "USER_CALLABLE_ALWAYS": [], "USER_CALLABLE_DENY": []}
[mvscan-stage] icfg-built blocks=1741 vars=89
[mvscan-stage] root-seeding-done eligible_exposures=66 seeded=66 multi_exposure_entry_blocks=0 collapsed_contextual_aliases=0 excluded_dependency=0 excluded_interface=3 excluded_library=0 excluded_abstract=0 missing_entry_point=16 missing_entry_block=0
[mvscan-pairs] call_target_digest=1a28a4dea83af9751a1bb81151b25a3cee5addd92d86078975ed2e271604588b candidate_count=15 candidate_digest=685c9a8015fd83a4d8e59f7d0cc2d3752edcaf488a0475cc00154a6e935c8f9c context_instance_count=93 eligible_readers=235 eligible_writers=38 execution_context_digest=822337a77efc025fc30aaab31486ee9e22f3b2c8b51ae5f0fd2653baef582a18 insensitive_readers_filtered=123 invalid_partial_write_filtered=0 must_full_relation_filtered=0 omitted_member_evidence_filtered=0 omitted_member_not_sensitive_filtered=0 owner_context_pairs=195 owner_context_pairs_considered=472 raw_block_pairs=544 reader_witness_count=195 relation_base_members_shadowed=27 relation_context_incompatible=0 relation_digest=4ecd8a4ea135e9b926c9a97b4f801162ce645af415aeb6c037960aae1066a820 relation_evidence_edges=224 relation_incompatible=320 relation_members_raw=149 relation_origins_registered=17 relation_origins_rejected_unary_after_shadowing=88 relation_origins_rejected_unreachable=11 relation_origins_seen=105 root_context_sink_filtered=0 same_outer_root_filtered=0 scalar_variables_skipped=60 storage_context_mismatch=277 variables_considered=77
INFO:Detectors:

[MV-SI candidate 01272cf3791243d0db50] {delegates, numCheckpoints[$arg1]}
 writer root       -> contracts/lending/compound/governance/Comp.sol::Comp.delegateBySig(address,uint256,uint256,uint8,bytes32,bytes32)
 writer effect     -> contracts/lending/compound/governance/Comp.sol:277
 written member    -> ('SV', 'contracts/lending/compound/governance/Comp.sol', 'Comp.delegates')
 potentially stale -> ('MS', 'contracts/lending/compound/governance/Comp.sol', 'Comp.numCheckpoints', '$arg1')
 reader witnesses  -> 8
 storage exposures -> 1
[MV-SI candidate 0b7a3afc315eea52d659] {admin, borrowCapGuardian}
 writer root       -> contracts/lending/compound/Comptroller.sol::Comptroller._setBorrowCapGuardian(address)
 writer effect     -> contracts/lending/compound/Comptroller.sol:1254
 written member    -> ('SV', 'contracts/lending/compound/ComptrollerStorage.sol', 'ComptrollerV4Storage.borrowCapGuardian')
 potentially stale -> ('SV', 'contracts/lending/compound/ComptrollerStorage.sol', 'UnitrollerAdminStorage.admin')
 reader witnesses  -> 20
 storage exposures -> 1
[MV-SI candidate 0f302960617e8aa2e323] {admin, comptrollerImplementation}
 writer root       -> contracts/lending/compound/Unitroller.sol::Unitroller._acceptAdmin()
 writer effect     -> contracts/lending/compound/Unitroller.sol:140
 written member    -> ('SV', 'contracts/lending/compound/ComptrollerStorage.sol', 'UnitrollerAdminStorage.admin')
 potentially stale -> ('SV', 'contracts/lending/compound/ComptrollerStorage.sol', 'UnitrollerAdminStorage.comptrollerImplementation')
 reader witnesses  -> 4
 storage exposures -> 1
[MV-SI candidate 244d986d893b5844c8a3] {borrowGuardianPaused[@local::contracts/lending/compound/Comptroller.sol::Comptroller.isDeprecated(CToken)::TemporaryVariable::TMP_624], markets}
 writer root       -> contracts/lending/compound/Comptroller.sol::Comptroller._supportMarket(CToken)
 writer effect     -> contracts/lending/compound/Comptroller.sol:1168
 written member    -> ('SV', 'contracts/lending/compound/ComptrollerStorage.sol', 'ComptrollerV2Storage.markets')
 potentially stale -> ('MS', 'contracts/lending/compound/ComptrollerStorage.sol', 'ComptrollerV2Storage.borrowGuardianPaused', '@local::contracts/lending/compound/Comptroller.sol::Comptroller.isDeprecated(CToken)::TemporaryVariable::TMP_624')
 reader witnesses  -> 2
 storage exposures -> 1
[MV-SI candidate 283c5fd5dd289dc8bcc3] {delegates, numCheckpoints[$arg0]}
 writer root       -> contracts/lending/compound/governance/Comp.sol::Comp.delegate(address)
 writer effect     -> contracts/lending/compound/governance/Comp.sol:277
 written member    -> ('SV', 'contracts/lending/compound/governance/Comp.sol', 'Comp.delegates')
 potentially stale -> ('MS', 'contracts/lending/compound/governance/Comp.sol', 'Comp.numCheckpoints', '$arg0')
 reader witnesses  -> 8
 storage exposures -> 1
[MV-SI candidate 2f899a5366f3899e4786] {borrowGuardianPaused[@local::contracts/lending/compound/Comptroller.sol::Comptroller.isDeprecated(CToken)::TemporaryVariable::TMP_624], markets}
 writer root       -> contracts/lending/compound/Comptroller.sol::Comptroller.exitMarket(address)
 writer effect     -> contracts/lending/compound/Comptroller.sol:251
 written member    -> ('SV', 'contracts/lending/compound/ComptrollerStorage.sol', 'ComptrollerV2Storage.markets')
 potentially stale -> ('MS', 'contracts/lending/compound/ComptrollerStorage.sol', 'ComptrollerV2Storage.borrowGuardianPaused', '@local::contracts/lending/compound/Comptroller.sol::Comptroller.isDeprecated(CToken)::TemporaryVariable::TMP_624')
 reader witnesses  -> 2
 storage exposures -> 1
[MV-SI candidate 4c782eaeb9de20e09539] {admin, pauseGuardian}
 writer root       -> contracts/lending/compound/Comptroller.sol::Comptroller._setPauseGuardian(address)
 writer effect     -> contracts/lending/compound/Comptroller.sol:1275
 written member    -> ('SV', 'contracts/lending/compound/ComptrollerStorage.sol', 'ComptrollerV2Storage.pauseGuardian')
 potentially stale -> ('SV', 'contracts/lending/compound/ComptrollerStorage.sol', 'UnitrollerAdminStorage.admin')
 reader witnesses  -> 80
 storage exposures -> 1
[MV-SI candidate 5629971e015b51c5af9e] {delegates, numCheckpoints[$arg0]}
 writer root       -> contracts/lending/compound/governance/Comp.sol::Comp.delegateBySig(address,uint256,uint256,uint8,bytes32,bytes32)
 writer effect     -> contracts/lending/compound/governance/Comp.sol:277
 written member    -> ('SV', 'contracts/lending/compound/governance/Comp.sol', 'Comp.delegates')
 potentially stale -> ('MS', 'contracts/lending/compound/governance/Comp.sol', 'Comp.numCheckpoints', '$arg0')
 reader witnesses  -> 8
 storage exposures -> 1
[MV-SI candidate 58cefeb1bf0f5ce7aa0d] {delegates, numCheckpoints[$arg1]}
 writer root       -> contracts/lending/compound/governance/Comp.sol::Comp.delegate(address)
 writer effect     -> contracts/lending/compound/governance/Comp.sol:277
 written member    -> ('SV', 'contracts/lending/compound/governance/Comp.sol', 'Comp.delegates')
 potentially stale -> ('MS', 'contracts/lending/compound/governance/Comp.sol', 'Comp.numCheckpoints', '$arg1')
 reader witnesses  -> 8
 storage exposures -> 1
[MV-SI candidate 6e507590d2f1a2dbf1ac] {accountTokens[$arg0], initialExchangeRateMantissa}
 writer root       -> contracts/lending/compound/tokens/cToken.sol::CToken.seize(address,address,uint256)
 writer effect     -> contracts/lending/compound/tokens/cToken.sol:1784
 written member    -> ('MS', 'contracts/lending/compound/tokens/cToken.sol', 'CToken.accountTokens', '$arg0')
 potentially stale -> ('SV', 'contracts/lending/compound/tokens/cToken.sol', 'CToken.initialExchangeRateMantissa')
 reader witnesses  -> 33
 storage exposures -> 1
[MV-SI candidate 9025a810a8957f51d960] {admin, comptrollerImplementation}
 writer root       -> contracts/lending/compound/Unitroller.sol::Unitroller._acceptImplementation()
 writer effect     -> contracts/lending/compound/Unitroller.sol:85
 written member    -> ('SV', 'contracts/lending/compound/ComptrollerStorage.sol', 'UnitrollerAdminStorage.comptrollerImplementation')
 potentially stale -> ('SV', 'contracts/lending/compound/ComptrollerStorage.sol', 'UnitrollerAdminStorage.admin')
 reader witnesses  -> 8
 storage exposures -> 1
[MV-SI candidate 90cab611933ab765a4c7] {admin, comptrollerImplementation}
 writer root       -> contracts/lending/compound/Comptroller.sol::Comptroller._become(Unitroller)
 writer effect     -> contracts/lending/compound/Unitroller.sol:85
 written member    -> ('SV', 'contracts/lending/compound/ComptrollerStorage.sol', 'UnitrollerAdminStorage.comptrollerImplementation')
 potentially stale -> ('SV', 'contracts/lending/compound/ComptrollerStorage.sol', 'UnitrollerAdminStorage.admin')
 reader witnesses  -> 8
 storage exposures -> 1
[MV-SI candidate c41e9feacf25a92c3a45] {borrowGuardianPaused[@local::contracts/lending/compound/Comptroller.sol::Comptroller.isDeprecated(CToken)::TemporaryVariable::TMP_624], markets}
 writer root       -> contracts/lending/compound/Comptroller.sol::Comptroller.borrowAllowed(address,address,uint256)
 writer effect     -> contracts/lending/compound/Comptroller.sol:204
 written member    -> ('SV', 'contracts/lending/compound/ComptrollerStorage.sol', 'ComptrollerV2Storage.markets')
 potentially stale -> ('MS', 'contracts/lending/compound/ComptrollerStorage.sol', 'ComptrollerV2Storage.borrowGuardianPaused', '@local::contracts/lending/compound/Comptroller.sol::Comptroller.isDeprecated(CToken)::TemporaryVariable::TMP_624')
 reader witnesses  -> 2
 storage exposures -> 1
[MV-SI candidate c7d13fe3213d1829e189] {borrowGuardianPaused[@local::contracts/lending/compound/Comptroller.sol::Comptroller.isDeprecated(CToken)::TemporaryVariable::TMP_624], markets}
 writer root       -> contracts/lending/compound/Comptroller.sol::Comptroller._setCollateralFactor(CToken,uint256)
 writer effect     -> contracts/lending/compound/Comptroller.sol:1104
 written member    -> ('SV', 'contracts/lending/compound/ComptrollerStorage.sol', 'ComptrollerV2Storage.markets')
 potentially stale -> ('MS', 'contracts/lending/compound/ComptrollerStorage.sol', 'ComptrollerV2Storage.borrowGuardianPaused', '@local::contracts/lending/compound/Comptroller.sol::Comptroller.isDeprecated(CToken)::TemporaryVariable::TMP_624')
 reader witnesses  -> 2
 storage exposures -> 1
[MV-SI candidate e6fcf71d18fa666307f0] {borrowGuardianPaused[@local::contracts/lending/compound/Comptroller.sol::Comptroller.isDeprecated(CToken)::TemporaryVariable::TMP_624], markets}
 writer root       -> contracts/lending/compound/Comptroller.sol::Comptroller.enterMarkets(address[])
 writer effect     -> contracts/lending/compound/Comptroller.sol:204
 written member    -> ('SV', 'contracts/lending/compound/ComptrollerStorage.sol', 'ComptrollerV2Storage.markets')
 potentially stale -> ('MS', 'contracts/lending/compound/ComptrollerStorage.sol', 'ComptrollerV2Storage.borrowGuardianPaused', '@local::contracts/lending/compound/Comptroller.sol::Comptroller.isDeprecated(CToken)::TemporaryVariable::TMP_624')
 reader witnesses  -> 2
 storage exposures -> 1Reference: https://github.com/crytic/slither/wiki/Detector-Documentation
[mvscan-config] {"ATOMIC_GROUP": [], "DIVERGENCE_BUDGET": 1000, "ENABLE_BRANCH_GROUPS": true, "ENABLE_EXTERNAL_STATE": true, "ENABLE_MULTI_RETURN_GROUPS": true, "MAPPING_MODE": "precise", "MERGE_OVERLOADS": false, "MVSCAN_ABLATION": "full", "MVSCAN_CONTEXTUAL_KEYS": false, "MVSCAN_INCLUDE_SCALAR_WITNESSES": false, "MVSCAN_INTERFACE_DISPATCH": false, "MVSCAN_MAX_CONTEXTS_PER_OWNER_BLOCK": 128, "MVSCAN_MAX_DISPATCH_TARGETS": 16, "MVSCAN_REQUIRE_DISTINCT_OUTER_ROOTS": false, "MVSCAN_ROOT_CONTEXT_SINKS": false, "NOOP_WRITE_FILTER": true, "REQUIRE_SAME_SLOT_KEY": true, "SINK_TEST": "none", "USER_CALLABLE_ALWAYS": [], "USER_CALLABLE_DENY": []}
[mvscan-stage] icfg-built blocks=3236 vars=212
[mvscan-stage] root-seeding-done eligible_exposures=344 seeded=159 multi_exposure_entry_blocks=89 collapsed_contextual_aliases=185 excluded_dependency=0 excluded_interface=78 excluded_library=0 excluded_abstract=183 missing_entry_point=0 missing_entry_block=0
[mvscan-pairs] call_target_digest=066fc99d3741a78d5c1cee96767f43fd3be453a8e3428803529114ba362ab389 candidate_count=58 candidate_digest=85101c15d63a3c8f24d2d19a79c08380f70784177d650ae9c6c88d473e6e9995 context_instance_count=218 eligible_readers=146 eligible_writers=90 execution_context_digest=0c7c8b559d20dcfd7b50a55f74501646ed262dcbff0fc376d9367ec30dc8746d insensitive_readers_filtered=71 invalid_partial_write_filtered=0 must_full_relation_filtered=0 omitted_member_evidence_filtered=0 omitted_member_not_sensitive_filtered=43793 owner_context_pairs=220 owner_context_pairs_considered=131818 raw_block_pairs=1088 reader_witness_count=220 relation_base_members_shadowed=36 relation_context_incompatible=0 relation_digest=67205986230b0db9f237c0be2a4d5c6512a2be2f32bf7b9105644490346d9ede relation_evidence_edges=783 relation_incompatible=306 relation_members_raw=231 relation_origins_registered=18 relation_origins_rejected_unary_after_shadowing=145 relation_origins_rejected_unreachable=36 relation_origins_seen=163 root_context_sink_filtered=0 same_outer_root_filtered=0 same_static_block_filtered=21 scalar_variables_skipped=123 storage_context_mismatch=87805 variables_considered=141
INFO:Detectors:

[MV-SI candidate 0096ed572ca8d90b2cec] {_initialized, _initializing}
 writer root       -> contracts/cash/external/openzeppelin/contracts-upgradeable/token/ERC20/ERC20PresetMinterPauserUpgradeable.sol::ERC20PresetMinterPauserUpgradeable.initialize(string,string)
 writer effect     -> contracts/cash/external/openzeppelin/contracts-upgradeable/proxy/Initializable.sol:87
 written member    -> ('SV', 'contracts/cash/external/openzeppelin/contracts-upgradeable/proxy/Initializable.sol', 'Initializable._initializing')
 potentially stale -> ('SV', 'contracts/cash/external/openzeppelin/contracts-upgradeable/proxy/Initializable.sol', 'Initializable._initialized')
 reader witnesses  -> 9
 storage exposures -> 4
[MV-SI candidate 04b99bc220beb6a4cf9c] {currentMintAmount, mintLimit}
 writer root       -> contracts/cash/CashManager.sol::CashManager.claimMint(address,uint256)
 writer effect     -> contracts/cash/CashManager.sol:581
 written member    -> ('SV', 'contracts/cash/CashManager.sol', 'CashManager.currentMintAmount')
 potentially stale -> ('SV', 'contracts/cash/CashManager.sol', 'CashManager.mintLimit')
 reader witnesses  -> 1
 storage exposures -> 1
[MV-SI candidate 05c037109f6000add519] {exchangeRateDeltaLimit, lastSetMintExchangeRate}
 writer root       -> contracts/cash/CashManager.sol::CashManager.setMintExchangeRateDeltaLimit(uint256)
 writer effect     -> contracts/cash/CashManager.sol:396
 written member    -> ('SV', 'contracts/cash/CashManager.sol', 'CashManager.exchangeRateDeltaLimit')
 potentially stale -> ('SV', 'contracts/cash/CashManager.sol', 'CashManager.lastSetMintExchangeRate')
 reader witnesses  -> 4
 storage exposures -> 1
[MV-SI candidate 05c172887bf692869858] {currentMintAmount, mintLimit}
 writer root       -> contracts/cash/CashManager.sol::CashManager.setPendingMintBalance(address,uint256,uint256,uint256)
 writer effect     -> contracts/cash/CashManager.sol:581
 written member    -> ('SV', 'contracts/cash/CashManager.sol', 'CashManager.currentMintAmount')
 potentially stale -> ('SV', 'contracts/cash/CashManager.sol', 'CashManager.mintLimit')
 reader witnesses  -> 1
 storage exposures -> 1
[MV-SI candidate 06f4e60759fc397ea334] {_initialized, _initializing}
 writer root       -> contracts/cash/factory/CashKYCSenderReceiverFactory.sol::CashKYCSenderReceiverFactory.deployCashKYCSenderReceiver(string,string,address,uint256)
 writer effect     -> contracts/cash/external/openzeppelin/contracts-upgradeable/proxy/Initializable.sol:85
 written member    -> ('SV', 'contracts/cash/external/openzeppelin/contracts-upgradeable/proxy/Initializable.sol', 'Initializable._initialized')
 potentially stale -> ('SV', 'contracts/cash/external/openzeppelin/contracts-upgradeable/proxy/Initializable.sol', 'Initializable._initializing')
 reader witnesses  -> 6
 storage exposures -> 1
[MV-SI candidate 0eac26c20fbd27dcaee6] {currentMintAmount, mintLimit}
 writer root       -> contracts/cash/CashManager.sol::CashManager.completeRedemptions(address[],address[],uint256,uint256,uint256)
 writer effect     -> contracts/cash/CashManager.sol:581
 written member    -> ('SV', 'contracts/cash/CashManager.sol', 'CashManager.currentMintAmount')
 potentially stale -> ('SV', 'contracts/cash/CashManager.sol', 'CashManager.mintLimit')
 reader witnesses  -> 1
 storage exposures -> 1
[MV-SI candidate 157b9c2f3345d02eca09] {_initialized, _initializing}
 writer root       -> contracts/cash/token/CashKYCSender.sol::CashKYCSender.initialize(string,string,address,uint256)
 writer effect     -> contracts/cash/external/openzeppelin/contracts-upgradeable/proxy/Initializable.sol:91
 written member    -> ('SV', 'contracts/cash/external/openzeppelin/contracts-upgradeable/proxy/Initializable.sol', 'Initializable._initializing')
 potentially stale -> ('SV', 'contracts/cash/external/openzeppelin/contracts-upgradeable/proxy/Initializable.sol', 'Initializable._initialized')
 reader witnesses  -> 3
 storage exposures -> 1
[MV-SI candidate 1abaceaa4209ccbaadc4] {exchangeRateDeltaLimit, lastSetMintExchangeRate}
 writer root       -> contracts/cash/CashManager.sol::CashManager.setMintExchangeRate(uint256,uint256)
 writer effect     -> contracts/cash/CashManager.sol:316
 written member    -> ('SV', 'contracts/cash/CashManager.sol', 'CashManager.lastSetMintExchangeRate')
 potentially stale -> ('SV', 'contracts/cash/CashManager.sol', 'CashManager.exchangeRateDeltaLimit')
 reader witnesses  -> 1
 storage exposures -> 1
[MV-SI candidate 1b037c629f9967d8dcda] {currentMintAmount, mintLimit}
 writer root       -> contracts/cash/CashManager.sol::CashManager.requestRedemption(uint256)
 writer effect     -> contracts/cash/CashManager.sol:581
 written member    -> ('SV', 'contracts/cash/CashManager.sol', 'CashManager.currentMintAmount')
 potentially stale -> ('SV', 'contracts/cash/CashManager.sol', 'CashManager.mintLimit')
 reader witnesses  -> 1
 storage exposures -> 1
[MV-SI candidate 28baba632ac8108d0004] {exchangeRateDeltaLimit, lastSetMintExchangeRate}
 writer root       -> contracts/cash/CashManager.sol::CashManager.overrideExchangeRate(uint256,uint256,uint256)
 writer effect     -> contracts/cash/CashManager.sol:377
 written member    -> ('SV', 'contracts/cash/CashManager.sol', 'CashManager.lastSetMintExchangeRate')
 potentially stale -> ('SV', 'contracts/cash/CashManager.sol', 'CashManager.exchangeRateDeltaLimit')
 reader witnesses  -> 1
 storage exposures -> 1
[MV-SI candidate 2f7737e090c1d2fd2679] {currentEpochStartTimestamp, epochDuration}
 writer root       -> contracts/cash/CashManager.sol::CashManager.claimMint(address,uint256)
 writer effect     -> contracts/cash/CashManager.sol:583
 written member    -> ('SV', 'contracts/cash/CashManager.sol', 'CashManager.currentEpochStartTimestamp')
 potentially stale -> ('SV', 'contracts/cash/CashManager.sol', 'CashManager.epochDuration')
 reader witnesses  -> 9
 storage exposures -> 1
[MV-SI candidate 2fd9948feb3199847920] {_initialized, _initializing}
 writer root       -> contracts/cash/external/openzeppelin/contracts-upgradeable/token/ERC721/ERC721PresetMinterPauserAutoIdUpgradeable.sol::ERC721PresetMinterPauserAutoIdUpgradeable.initialize(string,string,string)
 writer effect     -> contracts/cash/external/openzeppelin/contracts-upgradeable/proxy/Initializable.sol:85
 written member    -> ('SV', 'contracts/cash/external/openzeppelin/contracts-upgradeable/proxy/Initializable.sol', 'Initializable._initialized')
 potentially stale -> ('SV', 'contracts/cash/external/openzeppelin/contracts-upgradeable/proxy/Initializable.sol', 'Initializable._initializing')
 reader witnesses  -> 2
 storage exposures -> 1
[MV-SI candidate 3487f1048ba31e91ee82] {currentEpochStartTimestamp, epochDuration}
 writer root       -> contracts/cash/CashManager.sol::CashManager.setPendingMintBalance(address,uint256,uint256,uint256)
 writer effect     -> contracts/cash/CashManager.sol:583
 written member    -> ('SV', 'contracts/cash/CashManager.sol', 'CashManager.currentEpochStartTimestamp')
 potentially stale -> ('SV', 'contracts/cash/CashManager.sol', 'CashManager.epochDuration')
 reader witnesses  -> 9
 storage exposures -> 1
[MV-SI candidate 3502bfdb8354894a640e] {_initialized, _initializing}
 writer root       -> contracts/cash/external/openzeppelin/contracts-upgradeable/token/ERC20/ERC20PresetMinterPauserUpgradeable.sol::ERC20PresetMinterPauserUpgradeable.initialize(string,string)
 writer effect     -> contracts/cash/external/openzeppelin/contracts-upgradeable/proxy/Initializable.sol:85
 written member    -> ('SV', 'contracts/cash/external/openzeppelin/contracts-upgradeable/proxy/Initializable.sol', 'Initializable._initialized')
 potentially stale -> ('SV', 'contracts/cash/external/openzeppelin/contracts-upgradeable/proxy/Initializable.sol', 'Initializable._initializing')
 reader witnesses  -> 18
 storage exposures -> 4
[MV-SI candidate 3c699fadfdf0ac8d8be3] {currentEpochStartTimestamp, epochDuration}
 writer root       -> contracts/cash/CashManager.sol::CashManager.overrideExchangeRate(uint256,uint256,uint256)
 writer effect     -> contracts/cash/CashManager.sol:583
 written member    -> ('SV', 'contracts/cash/CashManager.sol', 'CashManager.currentEpochStartTimestamp')
 potentially stale -> ('SV', 'contracts/cash/CashManager.sol', 'CashManager.epochDuration')
 reader witnesses  -> 9
 storage exposures -> 1
[MV-SI candidate 42d917b464532969999c] {currentEpochStartTimestamp, epochDuration}
 writer root       -> contracts/cash/CashManager.sol::CashManager.requestRedemption(uint256)
 writer effect     -> contracts/cash/CashManager.sol:583
 written member    -> ('SV', 'contracts/cash/CashManager.sol', 'CashManager.currentEpochStartTimestamp')
 potentially stale -> ('SV', 'contracts/cash/CashManager.sol', 'CashManager.epochDuration')
 reader witnesses  -> 9
 storage exposures -> 1
[MV-SI candidate 436eb38d3f5e68d3390c] {currentEpochStartTimestamp, epochDuration}
 writer root       -> contracts/cash/CashManager.sol::CashManager.transitionEpoch()
 writer effect     -> contracts/cash/CashManager.sol:583
 written member    -> ('SV', 'contracts/cash/CashManager.sol', 'CashManager.currentEpochStartTimestamp')
 potentially stale -> ('SV', 'contracts/cash/CashManager.sol', 'CashManager.epochDuration')
 reader witnesses  -> 9
 storage exposures -> 1
[MV-SI candidate 484f76bfa7fe34a12536] {currentMintAmount, mintLimit}
 writer root       -> contracts/cash/CashManager.sol::CashManager.overrideExchangeRate(uint256,uint256,uint256)
 writer effect     -> contracts/cash/CashManager.sol:581
 written member    -> ('SV', 'contracts/cash/CashManager.sol', 'CashManager.currentMintAmount')
 potentially stale -> ('SV', 'contracts/cash/CashManager.sol', 'CashManager.mintLimit')
 reader witnesses  -> 1
 storage exposures -> 1
[MV-SI candidate 4c08135683193d3b8bd8] {_initialized, _initializing}
 writer root       -> contracts/cash/token/CashKYCSenderReceiver.sol::CashKYCSenderReceiver.initialize(string,string,address,uint256)
 writer effect     -> contracts/cash/external/openzeppelin/contracts-upgradeable/proxy/Initializable.sol:87
 written member    -> ('SV', 'contracts/cash/external/openzeppelin/contracts-upgradeable/proxy/Initializable.sol', 'Initializable._initializing')
 potentially stale -> ('SV', 'contracts/cash/external/openzeppelin/contracts-upgradeable/proxy/Initializable.sol', 'Initializable._initialized')
 reader witnesses  -> 3
 storage exposures -> 1
[MV-SI candidate 4e57a4b68fdd18f335e4] {currentMintAmount, mintLimit}
 writer root       -> contracts/cash/CashManager.sol::CashManager.setPendingRedemptionBalance(address,uint256,uint256)
 writer effect     -> contracts/cash/CashManager.sol:581
 written member    -> ('SV', 'contracts/cash/CashManager.sol', 'CashManager.currentMintAmount')
 potentially stale -> ('SV', 'contracts/cash/CashManager.sol', 'CashManager.mintLimit')
 reader witnesses  -> 1
 storage exposures -> 1
[MV-SI candidate 50690f57058473b5021f] {currentRedeemAmount, redeemLimit}
 writer root       -> contracts/cash/CashManager.sol::CashManager.transitionEpoch()
 writer effect     -> contracts/cash/CashManager.sol:580
 written member    -> ('SV', 'contracts/cash/CashManager.sol', 'CashManager.currentRedeemAmount')
 potentially stale -> ('SV', 'contracts/cash/CashManager.sol', 'CashManager.redeemLimit')
 reader witnesses  -> 1
 storage exposures -> 1
[MV-SI candidate 5140a43a4ba2a1ec6f91] {currentMintAmount, mintLimit}
 writer root       -> contracts/cash/CashManager.sol::CashManager.transitionEpoch()
 writer effect     -> contracts/cash/CashManager.sol:581
 written member    -> ('SV', 'contracts/cash/CashManager.sol', 'CashManager.currentMintAmount')
 potentially stale -> ('SV', 'contracts/cash/CashManager.sol', 'CashManager.mintLimit')
 reader witnesses  -> 1
 storage exposures -> 1
[MV-SI candidate 53f56677bf7133703291] {_initialized, _initializing}
 writer root       -> contracts/cash/token/CashKYCSender.sol::CashKYCSender.initialize(string,string,address,uint256)
 writer effect     -> contracts/cash/external/openzeppelin/contracts-upgradeable/proxy/Initializable.sol:87
 written member    -> ('SV', 'contracts/cash/external/openzeppelin/contracts-upgradeable/proxy/Initializable.sol', 'Initializable._initializing')
 potentially stale -> ('SV', 'contracts/cash/external/openzeppelin/contracts-upgradeable/proxy/Initializable.sol', 'Initializable._initialized')
 reader witnesses  -> 3
 storage exposures -> 1
[MV-SI candidate 5853127810e9ca2188ac] {currentRedeemAmount, redeemLimit}
 writer root       -> contracts/cash/CashManager.sol::CashManager.setPendingMintBalance(address,uint256,uint256,uint256)
 writer effect     -> contracts/cash/CashManager.sol:580
 written member    -> ('SV', 'contracts/cash/CashManager.sol', 'CashManager.currentRedeemAmount')
 potentially stale -> ('SV', 'contracts/cash/CashManager.sol', 'CashManager.redeemLimit')
 reader witnesses  -> 1
 storage exposures -> 1
[MV-SI candidate 5b707183c128e7591ec1] {currentMintAmount, mintLimit}
 writer root       -> contracts/cash/CashManager.sol::CashManager.setMintLimit(uint256)
 writer effect     -> contracts/cash/CashManager.sol:598
 written member    -> ('SV', 'contracts/cash/CashManager.sol', 'CashManager.mintLimit')
 potentially stale -> ('SV', 'contracts/cash/CashManager.sol', 'CashManager.currentMintAmount')
 reader witnesses  -> 2
 storage exposures -> 1
[MV-SI candidate 5d9e204dbf091f280f5f] {currentRedeemAmount, redeemLimit}
 writer root       -> contracts/cash/CashManager.sol::CashManager.claimMint(address,uint256)
 writer effect     -> contracts/cash/CashManager.sol:580
 written member    -> ('SV', 'contracts/cash/CashManager.sol', 'CashManager.currentRedeemAmount')
 potentially stale -> ('SV', 'contracts/cash/CashManager.sol', 'CashManager.redeemLimit')
 reader witnesses  -> 1
 storage exposures -> 1
[MV-SI candidate 652bb1ff386077c720ab] {currentMintAmount, mintLimit}
 writer root       -> contracts/cash/CashManager.sol::CashManager.setMintExchangeRate(uint256,uint256)
 writer effect     -> contracts/cash/CashManager.sol:581
 written member    -> ('SV', 'contracts/cash/CashManager.sol', 'CashManager.currentMintAmount')
 potentially stale -> ('SV', 'contracts/cash/CashManager.sol', 'CashManager.mintLimit')
 reader witnesses  -> 1
 storage exposures -> 1
[MV-SI candidate 66992400c875eda3a662] {_operatorApprovals[$arg0][$arg1], _owners[$arg0], _tokenApprovals[$arg0]}
 writer root       -> contracts/cash/external/openzeppelin/contracts-upgradeable/token/ERC721/ERC721Upgradeable.sol::ERC721Upgradeable.setApprovalForAll(address,bool)
 writer effect     -> contracts/cash/external/openzeppelin/contracts-upgradeable/token/ERC721/ERC721Upgradeable.sol:452
 written member    -> ('MS', 'contracts/cash/external/openzeppelin/contracts-upgradeable/token/ERC721/ERC721Upgradeable.sol', 'ERC721Upgradeable._operatorApprovals', '$arg0][$arg1')
 potentially stale -> ('MS', 'contracts/cash/external/openzeppelin/contracts-upgradeable/token/ERC721/ERC721Upgradeable.sol', 'ERC721Upgradeable._owners', '$arg0'), ('MS', 'contracts/cash/external/openzeppelin/contracts-upgradeable/token/ERC721/ERC721Upgradeable.sol', 'ERC721Upgradeable._tokenApprovals', '$arg0')
 reader witnesses  -> 3
 storage exposures -> 1
[MV-SI candidate 6a7f60f283797597fd18] {_initialized, _initializing}
 writer root       -> contracts/cash/factory/CashKYCSenderFactory.sol::CashKYCSenderFactory.deployCashKYCSender(string,string,address,uint256)
 writer effect     -> contracts/cash/external/openzeppelin/contracts-upgradeable/proxy/Initializable.sol:85
 written member    -> ('SV', 'contracts/cash/external/openzeppelin/contracts-upgradeable/proxy/Initializable.sol', 'Initializable._initialized')
 potentially stale -> ('SV', 'contracts/cash/external/openzeppelin/contracts-upgradeable/proxy/Initializable.sol', 'Initializable._initializing')
 reader witnesses  -> 6
 storage exposures -> 1
[MV-SI candidate 6ab24fef77b58a29dd4d] {_initialized, _initializing}
 writer root       -> contracts/cash/token/CashKYCSender.sol::CashKYCSender.initialize(string,string,address,uint256)
 writer effect     -> contracts/cash/external/openzeppelin/contracts-upgradeable/proxy/Initializable.sol:85
 written member    -> ('SV', 'contracts/cash/external/openzeppelin/contracts-upgradeable/proxy/Initializable.sol', 'Initializable._initialized')
 potentially stale -> ('SV', 'contracts/cash/external/openzeppelin/contracts-upgradeable/proxy/Initializable.sol', 'Initializable._initializing')
 reader witnesses  -> 6
 storage exposures -> 1
[MV-SI candidate 6ed59740b86ae8ff87e2] {currentRedeemAmount, redeemLimit}
 writer root       -> contracts/cash/CashManager.sol::CashManager.setRedeemLimit(uint256)
 writer effect     -> contracts/cash/CashManager.sol:613
 written member    -> ('SV', 'contracts/cash/CashManager.sol', 'CashManager.redeemLimit')
 potentially stale -> ('SV', 'contracts/cash/CashManager.sol', 'CashManager.currentRedeemAmount')
 reader witnesses  -> 2
 storage exposures -> 1
[MV-SI candidate 6efc238e1c600ca166ba] {currentRedeemAmount, redeemLimit}
 writer root       -> contracts/cash/CashManager.sol::CashManager.requestMint(uint256)
 writer effect     -> contracts/cash/CashManager.sol:580
 written member    -> ('SV', 'contracts/cash/CashManager.sol', 'CashManager.currentRedeemAmount')
 potentially stale -> ('SV', 'contracts/cash/CashManager.sol', 'CashManager.redeemLimit')
 reader witnesses  -> 1
 storage exposures -> 1
[MV-SI candidate 791f676ceda55689efc1] {currentRedeemAmount, redeemLimit}
 writer root       -> contracts/cash/CashManager.sol::CashManager.requestRedemption(uint256)
 writer effect     -> contracts/cash/CashManager.sol:580
 written member    -> ('SV', 'contracts/cash/CashManager.sol', 'CashManager.currentRedeemAmount')
 potentially stale -> ('SV', 'contracts/cash/CashManager.sol', 'CashManager.redeemLimit')
 reader witnesses  -> 1
 storage exposures -> 1
[MV-SI candidate 861cc087b304a3a85339] {_initialized, _initializing}
 writer root       -> contracts/cash/external/openzeppelin/contracts-upgradeable/token/ERC721/ERC721PresetMinterPauserAutoIdUpgradeable.sol::ERC721PresetMinterPauserAutoIdUpgradeable.initialize(string,string,string)
 writer effect     -> contracts/cash/external/openzeppelin/contracts-upgradeable/proxy/Initializable.sol:91
 written member    -> ('SV', 'contracts/cash/external/openzeppelin/contracts-upgradeable/proxy/Initializable.sol', 'Initializable._initializing')
 potentially stale -> ('SV', 'contracts/cash/external/openzeppelin/contracts-upgradeable/proxy/Initializable.sol', 'Initializable._initialized')
 reader witnesses  -> 1
 storage exposures -> 1
[MV-SI candidate 8761c386874f3fba2ab0] {currentMintAmount, mintLimit}
 writer root       -> contracts/cash/CashManager.sol::CashManager.requestMint(uint256)
 writer effect     -> contracts/cash/CashManager.sol:630
 written member    -> ('SV', 'contracts/cash/CashManager.sol', 'CashManager.currentMintAmount')
 potentially stale -> ('SV', 'contracts/cash/CashManager.sol', 'CashManager.mintLimit')
 reader witnesses  -> 1
 storage exposures -> 1
[MV-SI candidate 8f8b2ae85d24b617452e] {_initialized, _initializing}
 writer root       -> contracts/cash/factory/CashFactory.sol::CashFactory.deployCash(string,string)
 writer effect     -> contracts/cash/external/openzeppelin/contracts-upgradeable/proxy/Initializable.sol:91
 written member    -> ('SV', 'contracts/cash/external/openzeppelin/contracts-upgradeable/proxy/Initializable.sol', 'Initializable._initializing')
 potentially stale -> ('SV', 'contracts/cash/external/openzeppelin/contracts-upgradeable/proxy/Initializable.sol', 'Initializable._initialized')
 reader witnesses  -> 2
 storage exposures -> 1
[MV-SI candidate 911f5e2a9f07196f3ece] {currentEpochStartTimestamp, epochDuration}
 writer root       -> contracts/cash/CashManager.sol::CashManager.setEpochDuration(uint256)
 writer effect     -> contracts/cash/CashManager.sol:550
 written member    -> ('SV', 'contracts/cash/CashManager.sol', 'CashManager.epochDuration')
 potentially stale -> ('SV', 'contracts/cash/CashManager.sol', 'CashManager.currentEpochStartTimestamp')
 reader witnesses  -> 9
 storage exposures -> 1
[MV-SI candidate 930f1eecc9947429607e] {_initialized, _initializing}
 writer root       -> contracts/cash/external/openzeppelin/contracts-upgradeable/token/ERC20/ERC20PresetMinterPauserUpgradeable.sol::ERC20PresetMinterPauserUpgradeable.initialize(string,string)
 writer effect     -> contracts/cash/external/openzeppelin/contracts-upgradeable/proxy/Initializable.sol:91
 written member    -> ('SV', 'contracts/cash/external/openzeppelin/contracts-upgradeable/proxy/Initializable.sol', 'Initializable._initializing')
 potentially stale -> ('SV', 'contracts/cash/external/openzeppelin/contracts-upgradeable/proxy/Initializable.sol', 'Initializable._initialized')
 reader witnesses  -> 9
 storage exposures -> 4
[MV-SI candidate 961be0fe9cee24f0e287] {currentEpochStartTimestamp, epochDuration}
 writer root       -> contracts/cash/CashManager.sol::CashManager.setPendingRedemptionBalance(address,uint256,uint256)
 writer effect     -> contracts/cash/CashManager.sol:583
 written member    -> ('SV', 'contracts/cash/CashManager.sol', 'CashManager.currentEpochStartTimestamp')
 potentially stale -> ('SV', 'contracts/cash/CashManager.sol', 'CashManager.epochDuration')
 reader witnesses  -> 9
 storage exposures -> 1
[MV-SI candidate 980176ac5b2ffc6fb3ff] {_initialized, _initializing}
 writer root       -> contracts/cash/factory/CashKYCSenderReceiverFactory.sol::CashKYCSenderReceiverFactory.deployCashKYCSenderReceiver(string,string,address,uint256)
 writer effect     -> contracts/cash/external/openzeppelin/contracts-upgradeable/proxy/Initializable.sol:87
 written member    -> ('SV', 'contracts/cash/external/openzeppelin/contracts-upgradeable/proxy/Initializable.sol', 'Initializable._initializing')
 potentially stale -> ('SV', 'contracts/cash/external/openzeppelin/contracts-upgradeable/proxy/Initializable.sol', 'Initializable._initialized')
 reader witnesses  -> 3
 storage exposures -> 1
[MV-SI candidate 99ba07ad9c870e5e6953] {_initialized, _initializing}
 writer root       -> contracts/cash/factory/CashKYCSenderFactory.sol::CashKYCSenderFactory.deployCashKYCSender(string,string,address,uint256)
 writer effect     -> contracts/cash/external/openzeppelin/contracts-upgradeable/proxy/Initializable.sol:91
 written member    -> ('SV', 'contracts/cash/external/openzeppelin/contracts-upgradeable/proxy/Initializable.sol', 'Initializable._initializing')
 potentially stale -> ('SV', 'contracts/cash/external/openzeppelin/contracts-upgradeable/proxy/Initializable.sol', 'Initializable._initialized')
 reader witnesses  -> 3
 storage exposures -> 1
[MV-SI candidate a3099e13e4c5d1d50203] {currentRedeemAmount, redeemLimit}
 writer root       -> contracts/cash/CashManager.sol::CashManager.setPendingRedemptionBalance(address,uint256,uint256)
 writer effect     -> contracts/cash/CashManager.sol:580
 written member    -> ('SV', 'contracts/cash/CashManager.sol', 'CashManager.currentRedeemAmount')
 potentially stale -> ('SV', 'contracts/cash/CashManager.sol', 'CashManager.redeemLimit')
 reader witnesses  -> 1
 storage exposures -> 1
[MV-SI candidate ac8fab260223c03ce578] {_initialized, _initializing}
 writer root       -> contracts/cash/token/CashKYCSenderReceiver.sol::CashKYCSenderReceiver.initialize(string,string,address,uint256)
 writer effect     -> contracts/cash/external/openzeppelin/contracts-upgradeable/proxy/Initializable.sol:85
 written member    -> ('SV', 'contracts/cash/external/openzeppelin/contracts-upgradeable/proxy/Initializable.sol', 'Initializable._initialized')
 potentially stale -> ('SV', 'contracts/cash/external/openzeppelin/contracts-upgradeable/proxy/Initializable.sol', 'Initializable._initializing')
 reader witnesses  -> 6
 storage exposures -> 1
[MV-SI candidate aed9188b408bcfce1521] {currentRedeemAmount, redeemLimit}
 writer root       -> contracts/cash/CashManager.sol::CashManager.setMintExchangeRate(uint256,uint256)
 writer effect     -> contracts/cash/CashManager.sol:580
 written member    -> ('SV', 'contracts/cash/CashManager.sol', 'CashManager.currentRedeemAmount')
 potentially stale -> ('SV', 'contracts/cash/CashManager.sol', 'CashManager.redeemLimit')
 reader witnesses  -> 1
 storage exposures -> 1
[MV-SI candidate b38cdf244571b3f27e31] {_initialized, _initializing}
 writer root       -> contracts/cash/factory/CashFactory.sol::CashFactory.deployCash(string,string)
 writer effect     -> contracts/cash/external/openzeppelin/contracts-upgradeable/proxy/Initializable.sol:85
 written member    -> ('SV', 'contracts/cash/external/openzeppelin/contracts-upgradeable/proxy/Initializable.sol', 'Initializable._initialized')
 potentially stale -> ('SV', 'contracts/cash/external/openzeppelin/contracts-upgradeable/proxy/Initializable.sol', 'Initializable._initializing')
 reader witnesses  -> 4
 storage exposures -> 1
[MV-SI candidate b6b99f953b2979ac6715] {currentEpochStartTimestamp, epochDuration}
 writer root       -> contracts/cash/CashManager.sol::CashManager.completeRedemptions(address[],address[],uint256,uint256,uint256)
 writer effect     -> contracts/cash/CashManager.sol:583
 written member    -> ('SV', 'contracts/cash/CashManager.sol', 'CashManager.currentEpochStartTimestamp')
 potentially stale -> ('SV', 'contracts/cash/CashManager.sol', 'CashManager.epochDuration')
 reader witnesses  -> 9
 storage exposures -> 1
[MV-SI candidate b8951ef34f5c6dd1345a] {_initialized, _initializing}
 writer root       -> contracts/cash/token/CashKYCSenderReceiver.sol::CashKYCSenderReceiver.initialize(string,string,address,uint256)
 writer effect     -> contracts/cash/external/openzeppelin/contracts-upgradeable/proxy/Initializable.sol:91
 written member    -> ('SV', 'contracts/cash/external/openzeppelin/contracts-upgradeable/proxy/Initializable.sol', 'Initializable._initializing')
 potentially stale -> ('SV', 'contracts/cash/external/openzeppelin/contracts-upgradeable/proxy/Initializable.sol', 'Initializable._initialized')
 reader witnesses  -> 3
 storage exposures -> 1
[MV-SI candidate bdcc067413f6d6198457] {currentEpochStartTimestamp, epochDuration}
 writer root       -> contracts/cash/CashManager.sol::CashManager.requestMint(uint256)
 writer effect     -> contracts/cash/CashManager.sol:583
 written member    -> ('SV', 'contracts/cash/CashManager.sol', 'CashManager.currentEpochStartTimestamp')
 potentially stale -> ('SV', 'contracts/cash/CashManager.sol', 'CashManager.epochDuration')
 reader witnesses  -> 9
 storage exposures -> 1
[MV-SI candidate cb99671998502769e5db] {_initialized, _initializing}
 writer root       -> contracts/cash/factory/CashKYCSenderReceiverFactory.sol::CashKYCSenderReceiverFactory.deployCashKYCSenderReceiver(string,string,address,uint256)
 writer effect     -> contracts/cash/external/openzeppelin/contracts-upgradeable/proxy/Initializable.sol:91
 written member    -> ('SV', 'contracts/cash/external/openzeppelin/contracts-upgradeable/proxy/Initializable.sol', 'Initializable._initializing')
 potentially stale -> ('SV', 'contracts/cash/external/openzeppelin/contracts-upgradeable/proxy/Initializable.sol', 'Initializable._initialized')
 reader witnesses  -> 3
 storage exposures -> 1
[MV-SI candidate d2e2e4e0a9ff8e900da4] {_initialized, _initializing}
 writer root       -> contracts/cash/external/openzeppelin/contracts-upgradeable/token/ERC721/ERC721PresetMinterPauserAutoIdUpgradeable.sol::ERC721PresetMinterPauserAutoIdUpgradeable.initialize(string,string,string)
 writer effect     -> contracts/cash/external/openzeppelin/contracts-upgradeable/proxy/Initializable.sol:87
 written member    -> ('SV', 'contracts/cash/external/openzeppelin/contracts-upgradeable/proxy/Initializable.sol', 'Initializable._initializing')
 potentially stale -> ('SV', 'contracts/cash/external/openzeppelin/contracts-upgradeable/proxy/Initializable.sol', 'Initializable._initialized')
 reader witnesses  -> 1
 storage exposures -> 1
[MV-SI candidate d9dd367b1078bb5c99f3] {currentRedeemAmount, redeemLimit}
 writer root       -> contracts/cash/CashManager.sol::CashManager.completeRedemptions(address[],address[],uint256,uint256,uint256)
 writer effect     -> contracts/cash/CashManager.sol:580
 written member    -> ('SV', 'contracts/cash/CashManager.sol', 'CashManager.currentRedeemAmount')
 potentially stale -> ('SV', 'contracts/cash/CashManager.sol', 'CashManager.redeemLimit')
 reader witnesses  -> 1
 storage exposures -> 1
[MV-SI candidate dcaa0a1a7054393bd550] {currentEpochStartTimestamp, epochDuration}
 writer root       -> contracts/cash/CashManager.sol::CashManager.setMintExchangeRate(uint256,uint256)
 writer effect     -> contracts/cash/CashManager.sol:583
 written member    -> ('SV', 'contracts/cash/CashManager.sol', 'CashManager.currentEpochStartTimestamp')
 potentially stale -> ('SV', 'contracts/cash/CashManager.sol', 'CashManager.epochDuration')
 reader witnesses  -> 9
 storage exposures -> 1
[MV-SI candidate de627b446082573f1cba] {_operatorApprovals[$arg0][$arg1], _owners[$arg0]}
 writer root       -> contracts/cash/external/openzeppelin/contracts-upgradeable/token/ERC721/ERC721Upgradeable.sol::ERC721Upgradeable.setApprovalForAll(address,bool)
 writer effect     -> contracts/cash/external/openzeppelin/contracts-upgradeable/token/ERC721/ERC721Upgradeable.sol:452
 written member    -> ('MS', 'contracts/cash/external/openzeppelin/contracts-upgradeable/token/ERC721/ERC721Upgradeable.sol', 'ERC721Upgradeable._operatorApprovals', '$arg0][$arg1')
 potentially stale -> ('MS', 'contracts/cash/external/openzeppelin/contracts-upgradeable/token/ERC721/ERC721Upgradeable.sol', 'ERC721Upgradeable._owners', '$arg0')
 reader witnesses  -> 1
 storage exposures -> 1
[MV-SI candidate df075e89700311739eda] {currentRedeemAmount, redeemLimit}
 writer root       -> contracts/cash/CashManager.sol::CashManager.overrideExchangeRate(uint256,uint256,uint256)
 writer effect     -> contracts/cash/CashManager.sol:580
 written member    -> ('SV', 'contracts/cash/CashManager.sol', 'CashManager.currentRedeemAmount')
 potentially stale -> ('SV', 'contracts/cash/CashManager.sol', 'CashManager.redeemLimit')
 reader witnesses  -> 1
 storage exposures -> 1
[MV-SI candidate e1c0834381b991560f42] {currentMintAmount, mintLimit}
 writer root       -> contracts/cash/CashManager.sol::CashManager.requestMint(uint256)
 writer effect     -> contracts/cash/CashManager.sol:581
 written member    -> ('SV', 'contracts/cash/CashManager.sol', 'CashManager.currentMintAmount')
 potentially stale -> ('SV', 'contracts/cash/CashManager.sol', 'CashManager.mintLimit')
 reader witnesses  -> 1
 storage exposures -> 1
[MV-SI candidate e1ebd5497409e10cb86e] {_initialized, _initializing}
 writer root       -> contracts/cash/factory/CashFactory.sol::CashFactory.deployCash(string,string)
 writer effect     -> contracts/cash/external/openzeppelin/contracts-upgradeable/proxy/Initializable.sol:87
 written member    -> ('SV', 'contracts/cash/external/openzeppelin/contracts-upgradeable/proxy/Initializable.sol', 'Initializable._initializing')
 potentially stale -> ('SV', 'contracts/cash/external/openzeppelin/contracts-upgradeable/proxy/Initializable.sol', 'Initializable._initialized')
 reader witnesses  -> 2
 storage exposures -> 1
[MV-SI candidate e7b90e1a10be31995a7c] {_initialized, _initializing}
 writer root       -> contracts/cash/factory/CashKYCSenderFactory.sol::CashKYCSenderFactory.deployCashKYCSender(string,string,address,uint256)
 writer effect     -> contracts/cash/external/openzeppelin/contracts-upgradeable/proxy/Initializable.sol:87
 written member    -> ('SV', 'contracts/cash/external/openzeppelin/contracts-upgradeable/proxy/Initializable.sol', 'Initializable._initializing')
 potentially stale -> ('SV', 'contracts/cash/external/openzeppelin/contracts-upgradeable/proxy/Initializable.sol', 'Initializable._initialized')
 reader witnesses  -> 3
 storage exposures -> 1
[MV-SI candidate f178f8eec799c142414c] {currentRedeemAmount, redeemLimit}
 writer root       -> contracts/cash/CashManager.sol::CashManager.requestRedemption(uint256)
 writer effect     -> contracts/cash/CashManager.sol:649
 written member    -> ('SV', 'contracts/cash/CashManager.sol', 'CashManager.currentRedeemAmount')
 potentially stale -> ('SV', 'contracts/cash/CashManager.sol', 'CashManager.redeemLimit')
 reader witnesses  -> 1
 storage exposures -> 1Reference: https://github.com/crytic/slither/wiki/Detector-Documentation
INFO:Slither:. analyzed (203 contracts with 1 detectors), 82 result(s) found
