Problem executing hardhat to fetch configuration, using defaults: [Errno 2] No such file or directory: 'hardhat'
[mvscan-config] {"ATOMIC_GROUP": [], "DIVERGENCE_BUDGET": 1000, "ENABLE_BRANCH_GROUPS": true, "ENABLE_EXTERNAL_STATE": true, "ENABLE_MULTI_RETURN_GROUPS": true, "MAPPING_MODE": "base_collapsed", "MERGE_OVERLOADS": false, "MVSCAN_ABLATION": "mapping_insensitive", "MVSCAN_CONTEXTUAL_KEYS": true, "MVSCAN_INCLUDE_SCALAR_WITNESSES": false, "MVSCAN_INTERFACE_DISPATCH": false, "MVSCAN_MAX_CONTEXTS_PER_OWNER_BLOCK": 128, "MVSCAN_MAX_DISPATCH_TARGETS": 16, "MVSCAN_REQUIRE_DISTINCT_OUTER_ROOTS": false, "MVSCAN_ROOT_CONTEXT_SINKS": false, "NOOP_WRITE_FILTER": true, "REQUIRE_SAME_SLOT_KEY": false, "SINK_TEST": "none", "USER_CALLABLE_ALWAYS": [], "USER_CALLABLE_DENY": []}
[mvscan-stage] icfg-built blocks=1611 vars=58
[mvscan-stage] root-seeding-done eligible_exposures=98 seeded=52 multi_exposure_entry_blocks=27 collapsed_contextual_aliases=46 excluded_dependency=0 excluded_interface=42 excluded_library=0 excluded_abstract=9 missing_entry_point=0 missing_entry_block=0
[mvscan-pairs] call_target_digest=6c46c1047e1816f0dadcf3b00c7907a0030a8f45445d87936bb29afae69aa13d candidate_count=39 candidate_digest=d1a727c39d3bb9a33d52099d928e6ac4cc116540aa3ab3cf4d7c928572116f86 context_instance_count=987 eligible_readers=27 eligible_writers=24 execution_context_digest=5e7c484fcfeb71ebe7f094056fa437be0dc8e5ff8c61b60861e079d373384d5e insensitive_readers_filtered=62 invalid_partial_write_filtered=0 must_full_relation_filtered=4 omitted_member_evidence_filtered=0 omitted_member_not_sensitive_filtered=54 owner_context_pairs=2627 owner_context_pairs_considered=13445 raw_block_pairs=117 reader_witness_count=2627 relation_base_members_shadowed=0 relation_context_incompatible=2420 relation_digest=4d4567ee0652d8ccd7ca4f7b9d39bfca7e8b0a903a4c37b6b2fe02291d1c3b62 relation_members_raw=56 relation_origins_registered=6 relation_origins_rejected_unary_after_shadowing=41 relation_origins_rejected_unreachable=14 relation_origins_seen=47 root_context_sink_filtered=0 same_outer_root_filtered=0 same_static_block_filtered=8 scalar_variables_skipped=28 storage_context_mismatch=8340 variables_considered=34
INFO:Detectors:

[MV-SI candidate 0649c09ef3c4a913a53e] {_operatorApprovals, _owners}
 writer root       -> contracts/vault/Depositors.sol::Depositors.mint(address,uint256,uint256,uint256)
 writer effect     -> @openzeppelin/contracts/token/ERC721/ERC721.sol:287
 written member    -> ('SV', '@openzeppelin/contracts/token/ERC721/ERC721.sol', 'ERC721._owners')
 potentially stale -> ('SV', '@openzeppelin/contracts/token/ERC721/ERC721.sol', 'ERC721._operatorApprovals')
 reader witnesses  -> 4
 storage exposures -> 1
[MV-SI candidate 13589f195ea7eca99d18] {_operatorApprovals, _owners}
 writer root       -> @openzeppelin/contracts/token/ERC721/ERC721.sol::ERC721.safeTransferFrom(address,address,uint256,bytes)
 writer effect     -> @openzeppelin/contracts/token/ERC721/ERC721.sol:342
 written member    -> ('SV', '@openzeppelin/contracts/token/ERC721/ERC721.sol', 'ERC721._owners')
 potentially stale -> ('SV', '@openzeppelin/contracts/token/ERC721/ERC721.sol', 'ERC721._operatorApprovals')
 reader witnesses  -> 12
 storage exposures -> 3
[MV-SI candidate 16e5e381819c8bae644b] {_operatorApprovals, _owners, _tokenApprovals}
 writer root       -> contracts/Vault.sol::Vault.forceUnsponsor(address,uint256[])
 writer effect     -> @openzeppelin/contracts/token/ERC721/ERC721.sol:353
 written member    -> ('SV', '@openzeppelin/contracts/token/ERC721/ERC721.sol', 'ERC721._tokenApprovals')
 potentially stale -> ('SV', '@openzeppelin/contracts/token/ERC721/ERC721.sol', 'ERC721._operatorApprovals'), ('SV', '@openzeppelin/contracts/token/ERC721/ERC721.sol', 'ERC721._owners')
 reader witnesses  -> 204
 storage exposures -> 1
[MV-SI candidate 1a5d056507bf5ce6dfd5] {_operatorApprovals, _owners, _tokenApprovals}
 writer root       -> @openzeppelin/contracts/token/ERC721/ERC721.sol::ERC721.safeTransferFrom(address,address,uint256)
 writer effect     -> @openzeppelin/contracts/token/ERC721/ERC721.sol:353
 written member    -> ('SV', '@openzeppelin/contracts/token/ERC721/ERC721.sol', 'ERC721._tokenApprovals')
 potentially stale -> ('SV', '@openzeppelin/contracts/token/ERC721/ERC721.sol', 'ERC721._operatorApprovals'), ('SV', '@openzeppelin/contracts/token/ERC721/ERC721.sol', 'ERC721._owners')
 reader witnesses  -> 201
 storage exposures -> 3
[MV-SI candidate 2418d2f12448b15f8c73] {_operatorApprovals, _owners, _tokenApprovals}
 writer root       -> contracts/vault/Depositors.sol::Depositors.burn(uint256)
 writer effect     -> @openzeppelin/contracts/token/ERC721/ERC721.sol:353
 written member    -> ('SV', '@openzeppelin/contracts/token/ERC721/ERC721.sol', 'ERC721._tokenApprovals')
 potentially stale -> ('SV', '@openzeppelin/contracts/token/ERC721/ERC721.sol', 'ERC721._operatorApprovals'), ('SV', '@openzeppelin/contracts/token/ERC721/ERC721.sol', 'ERC721._owners')
 reader witnesses  -> 102
 storage exposures -> 1
[MV-SI candidate 29526e7ce47aa7dc79a0] {_operatorApprovals, _owners, _tokenApprovals}
 writer root       -> contracts/Vault.sol::Vault.withdraw(address,uint256[])
 writer effect     -> @openzeppelin/contracts/token/ERC721/ERC721.sol:311
 written member    -> ('SV', '@openzeppelin/contracts/token/ERC721/ERC721.sol', 'ERC721._owners')
 potentially stale -> ('SV', '@openzeppelin/contracts/token/ERC721/ERC721.sol', 'ERC721._operatorApprovals'), ('SV', '@openzeppelin/contracts/token/ERC721/ERC721.sol', 'ERC721._tokenApprovals')
 reader witnesses  -> 42
 storage exposures -> 1
[MV-SI candidate 3cef31d48c10d54a4d55] {_operatorApprovals, _owners}
 writer root       -> @openzeppelin/contracts/token/ERC721/ERC721.sol::ERC721.transferFrom(address,address,uint256)
 writer effect     -> @openzeppelin/contracts/token/ERC721/ERC721.sol:342
 written member    -> ('SV', '@openzeppelin/contracts/token/ERC721/ERC721.sol', 'ERC721._owners')
 potentially stale -> ('SV', '@openzeppelin/contracts/token/ERC721/ERC721.sol', 'ERC721._operatorApprovals')
 reader witnesses  -> 12
 storage exposures -> 3
[MV-SI candidate 4182c5bcf65caf2cea37] {_operatorApprovals, _owners}
 writer root       -> contracts/Vault.sol::Vault.withdraw(address,uint256[])
 writer effect     -> @openzeppelin/contracts/token/ERC721/ERC721.sol:311
 written member    -> ('SV', '@openzeppelin/contracts/token/ERC721/ERC721.sol', 'ERC721._owners')
 potentially stale -> ('SV', '@openzeppelin/contracts/token/ERC721/ERC721.sol', 'ERC721._operatorApprovals')
 reader witnesses  -> 8
 storage exposures -> 1
[MV-SI candidate 4b7e88f2f6f59615873d] {_operatorApprovals, _owners}
 writer root       -> contracts/Vault.sol::Vault.forceWithdraw(address,uint256[])
 writer effect     -> @openzeppelin/contracts/token/ERC721/ERC721.sol:311
 written member    -> ('SV', '@openzeppelin/contracts/token/ERC721/ERC721.sol', 'ERC721._owners')
 potentially stale -> ('SV', '@openzeppelin/contracts/token/ERC721/ERC721.sol', 'ERC721._operatorApprovals')
 reader witnesses  -> 8
 storage exposures -> 1
[MV-SI candidate 532ce1912a78e1870b00] {_operatorApprovals, _owners, _tokenApprovals}
 writer root       -> @openzeppelin/contracts/token/ERC721/ERC721.sol::ERC721.transferFrom(address,address,uint256)
 writer effect     -> @openzeppelin/contracts/token/ERC721/ERC721.sol:353
 written member    -> ('SV', '@openzeppelin/contracts/token/ERC721/ERC721.sol', 'ERC721._tokenApprovals')
 potentially stale -> ('SV', '@openzeppelin/contracts/token/ERC721/ERC721.sol', 'ERC721._operatorApprovals'), ('SV', '@openzeppelin/contracts/token/ERC721/ERC721.sol', 'ERC721._owners')
 reader witnesses  -> 201
 storage exposures -> 3
[MV-SI candidate 60f07be1e71909d78310] {_operatorApprovals, _owners, _tokenApprovals}
 writer root       -> contracts/Vault.sol::Vault.sponsor(uint256,uint256)
 writer effect     -> @openzeppelin/contracts/token/ERC721/ERC721.sol:287
 written member    -> ('SV', '@openzeppelin/contracts/token/ERC721/ERC721.sol', 'ERC721._owners')
 potentially stale -> ('SV', '@openzeppelin/contracts/token/ERC721/ERC721.sol', 'ERC721._operatorApprovals'), ('SV', '@openzeppelin/contracts/token/ERC721/ERC721.sol', 'ERC721._tokenApprovals')
 reader witnesses  -> 42
 storage exposures -> 1
[MV-SI candidate 62eeb8cecedaa6d03fa3] {_operatorApprovals, _owners, _tokenApprovals}
 writer root       -> @openzeppelin/contracts/token/ERC721/ERC721.sol::ERC721.safeTransferFrom(address,address,uint256)
 writer effect     -> @openzeppelin/contracts/token/ERC721/ERC721.sol:342
 written member    -> ('SV', '@openzeppelin/contracts/token/ERC721/ERC721.sol', 'ERC721._owners')
 potentially stale -> ('SV', '@openzeppelin/contracts/token/ERC721/ERC721.sol', 'ERC721._operatorApprovals'), ('SV', '@openzeppelin/contracts/token/ERC721/ERC721.sol', 'ERC721._tokenApprovals')
 reader witnesses  -> 63
 storage exposures -> 3
[MV-SI candidate 6fee5c060bb7586ae05f] {_operatorApprovals, _owners, _tokenApprovals}
 writer root       -> @openzeppelin/contracts/token/ERC721/ERC721.sol::ERC721.safeTransferFrom(address,address,uint256,bytes)
 writer effect     -> @openzeppelin/contracts/token/ERC721/ERC721.sol:342
 written member    -> ('SV', '@openzeppelin/contracts/token/ERC721/ERC721.sol', 'ERC721._owners')
 potentially stale -> ('SV', '@openzeppelin/contracts/token/ERC721/ERC721.sol', 'ERC721._operatorApprovals'), ('SV', '@openzeppelin/contracts/token/ERC721/ERC721.sol', 'ERC721._tokenApprovals')
 reader witnesses  -> 63
 storage exposures -> 3
[MV-SI candidate 76b3b6455d5cb52a8b74] {_operatorApprovals, _owners, _tokenApprovals}
 writer root       -> contracts/vault/Depositors.sol::Depositors.burn(uint256)
 writer effect     -> @openzeppelin/contracts/token/ERC721/ERC721.sol:311
 written member    -> ('SV', '@openzeppelin/contracts/token/ERC721/ERC721.sol', 'ERC721._owners')
 potentially stale -> ('SV', '@openzeppelin/contracts/token/ERC721/ERC721.sol', 'ERC721._operatorApprovals'), ('SV', '@openzeppelin/contracts/token/ERC721/ERC721.sol', 'ERC721._tokenApprovals')
 reader witnesses  -> 21
 storage exposures -> 1
[MV-SI candidate 7d8b7609edf4b83b0009] {_operatorApprovals, _owners, _tokenApprovals}
 writer root       -> contracts/Vault.sol::Vault.unsponsor(address,uint256[])
 writer effect     -> @openzeppelin/contracts/token/ERC721/ERC721.sol:353
 written member    -> ('SV', '@openzeppelin/contracts/token/ERC721/ERC721.sol', 'ERC721._tokenApprovals')
 potentially stale -> ('SV', '@openzeppelin/contracts/token/ERC721/ERC721.sol', 'ERC721._operatorApprovals'), ('SV', '@openzeppelin/contracts/token/ERC721/ERC721.sol', 'ERC721._owners')
 reader witnesses  -> 204
 storage exposures -> 1
[MV-SI candidate 8a02d06058b858082f2d] {convertedUst, pendingRedeems}
 writer root       -> contracts/strategy/BaseStrategy.sol::BaseStrategy.initRedeemStable(uint256)
 writer effect     -> contracts/strategy/BaseStrategy.sol:167
 written member    -> ('SV', 'contracts/strategy/BaseStrategy.sol', 'BaseStrategy.pendingRedeems')
 potentially stale -> ('SV', 'contracts/strategy/BaseStrategy.sol', 'BaseStrategy.convertedUst')
 reader witnesses  -> 2
 storage exposures -> 1
[MV-SI candidate 8c61e16e4159aa724ce1] {_operatorApprovals, _owners, _tokenApprovals}
 writer root       -> contracts/vault/Depositors.sol::Depositors.mint(address,uint256,uint256,uint256)
 writer effect     -> @openzeppelin/contracts/token/ERC721/ERC721.sol:287
 written member    -> ('SV', '@openzeppelin/contracts/token/ERC721/ERC721.sol', 'ERC721._owners')
 potentially stale -> ('SV', '@openzeppelin/contracts/token/ERC721/ERC721.sol', 'ERC721._operatorApprovals'), ('SV', '@openzeppelin/contracts/token/ERC721/ERC721.sol', 'ERC721._tokenApprovals')
 reader witnesses  -> 21
 storage exposures -> 1
[MV-SI candidate 8eb0f604c8b7be5ff1ec] {_operatorApprovals, _owners}
 writer root       -> contracts/Vault.sol::Vault.unsponsor(address,uint256[])
 writer effect     -> @openzeppelin/contracts/token/ERC721/ERC721.sol:311
 written member    -> ('SV', '@openzeppelin/contracts/token/ERC721/ERC721.sol', 'ERC721._owners')
 potentially stale -> ('SV', '@openzeppelin/contracts/token/ERC721/ERC721.sol', 'ERC721._operatorApprovals')
 reader witnesses  -> 8
 storage exposures -> 1
[MV-SI candidate 92e5bc03d28b517f7338] {_operatorApprovals, _owners}
 writer root       -> contracts/vault/Claimers.sol::Claimers.mint(address,uint256,uint256)
 writer effect     -> @openzeppelin/contracts/token/ERC721/ERC721.sol:287
 written member    -> ('SV', '@openzeppelin/contracts/token/ERC721/ERC721.sol', 'ERC721._owners')
 potentially stale -> ('SV', '@openzeppelin/contracts/token/ERC721/ERC721.sol', 'ERC721._operatorApprovals')
 reader witnesses  -> 4
 storage exposures -> 1
[MV-SI candidate 9cd1e2337ee8f30547d8] {_operatorApprovals, _owners, _tokenApprovals}
 writer root       -> @openzeppelin/contracts/token/ERC721/ERC721.sol::ERC721.safeTransferFrom(address,address,uint256,bytes)
 writer effect     -> @openzeppelin/contracts/token/ERC721/ERC721.sol:353
 written member    -> ('SV', '@openzeppelin/contracts/token/ERC721/ERC721.sol', 'ERC721._tokenApprovals')
 potentially stale -> ('SV', '@openzeppelin/contracts/token/ERC721/ERC721.sol', 'ERC721._operatorApprovals'), ('SV', '@openzeppelin/contracts/token/ERC721/ERC721.sol', 'ERC721._owners')
 reader witnesses  -> 201
 storage exposures -> 3
[MV-SI candidate a0516cb3500faeb8ca49] {_operatorApprovals, _owners}
 writer root       -> contracts/Vault.sol::Vault.sponsor(uint256,uint256)
 writer effect     -> @openzeppelin/contracts/token/ERC721/ERC721.sol:287
 written member    -> ('SV', '@openzeppelin/contracts/token/ERC721/ERC721.sol', 'ERC721._owners')
 potentially stale -> ('SV', '@openzeppelin/contracts/token/ERC721/ERC721.sol', 'ERC721._operatorApprovals')
 reader witnesses  -> 8
 storage exposures -> 1
[MV-SI candidate a0c9449be79143b74e75] {_operatorApprovals, _owners, _tokenApprovals}
 writer root       -> contracts/Vault.sol::Vault.forceWithdraw(address,uint256[])
 writer effect     -> @openzeppelin/contracts/token/ERC721/ERC721.sol:311
 written member    -> ('SV', '@openzeppelin/contracts/token/ERC721/ERC721.sol', 'ERC721._owners')
 potentially stale -> ('SV', '@openzeppelin/contracts/token/ERC721/ERC721.sol', 'ERC721._operatorApprovals'), ('SV', '@openzeppelin/contracts/token/ERC721/ERC721.sol', 'ERC721._tokenApprovals')
 reader witnesses  -> 42
 storage exposures -> 1
[MV-SI candidate a78d49a0daf39c203446] {_operatorApprovals, _owners, _tokenApprovals}
 writer root       -> contracts/Vault.sol::Vault.deposit(IVault.DepositParams)
 writer effect     -> @openzeppelin/contracts/token/ERC721/ERC721.sol:287
 written member    -> ('SV', '@openzeppelin/contracts/token/ERC721/ERC721.sol', 'ERC721._owners')
 potentially stale -> ('SV', '@openzeppelin/contracts/token/ERC721/ERC721.sol', 'ERC721._operatorApprovals'), ('SV', '@openzeppelin/contracts/token/ERC721/ERC721.sol', 'ERC721._tokenApprovals')
 reader witnesses  -> 84
 storage exposures -> 2
[MV-SI candidate b081709fe138fc84e502] {_operatorApprovals, _owners, _tokenApprovals}
 writer root       -> contracts/Vault.sol::Vault.withdraw(address,uint256[])
 writer effect     -> @openzeppelin/contracts/token/ERC721/ERC721.sol:353
 written member    -> ('SV', '@openzeppelin/contracts/token/ERC721/ERC721.sol', 'ERC721._tokenApprovals')
 potentially stale -> ('SV', '@openzeppelin/contracts/token/ERC721/ERC721.sol', 'ERC721._operatorApprovals'), ('SV', '@openzeppelin/contracts/token/ERC721/ERC721.sol', 'ERC721._owners')
 reader witnesses  -> 204
 storage exposures -> 1
[MV-SI candidate b14c4669dee33ba39bfd] {_operatorApprovals, _owners, _tokenApprovals}
 writer root       -> @openzeppelin/contracts/token/ERC721/ERC721.sol::ERC721.approve(address,uint256)
 writer effect     -> @openzeppelin/contracts/token/ERC721/ERC721.sol:353
 written member    -> ('SV', '@openzeppelin/contracts/token/ERC721/ERC721.sol', 'ERC721._tokenApprovals')
 potentially stale -> ('SV', '@openzeppelin/contracts/token/ERC721/ERC721.sol', 'ERC721._operatorApprovals'), ('SV', '@openzeppelin/contracts/token/ERC721/ERC721.sol', 'ERC721._owners')
 reader witnesses  -> 201
 storage exposures -> 3
[MV-SI candidate b3edd266674708ece7a5] {_operatorApprovals, _owners, _tokenApprovals}
 writer root       -> @openzeppelin/contracts/token/ERC721/ERC721.sol::ERC721.transferFrom(address,address,uint256)
 writer effect     -> @openzeppelin/contracts/token/ERC721/ERC721.sol:342
 written member    -> ('SV', '@openzeppelin/contracts/token/ERC721/ERC721.sol', 'ERC721._owners')
 potentially stale -> ('SV', '@openzeppelin/contracts/token/ERC721/ERC721.sol', 'ERC721._operatorApprovals'), ('SV', '@openzeppelin/contracts/token/ERC721/ERC721.sol', 'ERC721._tokenApprovals')
 reader witnesses  -> 63
 storage exposures -> 3
[MV-SI candidate b64fc3a8fd46bc3cf7b6] {_operatorApprovals, _owners, _tokenApprovals}
 writer root       -> contracts/Vault.sol::Vault.forceUnsponsor(address,uint256[])
 writer effect     -> @openzeppelin/contracts/token/ERC721/ERC721.sol:311
 written member    -> ('SV', '@openzeppelin/contracts/token/ERC721/ERC721.sol', 'ERC721._owners')
 potentially stale -> ('SV', '@openzeppelin/contracts/token/ERC721/ERC721.sol', 'ERC721._operatorApprovals'), ('SV', '@openzeppelin/contracts/token/ERC721/ERC721.sol', 'ERC721._tokenApprovals')
 reader witnesses  -> 42
 storage exposures -> 1
[MV-SI candidate bfdd5465f9a479f5b6e8] {_operatorApprovals, _owners, _tokenApprovals}
 writer root       -> contracts/vault/Claimers.sol::Claimers.mint(address,uint256,uint256)
 writer effect     -> @openzeppelin/contracts/token/ERC721/ERC721.sol:287
 written member    -> ('SV', '@openzeppelin/contracts/token/ERC721/ERC721.sol', 'ERC721._owners')
 potentially stale -> ('SV', '@openzeppelin/contracts/token/ERC721/ERC721.sol', 'ERC721._operatorApprovals'), ('SV', '@openzeppelin/contracts/token/ERC721/ERC721.sol', 'ERC721._tokenApprovals')
 reader witnesses  -> 21
 storage exposures -> 1
[MV-SI candidate cee6a6b732ac9f47fd18] {_operatorApprovals, _owners, _tokenApprovals}
 writer root       -> @openzeppelin/contracts/token/ERC721/ERC721.sol::ERC721.setApprovalForAll(address,bool)
 writer effect     -> @openzeppelin/contracts/token/ERC721/ERC721.sol:368
 written member    -> ('SV', '@openzeppelin/contracts/token/ERC721/ERC721.sol', 'ERC721._operatorApprovals')
 potentially stale -> ('SV', '@openzeppelin/contracts/token/ERC721/ERC721.sol', 'ERC721._owners'), ('SV', '@openzeppelin/contracts/token/ERC721/ERC721.sol', 'ERC721._tokenApprovals')
 reader witnesses  -> 192
 storage exposures -> 3
[MV-SI candidate d555ece37e512c22a0a6] {_operatorApprovals, _owners}
 writer root       -> contracts/Vault.sol::Vault.deposit(IVault.DepositParams)
 writer effect     -> @openzeppelin/contracts/token/ERC721/ERC721.sol:287
 written member    -> ('SV', '@openzeppelin/contracts/token/ERC721/ERC721.sol', 'ERC721._owners')
 potentially stale -> ('SV', '@openzeppelin/contracts/token/ERC721/ERC721.sol', 'ERC721._operatorApprovals')
 reader witnesses  -> 16
 storage exposures -> 2
[MV-SI candidate d5b33737ed437113b25c] {_operatorApprovals, _owners}
 writer root       -> contracts/vault/Depositors.sol::Depositors.burn(uint256)
 writer effect     -> @openzeppelin/contracts/token/ERC721/ERC721.sol:311
 written member    -> ('SV', '@openzeppelin/contracts/token/ERC721/ERC721.sol', 'ERC721._owners')
 potentially stale -> ('SV', '@openzeppelin/contracts/token/ERC721/ERC721.sol', 'ERC721._operatorApprovals')
 reader witnesses  -> 4
 storage exposures -> 1
[MV-SI candidate e69735c347b897131f9d] {isTrusted, vault}
 writer root       -> @rari-capital/solmate/src/auth/Trust.sol::Trust.setIsTrusted(address,bool)
 writer effect     -> @rari-capital/solmate/src/auth/Trust.sol:18
 written member    -> ('SV', '@rari-capital/solmate/src/auth/Trust.sol', 'Trust.isTrusted')
 potentially stale -> ('SV', 'contracts/strategy/BaseStrategy.sol', 'BaseStrategy.vault')
 reader witnesses  -> 2
 storage exposures -> 2
[MV-SI candidate e77e21b5ba0c9c96b1f3] {_operatorApprovals, _owners}
 writer root       -> @openzeppelin/contracts/token/ERC721/ERC721.sol::ERC721.safeTransferFrom(address,address,uint256)
 writer effect     -> @openzeppelin/contracts/token/ERC721/ERC721.sol:342
 written member    -> ('SV', '@openzeppelin/contracts/token/ERC721/ERC721.sol', 'ERC721._owners')
 potentially stale -> ('SV', '@openzeppelin/contracts/token/ERC721/ERC721.sol', 'ERC721._operatorApprovals')
 reader witnesses  -> 12
 storage exposures -> 3
[MV-SI candidate e8be241c5bc1d097bfc2] {convertedUst, pendingRedeems}
 writer root       -> contracts/strategy/BaseStrategy.sol::BaseStrategy.finishDepositStable(uint256)
 writer effect     -> contracts/strategy/BaseStrategy.sol:146
 written member    -> ('SV', 'contracts/strategy/BaseStrategy.sol', 'BaseStrategy.convertedUst')
 potentially stale -> ('SV', 'contracts/strategy/BaseStrategy.sol', 'BaseStrategy.pendingRedeems')
 reader witnesses  -> 2
 storage exposures -> 1
[MV-SI candidate e9c0ad501defc61947c5] {convertedUst, pendingRedeems}
 writer root       -> contracts/strategy/BaseStrategy.sol::BaseStrategy.withdrawAllToVault()
 writer effect     -> contracts/strategy/BaseStrategy.sol:167
 written member    -> ('SV', 'contracts/strategy/BaseStrategy.sol', 'BaseStrategy.pendingRedeems')
 potentially stale -> ('SV', 'contracts/strategy/BaseStrategy.sol', 'BaseStrategy.convertedUst')
 reader witnesses  -> 2
 storage exposures -> 1
[MV-SI candidate f3a1ecd70d6dc0f61471] {_operatorApprovals, _owners, _tokenApprovals}
 writer root       -> contracts/Vault.sol::Vault.unsponsor(address,uint256[])
 writer effect     -> @openzeppelin/contracts/token/ERC721/ERC721.sol:311
 written member    -> ('SV', '@openzeppelin/contracts/token/ERC721/ERC721.sol', 'ERC721._owners')
 potentially stale -> ('SV', '@openzeppelin/contracts/token/ERC721/ERC721.sol', 'ERC721._operatorApprovals'), ('SV', '@openzeppelin/contracts/token/ERC721/ERC721.sol', 'ERC721._tokenApprovals')
 reader witnesses  -> 42
 storage exposures -> 1
[MV-SI candidate fb98339ae5eb62649467] {_operatorApprovals, _owners}
 writer root       -> contracts/Vault.sol::Vault.forceUnsponsor(address,uint256[])
 writer effect     -> @openzeppelin/contracts/token/ERC721/ERC721.sol:311
 written member    -> ('SV', '@openzeppelin/contracts/token/ERC721/ERC721.sol', 'ERC721._owners')
 potentially stale -> ('SV', '@openzeppelin/contracts/token/ERC721/ERC721.sol', 'ERC721._operatorApprovals')
 reader witnesses  -> 8
 storage exposures -> 1
[MV-SI candidate fce5b1d18f225bbdaccf] {_operatorApprovals, _owners, _tokenApprovals}
 writer root       -> contracts/Vault.sol::Vault.forceWithdraw(address,uint256[])
 writer effect     -> @openzeppelin/contracts/token/ERC721/ERC721.sol:353
 written member    -> ('SV', '@openzeppelin/contracts/token/ERC721/ERC721.sol', 'ERC721._tokenApprovals')
 potentially stale -> ('SV', '@openzeppelin/contracts/token/ERC721/ERC721.sol', 'ERC721._operatorApprovals'), ('SV', '@openzeppelin/contracts/token/ERC721/ERC721.sol', 'ERC721._owners')
 reader witnesses  -> 204
 storage exposures -> 1
[MV-SI candidate ff38b3a4281d9234e9a8] {_operatorApprovals, _owners}
 writer root       -> @openzeppelin/contracts/token/ERC721/ERC721.sol::ERC721.setApprovalForAll(address,bool)
 writer effect     -> @openzeppelin/contracts/token/ERC721/ERC721.sol:368
 written member    -> ('SV', '@openzeppelin/contracts/token/ERC721/ERC721.sol', 'ERC721._operatorApprovals')
 potentially stale -> ('SV', '@openzeppelin/contracts/token/ERC721/ERC721.sol', 'ERC721._owners')
 reader witnesses  -> 55
 storage exposures -> 3Reference: https://github.com/crytic/slither/wiki/Detector-Documentation
[mvscan-config] {"ATOMIC_GROUP": [], "DIVERGENCE_BUDGET": 1000, "ENABLE_BRANCH_GROUPS": true, "ENABLE_EXTERNAL_STATE": true, "ENABLE_MULTI_RETURN_GROUPS": true, "MAPPING_MODE": "base_collapsed", "MERGE_OVERLOADS": false, "MVSCAN_ABLATION": "mapping_insensitive", "MVSCAN_CONTEXTUAL_KEYS": true, "MVSCAN_INCLUDE_SCALAR_WITNESSES": false, "MVSCAN_INTERFACE_DISPATCH": false, "MVSCAN_MAX_CONTEXTS_PER_OWNER_BLOCK": 128, "MVSCAN_MAX_DISPATCH_TARGETS": 16, "MVSCAN_REQUIRE_DISTINCT_OUTER_ROOTS": false, "MVSCAN_ROOT_CONTEXT_SINKS": false, "NOOP_WRITE_FILTER": true, "REQUIRE_SAME_SLOT_KEY": false, "SINK_TEST": "none", "USER_CALLABLE_ALWAYS": [], "USER_CALLABLE_DENY": []}
[mvscan-stage] icfg-built blocks=0 vars=0
[mvscan-stage] root-seeding-done eligible_exposures=0 seeded=0 multi_exposure_entry_blocks=0 collapsed_contextual_aliases=0 excluded_dependency=0 excluded_interface=2 excluded_library=0 excluded_abstract=0 missing_entry_point=0 missing_entry_block=0
[mvscan-pairs] call_target_digest=4f53cda18c2baa0c0354bb5f9a3ecbe5ed12ab4d8e11ba873c2f11161202b945 candidate_count=0 candidate_digest=4f53cda18c2baa0c0354bb5f9a3ecbe5ed12ab4d8e11ba873c2f11161202b945 context_instance_count=0 execution_context_digest=4f53cda18c2baa0c0354bb5f9a3ecbe5ed12ab4d8e11ba873c2f11161202b945 invalid_partial_write_filtered=0 must_full_relation_filtered=0 omitted_member_evidence_filtered=0 omitted_member_not_sensitive_filtered=0 owner_context_pairs=0 owner_context_pairs_considered=0 reader_witness_count=0 relation_context_incompatible=0 relation_digest=4f53cda18c2baa0c0354bb5f9a3ecbe5ed12ab4d8e11ba873c2f11161202b945 root_context_sink_filtered=0 same_outer_root_filtered=0 storage_context_mismatch=0
INFO:Slither:. analyzed (41 contracts with 1 detectors), 39 result(s) found
