Problem executing hardhat to fetch configuration, using defaults: [Errno 2] No such file or directory: 'hardhat'
[mvscan-config] {"ATOMIC_GROUP": [], "DIVERGENCE_BUDGET": 1000, "ENABLE_BRANCH_GROUPS": false, "ENABLE_EXTERNAL_STATE": true, "ENABLE_MULTI_RETURN_GROUPS": true, "MAPPING_MODE": "precise", "MERGE_OVERLOADS": false, "MVSCAN_ABLATION": "no_branch_groups", "MVSCAN_CONTEXTUAL_KEYS": true, "MVSCAN_INCLUDE_SCALAR_WITNESSES": false, "MVSCAN_INTERFACE_DISPATCH": false, "MVSCAN_MAX_CONTEXTS_PER_OWNER_BLOCK": 128, "MVSCAN_MAX_DISPATCH_TARGETS": 16, "MVSCAN_REQUIRE_DISTINCT_OUTER_ROOTS": false, "MVSCAN_ROOT_CONTEXT_SINKS": false, "NOOP_WRITE_FILTER": true, "REQUIRE_SAME_SLOT_KEY": true, "SINK_TEST": "none", "USER_CALLABLE_ALWAYS": [], "USER_CALLABLE_DENY": []}
[mvscan-stage] icfg-built blocks=2064 vars=157
[mvscan-stage] root-seeding-done eligible_exposures=252 seeded=131 multi_exposure_entry_blocks=60 collapsed_contextual_aliases=121 excluded_dependency=0 excluded_interface=150 excluded_library=0 excluded_abstract=29 missing_entry_point=0 missing_entry_block=0
[mvscan-pairs] call_target_digest=bd1f0f3e6cfe51649bba64c409dbf17da5b59c024017b9a4e77e8990233a41ad candidate_count=50 candidate_digest=614fda1d0df630912a2cbe079ee4e89dceef5d948ed5fd2f2087a385d555a503 context_instance_count=2049 eligible_readers=66 eligible_writers=41 execution_context_digest=206050c664f7464a88396c9eab1efac41b43c2f730eed5547315288c4ba276b9 insensitive_readers_filtered=69 invalid_partial_write_filtered=0 must_full_relation_filtered=1029 omitted_member_evidence_filtered=0 omitted_member_not_sensitive_filtered=0 owner_context_pairs=4849 owner_context_pairs_considered=21699 raw_block_pairs=360 reader_witness_count=4849 relation_base_members_shadowed=0 relation_context_incompatible=4972 relation_digest=35e3921b7e1e22af4e5e855a6adbe7345b0756f40fd75f66664e8d4a66796f80 relation_members_raw=40 relation_origins_registered=9 relation_origins_rejected_unary_after_shadowing=17 relation_origins_rejected_unreachable=44 relation_origins_seen=26 relation_unbound_key_templates=28 root_context_sink_filtered=0 same_outer_root_filtered=0 same_static_block_filtered=12 scalar_variables_skipped=86 storage_context_mismatch=10849 variables_considered=95
INFO:Detectors:

[MV-SI candidate 056348ed87f0cdc19cd9] {activeBalances[$arg0], lastAccountedEachProtocol[$arg0], premiums_[$arg0]}
 writer root       -> contracts/managers/SherlockProtocolManager.sol::SherlockProtocolManager.protocolRemove(bytes32)
 writer effect     -> contracts/managers/SherlockProtocolManager.sol:350
 written member    -> ('MS', 'contracts/managers/SherlockProtocolManager.sol', 'SherlockProtocolManager.lastAccountedEachProtocol', '$arg0')
 potentially stale -> ('MS', 'contracts/managers/SherlockProtocolManager.sol', 'SherlockProtocolManager.activeBalances', '$arg0'), ('MS', 'contracts/managers/SherlockProtocolManager.sol', 'SherlockProtocolManager.premiums_', '$arg0')
 reader witnesses  -> 252
 storage exposures -> 2
[MV-SI candidate 09d8ff18e3e5e55be946] {activeBalances[$arg0], lastAccountedEachProtocol[$arg0], premiums_[$arg0]}
 writer root       -> contracts/managers/SherlockProtocolManager.sol::SherlockProtocolManager.protocolAdd(bytes32,address,bytes32,uint256,uint256)
 writer effect     -> contracts/managers/SherlockProtocolManager.sol:345
 written member    -> ('MS', 'contracts/managers/SherlockProtocolManager.sol', 'SherlockProtocolManager.activeBalances', '$arg0')
 potentially stale -> ('MS', 'contracts/managers/SherlockProtocolManager.sol', 'SherlockProtocolManager.lastAccountedEachProtocol', '$arg0'), ('MS', 'contracts/managers/SherlockProtocolManager.sol', 'SherlockProtocolManager.premiums_', '$arg0')
 reader witnesses  -> 120
 storage exposures -> 2
[MV-SI candidate 15f773c6cf9b4b4425f6] {activeBalances[$arg0], lastAccountedEachProtocol[$arg0], premiums_[$arg0]}
 writer root       -> contracts/managers/SherlockProtocolManager.sol::SherlockProtocolManager.forceRemoveByActiveBalance(bytes32)
 writer effect     -> contracts/managers/SherlockProtocolManager.sol:350
 written member    -> ('MS', 'contracts/managers/SherlockProtocolManager.sol', 'SherlockProtocolManager.lastAccountedEachProtocol', '$arg0')
 potentially stale -> ('MS', 'contracts/managers/SherlockProtocolManager.sol', 'SherlockProtocolManager.activeBalances', '$arg0'), ('MS', 'contracts/managers/SherlockProtocolManager.sol', 'SherlockProtocolManager.premiums_', '$arg0')
 reader witnesses  -> 252
 storage exposures -> 2
[MV-SI candidate 2418139836ecdaeec2fc] {activeBalances[$arg0], lastAccountedEachProtocol[$arg0], premiums_[$arg0]}
 writer root       -> contracts/managers/SherlockProtocolManager.sol::SherlockProtocolManager.forceRemoveBySecondsOfCoverage(bytes32)
 writer effect     -> contracts/managers/SherlockProtocolManager.sol:244
 written member    -> ('MS', 'contracts/managers/SherlockProtocolManager.sol', 'SherlockProtocolManager.premiums_', '$arg0')
 potentially stale -> ('MS', 'contracts/managers/SherlockProtocolManager.sol', 'SherlockProtocolManager.activeBalances', '$arg0'), ('MS', 'contracts/managers/SherlockProtocolManager.sol', 'SherlockProtocolManager.lastAccountedEachProtocol', '$arg0')
 reader witnesses  -> 216
 storage exposures -> 2
[MV-SI candidate 2c87ff9dd3bb64b6ae58] {lastAccountedEachProtocol[$arg0], premiums_[$arg0]}
 writer root       -> contracts/managers/SherlockProtocolManager.sol::SherlockProtocolManager.protocolAdd(bytes32,address,bytes32,uint256,uint256)
 writer effect     -> contracts/managers/SherlockProtocolManager.sol:350
 written member    -> ('MS', 'contracts/managers/SherlockProtocolManager.sol', 'SherlockProtocolManager.lastAccountedEachProtocol', '$arg0')
 potentially stale -> ('MS', 'contracts/managers/SherlockProtocolManager.sol', 'SherlockProtocolManager.premiums_', '$arg0')
 reader witnesses  -> 34
 storage exposures -> 2
[MV-SI candidate 314490758a75455ffc86] {lastAccountedEachProtocol[$arg0], premiums_[$arg0]}
 writer root       -> contracts/managers/SherlockProtocolManager.sol::SherlockProtocolManager.protocolUpdate(bytes32,bytes32,uint256,uint256)
 writer effect     -> contracts/managers/SherlockProtocolManager.sol:350
 written member    -> ('MS', 'contracts/managers/SherlockProtocolManager.sol', 'SherlockProtocolManager.lastAccountedEachProtocol', '$arg0')
 potentially stale -> ('MS', 'contracts/managers/SherlockProtocolManager.sol', 'SherlockProtocolManager.premiums_', '$arg0')
 reader witnesses  -> 34
 storage exposures -> 2
[MV-SI candidate 3200e7fc7be3b3a6f90d] {lastAccountedEachProtocol[$arg0], premiums_[$arg0]}
 writer root       -> contracts/managers/SherlockProtocolManager.sol::SherlockProtocolManager.setProtocolPremium(bytes32,uint256)
 writer effect     -> contracts/managers/SherlockProtocolManager.sol:244
 written member    -> ('MS', 'contracts/managers/SherlockProtocolManager.sol', 'SherlockProtocolManager.premiums_', '$arg0')
 potentially stale -> ('MS', 'contracts/managers/SherlockProtocolManager.sol', 'SherlockProtocolManager.lastAccountedEachProtocol', '$arg0')
 reader witnesses  -> 22
 storage exposures -> 2
[MV-SI candidate 3285aefc33bfa1f389e3] {lastAccountedEachProtocol[$arg0], premiums_[$arg0]}
 writer root       -> contracts/managers/SherlockProtocolManager.sol::SherlockProtocolManager.withdrawActiveBalance(bytes32,uint256)
 writer effect     -> contracts/managers/SherlockProtocolManager.sol:350
 written member    -> ('MS', 'contracts/managers/SherlockProtocolManager.sol', 'SherlockProtocolManager.lastAccountedEachProtocol', '$arg0')
 potentially stale -> ('MS', 'contracts/managers/SherlockProtocolManager.sol', 'SherlockProtocolManager.premiums_', '$arg0')
 reader witnesses  -> 34
 storage exposures -> 2
[MV-SI candidate 3ff3dff2e6f3323374f5] {activeBalances[$arg0], lastAccountedEachProtocol[$arg0], premiums_[$arg0]}
 writer root       -> contracts/managers/SherlockProtocolManager.sol::SherlockProtocolManager.protocolRemove(bytes32)
 writer effect     -> contracts/managers/SherlockProtocolManager.sol:244
 written member    -> ('MS', 'contracts/managers/SherlockProtocolManager.sol', 'SherlockProtocolManager.premiums_', '$arg0')
 potentially stale -> ('MS', 'contracts/managers/SherlockProtocolManager.sol', 'SherlockProtocolManager.activeBalances', '$arg0'), ('MS', 'contracts/managers/SherlockProtocolManager.sol', 'SherlockProtocolManager.lastAccountedEachProtocol', '$arg0')
 reader witnesses  -> 216
 storage exposures -> 2
[MV-SI candidate 4005258783c96c54ecab] {activeBalances[$arg0], lastAccountedEachProtocol[$arg0], premiums_[$arg0]}
 writer root       -> contracts/managers/SherlockProtocolManager.sol::SherlockProtocolManager.nonStakersClaim(bytes32,uint256,address)
 writer effect     -> contracts/managers/SherlockProtocolManager.sol:350
 written member    -> ('MS', 'contracts/managers/SherlockProtocolManager.sol', 'SherlockProtocolManager.lastAccountedEachProtocol', '$arg0')
 potentially stale -> ('MS', 'contracts/managers/SherlockProtocolManager.sol', 'SherlockProtocolManager.activeBalances', '$arg0'), ('MS', 'contracts/managers/SherlockProtocolManager.sol', 'SherlockProtocolManager.premiums_', '$arg0')
 reader witnesses  -> 252
 storage exposures -> 2
[MV-SI candidate 4d7adfc24080780e2565] {lockupEnd_[$arg0], stakeShares[$arg0]}
 writer root       -> contracts/Sherlock.sol::Sherlock.redeemNFT(uint256)
 writer effect     -> contracts/Sherlock.sol:491
 written member    -> ('MS', 'contracts/Sherlock.sol', 'Sherlock.stakeShares', '$arg0')
 potentially stale -> ('MS', 'contracts/Sherlock.sol', 'Sherlock.lockupEnd_', '$arg0')
 reader witnesses  -> 8
 storage exposures -> 2
[MV-SI candidate 4f34b7b9a5db1921d510] {stakeShares[$arg0], totalStakeShares}
 writer root       -> contracts/Sherlock.sol::Sherlock.initialStake(uint256,uint256,address)
 writer effect     -> contracts/Sherlock.sol:552
 written member    -> ('SV', 'contracts/Sherlock.sol', 'Sherlock.totalStakeShares')
 potentially stale -> ('MS', 'contracts/Sherlock.sol', 'Sherlock.stakeShares', '$arg0')
 reader witnesses  -> 6
 storage exposures -> 2
[MV-SI candidate 5a4ccc8e0ead65d33df6] {lockupEnd_[$arg0], stakeShares[$arg0]}
 writer root       -> contracts/Sherlock.sol::Sherlock.ownerRestake(uint256,uint256)
 writer effect     -> contracts/Sherlock.sol:415
 written member    -> ('MS', 'contracts/Sherlock.sol', 'Sherlock.lockupEnd_', '$arg0')
 potentially stale -> ('MS', 'contracts/Sherlock.sol', 'Sherlock.stakeShares', '$arg0')
 reader witnesses  -> 6
 storage exposures -> 2
[MV-SI candidate 5b2e14bf460fde9a6810] {allPremiumsPerSecToStakers, lastAccountedGlobal, lastClaimablePremiumsForStakers}
 writer root       -> contracts/managers/SherlockProtocolManager.sol::SherlockProtocolManager.nonStakersClaim(bytes32,uint256,address)
 writer effect     -> contracts/managers/SherlockProtocolManager.sol:333
 written member    -> ('SV', 'contracts/managers/SherlockProtocolManager.sol', 'SherlockProtocolManager.lastClaimablePremiumsForStakers')
 potentially stale -> ('SV', 'contracts/managers/SherlockProtocolManager.sol', 'SherlockProtocolManager.allPremiumsPerSecToStakers'), ('SV', 'contracts/managers/SherlockProtocolManager.sol', 'SherlockProtocolManager.lastAccountedGlobal')
 reader witnesses  -> 23
 storage exposures -> 2
[MV-SI candidate 5f2cacc69ba451f77256] {activeBalances[$arg0], lastAccountedEachProtocol[$arg0], premiums_[$arg0]}
 writer root       -> contracts/managers/SherlockProtocolManager.sol::SherlockProtocolManager.nonStakersClaim(bytes32,uint256,address)
 writer effect     -> contracts/managers/SherlockProtocolManager.sol:345
 written member    -> ('MS', 'contracts/managers/SherlockProtocolManager.sol', 'SherlockProtocolManager.activeBalances', '$arg0')
 potentially stale -> ('MS', 'contracts/managers/SherlockProtocolManager.sol', 'SherlockProtocolManager.lastAccountedEachProtocol', '$arg0'), ('MS', 'contracts/managers/SherlockProtocolManager.sol', 'SherlockProtocolManager.premiums_', '$arg0')
 reader witnesses  -> 120
 storage exposures -> 2
[MV-SI candidate 635e9d2d34b08b6da1c1] {activeBalances[$arg0], lastAccountedEachProtocol[$arg0], premiums_[$arg0]}
 writer root       -> contracts/managers/SherlockProtocolManager.sol::SherlockProtocolManager.forceRemoveByActiveBalance(bytes32)
 writer effect     -> contracts/managers/SherlockProtocolManager.sol:244
 written member    -> ('MS', 'contracts/managers/SherlockProtocolManager.sol', 'SherlockProtocolManager.premiums_', '$arg0')
 potentially stale -> ('MS', 'contracts/managers/SherlockProtocolManager.sol', 'SherlockProtocolManager.activeBalances', '$arg0'), ('MS', 'contracts/managers/SherlockProtocolManager.sol', 'SherlockProtocolManager.lastAccountedEachProtocol', '$arg0')
 reader witnesses  -> 216
 storage exposures -> 2
[MV-SI candidate 66132cb37467a4581bb4] {allPremiumsPerSecToStakers, lastAccountedGlobal, lastClaimablePremiumsForStakers}
 writer root       -> contracts/managers/SherlockProtocolManager.sol::SherlockProtocolManager.withdrawActiveBalance(bytes32,uint256)
 writer effect     -> contracts/managers/SherlockProtocolManager.sol:356
 written member    -> ('SV', 'contracts/managers/SherlockProtocolManager.sol', 'SherlockProtocolManager.lastClaimablePremiumsForStakers')
 potentially stale -> ('SV', 'contracts/managers/SherlockProtocolManager.sol', 'SherlockProtocolManager.allPremiumsPerSecToStakers'), ('SV', 'contracts/managers/SherlockProtocolManager.sol', 'SherlockProtocolManager.lastAccountedGlobal')
 reader witnesses  -> 4
 storage exposures -> 2
[MV-SI candidate 66fed79d546b4603f8e6] {allPremiumsPerSecToStakers, lastAccountedGlobal, lastClaimablePremiumsForStakers}
 writer root       -> contracts/managers/SherlockProtocolManager.sol::SherlockProtocolManager.nonStakersClaim(bytes32,uint256,address)
 writer effect     -> contracts/managers/SherlockProtocolManager.sol:359
 written member    -> ('SV', 'contracts/managers/SherlockProtocolManager.sol', 'SherlockProtocolManager.lastAccountedGlobal')
 potentially stale -> ('SV', 'contracts/managers/SherlockProtocolManager.sol', 'SherlockProtocolManager.allPremiumsPerSecToStakers'), ('SV', 'contracts/managers/SherlockProtocolManager.sol', 'SherlockProtocolManager.lastClaimablePremiumsForStakers')
 reader witnesses  -> 41
 storage exposures -> 2
[MV-SI candidate 6eaa4aa3ebd9678fd5e3] {activeBalances[$arg0], lastAccountedEachProtocol[$arg0], premiums_[$arg0]}
 writer root       -> contracts/managers/SherlockProtocolManager.sol::SherlockProtocolManager.withdrawActiveBalance(bytes32,uint256)
 writer effect     -> contracts/managers/SherlockProtocolManager.sol:799
 written member    -> ('MS', 'contracts/managers/SherlockProtocolManager.sol', 'SherlockProtocolManager.activeBalances', '$arg0')
 potentially stale -> ('MS', 'contracts/managers/SherlockProtocolManager.sol', 'SherlockProtocolManager.lastAccountedEachProtocol', '$arg0'), ('MS', 'contracts/managers/SherlockProtocolManager.sol', 'SherlockProtocolManager.premiums_', '$arg0')
 reader witnesses  -> 120
 storage exposures -> 2
[MV-SI candidate 78cdb3eefb5adfd6ae7a] {lastAccountedEachProtocol[$arg0], premiums_[$arg0]}
 writer root       -> contracts/managers/SherlockProtocolManager.sol::SherlockProtocolManager.forceRemoveByActiveBalance(bytes32)
 writer effect     -> contracts/managers/SherlockProtocolManager.sol:244
 written member    -> ('MS', 'contracts/managers/SherlockProtocolManager.sol', 'SherlockProtocolManager.premiums_', '$arg0')
 potentially stale -> ('MS', 'contracts/managers/SherlockProtocolManager.sol', 'SherlockProtocolManager.lastAccountedEachProtocol', '$arg0')
 reader witnesses  -> 22
 storage exposures -> 2
[MV-SI candidate 83b3d3da75893f6fc303] {allPremiumsPerSecToStakers, lastAccountedGlobal, lastClaimablePremiumsForStakers}
 writer root       -> contracts/managers/SherlockProtocolManager.sol::SherlockProtocolManager.claimPremiumsForStakers()
 writer effect     -> contracts/managers/SherlockProtocolManager.sol:481
 written member    -> ('SV', 'contracts/managers/SherlockProtocolManager.sol', 'SherlockProtocolManager.lastAccountedGlobal')
 potentially stale -> ('SV', 'contracts/managers/SherlockProtocolManager.sol', 'SherlockProtocolManager.allPremiumsPerSecToStakers'), ('SV', 'contracts/managers/SherlockProtocolManager.sol', 'SherlockProtocolManager.lastClaimablePremiumsForStakers')
 reader witnesses  -> 41
 storage exposures -> 2
[MV-SI candidate 83ea86d4e8c4709ea070] {allPremiumsPerSecToStakers, lastAccountedGlobal, lastClaimablePremiumsForStakers}
 writer root       -> contracts/managers/SherlockProtocolManager.sol::SherlockProtocolManager.withdrawActiveBalance(bytes32,uint256)
 writer effect     -> contracts/managers/SherlockProtocolManager.sol:359
 written member    -> ('SV', 'contracts/managers/SherlockProtocolManager.sol', 'SherlockProtocolManager.lastAccountedGlobal')
 potentially stale -> ('SV', 'contracts/managers/SherlockProtocolManager.sol', 'SherlockProtocolManager.allPremiumsPerSecToStakers'), ('SV', 'contracts/managers/SherlockProtocolManager.sol', 'SherlockProtocolManager.lastClaimablePremiumsForStakers')
 reader witnesses  -> 41
 storage exposures -> 2
[MV-SI candidate 84a067291a6c21fff9b6] {allPremiumsPerSecToStakers, lastAccountedGlobal, lastClaimablePremiumsForStakers}
 writer root       -> contracts/managers/SherlockProtocolManager.sol::SherlockProtocolManager.withdrawActiveBalance(bytes32,uint256)
 writer effect     -> contracts/managers/SherlockProtocolManager.sol:333
 written member    -> ('SV', 'contracts/managers/SherlockProtocolManager.sol', 'SherlockProtocolManager.lastClaimablePremiumsForStakers')
 potentially stale -> ('SV', 'contracts/managers/SherlockProtocolManager.sol', 'SherlockProtocolManager.allPremiumsPerSecToStakers'), ('SV', 'contracts/managers/SherlockProtocolManager.sol', 'SherlockProtocolManager.lastAccountedGlobal')
 reader witnesses  -> 23
 storage exposures -> 2
[MV-SI candidate 84d15cae641949f49135] {activeBalances[$arg0], lastAccountedEachProtocol[$arg0], premiums_[$arg0]}
 writer root       -> contracts/managers/SherlockProtocolManager.sol::SherlockProtocolManager.depositToActiveBalance(bytes32,uint256)
 writer effect     -> contracts/managers/SherlockProtocolManager.sol:769
 written member    -> ('MS', 'contracts/managers/SherlockProtocolManager.sol', 'SherlockProtocolManager.activeBalances', '$arg0')
 potentially stale -> ('MS', 'contracts/managers/SherlockProtocolManager.sol', 'SherlockProtocolManager.lastAccountedEachProtocol', '$arg0'), ('MS', 'contracts/managers/SherlockProtocolManager.sol', 'SherlockProtocolManager.premiums_', '$arg0')
 reader witnesses  -> 120
 storage exposures -> 2
[MV-SI candidate 87d1c36e2f30d6b7f902] {lastAccountedEachProtocol[$arg0], premiums_[$arg0]}
 writer root       -> contracts/managers/SherlockProtocolManager.sol::SherlockProtocolManager.forceRemoveBySecondsOfCoverage(bytes32)
 writer effect     -> contracts/managers/SherlockProtocolManager.sol:244
 written member    -> ('MS', 'contracts/managers/SherlockProtocolManager.sol', 'SherlockProtocolManager.premiums_', '$arg0')
 potentially stale -> ('MS', 'contracts/managers/SherlockProtocolManager.sol', 'SherlockProtocolManager.lastAccountedEachProtocol', '$arg0')
 reader witnesses  -> 22
 storage exposures -> 2
[MV-SI candidate 8dbb296d3fffbfd52dda] {activeBalances[$arg0], lastAccountedEachProtocol[$arg0], premiums_[$arg0]}
 writer root       -> contracts/managers/SherlockProtocolManager.sol::SherlockProtocolManager.forceRemoveByActiveBalance(bytes32)
 writer effect     -> contracts/managers/SherlockProtocolManager.sol:345
 written member    -> ('MS', 'contracts/managers/SherlockProtocolManager.sol', 'SherlockProtocolManager.activeBalances', '$arg0')
 potentially stale -> ('MS', 'contracts/managers/SherlockProtocolManager.sol', 'SherlockProtocolManager.lastAccountedEachProtocol', '$arg0'), ('MS', 'contracts/managers/SherlockProtocolManager.sol', 'SherlockProtocolManager.premiums_', '$arg0')
 reader witnesses  -> 120
 storage exposures -> 2
[MV-SI candidate 8f62842055351af94ebb] {activeBalances[$arg0], lastAccountedEachProtocol[$arg0], premiums_[$arg0]}
 writer root       -> contracts/managers/SherlockProtocolManager.sol::SherlockProtocolManager.withdrawActiveBalance(bytes32,uint256)
 writer effect     -> contracts/managers/SherlockProtocolManager.sol:350
 written member    -> ('MS', 'contracts/managers/SherlockProtocolManager.sol', 'SherlockProtocolManager.lastAccountedEachProtocol', '$arg0')
 potentially stale -> ('MS', 'contracts/managers/SherlockProtocolManager.sol', 'SherlockProtocolManager.activeBalances', '$arg0'), ('MS', 'contracts/managers/SherlockProtocolManager.sol', 'SherlockProtocolManager.premiums_', '$arg0')
 reader witnesses  -> 252
 storage exposures -> 2
[MV-SI candidate 938a5ef860d14380f5cc] {activeBalances[$arg0], lastAccountedEachProtocol[$arg0], premiums_[$arg0]}
 writer root       -> contracts/managers/SherlockProtocolManager.sol::SherlockProtocolManager.forceRemoveBySecondsOfCoverage(bytes32)
 writer effect     -> contracts/managers/SherlockProtocolManager.sol:681
 written member    -> ('MS', 'contracts/managers/SherlockProtocolManager.sol', 'SherlockProtocolManager.activeBalances', '$arg0')
 potentially stale -> ('MS', 'contracts/managers/SherlockProtocolManager.sol', 'SherlockProtocolManager.lastAccountedEachProtocol', '$arg0'), ('MS', 'contracts/managers/SherlockProtocolManager.sol', 'SherlockProtocolManager.premiums_', '$arg0')
 reader witnesses  -> 120
 storage exposures -> 2
[MV-SI candidate 9791e64940de0e5e00eb] {lastAccountedEachProtocol[$arg0], premiums_[$arg0]}
 writer root       -> contracts/managers/SherlockProtocolManager.sol::SherlockProtocolManager.forceRemoveByActiveBalance(bytes32)
 writer effect     -> contracts/managers/SherlockProtocolManager.sol:350
 written member    -> ('MS', 'contracts/managers/SherlockProtocolManager.sol', 'SherlockProtocolManager.lastAccountedEachProtocol', '$arg0')
 potentially stale -> ('MS', 'contracts/managers/SherlockProtocolManager.sol', 'SherlockProtocolManager.premiums_', '$arg0')
 reader witnesses  -> 34
 storage exposures -> 2
[MV-SI candidate 9a0cee39af665837f328] {activeBalances[$arg0], lastAccountedEachProtocol[$arg0], premiums_[$arg0]}
 writer root       -> contracts/managers/SherlockProtocolManager.sol::SherlockProtocolManager.withdrawActiveBalance(bytes32,uint256)
 writer effect     -> contracts/managers/SherlockProtocolManager.sol:345
 written member    -> ('MS', 'contracts/managers/SherlockProtocolManager.sol', 'SherlockProtocolManager.activeBalances', '$arg0')
 potentially stale -> ('MS', 'contracts/managers/SherlockProtocolManager.sol', 'SherlockProtocolManager.lastAccountedEachProtocol', '$arg0'), ('MS', 'contracts/managers/SherlockProtocolManager.sol', 'SherlockProtocolManager.premiums_', '$arg0')
 reader witnesses  -> 120
 storage exposures -> 2
[MV-SI candidate 9cd5cc3a4eda4efbbacb] {activeBalances[$arg0], lastAccountedEachProtocol[$arg0], premiums_[$arg0]}
 writer root       -> contracts/managers/SherlockProtocolManager.sol::SherlockProtocolManager.protocolAdd(bytes32,address,bytes32,uint256,uint256)
 writer effect     -> contracts/managers/SherlockProtocolManager.sol:350
 written member    -> ('MS', 'contracts/managers/SherlockProtocolManager.sol', 'SherlockProtocolManager.lastAccountedEachProtocol', '$arg0')
 potentially stale -> ('MS', 'contracts/managers/SherlockProtocolManager.sol', 'SherlockProtocolManager.activeBalances', '$arg0'), ('MS', 'contracts/managers/SherlockProtocolManager.sol', 'SherlockProtocolManager.premiums_', '$arg0')
 reader witnesses  -> 252
 storage exposures -> 2
[MV-SI candidate a1de67d3be88f08f1ab5] {lastAccountedEachProtocol[$arg0], premiums_[$arg0]}
 writer root       -> contracts/managers/SherlockProtocolManager.sol::SherlockProtocolManager.setProtocolPremium(bytes32,uint256)
 writer effect     -> contracts/managers/SherlockProtocolManager.sol:350
 written member    -> ('MS', 'contracts/managers/SherlockProtocolManager.sol', 'SherlockProtocolManager.lastAccountedEachProtocol', '$arg0')
 potentially stale -> ('MS', 'contracts/managers/SherlockProtocolManager.sol', 'SherlockProtocolManager.premiums_', '$arg0')
 reader witnesses  -> 34
 storage exposures -> 2
[MV-SI candidate a6a21da9db2ce851f22c] {allPremiumsPerSecToStakers, lastAccountedGlobal, lastClaimablePremiumsForStakers}
 writer root       -> contracts/managers/SherlockProtocolManager.sol::SherlockProtocolManager.nonStakersClaim(bytes32,uint256,address)
 writer effect     -> contracts/managers/SherlockProtocolManager.sol:356
 written member    -> ('SV', 'contracts/managers/SherlockProtocolManager.sol', 'SherlockProtocolManager.lastClaimablePremiumsForStakers')
 potentially stale -> ('SV', 'contracts/managers/SherlockProtocolManager.sol', 'SherlockProtocolManager.allPremiumsPerSecToStakers'), ('SV', 'contracts/managers/SherlockProtocolManager.sol', 'SherlockProtocolManager.lastAccountedGlobal')
 reader witnesses  -> 4
 storage exposures -> 2
[MV-SI candidate a800c4367bbe4e27dbeb] {activeBalances[$arg0], lastAccountedEachProtocol[$arg0], premiums_[$arg0]}
 writer root       -> contracts/managers/SherlockProtocolManager.sol::SherlockProtocolManager.setProtocolPremium(bytes32,uint256)
 writer effect     -> contracts/managers/SherlockProtocolManager.sol:244
 written member    -> ('MS', 'contracts/managers/SherlockProtocolManager.sol', 'SherlockProtocolManager.premiums_', '$arg0')
 potentially stale -> ('MS', 'contracts/managers/SherlockProtocolManager.sol', 'SherlockProtocolManager.activeBalances', '$arg0'), ('MS', 'contracts/managers/SherlockProtocolManager.sol', 'SherlockProtocolManager.lastAccountedEachProtocol', '$arg0')
 reader witnesses  -> 216
 storage exposures -> 2
[MV-SI candidate bb06b4fd4dc8b1b523a6] {lastAccountedEachProtocol[$arg0], premiums_[$arg0]}
 writer root       -> contracts/managers/SherlockProtocolManager.sol::SherlockProtocolManager.protocolRemove(bytes32)
 writer effect     -> contracts/managers/SherlockProtocolManager.sol:244
 written member    -> ('MS', 'contracts/managers/SherlockProtocolManager.sol', 'SherlockProtocolManager.premiums_', '$arg0')
 potentially stale -> ('MS', 'contracts/managers/SherlockProtocolManager.sol', 'SherlockProtocolManager.lastAccountedEachProtocol', '$arg0')
 reader witnesses  -> 22
 storage exposures -> 2
[MV-SI candidate bf69b51c148d2e2e22b8] {lastAccountedEachProtocol[$arg0], premiums_[$arg0]}
 writer root       -> contracts/managers/SherlockProtocolManager.sol::SherlockProtocolManager.forceRemoveBySecondsOfCoverage(bytes32)
 writer effect     -> contracts/managers/SherlockProtocolManager.sol:350
 written member    -> ('MS', 'contracts/managers/SherlockProtocolManager.sol', 'SherlockProtocolManager.lastAccountedEachProtocol', '$arg0')
 potentially stale -> ('MS', 'contracts/managers/SherlockProtocolManager.sol', 'SherlockProtocolManager.premiums_', '$arg0')
 reader witnesses  -> 34
 storage exposures -> 2
[MV-SI candidate c4a57cbab2e8aab9143e] {lastAccountedEachProtocol[$arg0], premiums_[$arg0]}
 writer root       -> contracts/managers/SherlockProtocolManager.sol::SherlockProtocolManager.nonStakersClaim(bytes32,uint256,address)
 writer effect     -> contracts/managers/SherlockProtocolManager.sol:350
 written member    -> ('MS', 'contracts/managers/SherlockProtocolManager.sol', 'SherlockProtocolManager.lastAccountedEachProtocol', '$arg0')
 potentially stale -> ('MS', 'contracts/managers/SherlockProtocolManager.sol', 'SherlockProtocolManager.premiums_', '$arg0')
 reader witnesses  -> 34
 storage exposures -> 2
[MV-SI candidate c59147576256a38c98ed] {activeBalances[$arg0], lastAccountedEachProtocol[$arg0], premiums_[$arg0]}
 writer root       -> contracts/managers/SherlockProtocolManager.sol::SherlockProtocolManager.protocolRemove(bytes32)
 writer effect     -> contracts/managers/SherlockProtocolManager.sol:345
 written member    -> ('MS', 'contracts/managers/SherlockProtocolManager.sol', 'SherlockProtocolManager.activeBalances', '$arg0')
 potentially stale -> ('MS', 'contracts/managers/SherlockProtocolManager.sol', 'SherlockProtocolManager.lastAccountedEachProtocol', '$arg0'), ('MS', 'contracts/managers/SherlockProtocolManager.sol', 'SherlockProtocolManager.premiums_', '$arg0')
 reader witnesses  -> 120
 storage exposures -> 2
[MV-SI candidate d19f2a44beb124eab4c0] {allPremiumsPerSecToStakers, lastAccountedGlobal, lastClaimablePremiumsForStakers}
 writer root       -> contracts/test/SherlockProtocolManagerTest.sol::SherlockProtocolManagerTest.privateSettleTotalDebt()
 writer effect     -> contracts/managers/SherlockProtocolManager.sol:359
 written member    -> ('SV', 'contracts/managers/SherlockProtocolManager.sol', 'SherlockProtocolManager.lastAccountedGlobal')
 potentially stale -> ('SV', 'contracts/managers/SherlockProtocolManager.sol', 'SherlockProtocolManager.allPremiumsPerSecToStakers'), ('SV', 'contracts/managers/SherlockProtocolManager.sol', 'SherlockProtocolManager.lastClaimablePremiumsForStakers')
 reader witnesses  -> 21
 storage exposures -> 1
[MV-SI candidate d4284cc62c6d57f5a83e] {allPremiumsPerSecToStakers, lastAccountedGlobal, lastClaimablePremiumsForStakers}
 writer root       -> contracts/managers/SherlockProtocolManager.sol::SherlockProtocolManager.claimPremiumsForStakers()
 writer effect     -> contracts/managers/SherlockProtocolManager.sol:480
 written member    -> ('SV', 'contracts/managers/SherlockProtocolManager.sol', 'SherlockProtocolManager.lastClaimablePremiumsForStakers')
 potentially stale -> ('SV', 'contracts/managers/SherlockProtocolManager.sol', 'SherlockProtocolManager.allPremiumsPerSecToStakers'), ('SV', 'contracts/managers/SherlockProtocolManager.sol', 'SherlockProtocolManager.lastAccountedGlobal')
 reader witnesses  -> 23
 storage exposures -> 2
[MV-SI candidate d93eccba05770535c169] {activeBalances[$arg0], lastAccountedEachProtocol[$arg0], premiums_[$arg0]}
 writer root       -> contracts/managers/SherlockProtocolManager.sol::SherlockProtocolManager.setProtocolPremium(bytes32,uint256)
 writer effect     -> contracts/managers/SherlockProtocolManager.sol:350
 written member    -> ('MS', 'contracts/managers/SherlockProtocolManager.sol', 'SherlockProtocolManager.lastAccountedEachProtocol', '$arg0')
 potentially stale -> ('MS', 'contracts/managers/SherlockProtocolManager.sol', 'SherlockProtocolManager.activeBalances', '$arg0'), ('MS', 'contracts/managers/SherlockProtocolManager.sol', 'SherlockProtocolManager.premiums_', '$arg0')
 reader witnesses  -> 252
 storage exposures -> 2
[MV-SI candidate da2465f749f51cf876d4] {activeBalances[$arg0], lastAccountedEachProtocol[$arg0], premiums_[$arg0]}
 writer root       -> contracts/managers/SherlockProtocolManager.sol::SherlockProtocolManager.forceRemoveBySecondsOfCoverage(bytes32)
 writer effect     -> contracts/managers/SherlockProtocolManager.sol:345
 written member    -> ('MS', 'contracts/managers/SherlockProtocolManager.sol', 'SherlockProtocolManager.activeBalances', '$arg0')
 potentially stale -> ('MS', 'contracts/managers/SherlockProtocolManager.sol', 'SherlockProtocolManager.lastAccountedEachProtocol', '$arg0'), ('MS', 'contracts/managers/SherlockProtocolManager.sol', 'SherlockProtocolManager.premiums_', '$arg0')
 reader witnesses  -> 120
 storage exposures -> 2
[MV-SI candidate dd709534e49acff5ab3d] {allPremiumsPerSecToStakers, lastAccountedGlobal, lastClaimablePremiumsForStakers}
 writer root       -> contracts/managers/SherlockProtocolManager.sol::SherlockProtocolManager.withdrawActiveBalance(bytes32,uint256)
 writer effect     -> contracts/managers/SherlockProtocolManager.sol:329
 written member    -> ('SV', 'contracts/managers/SherlockProtocolManager.sol', 'SherlockProtocolManager.lastClaimablePremiumsForStakers')
 potentially stale -> ('SV', 'contracts/managers/SherlockProtocolManager.sol', 'SherlockProtocolManager.allPremiumsPerSecToStakers'), ('SV', 'contracts/managers/SherlockProtocolManager.sol', 'SherlockProtocolManager.lastAccountedGlobal')
 reader witnesses  -> 23
 storage exposures -> 2
[MV-SI candidate e12d8b3e5e22b4f836a8] {activeBalances[$arg0], lastAccountedEachProtocol[$arg0], premiums_[$arg0]}
 writer root       -> contracts/managers/SherlockProtocolManager.sol::SherlockProtocolManager.forceRemoveBySecondsOfCoverage(bytes32)
 writer effect     -> contracts/managers/SherlockProtocolManager.sol:350
 written member    -> ('MS', 'contracts/managers/SherlockProtocolManager.sol', 'SherlockProtocolManager.lastAccountedEachProtocol', '$arg0')
 potentially stale -> ('MS', 'contracts/managers/SherlockProtocolManager.sol', 'SherlockProtocolManager.activeBalances', '$arg0'), ('MS', 'contracts/managers/SherlockProtocolManager.sol', 'SherlockProtocolManager.premiums_', '$arg0')
 reader witnesses  -> 252
 storage exposures -> 2
[MV-SI candidate e7965d6159985815af94] {activeBalances[$arg0], lastAccountedEachProtocol[$arg0], premiums_[$arg0]}
 writer root       -> contracts/managers/SherlockProtocolManager.sol::SherlockProtocolManager.protocolUpdate(bytes32,bytes32,uint256,uint256)
 writer effect     -> contracts/managers/SherlockProtocolManager.sol:345
 written member    -> ('MS', 'contracts/managers/SherlockProtocolManager.sol', 'SherlockProtocolManager.activeBalances', '$arg0')
 potentially stale -> ('MS', 'contracts/managers/SherlockProtocolManager.sol', 'SherlockProtocolManager.lastAccountedEachProtocol', '$arg0'), ('MS', 'contracts/managers/SherlockProtocolManager.sol', 'SherlockProtocolManager.premiums_', '$arg0')
 reader witnesses  -> 120
 storage exposures -> 2
[MV-SI candidate e85370392b3b833fdf6b] {activeBalances[$arg0], lastAccountedEachProtocol[$arg0], premiums_[$arg0]}
 writer root       -> contracts/managers/SherlockProtocolManager.sol::SherlockProtocolManager.setProtocolPremium(bytes32,uint256)
 writer effect     -> contracts/managers/SherlockProtocolManager.sol:345
 written member    -> ('MS', 'contracts/managers/SherlockProtocolManager.sol', 'SherlockProtocolManager.activeBalances', '$arg0')
 potentially stale -> ('MS', 'contracts/managers/SherlockProtocolManager.sol', 'SherlockProtocolManager.lastAccountedEachProtocol', '$arg0'), ('MS', 'contracts/managers/SherlockProtocolManager.sol', 'SherlockProtocolManager.premiums_', '$arg0')
 reader witnesses  -> 120
 storage exposures -> 2
[MV-SI candidate ea2e7e50db74a9f0ea5f] {activeBalances[$arg0], lastAccountedEachProtocol[$arg0], premiums_[$arg0]}
 writer root       -> contracts/managers/SherlockProtocolManager.sol::SherlockProtocolManager.protocolUpdate(bytes32,bytes32,uint256,uint256)
 writer effect     -> contracts/managers/SherlockProtocolManager.sol:350
 written member    -> ('MS', 'contracts/managers/SherlockProtocolManager.sol', 'SherlockProtocolManager.lastAccountedEachProtocol', '$arg0')
 potentially stale -> ('MS', 'contracts/managers/SherlockProtocolManager.sol', 'SherlockProtocolManager.activeBalances', '$arg0'), ('MS', 'contracts/managers/SherlockProtocolManager.sol', 'SherlockProtocolManager.premiums_', '$arg0')
 reader witnesses  -> 252
 storage exposures -> 2
[MV-SI candidate ee0f3ce2e26e68aba310] {allPremiumsPerSecToStakers, lastAccountedGlobal, lastClaimablePremiumsForStakers}
 writer root       -> contracts/test/SherlockProtocolManagerTest.sol::SherlockProtocolManagerTest.privateSettleTotalDebt()
 writer effect     -> contracts/managers/SherlockProtocolManager.sol:356
 written member    -> ('SV', 'contracts/managers/SherlockProtocolManager.sol', 'SherlockProtocolManager.lastClaimablePremiumsForStakers')
 potentially stale -> ('SV', 'contracts/managers/SherlockProtocolManager.sol', 'SherlockProtocolManager.allPremiumsPerSecToStakers'), ('SV', 'contracts/managers/SherlockProtocolManager.sol', 'SherlockProtocolManager.lastAccountedGlobal')
 reader witnesses  -> 2
 storage exposures -> 1
[MV-SI candidate f729030223bb3ff00f27] {lastAccountedEachProtocol[$arg0], premiums_[$arg0]}
 writer root       -> contracts/managers/SherlockProtocolManager.sol::SherlockProtocolManager.protocolRemove(bytes32)
 writer effect     -> contracts/managers/SherlockProtocolManager.sol:350
 written member    -> ('MS', 'contracts/managers/SherlockProtocolManager.sol', 'SherlockProtocolManager.lastAccountedEachProtocol', '$arg0')
 potentially stale -> ('MS', 'contracts/managers/SherlockProtocolManager.sol', 'SherlockProtocolManager.premiums_', '$arg0')
 reader witnesses  -> 34
 storage exposures -> 2
[MV-SI candidate f81d12b181bb7b958192] {allPremiumsPerSecToStakers, lastAccountedGlobal, lastClaimablePremiumsForStakers}
 writer root       -> contracts/managers/SherlockProtocolManager.sol::SherlockProtocolManager.nonStakersClaim(bytes32,uint256,address)
 writer effect     -> contracts/managers/SherlockProtocolManager.sol:329
 written member    -> ('SV', 'contracts/managers/SherlockProtocolManager.sol', 'SherlockProtocolManager.lastClaimablePremiumsForStakers')
 potentially stale -> ('SV', 'contracts/managers/SherlockProtocolManager.sol', 'SherlockProtocolManager.allPremiumsPerSecToStakers'), ('SV', 'contracts/managers/SherlockProtocolManager.sol', 'SherlockProtocolManager.lastAccountedGlobal')
 reader witnesses  -> 23
 storage exposures -> 2Reference: https://github.com/crytic/slither/wiki/Detector-Documentation
[mvscan-config] {"ATOMIC_GROUP": [], "DIVERGENCE_BUDGET": 1000, "ENABLE_BRANCH_GROUPS": false, "ENABLE_EXTERNAL_STATE": true, "ENABLE_MULTI_RETURN_GROUPS": true, "MAPPING_MODE": "precise", "MERGE_OVERLOADS": false, "MVSCAN_ABLATION": "no_branch_groups", "MVSCAN_CONTEXTUAL_KEYS": true, "MVSCAN_INCLUDE_SCALAR_WITNESSES": false, "MVSCAN_INTERFACE_DISPATCH": false, "MVSCAN_MAX_CONTEXTS_PER_OWNER_BLOCK": 128, "MVSCAN_MAX_DISPATCH_TARGETS": 16, "MVSCAN_REQUIRE_DISTINCT_OUTER_ROOTS": false, "MVSCAN_ROOT_CONTEXT_SINKS": false, "NOOP_WRITE_FILTER": true, "REQUIRE_SAME_SLOT_KEY": true, "SINK_TEST": "none", "USER_CALLABLE_ALWAYS": [], "USER_CALLABLE_DENY": []}
[mvscan-stage] icfg-built blocks=0 vars=0
[mvscan-stage] root-seeding-done eligible_exposures=0 seeded=0 multi_exposure_entry_blocks=0 collapsed_contextual_aliases=0 excluded_dependency=0 excluded_interface=14 excluded_library=0 excluded_abstract=0 missing_entry_point=0 missing_entry_block=0
[mvscan-pairs] call_target_digest=4f53cda18c2baa0c0354bb5f9a3ecbe5ed12ab4d8e11ba873c2f11161202b945 candidate_count=0 candidate_digest=4f53cda18c2baa0c0354bb5f9a3ecbe5ed12ab4d8e11ba873c2f11161202b945 context_instance_count=0 execution_context_digest=4f53cda18c2baa0c0354bb5f9a3ecbe5ed12ab4d8e11ba873c2f11161202b945 invalid_partial_write_filtered=0 must_full_relation_filtered=0 omitted_member_evidence_filtered=0 omitted_member_not_sensitive_filtered=0 owner_context_pairs=0 owner_context_pairs_considered=0 reader_witness_count=0 relation_context_incompatible=0 relation_digest=4f53cda18c2baa0c0354bb5f9a3ecbe5ed12ab4d8e11ba873c2f11161202b945 root_context_sink_filtered=0 same_outer_root_filtered=0 storage_context_mismatch=0
[mvscan-config] {"ATOMIC_GROUP": [], "DIVERGENCE_BUDGET": 1000, "ENABLE_BRANCH_GROUPS": false, "ENABLE_EXTERNAL_STATE": true, "ENABLE_MULTI_RETURN_GROUPS": true, "MAPPING_MODE": "precise", "MERGE_OVERLOADS": false, "MVSCAN_ABLATION": "no_branch_groups", "MVSCAN_CONTEXTUAL_KEYS": true, "MVSCAN_INCLUDE_SCALAR_WITNESSES": false, "MVSCAN_INTERFACE_DISPATCH": false, "MVSCAN_MAX_CONTEXTS_PER_OWNER_BLOCK": 128, "MVSCAN_MAX_DISPATCH_TARGETS": 16, "MVSCAN_REQUIRE_DISTINCT_OUTER_ROOTS": false, "MVSCAN_ROOT_CONTEXT_SINKS": false, "NOOP_WRITE_FILTER": true, "REQUIRE_SAME_SLOT_KEY": true, "SINK_TEST": "none", "USER_CALLABLE_ALWAYS": [], "USER_CALLABLE_DENY": []}
[mvscan-stage] icfg-built blocks=0 vars=0
[mvscan-stage] root-seeding-done eligible_exposures=0 seeded=0 multi_exposure_entry_blocks=0 collapsed_contextual_aliases=0 excluded_dependency=0 excluded_interface=1 excluded_library=0 excluded_abstract=0 missing_entry_point=0 missing_entry_block=0
[mvscan-pairs] call_target_digest=4f53cda18c2baa0c0354bb5f9a3ecbe5ed12ab4d8e11ba873c2f11161202b945 candidate_count=0 candidate_digest=4f53cda18c2baa0c0354bb5f9a3ecbe5ed12ab4d8e11ba873c2f11161202b945 context_instance_count=0 execution_context_digest=4f53cda18c2baa0c0354bb5f9a3ecbe5ed12ab4d8e11ba873c2f11161202b945 invalid_partial_write_filtered=0 must_full_relation_filtered=0 omitted_member_evidence_filtered=0 omitted_member_not_sensitive_filtered=0 owner_context_pairs=0 owner_context_pairs_considered=0 reader_witness_count=0 relation_context_incompatible=0 relation_digest=4f53cda18c2baa0c0354bb5f9a3ecbe5ed12ab4d8e11ba873c2f11161202b945 root_context_sink_filtered=0 same_outer_root_filtered=0 storage_context_mismatch=0
[mvscan-config] {"ATOMIC_GROUP": [], "DIVERGENCE_BUDGET": 1000, "ENABLE_BRANCH_GROUPS": false, "ENABLE_EXTERNAL_STATE": true, "ENABLE_MULTI_RETURN_GROUPS": true, "MAPPING_MODE": "precise", "MERGE_OVERLOADS": false, "MVSCAN_ABLATION": "no_branch_groups", "MVSCAN_CONTEXTUAL_KEYS": true, "MVSCAN_INCLUDE_SCALAR_WITNESSES": false, "MVSCAN_INTERFACE_DISPATCH": false, "MVSCAN_MAX_CONTEXTS_PER_OWNER_BLOCK": 128, "MVSCAN_MAX_DISPATCH_TARGETS": 16, "MVSCAN_REQUIRE_DISTINCT_OUTER_ROOTS": false, "MVSCAN_ROOT_CONTEXT_SINKS": false, "NOOP_WRITE_FILTER": true, "REQUIRE_SAME_SLOT_KEY": true, "SINK_TEST": "none", "USER_CALLABLE_ALWAYS": [], "USER_CALLABLE_DENY": []}
[mvscan-stage] icfg-built blocks=2 vars=0
[mvscan-stage] root-seeding-done eligible_exposures=1 seeded=1 multi_exposure_entry_blocks=0 collapsed_contextual_aliases=0 excluded_dependency=0 excluded_interface=0 excluded_library=0 excluded_abstract=0 missing_entry_point=0 missing_entry_block=0
[mvscan-pairs] call_target_digest=4f53cda18c2baa0c0354bb5f9a3ecbe5ed12ab4d8e11ba873c2f11161202b945 candidate_count=0 candidate_digest=4f53cda18c2baa0c0354bb5f9a3ecbe5ed12ab4d8e11ba873c2f11161202b945 context_instance_count=0 execution_context_digest=48951e9f6127861edeb10776491853130645153f42e8ca22663797ae1a56007c invalid_partial_write_filtered=0 must_full_relation_filtered=0 omitted_member_evidence_filtered=0 omitted_member_not_sensitive_filtered=0 owner_context_pairs=0 owner_context_pairs_considered=0 reader_witness_count=0 relation_context_incompatible=0 relation_digest=4f53cda18c2baa0c0354bb5f9a3ecbe5ed12ab4d8e11ba873c2f11161202b945 root_context_sink_filtered=0 same_outer_root_filtered=0 storage_context_mismatch=0
INFO:Slither:. analyzed (70 contracts with 1 detectors), 50 result(s) found
