Problem executing hardhat to fetch configuration, using defaults: [Errno 2] No such file or directory: 'hardhat'
[mvscan-config] {"ATOMIC_GROUP": [], "DIVERGENCE_BUDGET": 1000, "ENABLE_BRANCH_GROUPS": true, "ENABLE_EXTERNAL_STATE": true, "ENABLE_MULTI_RETURN_GROUPS": true, "MAPPING_MODE": "precise", "MERGE_OVERLOADS": false, "MVSCAN_ABLATION": "full", "MVSCAN_CONTEXTUAL_KEYS": false, "MVSCAN_INCLUDE_SCALAR_WITNESSES": false, "MVSCAN_INTERFACE_DISPATCH": false, "MVSCAN_MAX_CONTEXTS_PER_OWNER_BLOCK": 128, "MVSCAN_MAX_DISPATCH_TARGETS": 16, "MVSCAN_REQUIRE_DISTINCT_OUTER_ROOTS": false, "MVSCAN_ROOT_CONTEXT_SINKS": false, "NOOP_WRITE_FILTER": true, "REQUIRE_SAME_SLOT_KEY": true, "SINK_TEST": "none", "USER_CALLABLE_ALWAYS": [], "USER_CALLABLE_DENY": []}
[mvscan-stage] icfg-built blocks=11 vars=1
[mvscan-stage] root-seeding-done eligible_exposures=1 seeded=1 multi_exposure_entry_blocks=0 collapsed_contextual_aliases=0 excluded_dependency=0 excluded_interface=0 excluded_library=0 excluded_abstract=0 missing_entry_point=0 missing_entry_block=0
[mvscan-pairs] call_target_digest=1f313f9c99d7940b9ad4346b54cfbb559408853f93d1d5c7e8dcb3c288df428f candidate_count=0 candidate_digest=4f53cda18c2baa0c0354bb5f9a3ecbe5ed12ab4d8e11ba873c2f11161202b945 context_instance_count=0 execution_context_digest=71794e6d07a1a2bcef62a77887c5e1490363dcecd72dd82bb2534400c7bf58a4 invalid_partial_write_filtered=0 must_full_relation_filtered=0 omitted_member_evidence_filtered=0 omitted_member_not_sensitive_filtered=0 owner_context_pairs=0 owner_context_pairs_considered=0 reader_witness_count=0 relation_base_members_shadowed=0 relation_context_incompatible=0 relation_digest=4f53cda18c2baa0c0354bb5f9a3ecbe5ed12ab4d8e11ba873c2f11161202b945 relation_members_raw=2 relation_origins_rejected_unary_after_shadowing=2 relation_origins_seen=2 root_context_sink_filtered=0 same_outer_root_filtered=0 scalar_variables_skipped=1 storage_context_mismatch=0 variables_considered=1
[mvscan-config] {"ATOMIC_GROUP": [], "DIVERGENCE_BUDGET": 1000, "ENABLE_BRANCH_GROUPS": true, "ENABLE_EXTERNAL_STATE": true, "ENABLE_MULTI_RETURN_GROUPS": true, "MAPPING_MODE": "precise", "MERGE_OVERLOADS": false, "MVSCAN_ABLATION": "full", "MVSCAN_CONTEXTUAL_KEYS": false, "MVSCAN_INCLUDE_SCALAR_WITNESSES": false, "MVSCAN_INTERFACE_DISPATCH": false, "MVSCAN_MAX_CONTEXTS_PER_OWNER_BLOCK": 128, "MVSCAN_MAX_DISPATCH_TARGETS": 16, "MVSCAN_REQUIRE_DISTINCT_OUTER_ROOTS": false, "MVSCAN_ROOT_CONTEXT_SINKS": false, "NOOP_WRITE_FILTER": true, "REQUIRE_SAME_SLOT_KEY": true, "SINK_TEST": "none", "USER_CALLABLE_ALWAYS": [], "USER_CALLABLE_DENY": []}
[mvscan-stage] icfg-built blocks=2 vars=0
[mvscan-stage] root-seeding-done eligible_exposures=0 seeded=0 multi_exposure_entry_blocks=0 collapsed_contextual_aliases=0 excluded_dependency=0 excluded_interface=0 excluded_library=0 excluded_abstract=0 missing_entry_point=0 missing_entry_block=0
[mvscan-pairs] call_target_digest=4f53cda18c2baa0c0354bb5f9a3ecbe5ed12ab4d8e11ba873c2f11161202b945 candidate_count=0 candidate_digest=4f53cda18c2baa0c0354bb5f9a3ecbe5ed12ab4d8e11ba873c2f11161202b945 context_instance_count=0 execution_context_digest=4f53cda18c2baa0c0354bb5f9a3ecbe5ed12ab4d8e11ba873c2f11161202b945 invalid_partial_write_filtered=0 must_full_relation_filtered=0 omitted_member_evidence_filtered=0 omitted_member_not_sensitive_filtered=0 owner_context_pairs=0 owner_context_pairs_considered=0 reader_witness_count=0 relation_context_incompatible=0 relation_digest=4f53cda18c2baa0c0354bb5f9a3ecbe5ed12ab4d8e11ba873c2f11161202b945 root_context_sink_filtered=0 same_outer_root_filtered=0 storage_context_mismatch=0
[mvscan-config] {"ATOMIC_GROUP": [], "DIVERGENCE_BUDGET": 1000, "ENABLE_BRANCH_GROUPS": true, "ENABLE_EXTERNAL_STATE": true, "ENABLE_MULTI_RETURN_GROUPS": true, "MAPPING_MODE": "precise", "MERGE_OVERLOADS": false, "MVSCAN_ABLATION": "full", "MVSCAN_CONTEXTUAL_KEYS": false, "MVSCAN_INCLUDE_SCALAR_WITNESSES": false, "MVSCAN_INTERFACE_DISPATCH": false, "MVSCAN_MAX_CONTEXTS_PER_OWNER_BLOCK": 128, "MVSCAN_MAX_DISPATCH_TARGETS": 16, "MVSCAN_REQUIRE_DISTINCT_OUTER_ROOTS": false, "MVSCAN_ROOT_CONTEXT_SINKS": false, "NOOP_WRITE_FILTER": true, "REQUIRE_SAME_SLOT_KEY": true, "SINK_TEST": "none", "USER_CALLABLE_ALWAYS": [], "USER_CALLABLE_DENY": []}
[mvscan-stage] icfg-built blocks=2 vars=0
[mvscan-stage] root-seeding-done eligible_exposures=0 seeded=0 multi_exposure_entry_blocks=0 collapsed_contextual_aliases=0 excluded_dependency=0 excluded_interface=0 excluded_library=0 excluded_abstract=0 missing_entry_point=0 missing_entry_block=0
[mvscan-pairs] call_target_digest=4f53cda18c2baa0c0354bb5f9a3ecbe5ed12ab4d8e11ba873c2f11161202b945 candidate_count=0 candidate_digest=4f53cda18c2baa0c0354bb5f9a3ecbe5ed12ab4d8e11ba873c2f11161202b945 context_instance_count=0 execution_context_digest=4f53cda18c2baa0c0354bb5f9a3ecbe5ed12ab4d8e11ba873c2f11161202b945 invalid_partial_write_filtered=0 must_full_relation_filtered=0 omitted_member_evidence_filtered=0 omitted_member_not_sensitive_filtered=0 owner_context_pairs=0 owner_context_pairs_considered=0 reader_witness_count=0 relation_context_incompatible=0 relation_digest=4f53cda18c2baa0c0354bb5f9a3ecbe5ed12ab4d8e11ba873c2f11161202b945 root_context_sink_filtered=0 same_outer_root_filtered=0 storage_context_mismatch=0
[mvscan-config] {"ATOMIC_GROUP": [], "DIVERGENCE_BUDGET": 1000, "ENABLE_BRANCH_GROUPS": true, "ENABLE_EXTERNAL_STATE": true, "ENABLE_MULTI_RETURN_GROUPS": true, "MAPPING_MODE": "precise", "MERGE_OVERLOADS": false, "MVSCAN_ABLATION": "full", "MVSCAN_CONTEXTUAL_KEYS": false, "MVSCAN_INCLUDE_SCALAR_WITNESSES": false, "MVSCAN_INTERFACE_DISPATCH": false, "MVSCAN_MAX_CONTEXTS_PER_OWNER_BLOCK": 128, "MVSCAN_MAX_DISPATCH_TARGETS": 16, "MVSCAN_REQUIRE_DISTINCT_OUTER_ROOTS": false, "MVSCAN_ROOT_CONTEXT_SINKS": false, "NOOP_WRITE_FILTER": true, "REQUIRE_SAME_SLOT_KEY": true, "SINK_TEST": "none", "USER_CALLABLE_ALWAYS": [], "USER_CALLABLE_DENY": []}
[mvscan-stage] icfg-built blocks=6 vars=1
[mvscan-stage] root-seeding-done eligible_exposures=1 seeded=1 multi_exposure_entry_blocks=0 collapsed_contextual_aliases=0 excluded_dependency=0 excluded_interface=0 excluded_library=0 excluded_abstract=0 missing_entry_point=0 missing_entry_block=0
[mvscan-pairs] call_target_digest=b2cd3c1e9fb6bdb6196398e7672ba81c27fa9a3c6b68b2e469270c958b7e27ca candidate_count=0 candidate_digest=4f53cda18c2baa0c0354bb5f9a3ecbe5ed12ab4d8e11ba873c2f11161202b945 context_instance_count=0 execution_context_digest=b8ec1fe3cb7d92d4a3ca29c5a7610027d58e5c9c77f2ea9017f19a52cd6dcc8f invalid_partial_write_filtered=0 must_full_relation_filtered=0 omitted_member_evidence_filtered=0 omitted_member_not_sensitive_filtered=0 owner_context_pairs=0 owner_context_pairs_considered=0 reader_witness_count=0 relation_context_incompatible=0 relation_digest=4f53cda18c2baa0c0354bb5f9a3ecbe5ed12ab4d8e11ba873c2f11161202b945 relation_origins_rejected_unreachable=1 root_context_sink_filtered=0 same_outer_root_filtered=0 scalar_variables_skipped=1 storage_context_mismatch=0 variables_considered=1
[mvscan-config] {"ATOMIC_GROUP": [], "DIVERGENCE_BUDGET": 1000, "ENABLE_BRANCH_GROUPS": true, "ENABLE_EXTERNAL_STATE": true, "ENABLE_MULTI_RETURN_GROUPS": true, "MAPPING_MODE": "precise", "MERGE_OVERLOADS": false, "MVSCAN_ABLATION": "full", "MVSCAN_CONTEXTUAL_KEYS": false, "MVSCAN_INCLUDE_SCALAR_WITNESSES": false, "MVSCAN_INTERFACE_DISPATCH": false, "MVSCAN_MAX_CONTEXTS_PER_OWNER_BLOCK": 128, "MVSCAN_MAX_DISPATCH_TARGETS": 16, "MVSCAN_REQUIRE_DISTINCT_OUTER_ROOTS": false, "MVSCAN_ROOT_CONTEXT_SINKS": false, "NOOP_WRITE_FILTER": true, "REQUIRE_SAME_SLOT_KEY": true, "SINK_TEST": "none", "USER_CALLABLE_ALWAYS": [], "USER_CALLABLE_DENY": []}
[mvscan-stage] icfg-built blocks=119 vars=0
[mvscan-stage] root-seeding-done eligible_exposures=0 seeded=0 multi_exposure_entry_blocks=0 collapsed_contextual_aliases=0 excluded_dependency=0 excluded_interface=0 excluded_library=0 excluded_abstract=0 missing_entry_point=0 missing_entry_block=0
[mvscan-pairs] call_target_digest=d3ba2f4143a70047b3f4281959fdd8e183a64cd0157f049f2aa5bdb8dfa977cb candidate_count=0 candidate_digest=4f53cda18c2baa0c0354bb5f9a3ecbe5ed12ab4d8e11ba873c2f11161202b945 context_instance_count=0 execution_context_digest=4f53cda18c2baa0c0354bb5f9a3ecbe5ed12ab4d8e11ba873c2f11161202b945 invalid_partial_write_filtered=0 must_full_relation_filtered=0 omitted_member_evidence_filtered=0 omitted_member_not_sensitive_filtered=0 owner_context_pairs=0 owner_context_pairs_considered=0 reader_witness_count=0 relation_context_incompatible=0 relation_digest=4f53cda18c2baa0c0354bb5f9a3ecbe5ed12ab4d8e11ba873c2f11161202b945 root_context_sink_filtered=0 same_outer_root_filtered=0 storage_context_mismatch=0
[mvscan-config] {"ATOMIC_GROUP": [], "DIVERGENCE_BUDGET": 1000, "ENABLE_BRANCH_GROUPS": true, "ENABLE_EXTERNAL_STATE": true, "ENABLE_MULTI_RETURN_GROUPS": true, "MAPPING_MODE": "precise", "MERGE_OVERLOADS": false, "MVSCAN_ABLATION": "full", "MVSCAN_CONTEXTUAL_KEYS": false, "MVSCAN_INCLUDE_SCALAR_WITNESSES": false, "MVSCAN_INTERFACE_DISPATCH": false, "MVSCAN_MAX_CONTEXTS_PER_OWNER_BLOCK": 128, "MVSCAN_MAX_DISPATCH_TARGETS": 16, "MVSCAN_REQUIRE_DISTINCT_OUTER_ROOTS": false, "MVSCAN_ROOT_CONTEXT_SINKS": false, "NOOP_WRITE_FILTER": true, "REQUIRE_SAME_SLOT_KEY": true, "SINK_TEST": "none", "USER_CALLABLE_ALWAYS": [], "USER_CALLABLE_DENY": []}
[mvscan-stage] icfg-built blocks=4 vars=1
[mvscan-stage] root-seeding-done eligible_exposures=0 seeded=0 multi_exposure_entry_blocks=0 collapsed_contextual_aliases=0 excluded_dependency=0 excluded_interface=0 excluded_library=0 excluded_abstract=0 missing_entry_point=0 missing_entry_block=0
[mvscan-pairs] call_target_digest=4f53cda18c2baa0c0354bb5f9a3ecbe5ed12ab4d8e11ba873c2f11161202b945 candidate_count=0 candidate_digest=4f53cda18c2baa0c0354bb5f9a3ecbe5ed12ab4d8e11ba873c2f11161202b945 context_instance_count=0 execution_context_digest=4f53cda18c2baa0c0354bb5f9a3ecbe5ed12ab4d8e11ba873c2f11161202b945 invalid_partial_write_filtered=0 must_full_relation_filtered=0 omitted_member_evidence_filtered=0 omitted_member_not_sensitive_filtered=0 owner_context_pairs=0 owner_context_pairs_considered=0 reader_witness_count=0 relation_context_incompatible=0 relation_digest=4f53cda18c2baa0c0354bb5f9a3ecbe5ed12ab4d8e11ba873c2f11161202b945 relation_origins_rejected_unreachable=1 root_context_sink_filtered=0 same_outer_root_filtered=0 storage_context_mismatch=0
[mvscan-config] {"ATOMIC_GROUP": [], "DIVERGENCE_BUDGET": 1000, "ENABLE_BRANCH_GROUPS": true, "ENABLE_EXTERNAL_STATE": true, "ENABLE_MULTI_RETURN_GROUPS": true, "MAPPING_MODE": "precise", "MERGE_OVERLOADS": false, "MVSCAN_ABLATION": "full", "MVSCAN_CONTEXTUAL_KEYS": false, "MVSCAN_INCLUDE_SCALAR_WITNESSES": false, "MVSCAN_INTERFACE_DISPATCH": false, "MVSCAN_MAX_CONTEXTS_PER_OWNER_BLOCK": 128, "MVSCAN_MAX_DISPATCH_TARGETS": 16, "MVSCAN_REQUIRE_DISTINCT_OUTER_ROOTS": false, "MVSCAN_ROOT_CONTEXT_SINKS": false, "NOOP_WRITE_FILTER": true, "REQUIRE_SAME_SLOT_KEY": true, "SINK_TEST": "none", "USER_CALLABLE_ALWAYS": [], "USER_CALLABLE_DENY": []}
[mvscan-stage] icfg-built blocks=0 vars=0
[mvscan-stage] root-seeding-done eligible_exposures=0 seeded=0 multi_exposure_entry_blocks=0 collapsed_contextual_aliases=0 excluded_dependency=0 excluded_interface=0 excluded_library=0 excluded_abstract=0 missing_entry_point=0 missing_entry_block=0
[mvscan-pairs] call_target_digest=4f53cda18c2baa0c0354bb5f9a3ecbe5ed12ab4d8e11ba873c2f11161202b945 candidate_count=0 candidate_digest=4f53cda18c2baa0c0354bb5f9a3ecbe5ed12ab4d8e11ba873c2f11161202b945 context_instance_count=0 execution_context_digest=4f53cda18c2baa0c0354bb5f9a3ecbe5ed12ab4d8e11ba873c2f11161202b945 invalid_partial_write_filtered=0 must_full_relation_filtered=0 omitted_member_evidence_filtered=0 omitted_member_not_sensitive_filtered=0 owner_context_pairs=0 owner_context_pairs_considered=0 reader_witness_count=0 relation_context_incompatible=0 relation_digest=4f53cda18c2baa0c0354bb5f9a3ecbe5ed12ab4d8e11ba873c2f11161202b945 root_context_sink_filtered=0 same_outer_root_filtered=0 storage_context_mismatch=0
[mvscan-config] {"ATOMIC_GROUP": [], "DIVERGENCE_BUDGET": 1000, "ENABLE_BRANCH_GROUPS": true, "ENABLE_EXTERNAL_STATE": true, "ENABLE_MULTI_RETURN_GROUPS": true, "MAPPING_MODE": "precise", "MERGE_OVERLOADS": false, "MVSCAN_ABLATION": "full", "MVSCAN_CONTEXTUAL_KEYS": false, "MVSCAN_INCLUDE_SCALAR_WITNESSES": false, "MVSCAN_INTERFACE_DISPATCH": false, "MVSCAN_MAX_CONTEXTS_PER_OWNER_BLOCK": 128, "MVSCAN_MAX_DISPATCH_TARGETS": 16, "MVSCAN_REQUIRE_DISTINCT_OUTER_ROOTS": false, "MVSCAN_ROOT_CONTEXT_SINKS": false, "NOOP_WRITE_FILTER": true, "REQUIRE_SAME_SLOT_KEY": true, "SINK_TEST": "none", "USER_CALLABLE_ALWAYS": [], "USER_CALLABLE_DENY": []}
[mvscan-stage] icfg-built blocks=7 vars=1
[mvscan-stage] root-seeding-done eligible_exposures=1 seeded=1 multi_exposure_entry_blocks=0 collapsed_contextual_aliases=0 excluded_dependency=0 excluded_interface=0 excluded_library=0 excluded_abstract=0 missing_entry_point=0 missing_entry_block=0
[mvscan-pairs] call_target_digest=4f53cda18c2baa0c0354bb5f9a3ecbe5ed12ab4d8e11ba873c2f11161202b945 candidate_count=0 candidate_digest=4f53cda18c2baa0c0354bb5f9a3ecbe5ed12ab4d8e11ba873c2f11161202b945 context_instance_count=0 execution_context_digest=d2a17da6734f5b4de79f4d4217bfc5639b20031c292e76ffa1cd3e1d96054853 invalid_partial_write_filtered=0 must_full_relation_filtered=0 omitted_member_evidence_filtered=0 omitted_member_not_sensitive_filtered=0 owner_context_pairs=0 owner_context_pairs_considered=0 reader_witness_count=0 relation_context_incompatible=0 relation_digest=4f53cda18c2baa0c0354bb5f9a3ecbe5ed12ab4d8e11ba873c2f11161202b945 relation_origins_rejected_unreachable=1 root_context_sink_filtered=0 same_outer_root_filtered=0 scalar_variables_skipped=1 storage_context_mismatch=0 variables_considered=1
[mvscan-config] {"ATOMIC_GROUP": [], "DIVERGENCE_BUDGET": 1000, "ENABLE_BRANCH_GROUPS": true, "ENABLE_EXTERNAL_STATE": true, "ENABLE_MULTI_RETURN_GROUPS": true, "MAPPING_MODE": "precise", "MERGE_OVERLOADS": false, "MVSCAN_ABLATION": "full", "MVSCAN_CONTEXTUAL_KEYS": false, "MVSCAN_INCLUDE_SCALAR_WITNESSES": false, "MVSCAN_INTERFACE_DISPATCH": false, "MVSCAN_MAX_CONTEXTS_PER_OWNER_BLOCK": 128, "MVSCAN_MAX_DISPATCH_TARGETS": 16, "MVSCAN_REQUIRE_DISTINCT_OUTER_ROOTS": false, "MVSCAN_ROOT_CONTEXT_SINKS": false, "NOOP_WRITE_FILTER": true, "REQUIRE_SAME_SLOT_KEY": true, "SINK_TEST": "none", "USER_CALLABLE_ALWAYS": [], "USER_CALLABLE_DENY": []}
[mvscan-stage] icfg-built blocks=2 vars=1
[mvscan-stage] root-seeding-done eligible_exposures=1 seeded=1 multi_exposure_entry_blocks=0 collapsed_contextual_aliases=0 excluded_dependency=0 excluded_interface=0 excluded_library=0 excluded_abstract=0 missing_entry_point=0 missing_entry_block=0
[mvscan-pairs] call_target_digest=4f53cda18c2baa0c0354bb5f9a3ecbe5ed12ab4d8e11ba873c2f11161202b945 candidate_count=0 candidate_digest=4f53cda18c2baa0c0354bb5f9a3ecbe5ed12ab4d8e11ba873c2f11161202b945 context_instance_count=0 execution_context_digest=d754bccf36d35363c2379e6798c4236425b74c4f182999fc5ef517dfc6a97bb4 invalid_partial_write_filtered=0 must_full_relation_filtered=0 omitted_member_evidence_filtered=0 omitted_member_not_sensitive_filtered=0 owner_context_pairs=0 owner_context_pairs_considered=0 reader_witness_count=0 relation_context_incompatible=0 relation_digest=4f53cda18c2baa0c0354bb5f9a3ecbe5ed12ab4d8e11ba873c2f11161202b945 root_context_sink_filtered=0 same_outer_root_filtered=0 scalar_variables_skipped=1 storage_context_mismatch=0 variables_considered=1
[mvscan-config] {"ATOMIC_GROUP": [], "DIVERGENCE_BUDGET": 1000, "ENABLE_BRANCH_GROUPS": true, "ENABLE_EXTERNAL_STATE": true, "ENABLE_MULTI_RETURN_GROUPS": true, "MAPPING_MODE": "precise", "MERGE_OVERLOADS": false, "MVSCAN_ABLATION": "full", "MVSCAN_CONTEXTUAL_KEYS": false, "MVSCAN_INCLUDE_SCALAR_WITNESSES": false, "MVSCAN_INTERFACE_DISPATCH": false, "MVSCAN_MAX_CONTEXTS_PER_OWNER_BLOCK": 128, "MVSCAN_MAX_DISPATCH_TARGETS": 16, "MVSCAN_REQUIRE_DISTINCT_OUTER_ROOTS": false, "MVSCAN_ROOT_CONTEXT_SINKS": false, "NOOP_WRITE_FILTER": true, "REQUIRE_SAME_SLOT_KEY": true, "SINK_TEST": "none", "USER_CALLABLE_ALWAYS": [], "USER_CALLABLE_DENY": []}
[mvscan-stage] icfg-built blocks=4 vars=1
[mvscan-stage] root-seeding-done eligible_exposures=0 seeded=0 multi_exposure_entry_blocks=0 collapsed_contextual_aliases=0 excluded_dependency=0 excluded_interface=0 excluded_library=0 excluded_abstract=0 missing_entry_point=0 missing_entry_block=0
[mvscan-pairs] call_target_digest=4f53cda18c2baa0c0354bb5f9a3ecbe5ed12ab4d8e11ba873c2f11161202b945 candidate_count=0 candidate_digest=4f53cda18c2baa0c0354bb5f9a3ecbe5ed12ab4d8e11ba873c2f11161202b945 context_instance_count=0 execution_context_digest=4f53cda18c2baa0c0354bb5f9a3ecbe5ed12ab4d8e11ba873c2f11161202b945 invalid_partial_write_filtered=0 must_full_relation_filtered=0 omitted_member_evidence_filtered=0 omitted_member_not_sensitive_filtered=0 owner_context_pairs=0 owner_context_pairs_considered=0 reader_witness_count=0 relation_context_incompatible=0 relation_digest=4f53cda18c2baa0c0354bb5f9a3ecbe5ed12ab4d8e11ba873c2f11161202b945 relation_origins_rejected_unreachable=1 root_context_sink_filtered=0 same_outer_root_filtered=0 storage_context_mismatch=0
[mvscan-config] {"ATOMIC_GROUP": [], "DIVERGENCE_BUDGET": 1000, "ENABLE_BRANCH_GROUPS": true, "ENABLE_EXTERNAL_STATE": true, "ENABLE_MULTI_RETURN_GROUPS": true, "MAPPING_MODE": "precise", "MERGE_OVERLOADS": false, "MVSCAN_ABLATION": "full", "MVSCAN_CONTEXTUAL_KEYS": false, "MVSCAN_INCLUDE_SCALAR_WITNESSES": false, "MVSCAN_INTERFACE_DISPATCH": false, "MVSCAN_MAX_CONTEXTS_PER_OWNER_BLOCK": 128, "MVSCAN_MAX_DISPATCH_TARGETS": 16, "MVSCAN_REQUIRE_DISTINCT_OUTER_ROOTS": false, "MVSCAN_ROOT_CONTEXT_SINKS": false, "NOOP_WRITE_FILTER": true, "REQUIRE_SAME_SLOT_KEY": true, "SINK_TEST": "none", "USER_CALLABLE_ALWAYS": [], "USER_CALLABLE_DENY": []}
[mvscan-stage] icfg-built blocks=2820 vars=158
[mvscan-stage] root-seeding-done eligible_exposures=124 seeded=83 multi_exposure_entry_blocks=28 collapsed_contextual_aliases=41 excluded_dependency=0 excluded_interface=84 excluded_library=0 excluded_abstract=20 missing_entry_point=0 missing_entry_block=0
[mvscan-pairs] call_target_digest=b11d80ce03b4796baada06e1511c7c8bfc3e51db2434ae56a84360699c206e0d candidate_count=14 candidate_digest=aba9e41d432f197c8f898d53b906fcaea9b3ca79809e8432dce8f3578fae278a context_instance_count=185 eligible_readers=28 eligible_writers=10 execution_context_digest=7f28622f1fcba6db1689e1d25f56a3ee1e43535dd87c9c444390f0520b46efb2 insensitive_readers_filtered=43 invalid_partial_write_filtered=0 must_full_relation_filtered=0 omitted_member_evidence_filtered=0 omitted_member_not_sensitive_filtered=0 owner_context_pairs=243 owner_context_pairs_considered=570 raw_block_pairs=52 reader_witness_count=243 relation_base_members_shadowed=46 relation_context_incompatible=0 relation_digest=c56807a7b9fca380ece89779e52d5a0981539fbc9d5504670a2b52893864c54e relation_evidence_edges=22 relation_incompatible=28 relation_members_raw=149 relation_origins_registered=8 relation_origins_rejected_unary_after_shadowing=82 relation_origins_rejected_unreachable=59 relation_origins_seen=90 root_context_sink_filtered=0 same_outer_root_filtered=0 same_static_block_filtered=2 scalar_variables_skipped=42 storage_context_mismatch=327 variables_considered=50
INFO:Detectors:

[MV-SI candidate 0f8fd1d5804938e4b8a8] {operators[@local::contracts/registry/ENSRegistry.sol::ENSRegistry.authorised(bytes32)::LocalVariable::owner_1][$sender], records}
 writer root       -> contracts/registry/ENSRegistry.sol::ENSRegistry.setRecord(bytes32,address,address,uint64)
 writer effect     -> contracts/registry/ENSRegistry.sol:169
 written member    -> ('SV', 'contracts/registry/ENSRegistry.sol', 'ENSRegistry.records')
 potentially stale -> ('MS', 'contracts/registry/ENSRegistry.sol', 'ENSRegistry.operators', '@local::contracts/registry/ENSRegistry.sol::ENSRegistry.authorised(bytes32)::LocalVariable::owner_1][$sender')
 reader witnesses  -> 12
 storage exposures -> 2
[MV-SI candidate 1072e77530620011085e] {operators[@local::contracts/registry/ENSRegistry.sol::ENSRegistry.authorised(bytes32)::LocalVariable::owner_1][$sender], records}
 writer root       -> contracts/registry/ENSRegistry.sol::ENSRegistry.setRecord(bytes32,address,address,uint64)
 writer effect     -> contracts/registry/ENSRegistry.sol:174
 written member    -> ('SV', 'contracts/registry/ENSRegistry.sol', 'ENSRegistry.records')
 potentially stale -> ('MS', 'contracts/registry/ENSRegistry.sol', 'ENSRegistry.operators', '@local::contracts/registry/ENSRegistry.sol::ENSRegistry.authorised(bytes32)::LocalVariable::owner_1][$sender')
 reader witnesses  -> 12
 storage exposures -> 2
[MV-SI candidate 21b6aafce2c99ce221d3] {operators[@local::contracts/registry/ENSRegistry.sol::ENSRegistry.authorised(bytes32)::LocalVariable::owner_1][$sender], records}
 writer root       -> contracts/registry/ENSRegistry.sol::ENSRegistry.setSubnodeRecord(bytes32,bytes32,address,address,uint64)
 writer effect     -> contracts/registry/ENSRegistry.sol:164
 written member    -> ('SV', 'contracts/registry/ENSRegistry.sol', 'ENSRegistry.records')
 potentially stale -> ('MS', 'contracts/registry/ENSRegistry.sol', 'ENSRegistry.operators', '@local::contracts/registry/ENSRegistry.sol::ENSRegistry.authorised(bytes32)::LocalVariable::owner_1][$sender')
 reader witnesses  -> 12
 storage exposures -> 2
[MV-SI candidate 38f3069f352d04c10ba8] {operators[@local::contracts/registry/ENSRegistry.sol::ENSRegistry.authorised(bytes32)::LocalVariable::owner_1][$sender], records}
 writer root       -> contracts/registry/ENSRegistry.sol::ENSRegistry.setSubnodeRecord(bytes32,bytes32,address,address,uint64)
 writer effect     -> contracts/registry/ENSRegistry.sol:174
 written member    -> ('SV', 'contracts/registry/ENSRegistry.sol', 'ENSRegistry.records')
 potentially stale -> ('MS', 'contracts/registry/ENSRegistry.sol', 'ENSRegistry.operators', '@local::contracts/registry/ENSRegistry.sol::ENSRegistry.authorised(bytes32)::LocalVariable::owner_1][$sender')
 reader witnesses  -> 12
 storage exposures -> 2
[MV-SI candidate 4f645020c52304887567] {operators[@local::contracts/registry/ENSRegistry.sol::ENSRegistry.authorised(bytes32)::LocalVariable::owner_1][$sender], records}
 writer root       -> contracts/registry/ENSRegistry.sol::ENSRegistry.setSubnodeRecord(bytes32,bytes32,address,address,uint64)
 writer effect     -> contracts/registry/ENSRegistry.sol:169
 written member    -> ('SV', 'contracts/registry/ENSRegistry.sol', 'ENSRegistry.records')
 potentially stale -> ('MS', 'contracts/registry/ENSRegistry.sol', 'ENSRegistry.operators', '@local::contracts/registry/ENSRegistry.sol::ENSRegistry.authorised(bytes32)::LocalVariable::owner_1][$sender')
 reader witnesses  -> 12
 storage exposures -> 2
[MV-SI candidate 59478509e342915696d9] {operators[@local::contracts/registry/ENSRegistry.sol::ENSRegistry.authorised(bytes32)::LocalVariable::owner_1][$sender], records}
 writer root       -> contracts/registry/ENSRegistry.sol::ENSRegistry.setOwner(bytes32,address)
 writer effect     -> contracts/registry/ENSRegistry.sol:164
 written member    -> ('SV', 'contracts/registry/ENSRegistry.sol', 'ENSRegistry.records')
 potentially stale -> ('MS', 'contracts/registry/ENSRegistry.sol', 'ENSRegistry.operators', '@local::contracts/registry/ENSRegistry.sol::ENSRegistry.authorised(bytes32)::LocalVariable::owner_1][$sender')
 reader witnesses  -> 12
 storage exposures -> 2
[MV-SI candidate 6473a6bb7a9505cddb39] {operators[@local::contracts/registry/ENSRegistry.sol::ENSRegistry.authorised(bytes32)::LocalVariable::owner_1][$sender], records}
 writer root       -> contracts/registry/ENSRegistry.sol::ENSRegistry.setSubnodeOwner(bytes32,bytes32,address)
 writer effect     -> contracts/registry/ENSRegistry.sol:164
 written member    -> ('SV', 'contracts/registry/ENSRegistry.sol', 'ENSRegistry.records')
 potentially stale -> ('MS', 'contracts/registry/ENSRegistry.sol', 'ENSRegistry.operators', '@local::contracts/registry/ENSRegistry.sol::ENSRegistry.authorised(bytes32)::LocalVariable::owner_1][$sender')
 reader witnesses  -> 12
 storage exposures -> 2
[MV-SI candidate 6491b229aba14c1da2b9] {_operatorApprovals[$arg0][$arg1], _owners[$arg0], _tokenApprovals[$arg0]}
 writer root       -> @openzeppelin/contracts/token/ERC721/ERC721.sol::ERC721.setApprovalForAll(address,bool)
 writer effect     -> @openzeppelin/contracts/token/ERC721/ERC721.sol:374
 written member    -> ('MS', '@openzeppelin/contracts/token/ERC721/ERC721.sol', 'ERC721._operatorApprovals', '$arg0][$arg1')
 potentially stale -> ('MS', '@openzeppelin/contracts/token/ERC721/ERC721.sol', 'ERC721._owners', '$arg0'), ('MS', '@openzeppelin/contracts/token/ERC721/ERC721.sol', 'ERC721._tokenApprovals', '$arg0')
 reader witnesses  -> 87
 storage exposures -> 2
[MV-SI candidate a364ca275f25b6c61cbb] {operators[@local::contracts/registry/ENSRegistry.sol::ENSRegistry.authorised(bytes32)::LocalVariable::owner_1][$sender], records}
 writer root       -> contracts/registry/ENSRegistry.sol::ENSRegistry.setResolver(bytes32,address)
 writer effect     -> contracts/registry/ENSRegistry.sol:88
 written member    -> ('SV', 'contracts/registry/ENSRegistry.sol', 'ENSRegistry.records')
 potentially stale -> ('MS', 'contracts/registry/ENSRegistry.sol', 'ENSRegistry.operators', '@local::contracts/registry/ENSRegistry.sol::ENSRegistry.authorised(bytes32)::LocalVariable::owner_1][$sender')
 reader witnesses  -> 12
 storage exposures -> 2
[MV-SI candidate a98ce6f2f46c593bb987] {_owner, controllers[$sender]}
 writer root       -> @openzeppelin/contracts/access/Ownable.sol::Ownable.transferOwnership(address)
 writer effect     -> @openzeppelin/contracts/access/Ownable.sol:73
 written member    -> ('SV', '@openzeppelin/contracts/access/Ownable.sol', 'Ownable._owner')
 potentially stale -> ('MS', 'contracts/root/Controllable.sol', 'Controllable.controllers', '$sender')
 reader witnesses  -> 7
 storage exposures -> 2
[MV-SI candidate aedfa865ffaef7b7f07a] {operators[@local::contracts/registry/ENSRegistry.sol::ENSRegistry.authorised(bytes32)::LocalVariable::owner_1][$sender], records}
 writer root       -> contracts/registry/ENSRegistry.sol::ENSRegistry.setTTL(bytes32,uint64)
 writer effect     -> contracts/registry/ENSRegistry.sol:98
 written member    -> ('SV', 'contracts/registry/ENSRegistry.sol', 'ENSRegistry.records')
 potentially stale -> ('MS', 'contracts/registry/ENSRegistry.sol', 'ENSRegistry.operators', '@local::contracts/registry/ENSRegistry.sol::ENSRegistry.authorised(bytes32)::LocalVariable::owner_1][$sender')
 reader witnesses  -> 12
 storage exposures -> 2
[MV-SI candidate ed798f279c6715dba5a2] {operators[@local::contracts/registry/ENSRegistry.sol::ENSRegistry.authorised(bytes32)::LocalVariable::owner_1][$sender], records}
 writer root       -> contracts/registry/ENSRegistry.sol::ENSRegistry.setRecord(bytes32,address,address,uint64)
 writer effect     -> contracts/registry/ENSRegistry.sol:164
 written member    -> ('SV', 'contracts/registry/ENSRegistry.sol', 'ENSRegistry.records')
 potentially stale -> ('MS', 'contracts/registry/ENSRegistry.sol', 'ENSRegistry.operators', '@local::contracts/registry/ENSRegistry.sol::ENSRegistry.authorised(bytes32)::LocalVariable::owner_1][$sender')
 reader witnesses  -> 12
 storage exposures -> 2
[MV-SI candidate f59ec0df32e4d6e08491] {_operatorApprovals[$arg0][$arg1], _owners[$arg0]}
 writer root       -> @openzeppelin/contracts/token/ERC721/ERC721.sol::ERC721.setApprovalForAll(address,bool)
 writer effect     -> @openzeppelin/contracts/token/ERC721/ERC721.sol:374
 written member    -> ('MS', '@openzeppelin/contracts/token/ERC721/ERC721.sol', 'ERC721._operatorApprovals', '$arg0][$arg1')
 potentially stale -> ('MS', '@openzeppelin/contracts/token/ERC721/ERC721.sol', 'ERC721._owners', '$arg0')
 reader witnesses  -> 22
 storage exposures -> 2
[MV-SI candidate fc54ed21683ef07b9f2f] {_owner, controllers[$sender]}
 writer root       -> @openzeppelin/contracts/access/Ownable.sol::Ownable.renounceOwnership()
 writer effect     -> @openzeppelin/contracts/access/Ownable.sol:73
 written member    -> ('SV', '@openzeppelin/contracts/access/Ownable.sol', 'Ownable._owner')
 potentially stale -> ('MS', 'contracts/root/Controllable.sol', 'Controllable.controllers', '$sender')
 reader witnesses  -> 7
 storage exposures -> 2Reference: https://github.com/crytic/slither/wiki/Detector-Documentation
INFO:Slither:. analyzed (109 contracts with 1 detectors), 14 result(s) found
