'/tmp/.svm/0.8.12/solc-0.8.12 --version' running
'solc --standard-json --allow-paths /tmp/analysis-input' running
Warning: Warning: Contract code size is 32100 bytes and exceeds 24576 bytes (a limit introduced in Spurious Dragon). This contract may not be deployable on mainnet. Consider enabling the optimizer (with a low "runs" value!), turning off revert strings, or using libraries.
  --> src/StakedCitadel.sol:59:1:
   |
59 | contract StakedCitadel is
   | ^ (Relevant source part starts here and spans across multiple lines).



[mvscan-config] {"ATOMIC_GROUP": [], "DIVERGENCE_BUDGET": 1000, "ENABLE_BRANCH_GROUPS": false, "ENABLE_EXTERNAL_STATE": true, "ENABLE_MULTI_RETURN_GROUPS": true, "MAPPING_MODE": "precise", "MERGE_OVERLOADS": false, "MVSCAN_ABLATION": "no_branch_groups", "MVSCAN_CONTEXTUAL_KEYS": true, "MVSCAN_INCLUDE_SCALAR_WITNESSES": false, "MVSCAN_INTERFACE_DISPATCH": false, "MVSCAN_MAX_CONTEXTS_PER_OWNER_BLOCK": 128, "MVSCAN_MAX_DISPATCH_TARGETS": 16, "MVSCAN_REQUIRE_DISTINCT_OUTER_ROOTS": false, "MVSCAN_ROOT_CONTEXT_SINKS": false, "NOOP_WRITE_FILTER": true, "REQUIRE_SAME_SLOT_KEY": true, "SINK_TEST": "none", "USER_CALLABLE_ALWAYS": [], "USER_CALLABLE_DENY": []}
[mvscan-stage] icfg-built blocks=1775 vars=134
[mvscan-stage] root-seeding-done eligible_exposures=120 seeded=89 multi_exposure_entry_blocks=11 collapsed_contextual_aliases=31 excluded_dependency=0 excluded_interface=63 excluded_library=0 excluded_abstract=6 missing_entry_point=0 missing_entry_block=0
[mvscan-pairs] call_target_digest=2f619a533fee58fc8501466ab68ef79929168d49782b5c681eb11e229f43219e candidate_count=18 candidate_digest=2e63c207e488d0e9048eebdef985b19c122090b7e875d68324709ef85ef069d3 context_instance_count=71 eligible_readers=15 eligible_writers=20 execution_context_digest=0e6afc29422553ffa355c0b95d9f79dee98668d13c313840553106e477397309 insensitive_readers_filtered=27 invalid_partial_write_filtered=0 must_full_relation_filtered=2 omitted_member_evidence_filtered=0 omitted_member_not_sensitive_filtered=0 owner_context_pairs=71 owner_context_pairs_considered=126 raw_block_pairs=128 reader_witness_count=71 relation_base_members_shadowed=0 relation_context_incompatible=53 relation_digest=1cbbe3c77727a84399d4c2ab8c284d398da4fa1e7ae2309c7f2388154eb9b325 relation_members_raw=27 relation_origins_registered=6 relation_origins_rejected_unary_after_shadowing=9 relation_origins_rejected_unreachable=14 relation_origins_seen=15 root_context_sink_filtered=0 same_outer_root_filtered=0 same_static_block_filtered=2 scalar_variables_skipped=88 storage_context_mismatch=0 variables_considered=94
INFO:Detectors:

[MV-SI candidate 0f7e35d40a44a70770df] {assetDecimalsNormalizationValue, citadelPriceInAsset, funding}
 writer root       -> src/Funding.sol::Funding.initialize(address,address,address,address,address,address,uint256)
 writer effect     -> src/Funding.sol:132
 written member    -> ('SV', 'src/Funding.sol', 'Funding.funding')
 potentially stale -> ('SV', 'src/Funding.sol', 'Funding.assetDecimalsNormalizationValue'), ('SV', 'src/Funding.sol', 'Funding.citadelPriceInAsset')
 reader witnesses  -> 2
 storage exposures -> 1
[MV-SI candidate 186beec5835def2082c4] {saleDuration, saleStart, tokenInLimit, totalTokenIn}
 writer root       -> src/KnightingRound.sol::KnightingRound.setSaleDuration(uint256)
 writer effect     -> src/KnightingRound.sol:318
 written member    -> ('SV', 'src/KnightingRound.sol', 'KnightingRound.saleDuration')
 potentially stale -> ('SV', 'src/KnightingRound.sol', 'KnightingRound.saleStart'), ('SV', 'src/KnightingRound.sol', 'KnightingRound.tokenInLimit'), ('SV', 'src/KnightingRound.sol', 'KnightingRound.totalTokenIn')
 reader witnesses  -> 5
 storage exposures -> 1
[MV-SI candidate 2ffdf8b8eb511a10bc95] {tokenInNormalizationValue, tokenOutPrice}
 writer root       -> src/KnightingRound.sol::KnightingRound.setTokenOutPrice(uint256)
 writer effect     -> src/KnightingRound.sol:336
 written member    -> ('SV', 'src/KnightingRound.sol', 'KnightingRound.tokenOutPrice')
 potentially stale -> ('SV', 'src/KnightingRound.sol', 'KnightingRound.tokenInNormalizationValue')
 reader witnesses  -> 1
 storage exposures -> 1
[MV-SI candidate 31c8e6249601594cadae] {assetDecimalsNormalizationValue, citadelPriceInAsset, funding}
 writer root       -> src/Funding.sol::Funding.setAssetCap(uint256)
 writer effect     -> src/Funding.sol:300
 written member    -> ('SV', 'src/Funding.sol', 'Funding.funding')
 potentially stale -> ('SV', 'src/Funding.sol', 'Funding.assetDecimalsNormalizationValue'), ('SV', 'src/Funding.sol', 'Funding.citadelPriceInAsset')
 reader witnesses  -> 2
 storage exposures -> 1
[MV-SI candidate 39ece79f4f2bbf6bad40] {assetDecimalsNormalizationValue, citadelPriceInAsset, funding}
 writer root       -> src/Funding.sol::Funding.initialize(address,address,address,address,address,address,uint256)
 writer effect     -> src/Funding.sol:134
 written member    -> ('SV', 'src/Funding.sol', 'Funding.assetDecimalsNormalizationValue')
 potentially stale -> ('SV', 'src/Funding.sol', 'Funding.citadelPriceInAsset'), ('SV', 'src/Funding.sol', 'Funding.funding')
 reader witnesses  -> 8
 storage exposures -> 1
[MV-SI candidate 47146f0a006e8e231dea] {assetDecimalsNormalizationValue, citadelPriceInAsset, funding}
 writer root       -> src/Funding.sol::Funding.setDiscount(uint256)
 writer effect     -> src/Funding.sol:273
 written member    -> ('SV', 'src/Funding.sol', 'Funding.funding')
 potentially stale -> ('SV', 'src/Funding.sol', 'Funding.assetDecimalsNormalizationValue'), ('SV', 'src/Funding.sol', 'Funding.citadelPriceInAsset')
 reader witnesses  -> 2
 storage exposures -> 1
[MV-SI candidate 539fe8718b533f4a75c5] {assetDecimalsNormalizationValue, citadelPriceInAsset, funding}
 writer root       -> src/Funding.sol::Funding.setDiscountLimits(uint256,uint256)
 writer effect     -> src/Funding.sol:363
 written member    -> ('SV', 'src/Funding.sol', 'Funding.funding')
 potentially stale -> ('SV', 'src/Funding.sol', 'Funding.assetDecimalsNormalizationValue'), ('SV', 'src/Funding.sol', 'Funding.citadelPriceInAsset')
 reader witnesses  -> 2
 storage exposures -> 1
[MV-SI candidate 56d0a61f3885eb19b26e] {saleDuration, saleStart, tokenInLimit, totalTokenIn}
 writer root       -> src/KnightingRound.sol::KnightingRound.initialize(address,address,address,uint256,uint256,uint256,address,address,uint256)
 writer effect     -> src/KnightingRound.sol:141
 written member    -> ('SV', 'src/KnightingRound.sol', 'KnightingRound.saleStart')
 potentially stale -> ('SV', 'src/KnightingRound.sol', 'KnightingRound.saleDuration'), ('SV', 'src/KnightingRound.sol', 'KnightingRound.tokenInLimit'), ('SV', 'src/KnightingRound.sol', 'KnightingRound.totalTokenIn')
 reader witnesses  -> 4
 storage exposures -> 1
[MV-SI candidate 5d536cf46fa734a6c21f] {saleDuration, saleStart, tokenInLimit, totalTokenIn}
 writer root       -> src/KnightingRound.sol::KnightingRound.buy(uint256,uint8,bytes32[])
 writer effect     -> src/KnightingRound.sol:198
 written member    -> ('SV', 'src/KnightingRound.sol', 'KnightingRound.totalTokenIn')
 potentially stale -> ('SV', 'src/KnightingRound.sol', 'KnightingRound.saleDuration'), ('SV', 'src/KnightingRound.sol', 'KnightingRound.saleStart'), ('SV', 'src/KnightingRound.sol', 'KnightingRound.tokenInLimit')
 reader witnesses  -> 4
 storage exposures -> 1
[MV-SI candidate 642eb05195a975599bb5] {assetDecimalsNormalizationValue, citadelPriceInAsset, funding}
 writer root       -> src/Funding.sol::Funding.updateCitadelPriceInAsset()
 writer effect     -> src/Funding.sol:438
 written member    -> ('SV', 'src/Funding.sol', 'Funding.citadelPriceInAsset')
 potentially stale -> ('SV', 'src/Funding.sol', 'Funding.assetDecimalsNormalizationValue'), ('SV', 'src/Funding.sol', 'Funding.funding')
 reader witnesses  -> 8
 storage exposures -> 1
[MV-SI candidate 73c0c6a6223e2533b300] {saleDuration, saleStart, tokenInLimit, totalTokenIn}
 writer root       -> src/KnightingRound.sol::KnightingRound.initialize(address,address,address,uint256,uint256,uint256,address,address,uint256)
 writer effect     -> src/KnightingRound.sol:142
 written member    -> ('SV', 'src/KnightingRound.sol', 'KnightingRound.saleDuration')
 potentially stale -> ('SV', 'src/KnightingRound.sol', 'KnightingRound.saleStart'), ('SV', 'src/KnightingRound.sol', 'KnightingRound.tokenInLimit'), ('SV', 'src/KnightingRound.sol', 'KnightingRound.totalTokenIn')
 reader witnesses  -> 5
 storage exposures -> 1
[MV-SI candidate 80b9dc0c04eaaa96ed1b] {assetDecimalsNormalizationValue, citadelPriceInAsset, funding}
 writer root       -> src/Funding.sol::Funding.setDiscountManager(address)
 writer effect     -> src/Funding.sol:378
 written member    -> ('SV', 'src/Funding.sol', 'Funding.funding')
 potentially stale -> ('SV', 'src/Funding.sol', 'Funding.assetDecimalsNormalizationValue'), ('SV', 'src/Funding.sol', 'Funding.citadelPriceInAsset')
 reader witnesses  -> 2
 storage exposures -> 1
[MV-SI candidate 987f6f387e5089357f8c] {assetDecimalsNormalizationValue, citadelPriceInAsset, funding}
 writer root       -> src/Funding.sol::Funding.updateCitadelPriceInAsset(uint256)
 writer effect     -> src/Funding.sol:465
 written member    -> ('SV', 'src/Funding.sol', 'Funding.citadelPriceInAsset')
 potentially stale -> ('SV', 'src/Funding.sol', 'Funding.assetDecimalsNormalizationValue'), ('SV', 'src/Funding.sol', 'Funding.funding')
 reader witnesses  -> 8
 storage exposures -> 1
[MV-SI candidate af3342562d813681c6f2] {saleDuration, saleStart, tokenInLimit, totalTokenIn}
 writer root       -> src/KnightingRound.sol::KnightingRound.setSaleStart(uint256)
 writer effect     -> src/KnightingRound.sol:299
 written member    -> ('SV', 'src/KnightingRound.sol', 'KnightingRound.saleStart')
 potentially stale -> ('SV', 'src/KnightingRound.sol', 'KnightingRound.saleDuration'), ('SV', 'src/KnightingRound.sol', 'KnightingRound.tokenInLimit'), ('SV', 'src/KnightingRound.sol', 'KnightingRound.totalTokenIn')
 reader witnesses  -> 4
 storage exposures -> 1
[MV-SI candidate dba8a719cbbcda571faf] {assetDecimalsNormalizationValue, citadelPriceInAsset, funding}
 writer root       -> src/Funding.sol::Funding.setDiscountLimits(uint256,uint256)
 writer effect     -> src/Funding.sol:362
 written member    -> ('SV', 'src/Funding.sol', 'Funding.funding')
 potentially stale -> ('SV', 'src/Funding.sol', 'Funding.assetDecimalsNormalizationValue'), ('SV', 'src/Funding.sol', 'Funding.citadelPriceInAsset')
 reader witnesses  -> 2
 storage exposures -> 1
[MV-SI candidate de15ed0a4512ac37ee2f] {assetDecimalsNormalizationValue, citadelPriceInAsset, funding}
 writer root       -> src/Funding.sol::Funding.deposit(uint256,uint256)
 writer effect     -> src/Funding.sol:175
 written member    -> ('SV', 'src/Funding.sol', 'Funding.funding')
 potentially stale -> ('SV', 'src/Funding.sol', 'Funding.assetDecimalsNormalizationValue'), ('SV', 'src/Funding.sol', 'Funding.citadelPriceInAsset')
 reader witnesses  -> 2
 storage exposures -> 1
[MV-SI candidate eddc2d062eb68ee2b805] {saleDuration, saleStart, tokenInLimit, totalTokenIn}
 writer root       -> src/KnightingRound.sol::KnightingRound.initialize(address,address,address,uint256,uint256,uint256,address,address,uint256)
 writer effect     -> src/KnightingRound.sol:146
 written member    -> ('SV', 'src/KnightingRound.sol', 'KnightingRound.tokenInLimit')
 potentially stale -> ('SV', 'src/KnightingRound.sol', 'KnightingRound.saleDuration'), ('SV', 'src/KnightingRound.sol', 'KnightingRound.saleStart'), ('SV', 'src/KnightingRound.sol', 'KnightingRound.totalTokenIn')
 reader witnesses  -> 5
 storage exposures -> 1
[MV-SI candidate f759c6e66e586a825b99] {saleDuration, saleStart, tokenInLimit, totalTokenIn}
 writer root       -> src/KnightingRound.sol::KnightingRound.setTokenInLimit(uint256)
 writer effect     -> src/KnightingRound.sol:386
 written member    -> ('SV', 'src/KnightingRound.sol', 'KnightingRound.tokenInLimit')
 potentially stale -> ('SV', 'src/KnightingRound.sol', 'KnightingRound.saleDuration'), ('SV', 'src/KnightingRound.sol', 'KnightingRound.saleStart'), ('SV', 'src/KnightingRound.sol', 'KnightingRound.totalTokenIn')
 reader witnesses  -> 5
 storage exposures -> 1Reference: https://github.com/crytic/slither/wiki/Detector-Documentation
INFO:Slither:mvscan-standard-input.json analyzed (51 contracts with 1 detectors), 18 result(s) found
