Problem executing hardhat to fetch configuration, using defaults: [Errno 2] No such file or directory: 'hardhat'
[mvscan-config] {"ATOMIC_GROUP": [], "DIVERGENCE_BUDGET": 1000, "ENABLE_BRANCH_GROUPS": true, "ENABLE_EXTERNAL_STATE": true, "ENABLE_MULTI_RETURN_GROUPS": true, "MAPPING_MODE": "base_collapsed", "MERGE_OVERLOADS": false, "MVSCAN_ABLATION": "mapping_insensitive", "MVSCAN_CONTEXTUAL_KEYS": true, "MVSCAN_INCLUDE_SCALAR_WITNESSES": false, "MVSCAN_INTERFACE_DISPATCH": false, "MVSCAN_MAX_CONTEXTS_PER_OWNER_BLOCK": 128, "MVSCAN_MAX_DISPATCH_TARGETS": 16, "MVSCAN_REQUIRE_DISTINCT_OUTER_ROOTS": false, "MVSCAN_ROOT_CONTEXT_SINKS": false, "NOOP_WRITE_FILTER": true, "REQUIRE_SAME_SLOT_KEY": false, "SINK_TEST": "none", "USER_CALLABLE_ALWAYS": [], "USER_CALLABLE_DENY": []}
[mvscan-stage] icfg-built blocks=2680 vars=167
[mvscan-stage] root-seeding-done eligible_exposures=231 seeded=112 multi_exposure_entry_blocks=35 collapsed_contextual_aliases=119 excluded_dependency=0 excluded_interface=167 excluded_library=0 excluded_abstract=16 missing_entry_point=0 missing_entry_block=0
[mvscan-pairs] call_target_digest=5f544f27739961583506226394516c5bd3362fb03cb20c478078cbaee0a0a3bf candidate_count=24 candidate_digest=750a08a793a0a58d1200219054821bf65520091b313a0afe4654f1ce3a65132a context_instance_count=240 eligible_readers=26 eligible_writers=25 execution_context_digest=ce088c67a8918177bcf04cf8f32a13c6dd83250b7f61f706742dbeac0ed9f230 insensitive_readers_filtered=54 invalid_partial_write_filtered=0 must_full_relation_filtered=0 omitted_member_evidence_filtered=0 omitted_member_not_sensitive_filtered=0 owner_context_pairs=574 owner_context_pairs_considered=1796 raw_block_pairs=111 reader_witness_count=574 relation_base_members_shadowed=0 relation_context_incompatible=353 relation_digest=1750fb2eb91354b9b44c153ed72a60e141b1267d9ee2511c6e50c8c5631ee927 relation_members_raw=123 relation_origins_registered=6 relation_origins_rejected_unary_after_shadowing=108 relation_origins_rejected_unreachable=56 relation_origins_seen=114 root_context_sink_filtered=0 same_outer_root_filtered=0 same_static_block_filtered=4 scalar_variables_skipped=68 storage_context_mismatch=869 variables_considered=74
INFO:Detectors:

[MV-SI candidate 005bc42937049e9f063c] {_pendingTokenWhitelistAdd, _tokenEverAdded}
 writer root       -> contracts/ProtocolGovernance.sol::ProtocolGovernance.commitTokenWhitelistAdd()
 writer effect     -> contracts/ProtocolGovernance.sol:214
 written member    -> ('SV', 'contracts/ProtocolGovernance.sol', 'ProtocolGovernance._tokenEverAdded')
 potentially stale -> ('SV', 'contracts/ProtocolGovernance.sol', 'ProtocolGovernance._pendingTokenWhitelistAdd')
 reader witnesses  -> 5
 storage exposures -> 1
[MV-SI candidate 0260ec55d080d2392588] {_pendingTokenWhitelistAdd, _tokensAllowed}
 writer root       -> contracts/ProtocolGovernance.sol::ProtocolGovernance.commitTokenWhitelistAdd()
 writer effect     -> contracts/ProtocolGovernance.sol:222
 written member    -> ('SV', 'contracts/ProtocolGovernance.sol', 'ProtocolGovernance._pendingTokenWhitelistAdd')
 potentially stale -> ('SV', 'contracts/ProtocolGovernance.sol', 'ProtocolGovernance._tokensAllowed')
 reader witnesses  -> 1
 storage exposures -> 1
[MV-SI candidate 0639be89369be631a816] {_operatorApprovals, _owners}
 writer root       -> contracts/VaultRegistry.sol::VaultRegistry.registerVault(address,address)
 writer effect     -> @openzeppelin/contracts/token/ERC721/ERC721.sol:287
 written member    -> ('SV', '@openzeppelin/contracts/token/ERC721/ERC721.sol', 'ERC721._owners')
 potentially stale -> ('SV', '@openzeppelin/contracts/token/ERC721/ERC721.sol', 'ERC721._operatorApprovals')
 reader witnesses  -> 4
 storage exposures -> 1
[MV-SI candidate 13589f195ea7eca99d18] {_operatorApprovals, _owners}
 writer root       -> @openzeppelin/contracts/token/ERC721/ERC721.sol::ERC721.safeTransferFrom(address,address,uint256,bytes)
 writer effect     -> @openzeppelin/contracts/token/ERC721/ERC721.sol:342
 written member    -> ('SV', '@openzeppelin/contracts/token/ERC721/ERC721.sol', 'ERC721._owners')
 potentially stale -> ('SV', '@openzeppelin/contracts/token/ERC721/ERC721.sol', 'ERC721._operatorApprovals')
 reader witnesses  -> 8
 storage exposures -> 2
[MV-SI candidate 1a5d056507bf5ce6dfd5] {_operatorApprovals, _owners, _tokenApprovals}
 writer root       -> @openzeppelin/contracts/token/ERC721/ERC721.sol::ERC721.safeTransferFrom(address,address,uint256)
 writer effect     -> @openzeppelin/contracts/token/ERC721/ERC721.sol:353
 written member    -> ('SV', '@openzeppelin/contracts/token/ERC721/ERC721.sol', 'ERC721._tokenApprovals')
 potentially stale -> ('SV', '@openzeppelin/contracts/token/ERC721/ERC721.sol', 'ERC721._operatorApprovals'), ('SV', '@openzeppelin/contracts/token/ERC721/ERC721.sol', 'ERC721._owners')
 reader witnesses  -> 72
 storage exposures -> 2
[MV-SI candidate 3cef31d48c10d54a4d55] {_operatorApprovals, _owners}
 writer root       -> @openzeppelin/contracts/token/ERC721/ERC721.sol::ERC721.transferFrom(address,address,uint256)
 writer effect     -> @openzeppelin/contracts/token/ERC721/ERC721.sol:342
 written member    -> ('SV', '@openzeppelin/contracts/token/ERC721/ERC721.sol', 'ERC721._owners')
 potentially stale -> ('SV', '@openzeppelin/contracts/token/ERC721/ERC721.sol', 'ERC721._operatorApprovals')
 reader witnesses  -> 8
 storage exposures -> 2
[MV-SI candidate 3e0e1dad3d3f970b0510] {_pendingTokenWhitelistAdd, _tokenEverAdded}
 writer root       -> contracts/ProtocolGovernance.sol::ProtocolGovernance.commitTokenWhitelistAdd()
 writer effect     -> contracts/ProtocolGovernance.sol:222
 written member    -> ('SV', 'contracts/ProtocolGovernance.sol', 'ProtocolGovernance._pendingTokenWhitelistAdd')
 potentially stale -> ('SV', 'contracts/ProtocolGovernance.sol', 'ProtocolGovernance._tokenEverAdded')
 reader witnesses  -> 2
 storage exposures -> 1
[MV-SI candidate 48769099d7c8ec440b2a] {_pendingTokenWhitelistAdd, _tokenEverAdded}
 writer root       -> contracts/ProtocolGovernance.sol::ProtocolGovernance.setPendingTokenWhitelistAdd(address[])
 writer effect     -> contracts/ProtocolGovernance.sol:149
 written member    -> ('SV', 'contracts/ProtocolGovernance.sol', 'ProtocolGovernance._pendingTokenWhitelistAdd')
 potentially stale -> ('SV', 'contracts/ProtocolGovernance.sol', 'ProtocolGovernance._tokenEverAdded')
 reader witnesses  -> 2
 storage exposures -> 1
[MV-SI candidate 532ce1912a78e1870b00] {_operatorApprovals, _owners, _tokenApprovals}
 writer root       -> @openzeppelin/contracts/token/ERC721/ERC721.sol::ERC721.transferFrom(address,address,uint256)
 writer effect     -> @openzeppelin/contracts/token/ERC721/ERC721.sol:353
 written member    -> ('SV', '@openzeppelin/contracts/token/ERC721/ERC721.sol', 'ERC721._tokenApprovals')
 potentially stale -> ('SV', '@openzeppelin/contracts/token/ERC721/ERC721.sol', 'ERC721._operatorApprovals'), ('SV', '@openzeppelin/contracts/token/ERC721/ERC721.sol', 'ERC721._owners')
 reader witnesses  -> 72
 storage exposures -> 2
[MV-SI candidate 6038e9486823b8f0b7a4] {_pendingTokenWhitelistAdd, _tokensAllowed}
 writer root       -> contracts/ProtocolGovernance.sol::ProtocolGovernance.commitTokenWhitelistAdd()
 writer effect     -> contracts/ProtocolGovernance.sol:209
 written member    -> ('SV', 'contracts/ProtocolGovernance.sol', 'ProtocolGovernance._pendingTokenWhitelistAdd')
 potentially stale -> ('SV', 'contracts/ProtocolGovernance.sol', 'ProtocolGovernance._tokensAllowed')
 reader witnesses  -> 1
 storage exposures -> 1
[MV-SI candidate 62eeb8cecedaa6d03fa3] {_operatorApprovals, _owners, _tokenApprovals}
 writer root       -> @openzeppelin/contracts/token/ERC721/ERC721.sol::ERC721.safeTransferFrom(address,address,uint256)
 writer effect     -> @openzeppelin/contracts/token/ERC721/ERC721.sol:342
 written member    -> ('SV', '@openzeppelin/contracts/token/ERC721/ERC721.sol', 'ERC721._owners')
 potentially stale -> ('SV', '@openzeppelin/contracts/token/ERC721/ERC721.sol', 'ERC721._operatorApprovals'), ('SV', '@openzeppelin/contracts/token/ERC721/ERC721.sol', 'ERC721._tokenApprovals')
 reader witnesses  -> 42
 storage exposures -> 2
[MV-SI candidate 6fee5c060bb7586ae05f] {_operatorApprovals, _owners, _tokenApprovals}
 writer root       -> @openzeppelin/contracts/token/ERC721/ERC721.sol::ERC721.safeTransferFrom(address,address,uint256,bytes)
 writer effect     -> @openzeppelin/contracts/token/ERC721/ERC721.sol:342
 written member    -> ('SV', '@openzeppelin/contracts/token/ERC721/ERC721.sol', 'ERC721._owners')
 potentially stale -> ('SV', '@openzeppelin/contracts/token/ERC721/ERC721.sol', 'ERC721._operatorApprovals'), ('SV', '@openzeppelin/contracts/token/ERC721/ERC721.sol', 'ERC721._tokenApprovals')
 reader witnesses  -> 42
 storage exposures -> 2
[MV-SI candidate 700009f0aa4ea5cd2943] {_pendingTokenWhitelistAdd, _tokensAllowed}
 writer root       -> contracts/ProtocolGovernance.sol::ProtocolGovernance.commitTokenWhitelistAdd()
 writer effect     -> contracts/ProtocolGovernance.sol:218
 written member    -> ('SV', 'contracts/ProtocolGovernance.sol', 'ProtocolGovernance._tokensAllowed')
 potentially stale -> ('SV', 'contracts/ProtocolGovernance.sol', 'ProtocolGovernance._pendingTokenWhitelistAdd')
 reader witnesses  -> 5
 storage exposures -> 1
[MV-SI candidate 860d037aa5cd6003d76c] {_pendingTokenWhitelistAdd, _tokensAllowed}
 writer root       -> contracts/ProtocolGovernance.sol::ProtocolGovernance.commitTokenWhitelistAdd()
 writer effect     -> contracts/ProtocolGovernance.sol:212
 written member    -> ('SV', 'contracts/ProtocolGovernance.sol', 'ProtocolGovernance._tokensAllowed')
 potentially stale -> ('SV', 'contracts/ProtocolGovernance.sol', 'ProtocolGovernance._pendingTokenWhitelistAdd')
 reader witnesses  -> 5
 storage exposures -> 1
[MV-SI candidate 9cd1e2337ee8f30547d8] {_operatorApprovals, _owners, _tokenApprovals}
 writer root       -> @openzeppelin/contracts/token/ERC721/ERC721.sol::ERC721.safeTransferFrom(address,address,uint256,bytes)
 writer effect     -> @openzeppelin/contracts/token/ERC721/ERC721.sol:353
 written member    -> ('SV', '@openzeppelin/contracts/token/ERC721/ERC721.sol', 'ERC721._tokenApprovals')
 potentially stale -> ('SV', '@openzeppelin/contracts/token/ERC721/ERC721.sol', 'ERC721._operatorApprovals'), ('SV', '@openzeppelin/contracts/token/ERC721/ERC721.sol', 'ERC721._owners')
 reader witnesses  -> 72
 storage exposures -> 2
[MV-SI candidate a0f447840eff91f18ce0] {_pendingTokenWhitelistAdd, _tokensAllowed}
 writer root       -> contracts/ProtocolGovernance.sol::ProtocolGovernance.setPendingTokenWhitelistAdd(address[])
 writer effect     -> contracts/ProtocolGovernance.sol:149
 written member    -> ('SV', 'contracts/ProtocolGovernance.sol', 'ProtocolGovernance._pendingTokenWhitelistAdd')
 potentially stale -> ('SV', 'contracts/ProtocolGovernance.sol', 'ProtocolGovernance._tokensAllowed')
 reader witnesses  -> 1
 storage exposures -> 1
[MV-SI candidate a20968c9f6fd156721d6] {_operatorApprovals, _owners, _tokenApprovals}
 writer root       -> contracts/VaultRegistry.sol::VaultRegistry.registerVault(address,address)
 writer effect     -> @openzeppelin/contracts/token/ERC721/ERC721.sol:287
 written member    -> ('SV', '@openzeppelin/contracts/token/ERC721/ERC721.sol', 'ERC721._owners')
 potentially stale -> ('SV', '@openzeppelin/contracts/token/ERC721/ERC721.sol', 'ERC721._operatorApprovals'), ('SV', '@openzeppelin/contracts/token/ERC721/ERC721.sol', 'ERC721._tokenApprovals')
 reader witnesses  -> 21
 storage exposures -> 1
[MV-SI candidate b14c4669dee33ba39bfd] {_operatorApprovals, _owners, _tokenApprovals}
 writer root       -> @openzeppelin/contracts/token/ERC721/ERC721.sol::ERC721.approve(address,uint256)
 writer effect     -> @openzeppelin/contracts/token/ERC721/ERC721.sol:353
 written member    -> ('SV', '@openzeppelin/contracts/token/ERC721/ERC721.sol', 'ERC721._tokenApprovals')
 potentially stale -> ('SV', '@openzeppelin/contracts/token/ERC721/ERC721.sol', 'ERC721._operatorApprovals'), ('SV', '@openzeppelin/contracts/token/ERC721/ERC721.sol', 'ERC721._owners')
 reader witnesses  -> 72
 storage exposures -> 2
[MV-SI candidate b3edd266674708ece7a5] {_operatorApprovals, _owners, _tokenApprovals}
 writer root       -> @openzeppelin/contracts/token/ERC721/ERC721.sol::ERC721.transferFrom(address,address,uint256)
 writer effect     -> @openzeppelin/contracts/token/ERC721/ERC721.sol:342
 written member    -> ('SV', '@openzeppelin/contracts/token/ERC721/ERC721.sol', 'ERC721._owners')
 potentially stale -> ('SV', '@openzeppelin/contracts/token/ERC721/ERC721.sol', 'ERC721._operatorApprovals'), ('SV', '@openzeppelin/contracts/token/ERC721/ERC721.sol', 'ERC721._tokenApprovals')
 reader witnesses  -> 42
 storage exposures -> 2
[MV-SI candidate c16e65642c8279fd261f] {_pendingTokenWhitelistAdd, _tokensAllowed}
 writer root       -> contracts/ProtocolGovernance.sol::ProtocolGovernance.removeFromTokenWhitelist(address)
 writer effect     -> contracts/ProtocolGovernance.sol:156
 written member    -> ('SV', 'contracts/ProtocolGovernance.sol', 'ProtocolGovernance._tokensAllowed')
 potentially stale -> ('SV', 'contracts/ProtocolGovernance.sol', 'ProtocolGovernance._pendingTokenWhitelistAdd')
 reader witnesses  -> 5
 storage exposures -> 1
[MV-SI candidate cee6a6b732ac9f47fd18] {_operatorApprovals, _owners, _tokenApprovals}
 writer root       -> @openzeppelin/contracts/token/ERC721/ERC721.sol::ERC721.setApprovalForAll(address,bool)
 writer effect     -> @openzeppelin/contracts/token/ERC721/ERC721.sol:368
 written member    -> ('SV', '@openzeppelin/contracts/token/ERC721/ERC721.sol', 'ERC721._operatorApprovals')
 potentially stale -> ('SV', '@openzeppelin/contracts/token/ERC721/ERC721.sol', 'ERC721._owners'), ('SV', '@openzeppelin/contracts/token/ERC721/ERC721.sol', 'ERC721._tokenApprovals')
 reader witnesses  -> 66
 storage exposures -> 2
[MV-SI candidate e77e21b5ba0c9c96b1f3] {_operatorApprovals, _owners}
 writer root       -> @openzeppelin/contracts/token/ERC721/ERC721.sol::ERC721.safeTransferFrom(address,address,uint256)
 writer effect     -> @openzeppelin/contracts/token/ERC721/ERC721.sol:342
 written member    -> ('SV', '@openzeppelin/contracts/token/ERC721/ERC721.sol', 'ERC721._owners')
 potentially stale -> ('SV', '@openzeppelin/contracts/token/ERC721/ERC721.sol', 'ERC721._operatorApprovals')
 reader witnesses  -> 8
 storage exposures -> 2
[MV-SI candidate ebbccc60f9e44e4a143d] {_pendingTokenWhitelistAdd, _tokenEverAdded}
 writer root       -> contracts/ProtocolGovernance.sol::ProtocolGovernance.commitTokenWhitelistAdd()
 writer effect     -> contracts/ProtocolGovernance.sol:209
 written member    -> ('SV', 'contracts/ProtocolGovernance.sol', 'ProtocolGovernance._pendingTokenWhitelistAdd')
 potentially stale -> ('SV', 'contracts/ProtocolGovernance.sol', 'ProtocolGovernance._tokenEverAdded')
 reader witnesses  -> 2
 storage exposures -> 1
[MV-SI candidate ff38b3a4281d9234e9a8] {_operatorApprovals, _owners}
 writer root       -> @openzeppelin/contracts/token/ERC721/ERC721.sol::ERC721.setApprovalForAll(address,bool)
 writer effect     -> @openzeppelin/contracts/token/ERC721/ERC721.sol:368
 written member    -> ('SV', '@openzeppelin/contracts/token/ERC721/ERC721.sol', 'ERC721._operatorApprovals')
 potentially stale -> ('SV', '@openzeppelin/contracts/token/ERC721/ERC721.sol', 'ERC721._owners')
 reader witnesses  -> 16
 storage exposures -> 2Reference: https://github.com/crytic/slither/wiki/Detector-Documentation
[mvscan-config] {"ATOMIC_GROUP": [], "DIVERGENCE_BUDGET": 1000, "ENABLE_BRANCH_GROUPS": true, "ENABLE_EXTERNAL_STATE": true, "ENABLE_MULTI_RETURN_GROUPS": true, "MAPPING_MODE": "base_collapsed", "MERGE_OVERLOADS": false, "MVSCAN_ABLATION": "mapping_insensitive", "MVSCAN_CONTEXTUAL_KEYS": true, "MVSCAN_INCLUDE_SCALAR_WITNESSES": false, "MVSCAN_INTERFACE_DISPATCH": false, "MVSCAN_MAX_CONTEXTS_PER_OWNER_BLOCK": 128, "MVSCAN_MAX_DISPATCH_TARGETS": 16, "MVSCAN_REQUIRE_DISTINCT_OUTER_ROOTS": false, "MVSCAN_ROOT_CONTEXT_SINKS": false, "NOOP_WRITE_FILTER": true, "REQUIRE_SAME_SLOT_KEY": false, "SINK_TEST": "none", "USER_CALLABLE_ALWAYS": [], "USER_CALLABLE_DENY": []}
[mvscan-stage] icfg-built blocks=5 vars=1
[mvscan-stage] root-seeding-done eligible_exposures=1 seeded=1 multi_exposure_entry_blocks=0 collapsed_contextual_aliases=0 excluded_dependency=0 excluded_interface=0 excluded_library=0 excluded_abstract=0 missing_entry_point=0 missing_entry_block=0
[mvscan-pairs] call_target_digest=4f53cda18c2baa0c0354bb5f9a3ecbe5ed12ab4d8e11ba873c2f11161202b945 candidate_count=0 candidate_digest=4f53cda18c2baa0c0354bb5f9a3ecbe5ed12ab4d8e11ba873c2f11161202b945 context_instance_count=0 execution_context_digest=9113b3b8b48e07fc13b048b497c519c3a927c52417c10885f0ecab27f7725df3 invalid_partial_write_filtered=0 must_full_relation_filtered=0 omitted_member_evidence_filtered=0 omitted_member_not_sensitive_filtered=0 owner_context_pairs=0 owner_context_pairs_considered=0 reader_witness_count=0 relation_context_incompatible=0 relation_digest=4f53cda18c2baa0c0354bb5f9a3ecbe5ed12ab4d8e11ba873c2f11161202b945 relation_origins_rejected_unreachable=1 root_context_sink_filtered=0 same_outer_root_filtered=0 scalar_variables_skipped=1 storage_context_mismatch=0 variables_considered=1
INFO:Slither:. analyzed (99 contracts with 1 detectors), 24 result(s) found
