'/tmp/.svm/0.8.10/solc-0.8.10 --version' running
'solc --standard-json --allow-paths /tmp/analysis-input' running
Warning: Warning: SPDX license identifier not provided in source file. Before publishing, consider adding a comment containing "SPDX-License-Identifier: <SPDX-License>" to each source file. Use "SPDX-License-Identifier: UNLICENSED" for non-open-source code. Please see https://spdx.org for more information.
--> src/test/utils/HEVMHelpers.sol


Warning: Warning: SPDX license identifier not provided in source file. Before publishing, consider adding a comment containing "SPDX-License-Identifier: <SPDX-License>" to each source file. Use "SPDX-License-Identifier: UNLICENSED" for non-open-source code. Please see https://spdx.org for more information.
--> src/test/utils/HEVMState.sol


Warning: Warning: SPDX license identifier not provided in source file. Before publishing, consider adding a comment containing "SPDX-License-Identifier: <SPDX-License>" to each source file. Use "SPDX-License-Identifier: UNLICENSED" for non-open-source code. Please see https://spdx.org for more information.
--> src/test/utils/HEVMTokenExtension.sol


Warning: Warning: SPDX license identifier not provided in source file. Before publishing, consider adding a comment containing "SPDX-License-Identifier: <SPDX-License>" to each source file. Use "SPDX-License-Identifier: UNLICENSED" for non-open-source code. Please see https://spdx.org for more information.
--> src/test/utils/TestHelpers.sol


Warning: Warning: SPDX license identifier not provided in source file. Before publishing, consider adding a comment containing "SPDX-License-Identifier: <SPDX-License>" to each source file. Use "SPDX-License-Identifier: UNLICENSED" for non-open-source code. Please see https://spdx.org for more information.
--> src/test/utils/TestToken.sol


Warning: Warning: This declaration shadows an existing declaration.
   --> src/test/Locke.t.sol:312:13:
    |
312 |             Stream stream = defaultStreamFactory.createStream(
    |             ^^^^^^^^^^^^^
Note: The shadowed declaration is here:
   --> src/test/Locke.t.sol:200:9:
    |
200 |         Stream stream = defaultStreamFactory.createStream(
    |         ^^^^^^^^^^^^^


Warning: Warning: Visibility for constructor is ignored. If you want the contract to be non-deployable, making it "abstract" is sufficient.
  --> src/Locke.sol:17:5:
   |
17 |     constructor(address _governor, address _emergency_governor) public {
   |     ^ (Relevant source part starts here and spans across multiple lines).


Warning: Warning: Visibility for constructor is ignored. If you want the contract to be non-deployable, making it "abstract" is sufficient.
   --> src/Locke.sol:263:5:
    |
263 |     constructor(
    |     ^ (Relevant source part starts here and spans across multiple lines).


Warning: Warning: Visibility for constructor is ignored. If you want the contract to be non-deployable, making it "abstract" is sufficient.
   --> src/Locke.sol:780:5:
    |
780 |     constructor(address _governor, address _emergency_governor) public Governed(_governor, _emergency_governor) {
    |     ^ (Relevant source part starts here and spans across multiple lines).


Warning: Warning: Visibility for constructor is ignored. If you want the contract to be non-deployable, making it "abstract" is sufficient.
 --> src/test/utils/TestToken.sol:7:2:
  |
7 | 	constructor(
  | 	^ (Relevant source part starts here and spans across multiple lines).


Warning: Warning: Unused function parameter. Remove or comment out the variable name to silence this warning.
   --> src/Locke.sol:203:35:
    |
203 |     function updateStreamInternal(address who) internal {
    |                                   ^^^^^^^^^^^


Warning: Warning: Unused local variable.
   --> src/Locke.sol:743:24:
    |
743 |         (bool success, bytes memory _ret) = who.call(data);
    |                        ^^^^^^^^^^^^^^^^^


Warning: Warning: Unused local variable.
  --> src/test/utils/HEVMTokenExtension.sol:40:9:
   |
40 |         uint256 bal = ERC20(who).balanceOf(acct);
   |         ^^^^^^^^^^^


Warning: Warning: Unused local variable.
  --> src/test/utils/TestHelpers.sol:62:24:
   |
62 |         (bool success, bytes memory ret) = who.call(calld);
   |                        ^^^^^^^^^^^^^^^^


Warning: Warning: Unused local variable.
  --> src/test/utils/LockeTest.sol:44:13:
   |
44 |             uint32 maxRewardLockDuration,
   |             ^^^^^^^^^^^^^^^^^^^^^^^^^^^^


Warning: Warning: Unused local variable.
  --> src/test/utils/LockeTest.sol:45:13:
   |
45 |             uint32 maxStreamDuration,
   |             ^^^^^^^^^^^^^^^^^^^^^^^^


Warning: Warning: Unused local variable.
  --> src/test/Locke.t.sol:15:13:
   |
15 |             uint32 maxRewardLockDuration,
   |             ^^^^^^^^^^^^^^^^^^^^^^^^^^^^


Warning: Warning: Unused local variable.
  --> src/test/Locke.t.sol:16:13:
   |
16 |             uint32 maxStreamDuration,
   |             ^^^^^^^^^^^^^^^^^^^^^^^^


Warning: Warning: Unused local variable.
  --> src/test/Locke.t.sol:67:41:
   |
67 |             (uint112 rewardTokenAmount, uint112 _unused, uint112 rewardTokenFeeAmount, ) = stream.tokenAmounts();
   |                                         ^^^^^^^^^^^^^^^


Warning: Warning: Unused local variable.
   --> src/test/Locke.t.sol:101:41:
    |
101 |             (uint112 rewardTokenAmount, uint112 _unused, uint112 rewardTokenFeeAmount, ) = stream.tokenAmounts();
    |                                         ^^^^^^^^^^^^^^^


Warning: Warning: Unused local variable.
   --> src/test/Locke.t.sol:111:13:
    |
111 |             uint32 maxRewardLockDuration,
    |             ^^^^^^^^^^^^^^^^^^^^^^^^^^^^


Warning: Warning: Unused local variable.
   --> src/test/Locke.t.sol:112:13:
    |
112 |             uint32 maxStreamDuration,
    |             ^^^^^^^^^^^^^^^^^^^^^^^^


Warning: Warning: Unused local variable.
   --> src/test/Locke.t.sol:150:13:
    |
150 |             uint32 maxRewardLockDuration,
    |             ^^^^^^^^^^^^^^^^^^^^^^^^^^^^


Warning: Warning: Unused local variable.
   --> src/test/Locke.t.sol:151:13:
    |
151 |             uint32 maxStreamDuration,
    |             ^^^^^^^^^^^^^^^^^^^^^^^^


Warning: Warning: Unused local variable.
   --> src/test/Locke.t.sol:194:13:
    |
194 |             uint32 maxRewardLockDuration,
    |             ^^^^^^^^^^^^^^^^^^^^^^^^^^^^


Warning: Warning: Unused local variable.
   --> src/test/Locke.t.sol:195:13:
    |
195 |             uint32 maxStreamDuration,
    |             ^^^^^^^^^^^^^^^^^^^^^^^^


Warning: Warning: Unused local variable.
   --> src/test/Locke.t.sol:251:18:
    |
251 |                 (uint112 rewardTokenAmount, uint112 depositTokenAmount, uint112 rewardTokenFeeAmount, ) = stream.tokenAmounts();
    |                  ^^^^^^^^^^^^^^^^^^^^^^^^^


Warning: Warning: Unused local variable.
   --> src/test/Locke.t.sol:251:73:
    |
251 |                 (uint112 rewardTokenAmount, uint112 depositTokenAmount, uint112 rewardTokenFeeAmount, ) = stream.tokenAmounts();
    |                                                                         ^^^^^^^^^^^^^^^^^^^^^^^^^^^^


Warning: Warning: Unused local variable.
   --> src/test/Locke.t.sol:262:80:
    |
262 |  ... dPerToken, uint256 virtualBalance, uint112 rewards, uint112 tokens, uint32 lu, ) = st ...
    |                                         ^^^^^^^^^^^^^^^


Warning: Warning: Unused local variable.
   --> src/test/Locke.t.sol:282:80:
    |
282 |  ... dPerToken, uint256 virtualBalance, uint112 rewards, uint112 tokens, uint32 lu, ) = st ...
    |                                         ^^^^^^^^^^^^^^^


Warning: Warning: Unused local variable.
   --> src/test/Locke.t.sol:300:80:
    |
300 |  ... dPerToken, uint256 virtualBalance, uint112 rewards, uint112 tokens, uint32 lu, ) = st ...
    |                                         ^^^^^^^^^^^^^^^


Warning: Warning: Unused local variable.
   --> src/test/Locke.t.sol:329:14:
    |
329 |             (uint112 rewardTokenAmount, uint112 depositTokenAmount, uint112 rewardTokenFeeAmount, ) = stream.tokenAmounts();
    |              ^^^^^^^^^^^^^^^^^^^^^^^^^


Warning: Warning: Unused local variable.
   --> src/test/Locke.t.sol:329:69:
    |
329 |             (uint112 rewardTokenAmount, uint112 depositTokenAmount, uint112 rewardTokenFeeAmount, ) = stream.tokenAmounts();
    |                                                                     ^^^^^^^^^^^^^^^^^^^^^^^^^^^^


Warning: Warning: Unused local variable.
   --> src/test/Locke.t.sol:331:14:
    |
331 |             (uint256 lastCumulativeRewardPerToken, uint256 virtualBalance, uint112 r ...
    |              ^^^^^^^^^^^^^^^^^^^^^^^^^^^^^^^^^^^^


Warning: Warning: Unused local variable.
   --> src/test/Locke.t.sol:331:52:
    |
331 |  ... t256 lastCumulativeRewardPerToken, uint256 virtualBalance, uint112 rewards, uint112 tokens,  ...
    |                                         ^^^^^^^^^^^^^^^^^^^^^^


Warning: Warning: Unused local variable.
   --> src/test/Locke.t.sol:331:76:
    |
331 |  ... dPerToken, uint256 virtualBalance, uint112 rewards, uint112 tokens, uint32 lu, ) = st ...
    |                                         ^^^^^^^^^^^^^^^


Warning: Warning: Unused local variable.
   --> src/test/Locke.t.sol:331:109:
    |
331 |  ... , uint112 rewards, uint112 tokens, uint32 lu, ) = stream.tokensNotYetStreamed(a ...
    |                                         ^^^^^^^^^


Warning: Warning: Unused local variable.
   --> src/test/Locke.t.sol:339:13:
    |
339 |             uint32 maxRewardLockDuration,
    |             ^^^^^^^^^^^^^^^^^^^^^^^^^^^^


Warning: Warning: Unused local variable.
   --> src/test/Locke.t.sol:340:13:
    |
340 |             uint32 maxStreamDuration,
    |             ^^^^^^^^^^^^^^^^^^^^^^^^


Warning: Warning: Unused local variable.
   --> src/test/Locke.t.sol:379:13:
    |
379 |             uint32 maxRewardLockDuration,
    |             ^^^^^^^^^^^^^^^^^^^^^^^^^^^^


Warning: Warning: Unused local variable.
   --> src/test/Locke.t.sol:380:13:
    |
380 |             uint32 maxStreamDuration,
    |             ^^^^^^^^^^^^^^^^^^^^^^^^


Warning: Warning: Unused local variable.
   --> src/test/Locke.t.sol:512:13:
    |
512 |             uint32 maxRewardLockDuration,
    |             ^^^^^^^^^^^^^^^^^^^^^^^^^^^^


Warning: Warning: Unused local variable.
   --> src/test/Locke.t.sol:513:13:
    |
513 |             uint32 maxStreamDuration,
    |             ^^^^^^^^^^^^^^^^^^^^^^^^


Warning: Warning: Unused local variable.
   --> src/test/Locke.t.sol:520:9:
    |
520 |         uint32 endDepositLock = endStream + maxDepositLockDuration;
    |         ^^^^^^^^^^^^^^^^^^^^^


Warning: Warning: Unused local variable.
   --> src/test/Locke.t.sol:643:13:
    |
643 |             uint32 maxRewardLockDuration,
    |             ^^^^^^^^^^^^^^^^^^^^^^^^^^^^


Warning: Warning: Unused local variable.
   --> src/test/Locke.t.sol:644:13:
    |
644 |             uint32 maxStreamDuration,
    |             ^^^^^^^^^^^^^^^^^^^^^^^^


Warning: Warning: Unused local variable.
   --> src/test/Locke.t.sol:651:9:
    |
651 |         uint32 endDepositLock = endStream + maxDepositLockDuration;
    |         ^^^^^^^^^^^^^^^^^^^^^


Warning: Warning: Unused local variable.
   --> src/test/Locke.t.sol:723:13:
    |
723 |             uint32 maxRewardLockDuration,
    |             ^^^^^^^^^^^^^^^^^^^^^^^^^^^^


Warning: Warning: Unused local variable.
   --> src/test/Locke.t.sol:724:13:
    |
724 |             uint32 maxStreamDuration,
    |             ^^^^^^^^^^^^^^^^^^^^^^^^


Warning: Warning: Unused local variable.
   --> src/test/Locke.t.sol:731:9:
    |
731 |         uint32 endDepositLock = endStream + maxDepositLockDuration;
    |         ^^^^^^^^^^^^^^^^^^^^^


Warning: Warning: Unused local variable.
   --> src/test/Locke.t.sol:795:13:
    |
795 |             uint32 maxRewardLockDuration,
    |             ^^^^^^^^^^^^^^^^^^^^^^^^^^^^


Warning: Warning: Unused local variable.
   --> src/test/Locke.t.sol:796:13:
    |
796 |             uint32 maxStreamDuration,
    |             ^^^^^^^^^^^^^^^^^^^^^^^^


Warning: Warning: Unused local variable.
   --> src/test/Locke.t.sol:929:13:
    |
929 |             uint32 maxRewardLockDuration,
    |             ^^^^^^^^^^^^^^^^^^^^^^^^^^^^


Warning: Warning: Unused local variable.
   --> src/test/Locke.t.sol:930:13:
    |
930 |             uint32 maxStreamDuration,
    |             ^^^^^^^^^^^^^^^^^^^^^^^^


Warning: Warning: Unused local variable.
   --> src/test/Locke.t.sol:937:9:
    |
937 |         uint32 endDepositLock = endStream + maxDepositLockDuration;
    |         ^^^^^^^^^^^^^^^^^^^^^


Warning: Warning: Unused local variable.
   --> src/test/Locke.t.sol:938:9:
    |
938 |         uint32 endRewardLock = endStream + 0;
    |         ^^^^^^^^^^^^^^^^^^^^


Warning: Warning: Unused local variable.
    --> src/test/Locke.t.sol:1029:13:
     |
1029 |             uint256 bal = testTokenC.balanceOf(address(this));
     |             ^^^^^^^^^^^


Warning: Warning: Unused function parameter. Remove or comment out the variable name to silence this warning.
    --> src/test/Locke.t.sol:1050:24:
     |
1050 |     function lockeCall(address originator, address token, uint256 amount, bytes memory data) public {
     |                        ^^^^^^^^^^^^^^^^^^


Warning: Warning: Unused local variable.
    --> src/test/Locke.t.sol:1051:9:
     |
1051 |         Stream stream = Stream(msg.sender);
     |         ^^^^^^^^^^^^^


Warning: Warning: Contract code size is 29419 bytes and exceeds 24576 bytes (a limit introduced in Spurious Dragon). This contract may not be deployable on mainnet. Consider enabling the optimizer (with a low "runs" value!), turning off revert strings, or using libraries.
  --> src/Locke.sol:97:1:
   |
97 | contract Stream is LockeERC20, ExternallyGoverned {
   | ^ (Relevant source part starts here and spans across multiple lines).


Warning: Warning: Contract code size is 42363 bytes and exceeds 24576 bytes (a limit introduced in Spurious Dragon). This contract may not be deployable on mainnet. Consider enabling the optimizer (with a low "runs" value!), turning off revert strings, or using libraries.
   --> src/Locke.sol:753:1:
    |
753 | contract StreamFactory is Governed {
    | ^ (Relevant source part starts here and spans across multiple lines).


Warning: Warning: Contract code size is 145042 bytes and exceeds 24576 bytes (a limit introduced in Spurious Dragon). This contract may not be deployable on mainnet. Consider enabling the optimizer (with a low "runs" value!), turning off revert strings, or using libraries.
 --> src/test/Locke.t.sol:8:1:
  |
8 | contract StreamTest is LockeTest {
  | ^ (Relevant source part starts here and spans across multiple lines).


Warning: Warning: Contract code size is 103341 bytes and exceeds 24576 bytes (a limit introduced in Spurious Dragon). This contract may not be deployable on mainnet. Consider enabling the optimizer (with a low "runs" value!), turning off revert strings, or using libraries.
    --> src/test/Locke.t.sol:1065:1:
     |
1065 | contract StreamFactoryTest is LockeTest {
     | ^ (Relevant source part starts here and spans across multiple lines).



[mvscan-config] {"ATOMIC_GROUP": [], "DIVERGENCE_BUDGET": 1000, "ENABLE_BRANCH_GROUPS": false, "ENABLE_EXTERNAL_STATE": true, "ENABLE_MULTI_RETURN_GROUPS": true, "MAPPING_MODE": "precise", "MERGE_OVERLOADS": false, "MVSCAN_ABLATION": "no_branch_groups", "MVSCAN_CONTEXTUAL_KEYS": true, "MVSCAN_INCLUDE_SCALAR_WITNESSES": false, "MVSCAN_INTERFACE_DISPATCH": false, "MVSCAN_MAX_CONTEXTS_PER_OWNER_BLOCK": 128, "MVSCAN_MAX_DISPATCH_TARGETS": 16, "MVSCAN_REQUIRE_DISTINCT_OUTER_ROOTS": false, "MVSCAN_ROOT_CONTEXT_SINKS": false, "NOOP_WRITE_FILTER": true, "REQUIRE_SAME_SLOT_KEY": true, "SINK_TEST": "none", "USER_CALLABLE_ALWAYS": [], "USER_CALLABLE_DENY": []}
[mvscan-stage] icfg-built blocks=1640 vars=85
[mvscan-stage] root-seeding-done eligible_exposures=185 seeded=76 multi_exposure_entry_blocks=30 collapsed_contextual_aliases=109 excluded_dependency=0 excluded_interface=11 excluded_library=0 excluded_abstract=34 missing_entry_point=0 missing_entry_block=0
[mvscan-pairs] call_target_digest=7f8af6db86bbd64fc6b79653b9c58b301c1e1d09d6d8de301a56ae67d8a9d340 candidate_count=76 candidate_digest=d64d1ffbf2ec2394af956537572943856d83295a5a94988d9e8788780637e6de context_instance_count=7344 eligible_readers=11 eligible_writers=10 execution_context_digest=00efb2e0a6b4c6229d6e45b30b288561a76852d114e6bd955f1b737005b9abc3 insensitive_readers_filtered=16 invalid_partial_write_filtered=0 must_full_relation_filtered=1896 omitted_member_evidence_filtered=0 omitted_member_not_sensitive_filtered=0 owner_context_pairs=7344 owner_context_pairs_considered=12572 raw_block_pairs=110 reader_witness_count=7344 relation_base_members_shadowed=0 relation_context_incompatible=3332 relation_digest=c8126af91dac484fe8698bb63d71ef19fbcf91ee81b0d19daf93b9cd8665eb22 relation_members_raw=14 relation_origins_registered=1 relation_origins_rejected_unary_after_shadowing=10 relation_origins_rejected_unreachable=3 relation_origins_seen=11 root_context_sink_filtered=0 same_outer_root_filtered=0 same_static_block_filtered=4 scalar_variables_skipped=46 storage_context_mismatch=0 variables_considered=47
INFO:Detectors:

[MV-SI candidate 069ef75e21ca66381638] {cumulativeRewardPerToken, lastUpdate, rewardTokenAmount, totalVirtualBalance}
 writer root       -> src/test/Locke.t.sol::StreamTest.test_recoverTokens()
 writer effect     -> src/Locke.sol:406
 written member    -> ('SV', 'src/Locke.sol', 'Stream.rewardTokenAmount')
 potentially stale -> ('SV', 'src/Locke.sol', 'Stream.cumulativeRewardPerToken'), ('SV', 'src/Locke.sol', 'Stream.lastUpdate'), ('SV', 'src/Locke.sol', 'Stream.totalVirtualBalance')
 reader witnesses  -> 119
 storage exposures -> 1
[MV-SI candidate 0a25bb7bf15c326deae0] {cumulativeRewardPerToken, lastUpdate, rewardTokenAmount, totalVirtualBalance}
 writer root       -> src/test/Locke.t.sol::StreamTest.test_stake()
 writer effect     -> src/Locke.sol:437
 written member    -> ('SV', 'src/Locke.sol', 'Stream.totalVirtualBalance')
 potentially stale -> ('SV', 'src/Locke.sol', 'Stream.cumulativeRewardPerToken'), ('SV', 'src/Locke.sol', 'Stream.lastUpdate'), ('SV', 'src/Locke.sol', 'Stream.rewardTokenAmount')
 reader witnesses  -> 104
 storage exposures -> 1
[MV-SI candidate 12acd7c1f86065596f44] {cumulativeRewardPerToken, lastUpdate, rewardTokenAmount, totalVirtualBalance}
 writer root       -> src/test/Locke.t.sol::StreamTest.test_recoverTokens()
 writer effect     -> src/Locke.sol:403
 written member    -> ('SV', 'src/Locke.sol', 'Stream.rewardTokenAmount')
 potentially stale -> ('SV', 'src/Locke.sol', 'Stream.cumulativeRewardPerToken'), ('SV', 'src/Locke.sol', 'Stream.lastUpdate'), ('SV', 'src/Locke.sol', 'Stream.totalVirtualBalance')
 reader witnesses  -> 119
 storage exposures -> 1
[MV-SI candidate 13051c5a0609737a5f51] {cumulativeRewardPerToken, lastUpdate, rewardTokenAmount, totalVirtualBalance}
 writer root       -> src/test/Locke.t.sol::StreamTest.test_claimDeposit()
 writer effect     -> src/Locke.sol:213
 written member    -> ('SV', 'src/Locke.sol', 'Stream.lastUpdate')
 potentially stale -> ('SV', 'src/Locke.sol', 'Stream.cumulativeRewardPerToken'), ('SV', 'src/Locke.sol', 'Stream.rewardTokenAmount'), ('SV', 'src/Locke.sol', 'Stream.totalVirtualBalance')
 reader witnesses  -> 79
 storage exposures -> 1
[MV-SI candidate 133febf80de7cbd61072] {cumulativeRewardPerToken, lastUpdate, rewardTokenAmount, totalVirtualBalance}
 writer root       -> src/test/Locke.t.sol::StreamTest.test_fundStream()
 writer effect     -> src/Locke.sol:406
 written member    -> ('SV', 'src/Locke.sol', 'Stream.rewardTokenAmount')
 potentially stale -> ('SV', 'src/Locke.sol', 'Stream.cumulativeRewardPerToken'), ('SV', 'src/Locke.sol', 'Stream.lastUpdate'), ('SV', 'src/Locke.sol', 'Stream.totalVirtualBalance')
 reader witnesses  -> 119
 storage exposures -> 1
[MV-SI candidate 139548a75cc615e5b7e3] {cumulativeRewardPerToken, lastUpdate, rewardTokenAmount, totalVirtualBalance}
 writer root       -> src/test/Locke.t.sol::StreamTest.test_claimDeposit()
 writer effect     -> src/Locke.sol:217
 written member    -> ('SV', 'src/Locke.sol', 'Stream.cumulativeRewardPerToken')
 potentially stale -> ('SV', 'src/Locke.sol', 'Stream.lastUpdate'), ('SV', 'src/Locke.sol', 'Stream.rewardTokenAmount'), ('SV', 'src/Locke.sol', 'Stream.totalVirtualBalance')
 reader witnesses  -> 119
 storage exposures -> 1
[MV-SI candidate 13b77c40abf846def4c7] {cumulativeRewardPerToken, lastUpdate, rewardTokenAmount, totalVirtualBalance}
 writer root       -> src/test/Locke.t.sol::StreamTest.test_arbitraryCall()
 writer effect     -> src/Locke.sol:437
 written member    -> ('SV', 'src/Locke.sol', 'Stream.totalVirtualBalance')
 potentially stale -> ('SV', 'src/Locke.sol', 'Stream.cumulativeRewardPerToken'), ('SV', 'src/Locke.sol', 'Stream.lastUpdate'), ('SV', 'src/Locke.sol', 'Stream.rewardTokenAmount')
 reader witnesses  -> 104
 storage exposures -> 1
[MV-SI candidate 167a180bc395e1bc8a42] {cumulativeRewardPerToken, lastUpdate, rewardTokenAmount, totalVirtualBalance}
 writer root       -> src/Locke.sol::Stream.claimReward()
 writer effect     -> src/Locke.sol:560
 written member    -> ('SV', 'src/Locke.sol', 'Stream.cumulativeRewardPerToken')
 potentially stale -> ('SV', 'src/Locke.sol', 'Stream.lastUpdate'), ('SV', 'src/Locke.sol', 'Stream.rewardTokenAmount'), ('SV', 'src/Locke.sol', 'Stream.totalVirtualBalance')
 reader witnesses  -> 119
 storage exposures -> 1
[MV-SI candidate 178d6e48737a1e1bf8bc] {cumulativeRewardPerToken, lastUpdate, rewardTokenAmount, totalVirtualBalance}
 writer root       -> src/Locke.sol::Stream.exit()
 writer effect     -> src/Locke.sol:468
 written member    -> ('SV', 'src/Locke.sol', 'Stream.totalVirtualBalance')
 potentially stale -> ('SV', 'src/Locke.sol', 'Stream.cumulativeRewardPerToken'), ('SV', 'src/Locke.sol', 'Stream.lastUpdate'), ('SV', 'src/Locke.sol', 'Stream.rewardTokenAmount')
 reader witnesses  -> 104
 storage exposures -> 1
[MV-SI candidate 1891209e1a5eea84d939] {cumulativeRewardPerToken, lastUpdate, rewardTokenAmount, totalVirtualBalance}
 writer root       -> src/Locke.sol::Stream.fundStream(uint112)
 writer effect     -> src/Locke.sol:406
 written member    -> ('SV', 'src/Locke.sol', 'Stream.rewardTokenAmount')
 potentially stale -> ('SV', 'src/Locke.sol', 'Stream.cumulativeRewardPerToken'), ('SV', 'src/Locke.sol', 'Stream.lastUpdate'), ('SV', 'src/Locke.sol', 'Stream.totalVirtualBalance')
 reader witnesses  -> 119
 storage exposures -> 1
[MV-SI candidate 1943a71be573c3005727] {cumulativeRewardPerToken, lastUpdate, rewardTokenAmount, totalVirtualBalance}
 writer root       -> src/test/utils/LockeTest.sol::User.doClaimReward(Stream)
 writer effect     -> src/Locke.sol:567
 written member    -> ('SV', 'src/Locke.sol', 'Stream.lastUpdate')
 potentially stale -> ('SV', 'src/Locke.sol', 'Stream.cumulativeRewardPerToken'), ('SV', 'src/Locke.sol', 'Stream.rewardTokenAmount'), ('SV', 'src/Locke.sol', 'Stream.totalVirtualBalance')
 reader witnesses  -> 79
 storage exposures -> 1
[MV-SI candidate 1b09ed237a258d325cda] {cumulativeRewardPerToken, lastUpdate, rewardTokenAmount, totalVirtualBalance}
 writer root       -> src/test/utils/LockeTest.sol::User.doWithdraw(Stream,uint112)
 writer effect     -> src/Locke.sol:241
 written member    -> ('SV', 'src/Locke.sol', 'Stream.lastUpdate')
 potentially stale -> ('SV', 'src/Locke.sol', 'Stream.cumulativeRewardPerToken'), ('SV', 'src/Locke.sol', 'Stream.rewardTokenAmount'), ('SV', 'src/Locke.sol', 'Stream.totalVirtualBalance')
 reader witnesses  -> 79
 storage exposures -> 1
[MV-SI candidate 1d54da4e3d43a968431b] {cumulativeRewardPerToken, lastUpdate, rewardTokenAmount, totalVirtualBalance}
 writer root       -> src/Locke.sol::Stream.fundStream(uint112)
 writer effect     -> src/Locke.sol:403
 written member    -> ('SV', 'src/Locke.sol', 'Stream.rewardTokenAmount')
 potentially stale -> ('SV', 'src/Locke.sol', 'Stream.cumulativeRewardPerToken'), ('SV', 'src/Locke.sol', 'Stream.lastUpdate'), ('SV', 'src/Locke.sol', 'Stream.totalVirtualBalance')
 reader witnesses  -> 119
 storage exposures -> 1
[MV-SI candidate 3d655b91cb898867fa45] {cumulativeRewardPerToken, lastUpdate, rewardTokenAmount, totalVirtualBalance}
 writer root       -> src/test/Locke.t.sol::StreamTest.test_flashloan()
 writer effect     -> src/Locke.sol:241
 written member    -> ('SV', 'src/Locke.sol', 'Stream.lastUpdate')
 potentially stale -> ('SV', 'src/Locke.sol', 'Stream.cumulativeRewardPerToken'), ('SV', 'src/Locke.sol', 'Stream.rewardTokenAmount'), ('SV', 'src/Locke.sol', 'Stream.totalVirtualBalance')
 reader witnesses  -> 79
 storage exposures -> 1
[MV-SI candidate 40eb33ac8b3a2d0a1c0a] {cumulativeRewardPerToken, lastUpdate, rewardTokenAmount, totalVirtualBalance}
 writer root       -> src/test/Locke.t.sol::StreamTest.test_stake()
 writer effect     -> src/Locke.sol:213
 written member    -> ('SV', 'src/Locke.sol', 'Stream.lastUpdate')
 potentially stale -> ('SV', 'src/Locke.sol', 'Stream.cumulativeRewardPerToken'), ('SV', 'src/Locke.sol', 'Stream.rewardTokenAmount'), ('SV', 'src/Locke.sol', 'Stream.totalVirtualBalance')
 reader witnesses  -> 79
 storage exposures -> 1
[MV-SI candidate 41cf81c6f8d401573994] {cumulativeRewardPerToken, lastUpdate, rewardTokenAmount, totalVirtualBalance}
 writer root       -> src/test/utils/LockeTest.sol::User.doStake(Stream,address,uint112)
 writer effect     -> src/Locke.sol:247
 written member    -> ('SV', 'src/Locke.sol', 'Stream.lastUpdate')
 potentially stale -> ('SV', 'src/Locke.sol', 'Stream.cumulativeRewardPerToken'), ('SV', 'src/Locke.sol', 'Stream.rewardTokenAmount'), ('SV', 'src/Locke.sol', 'Stream.totalVirtualBalance')
 reader witnesses  -> 79
 storage exposures -> 1
[MV-SI candidate 49f2f78231aacb352fe6] {cumulativeRewardPerToken, lastUpdate, rewardTokenAmount, totalVirtualBalance}
 writer root       -> src/test/utils/LockeTest.sol::User.doClaimReward(Stream)
 writer effect     -> src/Locke.sol:560
 written member    -> ('SV', 'src/Locke.sol', 'Stream.cumulativeRewardPerToken')
 potentially stale -> ('SV', 'src/Locke.sol', 'Stream.lastUpdate'), ('SV', 'src/Locke.sol', 'Stream.rewardTokenAmount'), ('SV', 'src/Locke.sol', 'Stream.totalVirtualBalance')
 reader witnesses  -> 119
 storage exposures -> 1
[MV-SI candidate 4bc1178f68ade84a1ae0] {cumulativeRewardPerToken, lastUpdate, rewardTokenAmount, totalVirtualBalance}
 writer root       -> src/test/Locke.t.sol::StreamTest.test_flashloan()
 writer effect     -> src/Locke.sol:406
 written member    -> ('SV', 'src/Locke.sol', 'Stream.rewardTokenAmount')
 potentially stale -> ('SV', 'src/Locke.sol', 'Stream.cumulativeRewardPerToken'), ('SV', 'src/Locke.sol', 'Stream.lastUpdate'), ('SV', 'src/Locke.sol', 'Stream.totalVirtualBalance')
 reader witnesses  -> 119
 storage exposures -> 1
[MV-SI candidate 4eb131ce1f4c1ec59084] {cumulativeRewardPerToken, lastUpdate, rewardTokenAmount, totalVirtualBalance}
 writer root       -> src/test/utils/LockeTest.sol::User.doExit(Stream)
 writer effect     -> src/Locke.sol:213
 written member    -> ('SV', 'src/Locke.sol', 'Stream.lastUpdate')
 potentially stale -> ('SV', 'src/Locke.sol', 'Stream.cumulativeRewardPerToken'), ('SV', 'src/Locke.sol', 'Stream.rewardTokenAmount'), ('SV', 'src/Locke.sol', 'Stream.totalVirtualBalance')
 reader witnesses  -> 79
 storage exposures -> 1
[MV-SI candidate 4fb8c1504d80147dbf71] {cumulativeRewardPerToken, lastUpdate, rewardTokenAmount, totalVirtualBalance}
 writer root       -> src/Locke.sol::Stream.stake(uint112)
 writer effect     -> src/Locke.sol:437
 written member    -> ('SV', 'src/Locke.sol', 'Stream.totalVirtualBalance')
 potentially stale -> ('SV', 'src/Locke.sol', 'Stream.cumulativeRewardPerToken'), ('SV', 'src/Locke.sol', 'Stream.lastUpdate'), ('SV', 'src/Locke.sol', 'Stream.rewardTokenAmount')
 reader witnesses  -> 104
 storage exposures -> 1
[MV-SI candidate 5005ca57b1ad661209fc] {cumulativeRewardPerToken, lastUpdate, rewardTokenAmount, totalVirtualBalance}
 writer root       -> src/Locke.sol::Stream.stake(uint112)
 writer effect     -> src/Locke.sol:213
 written member    -> ('SV', 'src/Locke.sol', 'Stream.lastUpdate')
 potentially stale -> ('SV', 'src/Locke.sol', 'Stream.cumulativeRewardPerToken'), ('SV', 'src/Locke.sol', 'Stream.rewardTokenAmount'), ('SV', 'src/Locke.sol', 'Stream.totalVirtualBalance')
 reader witnesses  -> 79
 storage exposures -> 1
[MV-SI candidate 5030b1ff839fd1264ff8] {cumulativeRewardPerToken, lastUpdate, rewardTokenAmount, totalVirtualBalance}
 writer root       -> src/test/Locke.t.sol::StreamTest.test_creatorClaimTokens()
 writer effect     -> src/Locke.sol:217
 written member    -> ('SV', 'src/Locke.sol', 'Stream.cumulativeRewardPerToken')
 potentially stale -> ('SV', 'src/Locke.sol', 'Stream.lastUpdate'), ('SV', 'src/Locke.sol', 'Stream.rewardTokenAmount'), ('SV', 'src/Locke.sol', 'Stream.totalVirtualBalance')
 reader witnesses  -> 119
 storage exposures -> 1
[MV-SI candidate 5037331402a6325ea2b0] {cumulativeRewardPerToken, lastUpdate, rewardTokenAmount, totalVirtualBalance}
 writer root       -> src/test/Locke.t.sol::StreamTest.test_fundStream()
 writer effect     -> src/Locke.sol:403
 written member    -> ('SV', 'src/Locke.sol', 'Stream.rewardTokenAmount')
 potentially stale -> ('SV', 'src/Locke.sol', 'Stream.cumulativeRewardPerToken'), ('SV', 'src/Locke.sol', 'Stream.lastUpdate'), ('SV', 'src/Locke.sol', 'Stream.totalVirtualBalance')
 reader witnesses  -> 119
 storage exposures -> 1
[MV-SI candidate 5102aaaa963fc637c5ff] {cumulativeRewardPerToken, lastUpdate, rewardTokenAmount, totalVirtualBalance}
 writer root       -> src/Locke.sol::Stream.claimReward()
 writer effect     -> src/Locke.sol:567
 written member    -> ('SV', 'src/Locke.sol', 'Stream.lastUpdate')
 potentially stale -> ('SV', 'src/Locke.sol', 'Stream.cumulativeRewardPerToken'), ('SV', 'src/Locke.sol', 'Stream.rewardTokenAmount'), ('SV', 'src/Locke.sol', 'Stream.totalVirtualBalance')
 reader witnesses  -> 79
 storage exposures -> 1
[MV-SI candidate 515c85bf8e3aaa759f69] {cumulativeRewardPerToken, lastUpdate, rewardTokenAmount, totalVirtualBalance}
 writer root       -> src/test/Locke.t.sol::StreamTest.test_claimDeposit()
 writer effect     -> src/Locke.sol:241
 written member    -> ('SV', 'src/Locke.sol', 'Stream.lastUpdate')
 potentially stale -> ('SV', 'src/Locke.sol', 'Stream.cumulativeRewardPerToken'), ('SV', 'src/Locke.sol', 'Stream.rewardTokenAmount'), ('SV', 'src/Locke.sol', 'Stream.totalVirtualBalance')
 reader witnesses  -> 79
 storage exposures -> 1
[MV-SI candidate 5441d5d8f959738d64ad] {cumulativeRewardPerToken, lastUpdate, rewardTokenAmount, totalVirtualBalance}
 writer root       -> src/test/Locke.t.sol::StreamTest.test_claimDeposit()
 writer effect     -> src/Locke.sol:247
 written member    -> ('SV', 'src/Locke.sol', 'Stream.lastUpdate')
 potentially stale -> ('SV', 'src/Locke.sol', 'Stream.cumulativeRewardPerToken'), ('SV', 'src/Locke.sol', 'Stream.rewardTokenAmount'), ('SV', 'src/Locke.sol', 'Stream.totalVirtualBalance')
 reader witnesses  -> 79
 storage exposures -> 1
[MV-SI candidate 5788e9cc068b03086311] {cumulativeRewardPerToken, lastUpdate, rewardTokenAmount, totalVirtualBalance}
 writer root       -> src/test/utils/LockeTest.sol::User.doWithdraw(Stream,uint112)
 writer effect     -> src/Locke.sol:213
 written member    -> ('SV', 'src/Locke.sol', 'Stream.lastUpdate')
 potentially stale -> ('SV', 'src/Locke.sol', 'Stream.cumulativeRewardPerToken'), ('SV', 'src/Locke.sol', 'Stream.rewardTokenAmount'), ('SV', 'src/Locke.sol', 'Stream.totalVirtualBalance')
 reader witnesses  -> 79
 storage exposures -> 1
[MV-SI candidate 57cde3aa373056d75724] {cumulativeRewardPerToken, lastUpdate, rewardTokenAmount, totalVirtualBalance}
 writer root       -> src/Locke.sol::Stream.stake(uint112)
 writer effect     -> src/Locke.sol:241
 written member    -> ('SV', 'src/Locke.sol', 'Stream.lastUpdate')
 potentially stale -> ('SV', 'src/Locke.sol', 'Stream.cumulativeRewardPerToken'), ('SV', 'src/Locke.sol', 'Stream.rewardTokenAmount'), ('SV', 'src/Locke.sol', 'Stream.totalVirtualBalance')
 reader witnesses  -> 79
 storage exposures -> 1
[MV-SI candidate 611e401b90d6d02ec022] {cumulativeRewardPerToken, lastUpdate, rewardTokenAmount, totalVirtualBalance}
 writer root       -> src/test/utils/LockeTest.sol::User.doExit(Stream)
 writer effect     -> src/Locke.sol:468
 written member    -> ('SV', 'src/Locke.sol', 'Stream.totalVirtualBalance')
 potentially stale -> ('SV', 'src/Locke.sol', 'Stream.cumulativeRewardPerToken'), ('SV', 'src/Locke.sol', 'Stream.lastUpdate'), ('SV', 'src/Locke.sol', 'Stream.rewardTokenAmount')
 reader witnesses  -> 104
 storage exposures -> 1
[MV-SI candidate 61f47f8b9c6be19640da] {cumulativeRewardPerToken, lastUpdate, rewardTokenAmount, totalVirtualBalance}
 writer root       -> src/test/Locke.t.sol::StreamTest.test_creatorClaimTokens()
 writer effect     -> src/Locke.sol:437
 written member    -> ('SV', 'src/Locke.sol', 'Stream.totalVirtualBalance')
 potentially stale -> ('SV', 'src/Locke.sol', 'Stream.cumulativeRewardPerToken'), ('SV', 'src/Locke.sol', 'Stream.lastUpdate'), ('SV', 'src/Locke.sol', 'Stream.rewardTokenAmount')
 reader witnesses  -> 104
 storage exposures -> 1
[MV-SI candidate 62de662155cfcbdde42c] {cumulativeRewardPerToken, lastUpdate, rewardTokenAmount, totalVirtualBalance}
 writer root       -> src/test/Locke.t.sol::StreamTest.test_arbitraryCall()
 writer effect     -> src/Locke.sol:241
 written member    -> ('SV', 'src/Locke.sol', 'Stream.lastUpdate')
 potentially stale -> ('SV', 'src/Locke.sol', 'Stream.cumulativeRewardPerToken'), ('SV', 'src/Locke.sol', 'Stream.rewardTokenAmount'), ('SV', 'src/Locke.sol', 'Stream.totalVirtualBalance')
 reader witnesses  -> 79
 storage exposures -> 1
[MV-SI candidate 651a281a04119845afd6] {cumulativeRewardPerToken, lastUpdate, rewardTokenAmount, totalVirtualBalance}
 writer root       -> src/test/Locke.t.sol::StreamTest.test_flashloan()
 writer effect     -> src/Locke.sol:217
 written member    -> ('SV', 'src/Locke.sol', 'Stream.cumulativeRewardPerToken')
 potentially stale -> ('SV', 'src/Locke.sol', 'Stream.lastUpdate'), ('SV', 'src/Locke.sol', 'Stream.rewardTokenAmount'), ('SV', 'src/Locke.sol', 'Stream.totalVirtualBalance')
 reader witnesses  -> 119
 storage exposures -> 1
[MV-SI candidate 6983532f9c81a062b709] {cumulativeRewardPerToken, lastUpdate, rewardTokenAmount, totalVirtualBalance}
 writer root       -> src/Locke.sol::Stream.exit()
 writer effect     -> src/Locke.sol:213
 written member    -> ('SV', 'src/Locke.sol', 'Stream.lastUpdate')
 potentially stale -> ('SV', 'src/Locke.sol', 'Stream.cumulativeRewardPerToken'), ('SV', 'src/Locke.sol', 'Stream.rewardTokenAmount'), ('SV', 'src/Locke.sol', 'Stream.totalVirtualBalance')
 reader witnesses  -> 79
 storage exposures -> 1
[MV-SI candidate 748ab734ec89435c2461] {cumulativeRewardPerToken, lastUpdate, rewardTokenAmount, totalVirtualBalance}
 writer root       -> src/Locke.sol::Stream.withdraw(uint112)
 writer effect     -> src/Locke.sol:217
 written member    -> ('SV', 'src/Locke.sol', 'Stream.cumulativeRewardPerToken')
 potentially stale -> ('SV', 'src/Locke.sol', 'Stream.lastUpdate'), ('SV', 'src/Locke.sol', 'Stream.rewardTokenAmount'), ('SV', 'src/Locke.sol', 'Stream.totalVirtualBalance')
 reader witnesses  -> 119
 storage exposures -> 1
[MV-SI candidate 75047160d0d4142d52cc] {cumulativeRewardPerToken, lastUpdate, rewardTokenAmount, totalVirtualBalance}
 writer root       -> src/test/Locke.t.sol::StreamTest.test_stake()
 writer effect     -> src/Locke.sol:241
 written member    -> ('SV', 'src/Locke.sol', 'Stream.lastUpdate')
 potentially stale -> ('SV', 'src/Locke.sol', 'Stream.cumulativeRewardPerToken'), ('SV', 'src/Locke.sol', 'Stream.rewardTokenAmount'), ('SV', 'src/Locke.sol', 'Stream.totalVirtualBalance')
 reader witnesses  -> 79
 storage exposures -> 1
[MV-SI candidate 7d210d8367e5425a9034] {cumulativeRewardPerToken, lastUpdate, rewardTokenAmount, totalVirtualBalance}
 writer root       -> src/test/Locke.t.sol::StreamTest.test_recoverTokens()
 writer effect     -> src/Locke.sol:437
 written member    -> ('SV', 'src/Locke.sol', 'Stream.totalVirtualBalance')
 potentially stale -> ('SV', 'src/Locke.sol', 'Stream.cumulativeRewardPerToken'), ('SV', 'src/Locke.sol', 'Stream.lastUpdate'), ('SV', 'src/Locke.sol', 'Stream.rewardTokenAmount')
 reader witnesses  -> 104
 storage exposures -> 1
[MV-SI candidate 7dcd2ea2274748460d58] {cumulativeRewardPerToken, lastUpdate, rewardTokenAmount, totalVirtualBalance}
 writer root       -> src/test/Locke.t.sol::StreamTest.test_creatorClaimTokens()
 writer effect     -> src/Locke.sol:241
 written member    -> ('SV', 'src/Locke.sol', 'Stream.lastUpdate')
 potentially stale -> ('SV', 'src/Locke.sol', 'Stream.cumulativeRewardPerToken'), ('SV', 'src/Locke.sol', 'Stream.rewardTokenAmount'), ('SV', 'src/Locke.sol', 'Stream.totalVirtualBalance')
 reader witnesses  -> 79
 storage exposures -> 1
[MV-SI candidate 844efa119586d2bf54b3] {cumulativeRewardPerToken, lastUpdate, rewardTokenAmount, totalVirtualBalance}
 writer root       -> src/test/Locke.t.sol::StreamTest.test_stake()
 writer effect     -> src/Locke.sol:217
 written member    -> ('SV', 'src/Locke.sol', 'Stream.cumulativeRewardPerToken')
 potentially stale -> ('SV', 'src/Locke.sol', 'Stream.lastUpdate'), ('SV', 'src/Locke.sol', 'Stream.rewardTokenAmount'), ('SV', 'src/Locke.sol', 'Stream.totalVirtualBalance')
 reader witnesses  -> 119
 storage exposures -> 1
[MV-SI candidate 89fa7125d4a1efdcb498] {cumulativeRewardPerToken, lastUpdate, rewardTokenAmount, totalVirtualBalance}
 writer root       -> src/test/Locke.t.sol::StreamTest.test_claimFees()
 writer effect     -> src/Locke.sol:406
 written member    -> ('SV', 'src/Locke.sol', 'Stream.rewardTokenAmount')
 potentially stale -> ('SV', 'src/Locke.sol', 'Stream.cumulativeRewardPerToken'), ('SV', 'src/Locke.sol', 'Stream.lastUpdate'), ('SV', 'src/Locke.sol', 'Stream.totalVirtualBalance')
 reader witnesses  -> 119
 storage exposures -> 1
[MV-SI candidate 8bc6a8956e39b331a413] {cumulativeRewardPerToken, lastUpdate, rewardTokenAmount, totalVirtualBalance}
 writer root       -> src/test/utils/LockeTest.sol::User.doExit(Stream)
 writer effect     -> src/Locke.sol:247
 written member    -> ('SV', 'src/Locke.sol', 'Stream.lastUpdate')
 potentially stale -> ('SV', 'src/Locke.sol', 'Stream.cumulativeRewardPerToken'), ('SV', 'src/Locke.sol', 'Stream.rewardTokenAmount'), ('SV', 'src/Locke.sol', 'Stream.totalVirtualBalance')
 reader witnesses  -> 79
 storage exposures -> 1
[MV-SI candidate 8e9add42a032aa000f76] {cumulativeRewardPerToken, lastUpdate, rewardTokenAmount, totalVirtualBalance}
 writer root       -> src/test/utils/LockeTest.sol::User.doWithdraw(Stream,uint112)
 writer effect     -> src/Locke.sol:468
 written member    -> ('SV', 'src/Locke.sol', 'Stream.totalVirtualBalance')
 potentially stale -> ('SV', 'src/Locke.sol', 'Stream.cumulativeRewardPerToken'), ('SV', 'src/Locke.sol', 'Stream.lastUpdate'), ('SV', 'src/Locke.sol', 'Stream.rewardTokenAmount')
 reader witnesses  -> 104
 storage exposures -> 1
[MV-SI candidate 97b17e78840bb0f53c1e] {cumulativeRewardPerToken, lastUpdate, rewardTokenAmount, totalVirtualBalance}
 writer root       -> src/Locke.sol::Stream.stake(uint112)
 writer effect     -> src/Locke.sol:217
 written member    -> ('SV', 'src/Locke.sol', 'Stream.cumulativeRewardPerToken')
 potentially stale -> ('SV', 'src/Locke.sol', 'Stream.lastUpdate'), ('SV', 'src/Locke.sol', 'Stream.rewardTokenAmount'), ('SV', 'src/Locke.sol', 'Stream.totalVirtualBalance')
 reader witnesses  -> 119
 storage exposures -> 1
[MV-SI candidate 9ba6472067aadde120a4] {cumulativeRewardPerToken, lastUpdate, rewardTokenAmount, totalVirtualBalance}
 writer root       -> src/Locke.sol::Stream.exit()
 writer effect     -> src/Locke.sol:241
 written member    -> ('SV', 'src/Locke.sol', 'Stream.lastUpdate')
 potentially stale -> ('SV', 'src/Locke.sol', 'Stream.cumulativeRewardPerToken'), ('SV', 'src/Locke.sol', 'Stream.rewardTokenAmount'), ('SV', 'src/Locke.sol', 'Stream.totalVirtualBalance')
 reader witnesses  -> 79
 storage exposures -> 1
[MV-SI candidate 9cda6615d17b8b5a8e4d] {cumulativeRewardPerToken, lastUpdate, rewardTokenAmount, totalVirtualBalance}
 writer root       -> src/test/utils/LockeTest.sol::User.doExit(Stream)
 writer effect     -> src/Locke.sol:241
 written member    -> ('SV', 'src/Locke.sol', 'Stream.lastUpdate')
 potentially stale -> ('SV', 'src/Locke.sol', 'Stream.cumulativeRewardPerToken'), ('SV', 'src/Locke.sol', 'Stream.rewardTokenAmount'), ('SV', 'src/Locke.sol', 'Stream.totalVirtualBalance')
 reader witnesses  -> 79
 storage exposures -> 1
[MV-SI candidate a0b359b833a2c9bcc948] {cumulativeRewardPerToken, lastUpdate, rewardTokenAmount, totalVirtualBalance}
 writer root       -> src/test/Locke.t.sol::StreamTest.test_flashloan()
 writer effect     -> src/Locke.sol:247
 written member    -> ('SV', 'src/Locke.sol', 'Stream.lastUpdate')
 potentially stale -> ('SV', 'src/Locke.sol', 'Stream.cumulativeRewardPerToken'), ('SV', 'src/Locke.sol', 'Stream.rewardTokenAmount'), ('SV', 'src/Locke.sol', 'Stream.totalVirtualBalance')
 reader witnesses  -> 79
 storage exposures -> 1
[MV-SI candidate a71ae0c2c0e316750ec0] {cumulativeRewardPerToken, lastUpdate, rewardTokenAmount, totalVirtualBalance}
 writer root       -> src/test/Locke.t.sol::StreamTest.test_creatorClaimTokens()
 writer effect     -> src/Locke.sol:213
 written member    -> ('SV', 'src/Locke.sol', 'Stream.lastUpdate')
 potentially stale -> ('SV', 'src/Locke.sol', 'Stream.cumulativeRewardPerToken'), ('SV', 'src/Locke.sol', 'Stream.rewardTokenAmount'), ('SV', 'src/Locke.sol', 'Stream.totalVirtualBalance')
 reader witnesses  -> 79
 storage exposures -> 1
[MV-SI candidate a84ec93e724b6fb4501f] {cumulativeRewardPerToken, lastUpdate, rewardTokenAmount, totalVirtualBalance}
 writer root       -> src/Locke.sol::Stream.stake(uint112)
 writer effect     -> src/Locke.sol:247
 written member    -> ('SV', 'src/Locke.sol', 'Stream.lastUpdate')
 potentially stale -> ('SV', 'src/Locke.sol', 'Stream.cumulativeRewardPerToken'), ('SV', 'src/Locke.sol', 'Stream.rewardTokenAmount'), ('SV', 'src/Locke.sol', 'Stream.totalVirtualBalance')
 reader witnesses  -> 79
 storage exposures -> 1
[MV-SI candidate abbbb462d308f0442648] {cumulativeRewardPerToken, lastUpdate, rewardTokenAmount, totalVirtualBalance}
 writer root       -> src/test/Locke.t.sol::StreamTest.test_arbitraryCall()
 writer effect     -> src/Locke.sol:403
 written member    -> ('SV', 'src/Locke.sol', 'Stream.rewardTokenAmount')
 potentially stale -> ('SV', 'src/Locke.sol', 'Stream.cumulativeRewardPerToken'), ('SV', 'src/Locke.sol', 'Stream.lastUpdate'), ('SV', 'src/Locke.sol', 'Stream.totalVirtualBalance')
 reader witnesses  -> 119
 storage exposures -> 1
[MV-SI candidate abc0908e4d0407c8c269] {cumulativeRewardPerToken, lastUpdate, rewardTokenAmount, totalVirtualBalance}
 writer root       -> src/Locke.sol::Stream.exit()
 writer effect     -> src/Locke.sol:217
 written member    -> ('SV', 'src/Locke.sol', 'Stream.cumulativeRewardPerToken')
 potentially stale -> ('SV', 'src/Locke.sol', 'Stream.lastUpdate'), ('SV', 'src/Locke.sol', 'Stream.rewardTokenAmount'), ('SV', 'src/Locke.sol', 'Stream.totalVirtualBalance')
 reader witnesses  -> 119
 storage exposures -> 1
[MV-SI candidate af28a48aee751a6ccbfc] {cumulativeRewardPerToken, lastUpdate, rewardTokenAmount, totalVirtualBalance}
 writer root       -> src/test/Locke.t.sol::StreamTest.test_creatorClaimTokens()
 writer effect     -> src/Locke.sol:247
 written member    -> ('SV', 'src/Locke.sol', 'Stream.lastUpdate')
 potentially stale -> ('SV', 'src/Locke.sol', 'Stream.cumulativeRewardPerToken'), ('SV', 'src/Locke.sol', 'Stream.rewardTokenAmount'), ('SV', 'src/Locke.sol', 'Stream.totalVirtualBalance')
 reader witnesses  -> 79
 storage exposures -> 1
[MV-SI candidate b0b03c51ea53dd1cc8ab] {cumulativeRewardPerToken, lastUpdate, rewardTokenAmount, totalVirtualBalance}
 writer root       -> src/test/Locke.t.sol::StreamTest.test_flashloan()
 writer effect     -> src/Locke.sol:213
 written member    -> ('SV', 'src/Locke.sol', 'Stream.lastUpdate')
 potentially stale -> ('SV', 'src/Locke.sol', 'Stream.cumulativeRewardPerToken'), ('SV', 'src/Locke.sol', 'Stream.rewardTokenAmount'), ('SV', 'src/Locke.sol', 'Stream.totalVirtualBalance')
 reader witnesses  -> 79
 storage exposures -> 1
[MV-SI candidate b23bd099b77270f316f9] {cumulativeRewardPerToken, lastUpdate, rewardTokenAmount, totalVirtualBalance}
 writer root       -> src/test/Locke.t.sol::StreamTest.test_arbitraryCall()
 writer effect     -> src/Locke.sol:217
 written member    -> ('SV', 'src/Locke.sol', 'Stream.cumulativeRewardPerToken')
 potentially stale -> ('SV', 'src/Locke.sol', 'Stream.lastUpdate'), ('SV', 'src/Locke.sol', 'Stream.rewardTokenAmount'), ('SV', 'src/Locke.sol', 'Stream.totalVirtualBalance')
 reader witnesses  -> 119
 storage exposures -> 1
[MV-SI candidate b35b3ff99045ded9fdc4] {cumulativeRewardPerToken, lastUpdate, rewardTokenAmount, totalVirtualBalance}
 writer root       -> src/test/Locke.t.sol::StreamTest.test_recoverTokens()
 writer effect     -> src/Locke.sol:213
 written member    -> ('SV', 'src/Locke.sol', 'Stream.lastUpdate')
 potentially stale -> ('SV', 'src/Locke.sol', 'Stream.cumulativeRewardPerToken'), ('SV', 'src/Locke.sol', 'Stream.rewardTokenAmount'), ('SV', 'src/Locke.sol', 'Stream.totalVirtualBalance')
 reader witnesses  -> 79
 storage exposures -> 1
[MV-SI candidate b512efa9406ba8c4b09c] {cumulativeRewardPerToken, lastUpdate, rewardTokenAmount, totalVirtualBalance}
 writer root       -> src/Locke.sol::Stream.withdraw(uint112)
 writer effect     -> src/Locke.sol:247
 written member    -> ('SV', 'src/Locke.sol', 'Stream.lastUpdate')
 potentially stale -> ('SV', 'src/Locke.sol', 'Stream.cumulativeRewardPerToken'), ('SV', 'src/Locke.sol', 'Stream.rewardTokenAmount'), ('SV', 'src/Locke.sol', 'Stream.totalVirtualBalance')
 reader witnesses  -> 79
 storage exposures -> 1
[MV-SI candidate ba2f6aeddd0f616f7684] {cumulativeRewardPerToken, lastUpdate, rewardTokenAmount, totalVirtualBalance}
 writer root       -> src/test/Locke.t.sol::StreamTest.test_recoverTokens()
 writer effect     -> src/Locke.sol:241
 written member    -> ('SV', 'src/Locke.sol', 'Stream.lastUpdate')
 potentially stale -> ('SV', 'src/Locke.sol', 'Stream.cumulativeRewardPerToken'), ('SV', 'src/Locke.sol', 'Stream.rewardTokenAmount'), ('SV', 'src/Locke.sol', 'Stream.totalVirtualBalance')
 reader witnesses  -> 79
 storage exposures -> 1
[MV-SI candidate bdc64d7fbf7371dddd18] {cumulativeRewardPerToken, lastUpdate, rewardTokenAmount, totalVirtualBalance}
 writer root       -> src/Locke.sol::Stream.withdraw(uint112)
 writer effect     -> src/Locke.sol:468
 written member    -> ('SV', 'src/Locke.sol', 'Stream.totalVirtualBalance')
 potentially stale -> ('SV', 'src/Locke.sol', 'Stream.cumulativeRewardPerToken'), ('SV', 'src/Locke.sol', 'Stream.lastUpdate'), ('SV', 'src/Locke.sol', 'Stream.rewardTokenAmount')
 reader witnesses  -> 104
 storage exposures -> 1
[MV-SI candidate c073ab77996c8466ac1d] {cumulativeRewardPerToken, lastUpdate, rewardTokenAmount, totalVirtualBalance}
 writer root       -> src/test/utils/LockeTest.sol::User.doExit(Stream)
 writer effect     -> src/Locke.sol:217
 written member    -> ('SV', 'src/Locke.sol', 'Stream.cumulativeRewardPerToken')
 potentially stale -> ('SV', 'src/Locke.sol', 'Stream.lastUpdate'), ('SV', 'src/Locke.sol', 'Stream.rewardTokenAmount'), ('SV', 'src/Locke.sol', 'Stream.totalVirtualBalance')
 reader witnesses  -> 119
 storage exposures -> 1
[MV-SI candidate c1207689cfc3a0022d44] {cumulativeRewardPerToken, lastUpdate, rewardTokenAmount, totalVirtualBalance}
 writer root       -> src/test/utils/LockeTest.sol::User.doStake(Stream,address,uint112)
 writer effect     -> src/Locke.sol:213
 written member    -> ('SV', 'src/Locke.sol', 'Stream.lastUpdate')
 potentially stale -> ('SV', 'src/Locke.sol', 'Stream.cumulativeRewardPerToken'), ('SV', 'src/Locke.sol', 'Stream.rewardTokenAmount'), ('SV', 'src/Locke.sol', 'Stream.totalVirtualBalance')
 reader witnesses  -> 79
 storage exposures -> 1
[MV-SI candidate c4c24956eed42175283f] {cumulativeRewardPerToken, lastUpdate, rewardTokenAmount, totalVirtualBalance}
 writer root       -> src/test/Locke.t.sol::StreamTest.test_flashloan()
 writer effect     -> src/Locke.sol:403
 written member    -> ('SV', 'src/Locke.sol', 'Stream.rewardTokenAmount')
 potentially stale -> ('SV', 'src/Locke.sol', 'Stream.cumulativeRewardPerToken'), ('SV', 'src/Locke.sol', 'Stream.lastUpdate'), ('SV', 'src/Locke.sol', 'Stream.totalVirtualBalance')
 reader witnesses  -> 119
 storage exposures -> 1
[MV-SI candidate ce1e5918ef5d4e0f2e81] {cumulativeRewardPerToken, lastUpdate, rewardTokenAmount, totalVirtualBalance}
 writer root       -> src/Locke.sol::Stream.withdraw(uint112)
 writer effect     -> src/Locke.sol:213
 written member    -> ('SV', 'src/Locke.sol', 'Stream.lastUpdate')
 potentially stale -> ('SV', 'src/Locke.sol', 'Stream.cumulativeRewardPerToken'), ('SV', 'src/Locke.sol', 'Stream.rewardTokenAmount'), ('SV', 'src/Locke.sol', 'Stream.totalVirtualBalance')
 reader witnesses  -> 79
 storage exposures -> 1
[MV-SI candidate cf086702605c9f874208] {cumulativeRewardPerToken, lastUpdate, rewardTokenAmount, totalVirtualBalance}
 writer root       -> src/test/Locke.t.sol::StreamTest.test_arbitraryCall()
 writer effect     -> src/Locke.sol:406
 written member    -> ('SV', 'src/Locke.sol', 'Stream.rewardTokenAmount')
 potentially stale -> ('SV', 'src/Locke.sol', 'Stream.cumulativeRewardPerToken'), ('SV', 'src/Locke.sol', 'Stream.lastUpdate'), ('SV', 'src/Locke.sol', 'Stream.totalVirtualBalance')
 reader witnesses  -> 119
 storage exposures -> 1
[MV-SI candidate d363747ee2cedb5f1d57] {cumulativeRewardPerToken, lastUpdate, rewardTokenAmount, totalVirtualBalance}
 writer root       -> src/test/Locke.t.sol::StreamTest.test_claimFees()
 writer effect     -> src/Locke.sol:403
 written member    -> ('SV', 'src/Locke.sol', 'Stream.rewardTokenAmount')
 potentially stale -> ('SV', 'src/Locke.sol', 'Stream.cumulativeRewardPerToken'), ('SV', 'src/Locke.sol', 'Stream.lastUpdate'), ('SV', 'src/Locke.sol', 'Stream.totalVirtualBalance')
 reader witnesses  -> 119
 storage exposures -> 1
[MV-SI candidate d48ee7982270b8f6d98b] {cumulativeRewardPerToken, lastUpdate, rewardTokenAmount, totalVirtualBalance}
 writer root       -> src/Locke.sol::Stream.exit()
 writer effect     -> src/Locke.sol:247
 written member    -> ('SV', 'src/Locke.sol', 'Stream.lastUpdate')
 potentially stale -> ('SV', 'src/Locke.sol', 'Stream.cumulativeRewardPerToken'), ('SV', 'src/Locke.sol', 'Stream.rewardTokenAmount'), ('SV', 'src/Locke.sol', 'Stream.totalVirtualBalance')
 reader witnesses  -> 79
 storage exposures -> 1
[MV-SI candidate d5978173ad105758ed59] {cumulativeRewardPerToken, lastUpdate, rewardTokenAmount, totalVirtualBalance}
 writer root       -> src/test/utils/LockeTest.sol::User.doStake(Stream,address,uint112)
 writer effect     -> src/Locke.sol:217
 written member    -> ('SV', 'src/Locke.sol', 'Stream.cumulativeRewardPerToken')
 potentially stale -> ('SV', 'src/Locke.sol', 'Stream.lastUpdate'), ('SV', 'src/Locke.sol', 'Stream.rewardTokenAmount'), ('SV', 'src/Locke.sol', 'Stream.totalVirtualBalance')
 reader witnesses  -> 119
 storage exposures -> 1
[MV-SI candidate d5cfa4c8abccaf470358] {cumulativeRewardPerToken, lastUpdate, rewardTokenAmount, totalVirtualBalance}
 writer root       -> src/test/Locke.t.sol::StreamTest.test_stake()
 writer effect     -> src/Locke.sol:247
 written member    -> ('SV', 'src/Locke.sol', 'Stream.lastUpdate')
 potentially stale -> ('SV', 'src/Locke.sol', 'Stream.cumulativeRewardPerToken'), ('SV', 'src/Locke.sol', 'Stream.rewardTokenAmount'), ('SV', 'src/Locke.sol', 'Stream.totalVirtualBalance')
 reader witnesses  -> 79
 storage exposures -> 1
[MV-SI candidate d74631c45b89fc4f83ac] {cumulativeRewardPerToken, lastUpdate, rewardTokenAmount, totalVirtualBalance}
 writer root       -> src/test/Locke.t.sol::StreamTest.test_arbitraryCall()
 writer effect     -> src/Locke.sol:213
 written member    -> ('SV', 'src/Locke.sol', 'Stream.lastUpdate')
 potentially stale -> ('SV', 'src/Locke.sol', 'Stream.cumulativeRewardPerToken'), ('SV', 'src/Locke.sol', 'Stream.rewardTokenAmount'), ('SV', 'src/Locke.sol', 'Stream.totalVirtualBalance')
 reader witnesses  -> 79
 storage exposures -> 1
[MV-SI candidate d8df44fd713e8a24a403] {cumulativeRewardPerToken, lastUpdate, rewardTokenAmount, totalVirtualBalance}
 writer root       -> src/test/Locke.t.sol::StreamTest.test_recoverTokens()
 writer effect     -> src/Locke.sol:217
 written member    -> ('SV', 'src/Locke.sol', 'Stream.cumulativeRewardPerToken')
 potentially stale -> ('SV', 'src/Locke.sol', 'Stream.lastUpdate'), ('SV', 'src/Locke.sol', 'Stream.rewardTokenAmount'), ('SV', 'src/Locke.sol', 'Stream.totalVirtualBalance')
 reader witnesses  -> 119
 storage exposures -> 1
[MV-SI candidate df0f3747e9aac8cdbe6c] {cumulativeRewardPerToken, lastUpdate, rewardTokenAmount, totalVirtualBalance}
 writer root       -> src/test/utils/LockeTest.sol::User.doWithdraw(Stream,uint112)
 writer effect     -> src/Locke.sol:247
 written member    -> ('SV', 'src/Locke.sol', 'Stream.lastUpdate')
 potentially stale -> ('SV', 'src/Locke.sol', 'Stream.cumulativeRewardPerToken'), ('SV', 'src/Locke.sol', 'Stream.rewardTokenAmount'), ('SV', 'src/Locke.sol', 'Stream.totalVirtualBalance')
 reader witnesses  -> 79
 storage exposures -> 1
[MV-SI candidate e1985a4a3f76ad42c2b3] {cumulativeRewardPerToken, lastUpdate, rewardTokenAmount, totalVirtualBalance}
 writer root       -> src/Locke.sol::Stream.withdraw(uint112)
 writer effect     -> src/Locke.sol:241
 written member    -> ('SV', 'src/Locke.sol', 'Stream.lastUpdate')
 potentially stale -> ('SV', 'src/Locke.sol', 'Stream.cumulativeRewardPerToken'), ('SV', 'src/Locke.sol', 'Stream.rewardTokenAmount'), ('SV', 'src/Locke.sol', 'Stream.totalVirtualBalance')
 reader witnesses  -> 79
 storage exposures -> 1
[MV-SI candidate f2bccc59b3219679bd8e] {cumulativeRewardPerToken, lastUpdate, rewardTokenAmount, totalVirtualBalance}
 writer root       -> src/test/Locke.t.sol::StreamTest.test_recoverTokens()
 writer effect     -> src/Locke.sol:247
 written member    -> ('SV', 'src/Locke.sol', 'Stream.lastUpdate')
 potentially stale -> ('SV', 'src/Locke.sol', 'Stream.cumulativeRewardPerToken'), ('SV', 'src/Locke.sol', 'Stream.rewardTokenAmount'), ('SV', 'src/Locke.sol', 'Stream.totalVirtualBalance')
 reader witnesses  -> 79
 storage exposures -> 1
[MV-SI candidate f9aa71165ddb5e2428eb] {cumulativeRewardPerToken, lastUpdate, rewardTokenAmount, totalVirtualBalance}
 writer root       -> src/test/utils/LockeTest.sol::User.doStake(Stream,address,uint112)
 writer effect     -> src/Locke.sol:241
 written member    -> ('SV', 'src/Locke.sol', 'Stream.lastUpdate')
 potentially stale -> ('SV', 'src/Locke.sol', 'Stream.cumulativeRewardPerToken'), ('SV', 'src/Locke.sol', 'Stream.rewardTokenAmount'), ('SV', 'src/Locke.sol', 'Stream.totalVirtualBalance')
 reader witnesses  -> 79
 storage exposures -> 1
[MV-SI candidate f9e1b5b8d744daaa6135] {cumulativeRewardPerToken, lastUpdate, rewardTokenAmount, totalVirtualBalance}
 writer root       -> src/test/utils/LockeTest.sol::User.doWithdraw(Stream,uint112)
 writer effect     -> src/Locke.sol:217
 written member    -> ('SV', 'src/Locke.sol', 'Stream.cumulativeRewardPerToken')
 potentially stale -> ('SV', 'src/Locke.sol', 'Stream.lastUpdate'), ('SV', 'src/Locke.sol', 'Stream.rewardTokenAmount'), ('SV', 'src/Locke.sol', 'Stream.totalVirtualBalance')
 reader witnesses  -> 119
 storage exposures -> 1
[MV-SI candidate fa1ef478978cb9d9438e] {cumulativeRewardPerToken, lastUpdate, rewardTokenAmount, totalVirtualBalance}
 writer root       -> src/test/utils/LockeTest.sol::User.doStake(Stream,address,uint112)
 writer effect     -> src/Locke.sol:437
 written member    -> ('SV', 'src/Locke.sol', 'Stream.totalVirtualBalance')
 potentially stale -> ('SV', 'src/Locke.sol', 'Stream.cumulativeRewardPerToken'), ('SV', 'src/Locke.sol', 'Stream.lastUpdate'), ('SV', 'src/Locke.sol', 'Stream.rewardTokenAmount')
 reader witnesses  -> 104
 storage exposures -> 1
[MV-SI candidate fc872faac2b0e95de44d] {cumulativeRewardPerToken, lastUpdate, rewardTokenAmount, totalVirtualBalance}
 writer root       -> src/test/Locke.t.sol::StreamTest.test_arbitraryCall()
 writer effect     -> src/Locke.sol:247
 written member    -> ('SV', 'src/Locke.sol', 'Stream.lastUpdate')
 potentially stale -> ('SV', 'src/Locke.sol', 'Stream.cumulativeRewardPerToken'), ('SV', 'src/Locke.sol', 'Stream.rewardTokenAmount'), ('SV', 'src/Locke.sol', 'Stream.totalVirtualBalance')
 reader witnesses  -> 79
 storage exposures -> 1
[MV-SI candidate fc8c373d693eb427e8b1] {cumulativeRewardPerToken, lastUpdate, rewardTokenAmount, totalVirtualBalance}
 writer root       -> src/test/Locke.t.sol::StreamTest.test_claimDeposit()
 writer effect     -> src/Locke.sol:437
 written member    -> ('SV', 'src/Locke.sol', 'Stream.totalVirtualBalance')
 potentially stale -> ('SV', 'src/Locke.sol', 'Stream.cumulativeRewardPerToken'), ('SV', 'src/Locke.sol', 'Stream.lastUpdate'), ('SV', 'src/Locke.sol', 'Stream.rewardTokenAmount')
 reader witnesses  -> 104
 storage exposures -> 1
[MV-SI candidate fcd459e5e6d6c6498df8] {cumulativeRewardPerToken, lastUpdate, rewardTokenAmount, totalVirtualBalance}
 writer root       -> src/test/Locke.t.sol::StreamTest.test_flashloan()
 writer effect     -> src/Locke.sol:437
 written member    -> ('SV', 'src/Locke.sol', 'Stream.totalVirtualBalance')
 potentially stale -> ('SV', 'src/Locke.sol', 'Stream.cumulativeRewardPerToken'), ('SV', 'src/Locke.sol', 'Stream.lastUpdate'), ('SV', 'src/Locke.sol', 'Stream.rewardTokenAmount')
 reader witnesses  -> 104
 storage exposures -> 1Reference: https://github.com/crytic/slither/wiki/Detector-Documentation
INFO:Slither:mvscan-standard-input.json analyzed (21 contracts with 1 detectors), 76 result(s) found
