Problem executing hardhat to fetch configuration, using defaults: [Errno 2] No such file or directory: 'hardhat'
[mvscan-config] {"ATOMIC_GROUP": [], "DIVERGENCE_BUDGET": 1000, "ENABLE_BRANCH_GROUPS": true, "ENABLE_EXTERNAL_STATE": true, "ENABLE_MULTI_RETURN_GROUPS": true, "MAPPING_MODE": "base_collapsed", "MERGE_OVERLOADS": false, "MVSCAN_ABLATION": "mapping_insensitive", "MVSCAN_CONTEXTUAL_KEYS": true, "MVSCAN_INCLUDE_SCALAR_WITNESSES": false, "MVSCAN_INTERFACE_DISPATCH": false, "MVSCAN_MAX_CONTEXTS_PER_OWNER_BLOCK": 128, "MVSCAN_MAX_DISPATCH_TARGETS": 16, "MVSCAN_REQUIRE_DISTINCT_OUTER_ROOTS": false, "MVSCAN_ROOT_CONTEXT_SINKS": false, "NOOP_WRITE_FILTER": true, "REQUIRE_SAME_SLOT_KEY": false, "SINK_TEST": "none", "USER_CALLABLE_ALWAYS": [], "USER_CALLABLE_DENY": []}
[mvscan-stage] icfg-built blocks=2032 vars=84
[mvscan-stage] root-seeding-done eligible_exposures=228 seeded=88 multi_exposure_entry_blocks=49 collapsed_contextual_aliases=140 excluded_dependency=0 excluded_interface=88 excluded_library=0 excluded_abstract=35 missing_entry_point=0 missing_entry_block=0
[mvscan-pairs] call_target_digest=10097d4e4e78a56b009e93d48fe292f79da963aafeadd66ee93090b0ec3c047a candidate_count=48 candidate_digest=4328e3f547edad10a202227a554634a8a1835f02f0c3d34c4a137291e16a8109 context_instance_count=467 eligible_readers=64 eligible_writers=55 execution_context_digest=5cc758ba8ebb6b14fca33be475fe7014e4669434222493912a4e6f7bbfc853fd insensitive_readers_filtered=88 invalid_partial_write_filtered=0 must_full_relation_filtered=328 omitted_member_evidence_filtered=0 omitted_member_not_sensitive_filtered=82 owner_context_pairs=915 owner_context_pairs_considered=12811 raw_block_pairs=335 reader_witness_count=915 relation_base_members_shadowed=0 relation_context_incompatible=1464 relation_digest=dca6a8df51a89ba01d433ff6ae42c7d69fd46e3fb5a9c0d9d36509370525ed15 relation_members_raw=86 relation_origins_registered=13 relation_origins_rejected_unary_after_shadowing=57 relation_origins_rejected_unreachable=64 relation_origins_seen=70 root_context_sink_filtered=0 same_outer_root_filtered=0 same_static_block_filtered=13 scalar_variables_skipped=43 storage_context_mismatch=10022 variables_considered=56
INFO:Detectors:

[MV-SI candidate 0e3898f5aed5290177c7] {rngRequest, rngTimeout}
 writer root       -> contracts/DrawBeacon.sol::DrawBeacon.startDraw()
 writer effect     -> contracts/DrawBeacon.sol:319
 written member    -> ('SV', 'contracts/DrawBeacon.sol', 'DrawBeacon.rngRequest')
 potentially stale -> ('SV', 'contracts/DrawBeacon.sol', 'DrawBeacon.rngTimeout')
 reader witnesses  -> 4
 storage exposures -> 2
[MV-SI candidate 10d45380de5d07c9c9bf] {_manager, _owner}
 writer root       -> @pooltogether/owner-manager-contracts/contracts/Manageable.sol::Manageable.setManager(address)
 writer effect     -> @pooltogether/owner-manager-contracts/contracts/Manageable.sol:66
 written member    -> ('SV', '@pooltogether/owner-manager-contracts/contracts/Manageable.sol', 'Manageable._manager')
 potentially stale -> ('SV', '@pooltogether/owner-manager-contracts/contracts/Ownable.sol', 'Ownable._owner')
 reader witnesses  -> 8
 storage exposures -> 5
[MV-SI candidate 13589f195ea7eca99d18] {_operatorApprovals, _owners}
 writer root       -> @openzeppelin/contracts/token/ERC721/ERC721.sol::ERC721.safeTransferFrom(address,address,uint256,bytes)
 writer effect     -> @openzeppelin/contracts/token/ERC721/ERC721.sol:344
 written member    -> ('SV', '@openzeppelin/contracts/token/ERC721/ERC721.sol', 'ERC721._owners')
 potentially stale -> ('SV', '@openzeppelin/contracts/token/ERC721/ERC721.sol', 'ERC721._operatorApprovals')
 reader witnesses  -> 8
 storage exposures -> 2
[MV-SI candidate 14e7e8ad48d9bd2d21d4] {reserveAccumulators, withdrawAccumulator}
 writer root       -> contracts/Reserve.sol::Reserve.withdrawTo(address,uint256)
 writer effect     -> contracts/Reserve.sol:107
 written member    -> ('SV', 'contracts/Reserve.sol', 'Reserve.withdrawAccumulator')
 potentially stale -> ('SV', 'contracts/Reserve.sol', 'Reserve.reserveAccumulators')
 reader witnesses  -> 5
 storage exposures -> 2
[MV-SI candidate 1a5d056507bf5ce6dfd5] {_operatorApprovals, _owners, _tokenApprovals}
 writer root       -> @openzeppelin/contracts/token/ERC721/ERC721.sol::ERC721.safeTransferFrom(address,address,uint256)
 writer effect     -> @openzeppelin/contracts/token/ERC721/ERC721.sol:355
 written member    -> ('SV', '@openzeppelin/contracts/token/ERC721/ERC721.sol', 'ERC721._tokenApprovals')
 potentially stale -> ('SV', '@openzeppelin/contracts/token/ERC721/ERC721.sol', 'ERC721._operatorApprovals'), ('SV', '@openzeppelin/contracts/token/ERC721/ERC721.sol', 'ERC721._owners')
 reader witnesses  -> 75
 storage exposures -> 2
[MV-SI candidate 1d74632b99893d2827e1] {_operatorApprovals, _owners, _tokenApprovals}
 writer root       -> contracts/test/ERC721Mintable.sol::ERC721Mintable.mint(address,uint256)
 writer effect     -> @openzeppelin/contracts/token/ERC721/ERC721.sol:289
 written member    -> ('SV', '@openzeppelin/contracts/token/ERC721/ERC721.sol', 'ERC721._owners')
 potentially stale -> ('SV', '@openzeppelin/contracts/token/ERC721/ERC721.sol', 'ERC721._operatorApprovals'), ('SV', '@openzeppelin/contracts/token/ERC721/ERC721.sol', 'ERC721._tokenApprovals')
 reader witnesses  -> 21
 storage exposures -> 1
[MV-SI candidate 263c271e727cc49d2fa8] {_operatorApprovals, _owners}
 writer root       -> @openzeppelin/contracts/token/ERC721/ERC721.sol::ERC721.setApprovalForAll(address,bool)
 writer effect     -> @openzeppelin/contracts/token/ERC721/ERC721.sol:138
 written member    -> ('SV', '@openzeppelin/contracts/token/ERC721/ERC721.sol', 'ERC721._operatorApprovals')
 potentially stale -> ('SV', '@openzeppelin/contracts/token/ERC721/ERC721.sol', 'ERC721._owners')
 reader witnesses  -> 17
 storage exposures -> 2
[MV-SI candidate 2646a21eb56161454906] {beaconPeriodSeconds, beaconPeriodStartedAt}
 writer root       -> contracts/DrawBeacon.sol::DrawBeacon.setBeaconPeriodSeconds(uint32)
 writer effect     -> contracts/DrawBeacon.sol:458
 written member    -> ('SV', 'contracts/DrawBeacon.sol', 'DrawBeacon.beaconPeriodSeconds')
 potentially stale -> ('SV', 'contracts/DrawBeacon.sol', 'DrawBeacon.beaconPeriodStartedAt')
 reader witnesses  -> 16
 storage exposures -> 2
[MV-SI candidate 2af4da71cf9ff1037d3c] {_operatorApprovals, _owners}
 writer root       -> contracts/test/ERC721Mintable.sol::ERC721Mintable.mint(address,uint256)
 writer effect     -> @openzeppelin/contracts/token/ERC721/ERC721.sol:289
 written member    -> ('SV', '@openzeppelin/contracts/token/ERC721/ERC721.sol', 'ERC721._owners')
 potentially stale -> ('SV', '@openzeppelin/contracts/token/ERC721/ERC721.sol', 'ERC721._operatorApprovals')
 reader witnesses  -> 4
 storage exposures -> 1
[MV-SI candidate 31220545fb330da18c49] {reserveAccumulators, withdrawAccumulator}
 writer root       -> contracts/test/ReserveHarness.sol::ReserveHarness.setObservationsAt(ObservationLib.Observation[])
 writer effect     -> contracts/test/ReserveHarness.sol:28
 written member    -> ('SV', 'contracts/Reserve.sol', 'Reserve.reserveAccumulators')
 potentially stale -> ('SV', 'contracts/Reserve.sol', 'Reserve.withdrawAccumulator')
 reader witnesses  -> 4
 storage exposures -> 1
[MV-SI candidate 33381e43c73430c8e2b5] {rngRequest, rngTimeout}
 writer root       -> contracts/DrawBeacon.sol::DrawBeacon.startDraw()
 writer effect     -> contracts/DrawBeacon.sol:320
 written member    -> ('SV', 'contracts/DrawBeacon.sol', 'DrawBeacon.rngRequest')
 potentially stale -> ('SV', 'contracts/DrawBeacon.sol', 'DrawBeacon.rngTimeout')
 reader witnesses  -> 4
 storage exposures -> 2
[MV-SI candidate 3394150c022c36c7f456] {_manager, _owner}
 writer root       -> @pooltogether/owner-manager-contracts/contracts/Ownable.sol::Ownable.renounceOwnership()
 writer effect     -> @pooltogether/owner-manager-contracts/contracts/Ownable.sol:108
 written member    -> ('SV', '@pooltogether/owner-manager-contracts/contracts/Ownable.sol', 'Ownable._owner')
 potentially stale -> ('SV', '@pooltogether/owner-manager-contracts/contracts/Manageable.sol', 'Manageable._manager')
 reader witnesses  -> 5
 storage exposures -> 5
[MV-SI candidate 3cef31d48c10d54a4d55] {_operatorApprovals, _owners}
 writer root       -> @openzeppelin/contracts/token/ERC721/ERC721.sol::ERC721.transferFrom(address,address,uint256)
 writer effect     -> @openzeppelin/contracts/token/ERC721/ERC721.sol:344
 written member    -> ('SV', '@openzeppelin/contracts/token/ERC721/ERC721.sol', 'ERC721._owners')
 potentially stale -> ('SV', '@openzeppelin/contracts/token/ERC721/ERC721.sol', 'ERC721._operatorApprovals')
 reader witnesses  -> 8
 storage exposures -> 2
[MV-SI candidate 529267533782f159bd96] {rngRequest, rngTimeout}
 writer root       -> contracts/DrawBeacon.sol::DrawBeacon.startDraw()
 writer effect     -> contracts/DrawBeacon.sol:321
 written member    -> ('SV', 'contracts/DrawBeacon.sol', 'DrawBeacon.rngRequest')
 potentially stale -> ('SV', 'contracts/DrawBeacon.sol', 'DrawBeacon.rngTimeout')
 reader witnesses  -> 4
 storage exposures -> 2
[MV-SI candidate 532ce1912a78e1870b00] {_operatorApprovals, _owners, _tokenApprovals}
 writer root       -> @openzeppelin/contracts/token/ERC721/ERC721.sol::ERC721.transferFrom(address,address,uint256)
 writer effect     -> @openzeppelin/contracts/token/ERC721/ERC721.sol:355
 written member    -> ('SV', '@openzeppelin/contracts/token/ERC721/ERC721.sol', 'ERC721._tokenApprovals')
 potentially stale -> ('SV', '@openzeppelin/contracts/token/ERC721/ERC721.sol', 'ERC721._operatorApprovals'), ('SV', '@openzeppelin/contracts/token/ERC721/ERC721.sol', 'ERC721._owners')
 reader witnesses  -> 75
 storage exposures -> 2
[MV-SI candidate 57ca3fbdd339f4e0145d] {_balances, _totalSupply}
 writer root       -> contracts/test/ERC20Mintable.sol::ERC20Mintable.masterTransfer(address,address,uint256)
 writer effect     -> @openzeppelin/contracts/token/ERC20/ERC20.sol:233
 written member    -> ('SV', '@openzeppelin/contracts/token/ERC20/ERC20.sol', 'ERC20._balances')
 potentially stale -> ('SV', '@openzeppelin/contracts/token/ERC20/ERC20.sol', 'ERC20._totalSupply')
 reader witnesses  -> 4
 storage exposures -> 1
[MV-SI candidate 5a92d76037376aa862a3] {_balances, _totalSupply}
 writer root       -> @openzeppelin/contracts/token/ERC20/ERC20.sol::ERC20.transfer(address,uint256)
 writer effect     -> @openzeppelin/contracts/token/ERC20/ERC20.sol:233
 written member    -> ('SV', '@openzeppelin/contracts/token/ERC20/ERC20.sol', 'ERC20._balances')
 potentially stale -> ('SV', '@openzeppelin/contracts/token/ERC20/ERC20.sol', 'ERC20._totalSupply')
 reader witnesses  -> 22
 storage exposures -> 6
[MV-SI candidate 62eeb8cecedaa6d03fa3] {_operatorApprovals, _owners, _tokenApprovals}
 writer root       -> @openzeppelin/contracts/token/ERC721/ERC721.sol::ERC721.safeTransferFrom(address,address,uint256)
 writer effect     -> @openzeppelin/contracts/token/ERC721/ERC721.sol:344
 written member    -> ('SV', '@openzeppelin/contracts/token/ERC721/ERC721.sol', 'ERC721._owners')
 potentially stale -> ('SV', '@openzeppelin/contracts/token/ERC721/ERC721.sol', 'ERC721._operatorApprovals'), ('SV', '@openzeppelin/contracts/token/ERC721/ERC721.sol', 'ERC721._tokenApprovals')
 reader witnesses  -> 42
 storage exposures -> 2
[MV-SI candidate 633cd597795a879a6f7f] {_balances, _totalSupply}
 writer root       -> contracts/test/EIP2612PermitMintable.sol::EIP2612PermitMintable.masterTransfer(address,address,uint256)
 writer effect     -> @openzeppelin/contracts/token/ERC20/ERC20.sol:233
 written member    -> ('SV', '@openzeppelin/contracts/token/ERC20/ERC20.sol', 'ERC20._balances')
 potentially stale -> ('SV', '@openzeppelin/contracts/token/ERC20/ERC20.sol', 'ERC20._totalSupply')
 reader witnesses  -> 2
 storage exposures -> 1
[MV-SI candidate 66f58eb7193a6eb2914b] {_balances, _totalSupply}
 writer root       -> @openzeppelin/contracts/token/ERC20/ERC20.sol::ERC20.transfer(address,uint256)
 writer effect     -> @openzeppelin/contracts/token/ERC20/ERC20.sol:235
 written member    -> ('SV', '@openzeppelin/contracts/token/ERC20/ERC20.sol', 'ERC20._balances')
 potentially stale -> ('SV', '@openzeppelin/contracts/token/ERC20/ERC20.sol', 'ERC20._totalSupply')
 reader witnesses  -> 22
 storage exposures -> 6
[MV-SI candidate 6fee5c060bb7586ae05f] {_operatorApprovals, _owners, _tokenApprovals}
 writer root       -> @openzeppelin/contracts/token/ERC721/ERC721.sol::ERC721.safeTransferFrom(address,address,uint256,bytes)
 writer effect     -> @openzeppelin/contracts/token/ERC721/ERC721.sol:344
 written member    -> ('SV', '@openzeppelin/contracts/token/ERC721/ERC721.sol', 'ERC721._owners')
 potentially stale -> ('SV', '@openzeppelin/contracts/token/ERC721/ERC721.sol', 'ERC721._operatorApprovals'), ('SV', '@openzeppelin/contracts/token/ERC721/ERC721.sol', 'ERC721._tokenApprovals')
 reader witnesses  -> 42
 storage exposures -> 2
[MV-SI candidate 7914968cff5815e6a9a2] {reserveAccumulators, withdrawAccumulator}
 writer root       -> contracts/test/ReserveHarness.sol::ReserveHarness.doubleCheckpoint(ERC20Mintable,uint256)
 writer effect     -> contracts/Reserve.sol:208
 written member    -> ('SV', 'contracts/Reserve.sol', 'Reserve.reserveAccumulators')
 potentially stale -> ('SV', 'contracts/Reserve.sol', 'Reserve.withdrawAccumulator')
 reader witnesses  -> 4
 storage exposures -> 1
[MV-SI candidate 798a2ca530110bb7caff] {rngRequest, rngTimeout}
 writer root       -> contracts/test/DrawBeaconHarness.sol::DrawBeaconHarness.setRngRequest(uint32,uint32)
 writer effect     -> contracts/test/DrawBeaconHarness.sol:41
 written member    -> ('SV', 'contracts/DrawBeacon.sol', 'DrawBeacon.rngRequest')
 potentially stale -> ('SV', 'contracts/DrawBeacon.sol', 'DrawBeacon.rngTimeout')
 reader witnesses  -> 2
 storage exposures -> 1
[MV-SI candidate 7ac8dab264f2564be620] {beaconPeriodSeconds, beaconPeriodStartedAt}
 writer root       -> contracts/DrawBeacon.sol::DrawBeacon.completeDraw()
 writer effect     -> contracts/DrawBeacon.sol:242
 written member    -> ('SV', 'contracts/DrawBeacon.sol', 'DrawBeacon.beaconPeriodStartedAt')
 potentially stale -> ('SV', 'contracts/DrawBeacon.sol', 'DrawBeacon.beaconPeriodSeconds')
 reader witnesses  -> 16
 storage exposures -> 2
[MV-SI candidate 7e5b046760be719e57c6] {_balances, _totalSupply}
 writer root       -> contracts/test/TicketHarness.sol::TicketHarness.transferTo(address,address,uint256)
 writer effect     -> @openzeppelin/contracts/token/ERC20/ERC20.sol:233
 written member    -> ('SV', '@openzeppelin/contracts/token/ERC20/ERC20.sol', 'ERC20._balances')
 potentially stale -> ('SV', '@openzeppelin/contracts/token/ERC20/ERC20.sol', 'ERC20._totalSupply')
 reader witnesses  -> 8
 storage exposures -> 1
[MV-SI candidate 840f44f9e33f276a5cfa] {reserveAccumulators, withdrawAccumulator}
 writer root       -> contracts/Reserve.sol::Reserve.checkpoint()
 writer effect     -> contracts/Reserve.sol:218
 written member    -> ('SV', 'contracts/Reserve.sol', 'Reserve.reserveAccumulators')
 potentially stale -> ('SV', 'contracts/Reserve.sol', 'Reserve.withdrawAccumulator')
 reader witnesses  -> 7
 storage exposures -> 2
[MV-SI candidate 921ab8c4efab9a310216] {_operatorApprovals, _owners}
 writer root       -> contracts/test/ERC721Mintable.sol::ERC721Mintable.burn(uint256)
 writer effect     -> @openzeppelin/contracts/token/ERC721/ERC721.sol:313
 written member    -> ('SV', '@openzeppelin/contracts/token/ERC721/ERC721.sol', 'ERC721._owners')
 potentially stale -> ('SV', '@openzeppelin/contracts/token/ERC721/ERC721.sol', 'ERC721._operatorApprovals')
 reader witnesses  -> 4
 storage exposures -> 1
[MV-SI candidate 92abad509b3cac5edc30] {_balances, _totalSupply}
 writer root       -> @openzeppelin/contracts/token/ERC20/ERC20.sol::ERC20.transferFrom(address,address,uint256)
 writer effect     -> @openzeppelin/contracts/token/ERC20/ERC20.sol:235
 written member    -> ('SV', '@openzeppelin/contracts/token/ERC20/ERC20.sol', 'ERC20._balances')
 potentially stale -> ('SV', '@openzeppelin/contracts/token/ERC20/ERC20.sol', 'ERC20._totalSupply')
 reader witnesses  -> 22
 storage exposures -> 6
[MV-SI candidate 94d8cea442779bb0b7e1] {rngRequest, rngTimeout}
 writer root       -> contracts/DrawBeacon.sol::DrawBeacon.cancelDraw()
 writer effect     -> contracts/DrawBeacon.sol:213
 written member    -> ('SV', 'contracts/DrawBeacon.sol', 'DrawBeacon.rngRequest')
 potentially stale -> ('SV', 'contracts/DrawBeacon.sol', 'DrawBeacon.rngTimeout')
 reader witnesses  -> 4
 storage exposures -> 2
[MV-SI candidate 9bac6905f91c37ef43b4] {reserveAccumulators, withdrawAccumulator}
 writer root       -> contracts/test/ReserveHarness.sol::ReserveHarness.doubleCheckpoint(ERC20Mintable,uint256)
 writer effect     -> contracts/Reserve.sol:218
 written member    -> ('SV', 'contracts/Reserve.sol', 'Reserve.reserveAccumulators')
 potentially stale -> ('SV', 'contracts/Reserve.sol', 'Reserve.withdrawAccumulator')
 reader witnesses  -> 4
 storage exposures -> 1
[MV-SI candidate 9cd1e2337ee8f30547d8] {_operatorApprovals, _owners, _tokenApprovals}
 writer root       -> @openzeppelin/contracts/token/ERC721/ERC721.sol::ERC721.safeTransferFrom(address,address,uint256,bytes)
 writer effect     -> @openzeppelin/contracts/token/ERC721/ERC721.sol:355
 written member    -> ('SV', '@openzeppelin/contracts/token/ERC721/ERC721.sol', 'ERC721._tokenApprovals')
 potentially stale -> ('SV', '@openzeppelin/contracts/token/ERC721/ERC721.sol', 'ERC721._operatorApprovals'), ('SV', '@openzeppelin/contracts/token/ERC721/ERC721.sol', 'ERC721._owners')
 reader witnesses  -> 75
 storage exposures -> 2
[MV-SI candidate a23a5677f2cafdf3b98f] {reserveAccumulators, withdrawAccumulator}
 writer root       -> contracts/Reserve.sol::Reserve.withdrawTo(address,uint256)
 writer effect     -> contracts/Reserve.sol:218
 written member    -> ('SV', 'contracts/Reserve.sol', 'Reserve.reserveAccumulators')
 potentially stale -> ('SV', 'contracts/Reserve.sol', 'Reserve.withdrawAccumulator')
 reader witnesses  -> 7
 storage exposures -> 2
[MV-SI candidate aa560625b491464cd774] {reserveAccumulators, withdrawAccumulator}
 writer root       -> contracts/Reserve.sol::Reserve.checkpoint()
 writer effect     -> contracts/Reserve.sol:208
 written member    -> ('SV', 'contracts/Reserve.sol', 'Reserve.reserveAccumulators')
 potentially stale -> ('SV', 'contracts/Reserve.sol', 'Reserve.withdrawAccumulator')
 reader witnesses  -> 7
 storage exposures -> 2
[MV-SI candidate af5c461dce0bba0d5d22] {_balances, _totalSupply}
 writer root       -> contracts/test/TicketHarness.sol::TicketHarness.transferTo(address,address,uint256)
 writer effect     -> @openzeppelin/contracts/token/ERC20/ERC20.sol:235
 written member    -> ('SV', '@openzeppelin/contracts/token/ERC20/ERC20.sol', 'ERC20._balances')
 potentially stale -> ('SV', '@openzeppelin/contracts/token/ERC20/ERC20.sol', 'ERC20._totalSupply')
 reader witnesses  -> 8
 storage exposures -> 1
[MV-SI candidate b14c4669dee33ba39bfd] {_operatorApprovals, _owners, _tokenApprovals}
 writer root       -> @openzeppelin/contracts/token/ERC721/ERC721.sol::ERC721.approve(address,uint256)
 writer effect     -> @openzeppelin/contracts/token/ERC721/ERC721.sol:355
 written member    -> ('SV', '@openzeppelin/contracts/token/ERC721/ERC721.sol', 'ERC721._tokenApprovals')
 potentially stale -> ('SV', '@openzeppelin/contracts/token/ERC721/ERC721.sol', 'ERC721._operatorApprovals'), ('SV', '@openzeppelin/contracts/token/ERC721/ERC721.sol', 'ERC721._owners')
 reader witnesses  -> 75
 storage exposures -> 2
[MV-SI candidate b3edd266674708ece7a5] {_operatorApprovals, _owners, _tokenApprovals}
 writer root       -> @openzeppelin/contracts/token/ERC721/ERC721.sol::ERC721.transferFrom(address,address,uint256)
 writer effect     -> @openzeppelin/contracts/token/ERC721/ERC721.sol:344
 written member    -> ('SV', '@openzeppelin/contracts/token/ERC721/ERC721.sol', 'ERC721._owners')
 potentially stale -> ('SV', '@openzeppelin/contracts/token/ERC721/ERC721.sol', 'ERC721._operatorApprovals'), ('SV', '@openzeppelin/contracts/token/ERC721/ERC721.sol', 'ERC721._tokenApprovals')
 reader witnesses  -> 42
 storage exposures -> 2
[MV-SI candidate b8b87bd1637c41b265cf] {_balances, _totalSupply}
 writer root       -> contracts/test/EIP2612PermitMintable.sol::EIP2612PermitMintable.masterTransfer(address,address,uint256)
 writer effect     -> @openzeppelin/contracts/token/ERC20/ERC20.sol:235
 written member    -> ('SV', '@openzeppelin/contracts/token/ERC20/ERC20.sol', 'ERC20._balances')
 potentially stale -> ('SV', '@openzeppelin/contracts/token/ERC20/ERC20.sol', 'ERC20._totalSupply')
 reader witnesses  -> 2
 storage exposures -> 1
[MV-SI candidate cb821b6a57db78aabf9d] {_operatorApprovals, _owners, _tokenApprovals}
 writer root       -> @openzeppelin/contracts/token/ERC721/ERC721.sol::ERC721.setApprovalForAll(address,bool)
 writer effect     -> @openzeppelin/contracts/token/ERC721/ERC721.sol:138
 written member    -> ('SV', '@openzeppelin/contracts/token/ERC721/ERC721.sol', 'ERC721._operatorApprovals')
 potentially stale -> ('SV', '@openzeppelin/contracts/token/ERC721/ERC721.sol', 'ERC721._owners'), ('SV', '@openzeppelin/contracts/token/ERC721/ERC721.sol', 'ERC721._tokenApprovals')
 reader witnesses  -> 69
 storage exposures -> 2
[MV-SI candidate de7abfef0d08ce44b89f] {_balances, _totalSupply}
 writer root       -> @openzeppelin/contracts/token/ERC20/ERC20.sol::ERC20.transferFrom(address,address,uint256)
 writer effect     -> @openzeppelin/contracts/token/ERC20/ERC20.sol:233
 written member    -> ('SV', '@openzeppelin/contracts/token/ERC20/ERC20.sol', 'ERC20._balances')
 potentially stale -> ('SV', '@openzeppelin/contracts/token/ERC20/ERC20.sol', 'ERC20._totalSupply')
 reader witnesses  -> 22
 storage exposures -> 6
[MV-SI candidate e01eeb51b0b74c2f1166] {_manager, _owner}
 writer root       -> @pooltogether/owner-manager-contracts/contracts/Ownable.sol::Ownable.claimOwnership()
 writer effect     -> @pooltogether/owner-manager-contracts/contracts/Ownable.sol:108
 written member    -> ('SV', '@pooltogether/owner-manager-contracts/contracts/Ownable.sol', 'Ownable._owner')
 potentially stale -> ('SV', '@pooltogether/owner-manager-contracts/contracts/Manageable.sol', 'Manageable._manager')
 reader witnesses  -> 5
 storage exposures -> 5
[MV-SI candidate e277b30f614b48163cda] {rngRequest, rngTimeout}
 writer root       -> contracts/DrawBeacon.sol::DrawBeacon.completeDraw()
 writer effect     -> contracts/DrawBeacon.sol:246
 written member    -> ('SV', 'contracts/DrawBeacon.sol', 'DrawBeacon.rngRequest')
 potentially stale -> ('SV', 'contracts/DrawBeacon.sol', 'DrawBeacon.rngTimeout')
 reader witnesses  -> 4
 storage exposures -> 2
[MV-SI candidate e48909e651df97fcc1ca] {rngRequest, rngTimeout}
 writer root       -> contracts/test/DrawBeaconHarness.sol::DrawBeaconHarness.setRngRequest(uint32,uint32)
 writer effect     -> contracts/test/DrawBeaconHarness.sol:40
 written member    -> ('SV', 'contracts/DrawBeacon.sol', 'DrawBeacon.rngRequest')
 potentially stale -> ('SV', 'contracts/DrawBeacon.sol', 'DrawBeacon.rngTimeout')
 reader witnesses  -> 2
 storage exposures -> 1
[MV-SI candidate e5aba90aa7bf588dd8ed] {_operatorApprovals, _owners, _tokenApprovals}
 writer root       -> contracts/test/ERC721Mintable.sol::ERC721Mintable.burn(uint256)
 writer effect     -> @openzeppelin/contracts/token/ERC721/ERC721.sol:355
 written member    -> ('SV', '@openzeppelin/contracts/token/ERC721/ERC721.sol', 'ERC721._tokenApprovals')
 potentially stale -> ('SV', '@openzeppelin/contracts/token/ERC721/ERC721.sol', 'ERC721._operatorApprovals'), ('SV', '@openzeppelin/contracts/token/ERC721/ERC721.sol', 'ERC721._owners')
 reader witnesses  -> 42
 storage exposures -> 1
[MV-SI candidate e5e76938eb2d774481bc] {_operatorApprovals, _owners, _tokenApprovals}
 writer root       -> contracts/test/ERC721Mintable.sol::ERC721Mintable.burn(uint256)
 writer effect     -> @openzeppelin/contracts/token/ERC721/ERC721.sol:313
 written member    -> ('SV', '@openzeppelin/contracts/token/ERC721/ERC721.sol', 'ERC721._owners')
 potentially stale -> ('SV', '@openzeppelin/contracts/token/ERC721/ERC721.sol', 'ERC721._operatorApprovals'), ('SV', '@openzeppelin/contracts/token/ERC721/ERC721.sol', 'ERC721._tokenApprovals')
 reader witnesses  -> 21
 storage exposures -> 1
[MV-SI candidate e77e21b5ba0c9c96b1f3] {_operatorApprovals, _owners}
 writer root       -> @openzeppelin/contracts/token/ERC721/ERC721.sol::ERC721.safeTransferFrom(address,address,uint256)
 writer effect     -> @openzeppelin/contracts/token/ERC721/ERC721.sol:344
 written member    -> ('SV', '@openzeppelin/contracts/token/ERC721/ERC721.sol', 'ERC721._owners')
 potentially stale -> ('SV', '@openzeppelin/contracts/token/ERC721/ERC721.sol', 'ERC721._operatorApprovals')
 reader witnesses  -> 8
 storage exposures -> 2
[MV-SI candidate eb14b0092b51b8c2a6c8] {rngRequest, rngTimeout}
 writer root       -> contracts/DrawBeacon.sol::DrawBeacon.setRngTimeout(uint32)
 writer effect     -> contracts/DrawBeacon.sol:469
 written member    -> ('SV', 'contracts/DrawBeacon.sol', 'DrawBeacon.rngTimeout')
 potentially stale -> ('SV', 'contracts/DrawBeacon.sol', 'DrawBeacon.rngRequest')
 reader witnesses  -> 52
 storage exposures -> 2
[MV-SI candidate f3d71710c373e1939bbf] {reserveAccumulators, withdrawAccumulator}
 writer root       -> contracts/Reserve.sol::Reserve.withdrawTo(address,uint256)
 writer effect     -> contracts/Reserve.sol:208
 written member    -> ('SV', 'contracts/Reserve.sol', 'Reserve.reserveAccumulators')
 potentially stale -> ('SV', 'contracts/Reserve.sol', 'Reserve.withdrawAccumulator')
 reader witnesses  -> 7
 storage exposures -> 2
[MV-SI candidate fa97eb2cb856cefe3483] {_balances, _totalSupply}
 writer root       -> contracts/test/ERC20Mintable.sol::ERC20Mintable.masterTransfer(address,address,uint256)
 writer effect     -> @openzeppelin/contracts/token/ERC20/ERC20.sol:235
 written member    -> ('SV', '@openzeppelin/contracts/token/ERC20/ERC20.sol', 'ERC20._balances')
 potentially stale -> ('SV', '@openzeppelin/contracts/token/ERC20/ERC20.sol', 'ERC20._totalSupply')
 reader witnesses  -> 4
 storage exposures -> 1Reference: https://github.com/crytic/slither/wiki/Detector-Documentation
INFO:Slither:. analyzed (78 contracts with 1 detectors), 48 result(s) found
