'/tmp/.svm/0.8.12/solc-0.8.12 --version' running
'solc --standard-json --allow-paths /tmp/analysis-input' running
Warning: Warning: SPDX license identifier not provided in source file. Before publishing, consider adding a comment containing "SPDX-License-Identifier: <SPDX-License>" to each source file. Use "SPDX-License-Identifier: UNLICENSED" for non-open-source code. Please see https://spdx.org for more information.
--> @matterlabs/signature-checker/contracts/SignatureChecker.sol


Warning: Warning: SPDX license identifier not provided in source file. Before publishing, consider adding a comment containing "SPDX-License-Identifier: <SPDX-License>" to each source file. Use "SPDX-License-Identifier: UNLICENSED" for non-open-source code. Please see https://spdx.org for more information.
--> contracts/bonds/BondTreasury.sol


Warning: Warning: SPDX license identifier not provided in source file. Before publishing, consider adding a comment containing "SPDX-License-Identifier: <SPDX-License>" to each source file. Use "SPDX-License-Identifier: UNLICENSED" for non-open-source code. Please see https://spdx.org for more information.
--> contracts/libraries/FixedPoint.sol


Warning: Warning: SPDX license identifier not provided in source file. Before publishing, consider adding a comment containing "SPDX-License-Identifier: <SPDX-License>" to each source file. Use "SPDX-License-Identifier: UNLICENSED" for non-open-source code. Please see https://spdx.org for more information.
--> contracts/libraries/FullMath.sol


Warning: Warning: SPDX license identifier not provided in source file. Before publishing, consider adding a comment containing "SPDX-License-Identifier: <SPDX-License>" to each source file. Use "SPDX-License-Identifier: UNLICENSED" for non-open-source code. Please see https://spdx.org for more information.
--> contracts/libraries/WETH.sol


Warning: Warning: This contract has a payable fallback function, but no receive ether function. Consider adding a receive ether function.
 --> contracts/libraries/WETH.sol:6:1:
  |
6 | contract WETH is EIP712 {
  | ^ (Relevant source part starts here and spans across multiple lines).
Note: The payable fallback function is defined here.
  --> contracts/libraries/WETH.sol:22:5:
   |
22 |     fallback() external payable {
   |     ^ (Relevant source part starts here and spans across multiple lines).


Warning: Warning: Return value of low-level calls not used.
  --> contracts/libraries/WETH.sol:36:9:
   |
36 |         address(msg.sender).call{value: wad}("");
   |         ^^^^^^^^^^^^^^^^^^^^^^^^^^^^^^^^^^^^^^^^


Warning: Warning: Unused local variable.
   --> contracts/dynamic/MuteSwitchRouterDynamic.sol:304:33:
    |
304 |             (uint reserveInput, uint reserveOutput) = input == token0 ? (reserve0, reserve1) : (reserve1, reserve0);
    |                                 ^^^^^^^^^^^^^^^^^^


Warning: Warning: Contract code size is 26144 bytes and exceeds 24576 bytes (a limit introduced in Spurious Dragon). This contract may not be deployable on mainnet. Consider enabling the optimizer (with a low "runs" value!), turning off revert strings, or using libraries.
 --> contracts/dynamic/MuteSwitchFactoryDynamic.sol:8:1:
  |
8 | contract MuteSwitchFactoryDynamic {
  | ^ (Relevant source part starts here and spans across multiple lines).



[mvscan-config] {"ATOMIC_GROUP": [], "DIVERGENCE_BUDGET": 1000, "ENABLE_BRANCH_GROUPS": false, "ENABLE_EXTERNAL_STATE": true, "ENABLE_MULTI_RETURN_GROUPS": true, "MAPPING_MODE": "precise", "MERGE_OVERLOADS": false, "MVSCAN_ABLATION": "no_branch_groups", "MVSCAN_CONTEXTUAL_KEYS": true, "MVSCAN_INCLUDE_SCALAR_WITNESSES": false, "MVSCAN_INTERFACE_DISPATCH": false, "MVSCAN_MAX_CONTEXTS_PER_OWNER_BLOCK": 128, "MVSCAN_MAX_DISPATCH_TARGETS": 16, "MVSCAN_REQUIRE_DISTINCT_OUTER_ROOTS": false, "MVSCAN_ROOT_CONTEXT_SINKS": false, "NOOP_WRITE_FILTER": true, "REQUIRE_SAME_SLOT_KEY": true, "SINK_TEST": "none", "USER_CALLABLE_ALWAYS": [], "USER_CALLABLE_DENY": []}
[mvscan-stage] icfg-built blocks=2232 vars=158
[mvscan-stage] root-seeding-done eligible_exposures=80 seeded=69 multi_exposure_entry_blocks=6 collapsed_contextual_aliases=11 excluded_dependency=0 excluded_interface=64 excluded_library=0 excluded_abstract=2 missing_entry_point=0 missing_entry_block=0
[mvscan-pairs] call_target_digest=4393036cc1baba08f348699440ec5b107316c95d4559f2280c08874bb984b75d candidate_count=0 candidate_digest=4f53cda18c2baa0c0354bb5f9a3ecbe5ed12ab4d8e11ba873c2f11161202b945 context_instance_count=0 eligible_readers=2 eligible_writers=2 execution_context_digest=41d6874405c53fcb470c79d116b489da0561d5308a187288ad8ec703908131d4 insensitive_readers_filtered=1 invalid_partial_write_filtered=0 must_full_relation_filtered=2 omitted_member_evidence_filtered=0 omitted_member_not_sensitive_filtered=0 owner_context_pairs=0 owner_context_pairs_considered=4 raw_block_pairs=4 reader_witness_count=0 relation_base_members_shadowed=0 relation_context_incompatible=2 relation_digest=4fb4a4d56e7891b8320cd92806aaf4b905261809aa833fdc6b89e0f22f2d9822 relation_members_raw=14 relation_origins_registered=1 relation_origins_rejected_unary_after_shadowing=12 relation_origins_rejected_unreachable=34 relation_origins_seen=13 root_context_sink_filtered=0 same_outer_root_filtered=0 scalar_variables_skipped=109 storage_context_mismatch=0 variables_considered=110
INFO:Slither:mvscan-standard-input.json analyzed (46 contracts with 1 detectors), 0 result(s) found
