Problem executing hardhat to fetch configuration, using defaults: [Errno 2] No such file or directory: 'hardhat'
ERROR:ContractSolcParsing:Impossible to generate IR for AuraLocker._checkpointDelegate (contracts/AuraLocker.sol#511-564):
 'NoneType' object has no attribute 'parameters'
[mvscan-config] {"ATOMIC_GROUP": [], "DIVERGENCE_BUDGET": 1000, "ENABLE_BRANCH_GROUPS": true, "ENABLE_EXTERNAL_STATE": true, "ENABLE_MULTI_RETURN_GROUPS": true, "MAPPING_MODE": "precise", "MERGE_OVERLOADS": false, "MVSCAN_ABLATION": "full", "MVSCAN_CONTEXTUAL_KEYS": true, "MVSCAN_INCLUDE_SCALAR_WITNESSES": false, "MVSCAN_INTERFACE_DISPATCH": false, "MVSCAN_MAX_CONTEXTS_PER_OWNER_BLOCK": 128, "MVSCAN_MAX_DISPATCH_TARGETS": 16, "MVSCAN_REQUIRE_DISTINCT_OUTER_ROOTS": false, "MVSCAN_ROOT_CONTEXT_SINKS": false, "NOOP_WRITE_FILTER": true, "REQUIRE_SAME_SLOT_KEY": true, "SINK_TEST": "none", "USER_CALLABLE_ALWAYS": [], "USER_CALLABLE_DENY": []}
[mvscan-stage] icfg-built blocks=11 vars=0
[mvscan-stage] root-seeding-done eligible_exposures=1 seeded=1 multi_exposure_entry_blocks=0 collapsed_contextual_aliases=0 excluded_dependency=0 excluded_interface=0 excluded_library=0 excluded_abstract=0 missing_entry_point=0 missing_entry_block=0
[mvscan-pairs] call_target_digest=4f53cda18c2baa0c0354bb5f9a3ecbe5ed12ab4d8e11ba873c2f11161202b945 candidate_count=0 candidate_digest=4f53cda18c2baa0c0354bb5f9a3ecbe5ed12ab4d8e11ba873c2f11161202b945 context_instance_count=0 execution_context_digest=d3dd41114a6fa413fa626b2d52f5429cca36dc84e1ca9c6e1e0430c30017f358 invalid_partial_write_filtered=0 must_full_relation_filtered=0 omitted_member_evidence_filtered=0 omitted_member_not_sensitive_filtered=0 owner_context_pairs=0 owner_context_pairs_considered=0 reader_witness_count=0 relation_context_incompatible=0 relation_digest=4f53cda18c2baa0c0354bb5f9a3ecbe5ed12ab4d8e11ba873c2f11161202b945 root_context_sink_filtered=0 same_outer_root_filtered=0 storage_context_mismatch=0
[mvscan-config] {"ATOMIC_GROUP": [], "DIVERGENCE_BUDGET": 1000, "ENABLE_BRANCH_GROUPS": true, "ENABLE_EXTERNAL_STATE": true, "ENABLE_MULTI_RETURN_GROUPS": true, "MAPPING_MODE": "precise", "MERGE_OVERLOADS": false, "MVSCAN_ABLATION": "full", "MVSCAN_CONTEXTUAL_KEYS": true, "MVSCAN_INCLUDE_SCALAR_WITNESSES": false, "MVSCAN_INTERFACE_DISPATCH": false, "MVSCAN_MAX_CONTEXTS_PER_OWNER_BLOCK": 128, "MVSCAN_MAX_DISPATCH_TARGETS": 16, "MVSCAN_REQUIRE_DISTINCT_OUTER_ROOTS": false, "MVSCAN_ROOT_CONTEXT_SINKS": false, "NOOP_WRITE_FILTER": true, "REQUIRE_SAME_SLOT_KEY": true, "SINK_TEST": "none", "USER_CALLABLE_ALWAYS": [], "USER_CALLABLE_DENY": []}
[mvscan-stage] icfg-built blocks=92 vars=0
[mvscan-stage] root-seeding-done eligible_exposures=0 seeded=0 multi_exposure_entry_blocks=0 collapsed_contextual_aliases=0 excluded_dependency=0 excluded_interface=0 excluded_library=0 excluded_abstract=0 missing_entry_point=0 missing_entry_block=0
[mvscan-pairs] call_target_digest=4f53cda18c2baa0c0354bb5f9a3ecbe5ed12ab4d8e11ba873c2f11161202b945 candidate_count=0 candidate_digest=4f53cda18c2baa0c0354bb5f9a3ecbe5ed12ab4d8e11ba873c2f11161202b945 context_instance_count=0 execution_context_digest=4f53cda18c2baa0c0354bb5f9a3ecbe5ed12ab4d8e11ba873c2f11161202b945 invalid_partial_write_filtered=0 must_full_relation_filtered=0 omitted_member_evidence_filtered=0 omitted_member_not_sensitive_filtered=0 owner_context_pairs=0 owner_context_pairs_considered=0 reader_witness_count=0 relation_context_incompatible=0 relation_digest=4f53cda18c2baa0c0354bb5f9a3ecbe5ed12ab4d8e11ba873c2f11161202b945 root_context_sink_filtered=0 same_outer_root_filtered=0 storage_context_mismatch=0
[mvscan-config] {"ATOMIC_GROUP": [], "DIVERGENCE_BUDGET": 1000, "ENABLE_BRANCH_GROUPS": true, "ENABLE_EXTERNAL_STATE": true, "ENABLE_MULTI_RETURN_GROUPS": true, "MAPPING_MODE": "precise", "MERGE_OVERLOADS": false, "MVSCAN_ABLATION": "full", "MVSCAN_CONTEXTUAL_KEYS": true, "MVSCAN_INCLUDE_SCALAR_WITNESSES": false, "MVSCAN_INTERFACE_DISPATCH": false, "MVSCAN_MAX_CONTEXTS_PER_OWNER_BLOCK": 128, "MVSCAN_MAX_DISPATCH_TARGETS": 16, "MVSCAN_REQUIRE_DISTINCT_OUTER_ROOTS": false, "MVSCAN_ROOT_CONTEXT_SINKS": false, "NOOP_WRITE_FILTER": true, "REQUIRE_SAME_SLOT_KEY": true, "SINK_TEST": "none", "USER_CALLABLE_ALWAYS": [], "USER_CALLABLE_DENY": []}
[mvscan-stage] icfg-built blocks=95 vars=10
[mvscan-stage] root-seeding-done eligible_exposures=19 seeded=19 multi_exposure_entry_blocks=0 collapsed_contextual_aliases=0 excluded_dependency=0 excluded_interface=14 excluded_library=0 excluded_abstract=0 missing_entry_point=0 missing_entry_block=0
[mvscan-pairs] call_target_digest=8342fb5f74c3b7c1030a3038058cd6075a91e6e4e29ee794751b2b54bcc7bbc8 candidate_count=0 candidate_digest=4f53cda18c2baa0c0354bb5f9a3ecbe5ed12ab4d8e11ba873c2f11161202b945 context_instance_count=0 execution_context_digest=05041545668ae4964aa7b37c8621d961a441f443a6150f682fa9dd425f6f8c75 invalid_partial_write_filtered=0 must_full_relation_filtered=0 omitted_member_evidence_filtered=0 omitted_member_not_sensitive_filtered=0 owner_context_pairs=0 owner_context_pairs_considered=0 reader_witness_count=0 relation_base_members_shadowed=0 relation_context_incompatible=0 relation_digest=4f53cda18c2baa0c0354bb5f9a3ecbe5ed12ab4d8e11ba873c2f11161202b945 relation_members_raw=6 relation_origins_rejected_unary_after_shadowing=6 relation_origins_seen=6 root_context_sink_filtered=0 same_outer_root_filtered=0 scalar_variables_skipped=5 storage_context_mismatch=0 variables_considered=5
[mvscan-config] {"ATOMIC_GROUP": [], "DIVERGENCE_BUDGET": 1000, "ENABLE_BRANCH_GROUPS": true, "ENABLE_EXTERNAL_STATE": true, "ENABLE_MULTI_RETURN_GROUPS": true, "MAPPING_MODE": "precise", "MERGE_OVERLOADS": false, "MVSCAN_ABLATION": "full", "MVSCAN_CONTEXTUAL_KEYS": true, "MVSCAN_INCLUDE_SCALAR_WITNESSES": false, "MVSCAN_INTERFACE_DISPATCH": false, "MVSCAN_MAX_CONTEXTS_PER_OWNER_BLOCK": 128, "MVSCAN_MAX_DISPATCH_TARGETS": 16, "MVSCAN_REQUIRE_DISTINCT_OUTER_ROOTS": false, "MVSCAN_ROOT_CONTEXT_SINKS": false, "NOOP_WRITE_FILTER": true, "REQUIRE_SAME_SLOT_KEY": true, "SINK_TEST": "none", "USER_CALLABLE_ALWAYS": [], "USER_CALLABLE_DENY": []}
[mvscan-stage] icfg-built blocks=1543 vars=167
[mvscan-stage] root-seeding-done eligible_exposures=160 seeded=136 multi_exposure_entry_blocks=19 collapsed_contextual_aliases=24 excluded_dependency=0 excluded_interface=78 excluded_library=0 excluded_abstract=9 missing_entry_point=0 missing_entry_block=0
[mvscan-pairs] call_target_digest=9e850b24bb9964600e20199a4c96bbdc50e3e6492a63bc2163ab7421e18c6fec candidate_count=20 candidate_digest=280cc13faa6ea60b0714ce0e11f1a0a8f92156aa39432be5a3d8a22ebd1ab78b context_instance_count=116 eligible_readers=44 eligible_writers=22 execution_context_digest=90f1801683b61bc3fe4db99dc7d2b8898e5eac3b7cd1abf65f380ba07a6f8f1a insensitive_readers_filtered=35 invalid_partial_write_filtered=4 must_full_relation_filtered=0 omitted_member_evidence_filtered=0 omitted_member_not_sensitive_filtered=0 owner_context_pairs=116 owner_context_pairs_considered=330 raw_block_pairs=211 reader_witness_count=116 relation_base_members_shadowed=7 relation_context_incompatible=154 relation_digest=9eb8c36356c9646afc1a5e5dab3ed800cc1b763b3a4dacc98b958a5a93f6fe4e relation_members_raw=135 relation_origins_registered=6 relation_origins_rejected_unary_after_shadowing=116 relation_origins_rejected_unreachable=13 relation_origins_seen=122 relation_unbound_key_templates=1 root_context_sink_filtered=0 same_outer_root_filtered=0 same_static_block_filtered=4 scalar_variables_skipped=102 storage_context_mismatch=56 variables_considered=108
INFO:Detectors:

[MV-SI candidate 1490233a0238f4ae45a7] {lockRewards, poolInfo}
 writer root       -> convex-platform/contracts/contracts/Booster.sol::Booster.shutdownSystem()
 writer effect     -> convex-platform/contracts/contracts/Booster.sol:379
 written member    -> ('SV', 'convex-platform/contracts/contracts/Booster.sol', 'Booster.poolInfo')
 potentially stale -> ('SV', 'convex-platform/contracts/contracts/Booster.sol', 'Booster.lockRewards')
 reader witnesses  -> 6
 storage exposures -> 1
[MV-SI candidate 494a710bcb87cfced58a] {lockRewards, poolInfo}
 writer root       -> convex-platform/contracts/contracts/Booster.sol::Booster.shutdownSystem()
 writer effect     -> convex-platform/contracts/contracts/Booster.sol:388
 written member    -> ('SV', 'convex-platform/contracts/contracts/Booster.sol', 'Booster.poolInfo')
 potentially stale -> ('SV', 'convex-platform/contracts/contracts/Booster.sol', 'Booster.lockRewards')
 reader witnesses  -> 6
 storage exposures -> 1
[MV-SI candidate 4a18e31fe26b8f5406b7] {periodFinish, queuedRewards}
 writer root       -> convex-platform/contracts/contracts/BaseRewardPool.sol::BaseRewardPool.queueNewRewards(uint256)
 writer effect     -> convex-platform/contracts/contracts/BaseRewardPool.sol:342
 written member    -> ('SV', 'convex-platform/contracts/contracts/BaseRewardPool.sol', 'BaseRewardPool.queuedRewards')
 potentially stale -> ('SV', 'convex-platform/contracts/contracts/BaseRewardPool.sol', 'BaseRewardPool.periodFinish')
 reader witnesses  -> 8
 storage exposures -> 2
[MV-SI candidate 616011621dac2daffe1c] {lockRewards, rewardFactory}
 writer root       -> convex-platform/contracts/contracts/Booster.sol::Booster.setRewardContracts(address,address)
 writer effect     -> convex-platform/contracts/contracts/Booster.sol:207
 written member    -> ('SV', 'convex-platform/contracts/contracts/Booster.sol', 'Booster.lockRewards')
 potentially stale -> ('SV', 'convex-platform/contracts/contracts/Booster.sol', 'Booster.rewardFactory')
 reader witnesses  -> 5
 storage exposures -> 1
[MV-SI candidate 6e6c5752d67f033af305] {periodFinish, queuedRewards}
 writer root       -> convex-platform/contracts/contracts/BaseRewardPool.sol::BaseRewardPool.processIdleRewards()
 writer effect     -> convex-platform/contracts/contracts/BaseRewardPool.sol:377
 written member    -> ('SV', 'convex-platform/contracts/contracts/BaseRewardPool.sol', 'BaseRewardPool.periodFinish')
 potentially stale -> ('SV', 'convex-platform/contracts/contracts/BaseRewardPool.sol', 'BaseRewardPool.queuedRewards')
 reader witnesses  -> 2
 storage exposures -> 2
[MV-SI candidate 75971a91c360d4e1235a] {platformFee, treasury}
 writer root       -> convex-platform/contracts/contracts/Booster.sol::Booster.setTreasury(address)
 writer effect     -> convex-platform/contracts/contracts/Booster.sol:296
 written member    -> ('SV', 'convex-platform/contracts/contracts/Booster.sol', 'Booster.treasury')
 potentially stale -> ('SV', 'convex-platform/contracts/contracts/Booster.sol', 'Booster.platformFee')
 reader witnesses  -> 1
 storage exposures -> 1
[MV-SI candidate 7bc1b07b4c0c68ba5419] {periodFinish, queuedRewards}
 writer root       -> convex-platform/contracts/contracts/BaseRewardPool.sol::BaseRewardPool.queueNewRewards(uint256)
 writer effect     -> convex-platform/contracts/contracts/BaseRewardPool.sol:355
 written member    -> ('SV', 'convex-platform/contracts/contracts/BaseRewardPool.sol', 'BaseRewardPool.queuedRewards')
 potentially stale -> ('SV', 'convex-platform/contracts/contracts/BaseRewardPool.sol', 'BaseRewardPool.periodFinish')
 reader witnesses  -> 8
 storage exposures -> 2
[MV-SI candidate 840ffec96c324532b945] {isShutdown, poolManager}
 writer root       -> convex-platform/contracts/contracts/Booster.sol::Booster.shutdownSystem()
 writer effect     -> convex-platform/contracts/contracts/Booster.sol:377
 written member    -> ('SV', 'convex-platform/contracts/contracts/Booster.sol', 'Booster.isShutdown')
 potentially stale -> ('SV', 'convex-platform/contracts/contracts/Booster.sol', 'Booster.poolManager')
 reader witnesses  -> 3
 storage exposures -> 1
[MV-SI candidate 9022215be7e594cdec2f] {periodFinish, queuedRewards}
 writer root       -> convex-platform/contracts/contracts/BaseRewardPool.sol::BaseRewardPool.queueNewRewards(uint256)
 writer effect     -> convex-platform/contracts/contracts/BaseRewardPool.sol:377
 written member    -> ('SV', 'convex-platform/contracts/contracts/BaseRewardPool.sol', 'BaseRewardPool.periodFinish')
 potentially stale -> ('SV', 'convex-platform/contracts/contracts/BaseRewardPool.sol', 'BaseRewardPool.queuedRewards')
 reader witnesses  -> 2
 storage exposures -> 2
[MV-SI candidate a9e761f26cdec7704344] {lockRewards, poolInfo}
 writer root       -> convex-platform/contracts/contracts/Booster.sol::Booster.addPool(address,address,uint256)
 writer effect     -> convex-platform/contracts/contracts/Booster.sol:328
 written member    -> ('SV', 'convex-platform/contracts/contracts/Booster.sol', 'Booster.poolInfo')
 potentially stale -> ('SV', 'convex-platform/contracts/contracts/Booster.sol', 'Booster.lockRewards')
 reader witnesses  -> 6
 storage exposures -> 1
[MV-SI candidate ba4a8eb418b3d93bf0a2] {lockRewards, poolInfo}
 writer root       -> convex-platform/contracts/contracts/Booster.sol::Booster.shutdownPool(uint256)
 writer effect     -> convex-platform/contracts/contracts/Booster.sol:364
 written member    -> ('SV', 'convex-platform/contracts/contracts/Booster.sol', 'Booster.poolInfo')
 potentially stale -> ('SV', 'convex-platform/contracts/contracts/Booster.sol', 'Booster.lockRewards')
 reader witnesses  -> 6
 storage exposures -> 1
[MV-SI candidate bb72490eba0af7d4c016] {lockRewards, rewardFactory}
 writer root       -> convex-platform/contracts/contracts/Booster.sol::Booster.setFactories(address,address,address)
 writer effect     -> convex-platform/contracts/contracts/Booster.sol:169
 written member    -> ('SV', 'convex-platform/contracts/contracts/Booster.sol', 'Booster.rewardFactory')
 potentially stale -> ('SV', 'convex-platform/contracts/contracts/Booster.sol', 'Booster.lockRewards')
 reader witnesses  -> 6
 storage exposures -> 1
[MV-SI candidate bc72d53852853caae0f5] {periodFinish, queuedRewards}
 writer root       -> convex-platform/contracts/contracts/BaseRewardPool.sol::BaseRewardPool.donate(uint256)
 writer effect     -> convex-platform/contracts/contracts/BaseRewardPool.sol:316
 written member    -> ('SV', 'convex-platform/contracts/contracts/BaseRewardPool.sol', 'BaseRewardPool.queuedRewards')
 potentially stale -> ('SV', 'convex-platform/contracts/contracts/BaseRewardPool.sol', 'BaseRewardPool.periodFinish')
 reader witnesses  -> 8
 storage exposures -> 2
[MV-SI candidate d53a491b09175532ccdc] {periodFinish, queuedRewards}
 writer root       -> convex-platform/contracts/contracts/BaseRewardPool.sol::BaseRewardPool.queueNewRewards(uint256)
 writer effect     -> convex-platform/contracts/contracts/BaseRewardPool.sol:357
 written member    -> ('SV', 'convex-platform/contracts/contracts/BaseRewardPool.sol', 'BaseRewardPool.queuedRewards')
 potentially stale -> ('SV', 'convex-platform/contracts/contracts/BaseRewardPool.sol', 'BaseRewardPool.periodFinish')
 reader witnesses  -> 8
 storage exposures -> 2
[MV-SI candidate d648089f6b80513b0a9d] {lockRewards, poolInfo}
 writer root       -> convex-platform/contracts/contracts/Booster.sol::Booster.addPool(address,address,uint256)
 writer effect     -> convex-platform/contracts/contracts/Booster.sol:318
 written member    -> ('SV', 'convex-platform/contracts/contracts/Booster.sol', 'Booster.poolInfo')
 potentially stale -> ('SV', 'convex-platform/contracts/contracts/Booster.sol', 'Booster.lockRewards')
 reader witnesses  -> 6
 storage exposures -> 1
[MV-SI candidate d6bbf4d45e7d08d8fcc4] {lockRewards, poolInfo}
 writer root       -> convex-platform/contracts/contracts/Booster.sol::Booster.setRewardContracts(address,address)
 writer effect     -> convex-platform/contracts/contracts/Booster.sol:207
 written member    -> ('SV', 'convex-platform/contracts/contracts/Booster.sol', 'Booster.lockRewards')
 potentially stale -> ('SV', 'convex-platform/contracts/contracts/Booster.sol', 'Booster.poolInfo')
 reader witnesses  -> 11
 storage exposures -> 1
[MV-SI candidate e0c90aa8d33bacdfaa8c] {lockRewards, poolInfo}
 writer root       -> convex-platform/contracts/contracts/Booster.sol::Booster.addPool(address,address,uint256)
 writer effect     -> convex-platform/contracts/contracts/Booster.sol:343
 written member    -> ('SV', 'convex-platform/contracts/contracts/Booster.sol', 'Booster.poolInfo')
 potentially stale -> ('SV', 'convex-platform/contracts/contracts/Booster.sol', 'Booster.lockRewards')
 reader witnesses  -> 6
 storage exposures -> 1
[MV-SI candidate e383f2a0bbee760b26e6] {periodFinish, queuedRewards}
 writer root       -> convex-platform/contracts/contracts/BaseRewardPool.sol::BaseRewardPool.processIdleRewards()
 writer effect     -> convex-platform/contracts/contracts/BaseRewardPool.sol:326
 written member    -> ('SV', 'convex-platform/contracts/contracts/BaseRewardPool.sol', 'BaseRewardPool.queuedRewards')
 potentially stale -> ('SV', 'convex-platform/contracts/contracts/BaseRewardPool.sol', 'BaseRewardPool.periodFinish')
 reader witnesses  -> 8
 storage exposures -> 2
[MV-SI candidate e3dbf3baf78b07d10632] {isShutdown, poolManager}
 writer root       -> convex-platform/contracts/contracts/Booster.sol::Booster.setPoolManager(address)
 writer effect     -> convex-platform/contracts/contracts/Booster.sol:150
 written member    -> ('SV', 'convex-platform/contracts/contracts/Booster.sol', 'Booster.poolManager')
 potentially stale -> ('SV', 'convex-platform/contracts/contracts/Booster.sol', 'Booster.isShutdown')
 reader witnesses  -> 9
 storage exposures -> 1
[MV-SI candidate e46557beb0a3864843a4] {platformFee, treasury}
 writer root       -> convex-platform/contracts/contracts/Booster.sol::Booster.setFees(uint256,uint256,uint256,uint256)
 writer effect     -> convex-platform/contracts/contracts/Booster.sol:286
 written member    -> ('SV', 'convex-platform/contracts/contracts/Booster.sol', 'Booster.platformFee')
 potentially stale -> ('SV', 'convex-platform/contracts/contracts/Booster.sol', 'Booster.treasury')
 reader witnesses  -> 1
 storage exposures -> 1Reference: https://github.com/crytic/slither/wiki/Detector-Documentation
[mvscan-config] {"ATOMIC_GROUP": [], "DIVERGENCE_BUDGET": 1000, "ENABLE_BRANCH_GROUPS": true, "ENABLE_EXTERNAL_STATE": true, "ENABLE_MULTI_RETURN_GROUPS": true, "MAPPING_MODE": "precise", "MERGE_OVERLOADS": false, "MVSCAN_ABLATION": "full", "MVSCAN_CONTEXTUAL_KEYS": true, "MVSCAN_INCLUDE_SCALAR_WITNESSES": false, "MVSCAN_INTERFACE_DISPATCH": false, "MVSCAN_MAX_CONTEXTS_PER_OWNER_BLOCK": 128, "MVSCAN_MAX_DISPATCH_TARGETS": 16, "MVSCAN_REQUIRE_DISTINCT_OUTER_ROOTS": false, "MVSCAN_ROOT_CONTEXT_SINKS": false, "NOOP_WRITE_FILTER": true, "REQUIRE_SAME_SLOT_KEY": true, "SINK_TEST": "none", "USER_CALLABLE_ALWAYS": [], "USER_CALLABLE_DENY": []}
[mvscan-stage] icfg-built blocks=15 vars=3
[mvscan-stage] root-seeding-done eligible_exposures=2 seeded=2 multi_exposure_entry_blocks=0 collapsed_contextual_aliases=0 excluded_dependency=0 excluded_interface=0 excluded_library=0 excluded_abstract=0 missing_entry_point=0 missing_entry_block=0
[mvscan-pairs] call_target_digest=4f53cda18c2baa0c0354bb5f9a3ecbe5ed12ab4d8e11ba873c2f11161202b945 candidate_count=0 candidate_digest=4f53cda18c2baa0c0354bb5f9a3ecbe5ed12ab4d8e11ba873c2f11161202b945 context_instance_count=0 execution_context_digest=eb299b9dc62561934e7e020d2f68e9a8fd9a6244d8fa00bdb6c733031be05562 invalid_partial_write_filtered=0 must_full_relation_filtered=0 omitted_member_evidence_filtered=0 omitted_member_not_sensitive_filtered=0 owner_context_pairs=0 owner_context_pairs_considered=0 reader_witness_count=0 relation_context_incompatible=0 relation_digest=4f53cda18c2baa0c0354bb5f9a3ecbe5ed12ab4d8e11ba873c2f11161202b945 relation_origins_rejected_unreachable=1 root_context_sink_filtered=0 same_outer_root_filtered=0 scalar_variables_skipped=3 storage_context_mismatch=0 variables_considered=3
[mvscan-config] {"ATOMIC_GROUP": [], "DIVERGENCE_BUDGET": 1000, "ENABLE_BRANCH_GROUPS": true, "ENABLE_EXTERNAL_STATE": true, "ENABLE_MULTI_RETURN_GROUPS": true, "MAPPING_MODE": "precise", "MERGE_OVERLOADS": false, "MVSCAN_ABLATION": "full", "MVSCAN_CONTEXTUAL_KEYS": true, "MVSCAN_INCLUDE_SCALAR_WITNESSES": false, "MVSCAN_INTERFACE_DISPATCH": false, "MVSCAN_MAX_CONTEXTS_PER_OWNER_BLOCK": 128, "MVSCAN_MAX_DISPATCH_TARGETS": 16, "MVSCAN_REQUIRE_DISTINCT_OUTER_ROOTS": false, "MVSCAN_ROOT_CONTEXT_SINKS": false, "NOOP_WRITE_FILTER": true, "REQUIRE_SAME_SLOT_KEY": true, "SINK_TEST": "none", "USER_CALLABLE_ALWAYS": [], "USER_CALLABLE_DENY": []}
[mvscan-stage] icfg-built blocks=33 vars=1
[mvscan-stage] root-seeding-done eligible_exposures=1 seeded=1 multi_exposure_entry_blocks=0 collapsed_contextual_aliases=0 excluded_dependency=0 excluded_interface=0 excluded_library=0 excluded_abstract=0 missing_entry_point=0 missing_entry_block=0
[mvscan-pairs] call_target_digest=5b418a5494b206a668ebea4d77d2bf50f7c14fbf609ee77facd885fb231afe38 candidate_count=0 candidate_digest=4f53cda18c2baa0c0354bb5f9a3ecbe5ed12ab4d8e11ba873c2f11161202b945 context_instance_count=0 execution_context_digest=4e103e304731ffbceb60346fe39b370a9f4a696a3374f3e28c05154dd2bbb864 invalid_partial_write_filtered=0 must_full_relation_filtered=0 omitted_member_evidence_filtered=0 omitted_member_not_sensitive_filtered=0 owner_context_pairs=0 owner_context_pairs_considered=0 reader_witness_count=0 relation_context_incompatible=0 relation_digest=4f53cda18c2baa0c0354bb5f9a3ecbe5ed12ab4d8e11ba873c2f11161202b945 root_context_sink_filtered=0 same_outer_root_filtered=0 scalar_variables_skipped=1 storage_context_mismatch=0 variables_considered=1
[mvscan-config] {"ATOMIC_GROUP": [], "DIVERGENCE_BUDGET": 1000, "ENABLE_BRANCH_GROUPS": true, "ENABLE_EXTERNAL_STATE": true, "ENABLE_MULTI_RETURN_GROUPS": true, "MAPPING_MODE": "precise", "MERGE_OVERLOADS": false, "MVSCAN_ABLATION": "full", "MVSCAN_CONTEXTUAL_KEYS": true, "MVSCAN_INCLUDE_SCALAR_WITNESSES": false, "MVSCAN_INTERFACE_DISPATCH": false, "MVSCAN_MAX_CONTEXTS_PER_OWNER_BLOCK": 128, "MVSCAN_MAX_DISPATCH_TARGETS": 16, "MVSCAN_REQUIRE_DISTINCT_OUTER_ROOTS": false, "MVSCAN_ROOT_CONTEXT_SINKS": false, "NOOP_WRITE_FILTER": true, "REQUIRE_SAME_SLOT_KEY": true, "SINK_TEST": "none", "USER_CALLABLE_ALWAYS": [], "USER_CALLABLE_DENY": []}
[mvscan-stage] icfg-built blocks=1508 vars=148
[mvscan-stage] root-seeding-done eligible_exposures=120 seeded=95 multi_exposure_entry_blocks=7 collapsed_contextual_aliases=25 excluded_dependency=0 excluded_interface=33 excluded_library=0 excluded_abstract=2 missing_entry_point=0 missing_entry_block=0
[mvscan-pairs] call_target_digest=84204dd683351c0db9f86e67d1722f5b6a0feb7fe47df42b6db20304ba640ed1 candidate_count=19 candidate_digest=e4b5c1c6c296e46f832fd1f80b2a17c20ead14b682bd12d87598e6c50b72718f context_instance_count=79 eligible_readers=38 eligible_writers=29 execution_context_digest=8c1e5d9f33cdb60c994f19a6e69203935332fe50e7217b8114aa95623290a958 insensitive_readers_filtered=18 invalid_partial_write_filtered=0 must_full_relation_filtered=8 omitted_member_evidence_filtered=0 omitted_member_not_sensitive_filtered=0 owner_context_pairs=247 owner_context_pairs_considered=954 raw_block_pairs=215 reader_witness_count=247 relation_base_members_shadowed=21 relation_context_incompatible=699 relation_digest=5acf69b5f53906a2547a538e6107a5446370a1983a5b42004e574cad1f131cc7 relation_members_raw=126 relation_origins_registered=6 relation_origins_rejected_unary_after_shadowing=93 relation_origins_rejected_unreachable=14 relation_origins_seen=99 relation_unbound_key_templates=18 root_context_sink_filtered=0 same_outer_root_filtered=0 same_static_block_filtered=15 scalar_variables_skipped=73 storage_context_mismatch=0 variables_considered=79
INFO:Detectors:

[MV-SI candidate 042152b79e8df52fc518] {rewardEpochs, userClaims[$arg1][$arg0]}
 writer root       -> contracts/ExtraRewardsDistributor.sol::ExtraRewardsDistributor._getReward(address,address,uint256)
 writer effect     -> contracts/ExtraRewardsDistributor.sol:220
 written member    -> ('SV', 'contracts/ExtraRewardsDistributor.sol', 'ExtraRewardsDistributor.rewardEpochs')
 potentially stale -> ('MS', 'contracts/ExtraRewardsDistributor.sol', 'ExtraRewardsDistributor.userClaims', '$arg1][$arg0')
 reader witnesses  -> 9
 storage exposures -> 1
[MV-SI candidate 069587b873293e549df3] {rewardTokens[@local::contracts/AuraLocker.sol::AuraLocker.getReward(address,bool)::LocalVariable::i], userData}
 writer root       -> contracts/AuraLocker.sol::AuraLocker.getReward(address,bool)
 writer effect     -> contracts/AuraLocker.sol:310
 written member    -> ('SV', 'contracts/AuraLocker.sol', 'AuraLocker.userData')
 potentially stale -> ('MS', 'contracts/AuraLocker.sol', 'AuraLocker.rewardTokens', '@local::contracts/AuraLocker.sol::AuraLocker.getReward(address,bool)::LocalVariable::i')
 reader witnesses  -> 2
 storage exposures -> 1
[MV-SI candidate 101cc182cdc3fda7e6b2] {rewardEpochs[$arg1][$arg2], userClaims[$arg1][$arg0]}
 writer root       -> contracts/ExtraRewardsDistributor.sol::ExtraRewardsDistributor.forfeitRewards(address,uint256)
 writer effect     -> contracts/ExtraRewardsDistributor.sol:175
 written member    -> ('MS', 'contracts/ExtraRewardsDistributor.sol', 'ExtraRewardsDistributor.userClaims', '$arg1][$arg0')
 potentially stale -> ('MS', 'contracts/ExtraRewardsDistributor.sol', 'ExtraRewardsDistributor.rewardEpochs', '$arg1][$arg2')
 reader witnesses  -> 3
 storage exposures -> 1
[MV-SI candidate 11c7745642220f7e4192] {rewardEpochs[$arg1][$arg2], userClaims[$arg1][$arg0]}
 writer root       -> contracts/ExtraRewardsDistributor.sol::ExtraRewardsDistributor._getReward(address,address,uint256)
 writer effect     -> contracts/ExtraRewardsDistributor.sol:151
 written member    -> ('MS', 'contracts/ExtraRewardsDistributor.sol', 'ExtraRewardsDistributor.userClaims', '$arg1][$arg0')
 potentially stale -> ('MS', 'contracts/ExtraRewardsDistributor.sol', 'ExtraRewardsDistributor.rewardEpochs', '$arg1][$arg2')
 reader witnesses  -> 3
 storage exposures -> 1
[MV-SI candidate 351852879dffe51c50c6] {rewardEpochs[$arg1][$arg2], userClaims[$arg1][$arg0]}
 writer root       -> contracts/ExtraRewardsDistributor.sol::ExtraRewardsDistributor.getReward(address,address,uint256)
 writer effect     -> contracts/ExtraRewardsDistributor.sol:151
 written member    -> ('MS', 'contracts/ExtraRewardsDistributor.sol', 'ExtraRewardsDistributor.userClaims', '$arg1][$arg0')
 potentially stale -> ('MS', 'contracts/ExtraRewardsDistributor.sol', 'ExtraRewardsDistributor.rewardEpochs', '$arg1][$arg2')
 reader witnesses  -> 3
 storage exposures -> 1
[MV-SI candidate 38b9fd68c7edacf30804] {rewardEpochs, userClaims[$arg1][$arg0]}
 writer root       -> contracts/ExtraRewardsDistributor.sol::ExtraRewardsDistributor.addRewardToEpoch(address,uint256,uint256)
 writer effect     -> contracts/ExtraRewardsDistributor.sol:101
 written member    -> ('SV', 'contracts/ExtraRewardsDistributor.sol', 'ExtraRewardsDistributor.rewardEpochs')
 potentially stale -> ('MS', 'contracts/ExtraRewardsDistributor.sol', 'ExtraRewardsDistributor.userClaims', '$arg1][$arg0')
 reader witnesses  -> 18
 storage exposures -> 1
[MV-SI candidate 3fb2cf9bd046c8d67371] {rewardEpochs, userClaims[$arg1][$arg0]}
 writer root       -> contracts/ExtraRewardsDistributor.sol::ExtraRewardsDistributor.addRewardToEpoch(address,uint256,uint256)
 writer effect     -> contracts/ExtraRewardsDistributor.sol:103
 written member    -> ('SV', 'contracts/ExtraRewardsDistributor.sol', 'ExtraRewardsDistributor.rewardEpochs')
 potentially stale -> ('MS', 'contracts/ExtraRewardsDistributor.sol', 'ExtraRewardsDistributor.userClaims', '$arg1][$arg0')
 reader witnesses  -> 18
 storage exposures -> 1
[MV-SI candidate 5acf20d9cfb92fbd5fba] {rewardEpochs, userClaims[$arg1][$arg0]}
 writer root       -> contracts/ExtraRewardsDistributor.sol::ExtraRewardsDistributor.getReward(address,address)
 writer effect     -> contracts/ExtraRewardsDistributor.sol:220
 written member    -> ('SV', 'contracts/ExtraRewardsDistributor.sol', 'ExtraRewardsDistributor.rewardEpochs')
 potentially stale -> ('MS', 'contracts/ExtraRewardsDistributor.sol', 'ExtraRewardsDistributor.userClaims', '$arg1][$arg0')
 reader witnesses  -> 9
 storage exposures -> 1
[MV-SI candidate 7059831c945810ec9a11] {rewardEpochs, userClaims[$arg1][$arg0]}
 writer root       -> contracts/ExtraRewardsDistributor.sol::ExtraRewardsDistributor.forfeitRewards(address,uint256)
 writer effect     -> contracts/ExtraRewardsDistributor.sol:175
 written member    -> ('MS', 'contracts/ExtraRewardsDistributor.sol', 'ExtraRewardsDistributor.userClaims', '$arg1][$arg0')
 potentially stale -> ('SV', 'contracts/ExtraRewardsDistributor.sol', 'ExtraRewardsDistributor.rewardEpochs')
 reader witnesses  -> 33
 storage exposures -> 1
[MV-SI candidate a6b9c0747b3543e900d8] {rewardEpochs, userClaims[$arg1][$arg0]}
 writer root       -> contracts/ExtraRewardsDistributor.sol::ExtraRewardsDistributor.getReward(address,address,uint256)
 writer effect     -> contracts/ExtraRewardsDistributor.sol:151
 written member    -> ('MS', 'contracts/ExtraRewardsDistributor.sol', 'ExtraRewardsDistributor.userClaims', '$arg1][$arg0')
 potentially stale -> ('SV', 'contracts/ExtraRewardsDistributor.sol', 'ExtraRewardsDistributor.rewardEpochs')
 reader witnesses  -> 33
 storage exposures -> 1
[MV-SI candidate b231e4f8a363a65c81b7] {rewardEpochs, userClaims[$arg1][$arg0]}
 writer root       -> contracts/ExtraRewardsDistributor.sol::ExtraRewardsDistributor._getReward(address,address,uint256)
 writer effect     -> contracts/ExtraRewardsDistributor.sol:151
 written member    -> ('MS', 'contracts/ExtraRewardsDistributor.sol', 'ExtraRewardsDistributor.userClaims', '$arg1][$arg0')
 potentially stale -> ('SV', 'contracts/ExtraRewardsDistributor.sol', 'ExtraRewardsDistributor.rewardEpochs')
 reader witnesses  -> 33
 storage exposures -> 1
[MV-SI candidate b2d8946c4b699c8832dd] {rewardEpochs[$arg1][$arg2], userClaims[$arg1][$arg0]}
 writer root       -> contracts/ExtraRewardsDistributor.sol::ExtraRewardsDistributor.getReward(address,address)
 writer effect     -> contracts/ExtraRewardsDistributor.sol:151
 written member    -> ('MS', 'contracts/ExtraRewardsDistributor.sol', 'ExtraRewardsDistributor.userClaims', '$arg1][$arg0')
 potentially stale -> ('MS', 'contracts/ExtraRewardsDistributor.sol', 'ExtraRewardsDistributor.rewardEpochs', '$arg1][$arg2')
 reader witnesses  -> 3
 storage exposures -> 1
[MV-SI candidate c10c796517bbcb7243ee] {rewardEpochs, userClaims[$arg1][$arg0]}
 writer root       -> contracts/ExtraRewardsDistributor.sol::ExtraRewardsDistributor.addReward(address,uint256)
 writer effect     -> contracts/ExtraRewardsDistributor.sol:101
 written member    -> ('SV', 'contracts/ExtraRewardsDistributor.sol', 'ExtraRewardsDistributor.rewardEpochs')
 potentially stale -> ('MS', 'contracts/ExtraRewardsDistributor.sol', 'ExtraRewardsDistributor.userClaims', '$arg1][$arg0')
 reader witnesses  -> 9
 storage exposures -> 1
[MV-SI candidate cf646c8772cd6197abf9] {rewardEpochs, userClaims[$arg1][$arg0]}
 writer root       -> contracts/ExtraRewardsDistributor.sol::ExtraRewardsDistributor.getReward(address,address,uint256)
 writer effect     -> contracts/ExtraRewardsDistributor.sol:220
 written member    -> ('SV', 'contracts/ExtraRewardsDistributor.sol', 'ExtraRewardsDistributor.rewardEpochs')
 potentially stale -> ('MS', 'contracts/ExtraRewardsDistributor.sol', 'ExtraRewardsDistributor.userClaims', '$arg1][$arg0')
 reader witnesses  -> 9
 storage exposures -> 1
[MV-SI candidate d071d5cda60da12ed583] {rewardEpochs, userClaims[$arg1][$arg0]}
 writer root       -> contracts/ExtraRewardsDistributor.sol::ExtraRewardsDistributor.getReward(address,address)
 writer effect     -> contracts/ExtraRewardsDistributor.sol:151
 written member    -> ('MS', 'contracts/ExtraRewardsDistributor.sol', 'ExtraRewardsDistributor.userClaims', '$arg1][$arg0')
 potentially stale -> ('SV', 'contracts/ExtraRewardsDistributor.sol', 'ExtraRewardsDistributor.rewardEpochs')
 reader witnesses  -> 33
 storage exposures -> 1
[MV-SI candidate d1b7207a8e9820e50751] {rewardEpochs, userClaims[$arg1][$arg0]}
 writer root       -> contracts/ExtraRewardsDistributor.sol::ExtraRewardsDistributor.addRewardToEpoch(address,uint256,uint256)
 writer effect     -> contracts/ExtraRewardsDistributor.sol:73
 written member    -> ('SV', 'contracts/ExtraRewardsDistributor.sol', 'ExtraRewardsDistributor.rewardEpochs')
 potentially stale -> ('MS', 'contracts/ExtraRewardsDistributor.sol', 'ExtraRewardsDistributor.userClaims', '$arg1][$arg0')
 reader witnesses  -> 9
 storage exposures -> 1
[MV-SI candidate d8d36ad63fb0f49b5540] {rewardEpochs, userClaims[$arg1][$arg0]}
 writer root       -> contracts/ExtraRewardsDistributor.sol::ExtraRewardsDistributor.forfeitRewards(address,uint256)
 writer effect     -> contracts/ExtraRewardsDistributor.sol:171
 written member    -> ('SV', 'contracts/ExtraRewardsDistributor.sol', 'ExtraRewardsDistributor.rewardEpochs')
 potentially stale -> ('MS', 'contracts/ExtraRewardsDistributor.sol', 'ExtraRewardsDistributor.userClaims', '$arg1][$arg0')
 reader witnesses  -> 9
 storage exposures -> 1
[MV-SI candidate f35e647e9f74917ae67a] {rewardTokens[@local::contracts/AuraLocker.sol::AuraLocker.getReward(address,bool)::LocalVariable::i], userData}
 writer root       -> contracts/AuraLocker.sol::AuraLocker.getReward(address)
 writer effect     -> contracts/AuraLocker.sol:310
 written member    -> ('SV', 'contracts/AuraLocker.sol', 'AuraLocker.userData')
 potentially stale -> ('MS', 'contracts/AuraLocker.sol', 'AuraLocker.rewardTokens', '@local::contracts/AuraLocker.sol::AuraLocker.getReward(address,bool)::LocalVariable::i')
 reader witnesses  -> 2
 storage exposures -> 1
[MV-SI candidate f656638071754da91a2f] {rewardEpochs, userClaims[$arg1][$arg0]}
 writer root       -> contracts/ExtraRewardsDistributor.sol::ExtraRewardsDistributor.addReward(address,uint256)
 writer effect     -> contracts/ExtraRewardsDistributor.sol:103
 written member    -> ('SV', 'contracts/ExtraRewardsDistributor.sol', 'ExtraRewardsDistributor.rewardEpochs')
 potentially stale -> ('MS', 'contracts/ExtraRewardsDistributor.sol', 'ExtraRewardsDistributor.userClaims', '$arg1][$arg0')
 reader witnesses  -> 9
 storage exposures -> 1Reference: https://github.com/crytic/slither/wiki/Detector-Documentation
INFO:Slither:. analyzed (120 contracts with 1 detectors), 39 result(s) found
