'/tmp/.svm/0.8.33/solc-0.8.33 --version' running
'solc --standard-json --allow-paths /tmp/analysis-input' running
Warning: Warning: SPDX license identifier not provided in source file. Before publishing, consider adding a comment containing "SPDX-License-Identifier: <SPDX-License>" to each source file. Use "SPDX-License-Identifier: UNLICENSED" for non-open-source code. Please see https://spdx.org for more information.
--> contracts/forge-test/Deployer_Unit.t.sol


Warning: Warning: SPDX license identifier not provided in source file. Before publishing, consider adding a comment containing "SPDX-License-Identifier: <SPDX-License>" to each source file. Use "SPDX-License-Identifier: UNLICENSED" for non-open-source code. Please see https://spdx.org for more information.
--> contracts/forge-test/E2E.t.sol


Warning: Warning: SPDX license identifier not provided in source file. Before publishing, consider adding a comment containing "SPDX-License-Identifier: <SPDX-License>" to each source file. Use "SPDX-License-Identifier: UNLICENSED" for non-open-source code. Please see https://spdx.org for more information.
--> contracts/forge-test/NFTReward_Unit.t.sol


Warning: Warning: SPDX license identifier not provided in source file. Before publishing, consider adding a comment containing "SPDX-License-Identifier: <SPDX-License>" to each source file. Use "SPDX-License-Identifier: UNLICENSED" for non-open-source code. Please see https://spdx.org for more information.
--> contracts/forge-test/governance/JB721GlobalGovernance.t.sol


Warning: Warning: SPDX license identifier not provided in source file. Before publishing, consider adding a comment containing "SPDX-License-Identifier: <SPDX-License>" to each source file. Use "SPDX-License-Identifier: UNLICENSED" for non-open-source code. Please see https://spdx.org for more information.
--> contracts/forge-test/governance/JB721TieredGovernance.t.sol


Warning: Warning: This declaration shadows an existing declaration.
  --> contracts/forge-test/Deployer_Unit.t.sol:70:5:
   |
70 |     JBTiered721DelegateDeployer delegateDeployer = new JBTiered721DelegateDeployer(
   |     ^^^^^^^^^^^^^^^^^^^^^^^^^^^^^^^^^^^^^^^^^^^^
Note: The shadowed declaration is here:
  --> contracts/forge-test/Deployer_Unit.t.sol:46:3:
   |
46 |   IJBTiered721DelegateDeployer delegateDeployer;
   |   ^^^^^^^^^^^^^^^^^^^^^^^^^^^^^^^^^^^^^^^^^^^^^


Warning: Warning: Natspec memory-safe-assembly special comment for inline assembly is deprecated and scheduled for removal. Use the memory-safe block annotation instead.
  --> node_modules/@openzeppelin/contracts/utils/cryptography/ECDSA.sol:68:13:
   |
68 |             assembly {
   |             ^ (Relevant source part starts here and spans across multiple lines).


Warning: Warning: Natspec memory-safe-assembly special comment for inline assembly is deprecated and scheduled for removal. Use the memory-safe block annotation instead.
  --> node_modules/@openzeppelin/contracts/utils/cryptography/ECDSA.sol:80:13:
   |
80 |             assembly {
   |             ^ (Relevant source part starts here and spans across multiple lines).


Warning: Warning: Natspec memory-safe-assembly special comment for inline assembly is deprecated and scheduled for removal. Use the memory-safe block annotation instead.
   --> node_modules/@openzeppelin/contracts/utils/Address.sol:213:17:
    |
213 |                 assembly {
    |                 ^ (Relevant source part starts here and spans across multiple lines).


Warning: Warning: Natspec memory-safe-assembly special comment for inline assembly is deprecated and scheduled for removal. Use the memory-safe block annotation instead.
   --> contracts/abstract/ERC721.sol:401:11:
    |
401 |           assembly {
    |           ^ (Relevant source part starts here and spans across multiple lines).


Warning: Warning: Natspec memory-safe-assembly special comment for inline assembly is deprecated and scheduled for removal. Use the memory-safe block annotation instead.
  --> lib/forge-std/src/console.sol:11:9:
   |
11 |         assembly {
   |         ^ (Relevant source part starts here and spans across multiple lines).


Warning: Warning: Natspec memory-safe-assembly special comment for inline assembly is deprecated and scheduled for removal. Use the memory-safe block annotation instead.
   --> lib/forge-std/src/Test.sol:183:9:
    |
183 |         assembly {
    |         ^ (Relevant source part starts here and spans across multiple lines).


Warning: Warning: Natspec memory-safe-assembly special comment for inline assembly is deprecated and scheduled for removal. Use the memory-safe block annotation instead.
   --> lib/forge-std/src/Test.sol:199:9:
    |
199 |         assembly {
    |         ^ (Relevant source part starts here and spans across multiple lines).


Warning: Warning: Natspec memory-safe-assembly special comment for inline assembly is deprecated and scheduled for removal. Use the memory-safe block annotation instead.
   --> lib/forge-std/src/Test.sol:216:9:
    |
216 |         assembly {
    |         ^ (Relevant source part starts here and spans across multiple lines).


Warning: Warning: Natspec memory-safe-assembly special comment for inline assembly is deprecated and scheduled for removal. Use the memory-safe block annotation instead.
   --> lib/forge-std/src/Test.sol:232:9:
    |
232 |         assembly {
    |         ^ (Relevant source part starts here and spans across multiple lines).


Warning: Warning: Natspec memory-safe-assembly special comment for inline assembly is deprecated and scheduled for removal. Use the memory-safe block annotation instead.
   --> lib/forge-std/src/Test.sol:642:9:
    |
642 |         assembly {
    |         ^ (Relevant source part starts here and spans across multiple lines).


Warning: Warning: Natspec memory-safe-assembly special comment for inline assembly is deprecated and scheduled for removal. Use the memory-safe block annotation instead.
   --> lib/forge-std/src/Test.sol:726:13:
    |
726 |             assembly {
    |             ^ (Relevant source part starts here and spans across multiple lines).


Warning: Warning: Natspec memory-safe-assembly special comment for inline assembly is deprecated and scheduled for removal. Use the memory-safe block annotation instead.
   --> node_modules/@openzeppelin/contracts/token/ERC721/ERC721.sol:408:21:
    |
408 |                     assembly {
    |                     ^ (Relevant source part starts here and spans across multiple lines).


Warning: Warning: Comparison of variables of contract type is deprecated and scheduled for removal. Use an explicit cast to address type and compare the addresses instead.
   --> contracts/JBTiered721Delegate.sol:236:9:
    |
236 |     if (_tokenUriResolver != IJBTokenUriResolver(address(0)))
    |         ^^^^^^^^^^^^^^^^^^^^^^^^^^^^^^^^^^^^^^^^^^^^^^^^^^^^


Warning: Warning: Comparison of variables of contract type is deprecated and scheduled for removal. Use an explicit cast to address type and compare the addresses instead.
   --> contracts/JBTiered721Delegate.sol:528:14:
    |
528 |     else if (prices != IJBPrices(address(0)))
    |              ^^^^^^^^^^^^^^^^^^^^^^^^^^^^^^^


Warning: Warning: Comparison of variables of contract type is deprecated and scheduled for removal. Use an explicit cast to address type and compare the addresses instead.
   --> node_modules/@jbx-protocol/juice-contracts-v3/contracts/JBController.sol:891:11:
    |
891 |           _split.allocator != IJBSplitAllocator(address(0))
    |           ^^^^^^^^^^^^^^^^^^^^^^^^^^^^^^^^^^^^^^^^^^^^^^^^^


Warning: Warning: Comparison of variables of contract type is deprecated and scheduled for removal. Use an explicit cast to address type and compare the addresses instead.
   --> node_modules/@jbx-protocol/juice-contracts-v3/contracts/JBController.sol:904:13:
    |
904 |         if (_split.allocator != IJBSplitAllocator(address(0)))
    |             ^^^^^^^^^^^^^^^^^^^^^^^^^^^^^^^^^^^^^^^^^^^^^^^^^


Warning: Warning: Comparison of variables of contract type is deprecated and scheduled for removal. Use an explicit cast to address type and compare the addresses instead.
   --> node_modules/@jbx-protocol/juice-contracts-v3/contracts/JBDirectory.sol:137:7:
    |
137 |       _primaryTerminal != IJBPaymentTerminal(address(0)) &&
    |       ^^^^^^^^^^^^^^^^^^^^^^^^^^^^^^^^^^^^^^^^^^^^^^^^^^


Warning: Warning: Comparison of variables of contract type is deprecated and scheduled for removal. Use an explicit cast to address type and compare the addresses instead.
   --> node_modules/@jbx-protocol/juice-contracts-v3/contracts/JBDirectory.sol:186:11:
    |
186 |       if (_terminalsOf[_projectId][_i] == _terminal) return true;
    |           ^^^^^^^^^^^^^^^^^^^^^^^^^^^^^^^^^^^^^^^^^


Warning: Warning: Comparison of variables of contract type is deprecated and scheduled for removal. Use an explicit cast to address type and compare the addresses instead.
   --> node_modules/@jbx-protocol/juice-contracts-v3/contracts/JBDirectory.sol:301:15:
    |
301 |           if (_terminals[_i] == _terminals[_j]) revert DUPLICATE_TERMINALS();
    |               ^^^^^^^^^^^^^^^^^^^^^^^^^^^^^^^^


Warning: Warning: Comparison of variables of contract type is deprecated and scheduled for removal. Use an explicit cast to address type and compare the addresses instead.
    --> node_modules/@jbx-protocol/juice-contracts-v3/contracts/abstract/JBPayoutRedemptionPaymentTerminal.sol:1088:13:
     |
1088 |         if (_split.allocator != IJBSplitAllocator(address(0))) {
     |             ^^^^^^^^^^^^^^^^^^^^^^^^^^^^^^^^^^^^^^^^^^^^^^^^^


Warning: Warning: Comparison of variables of contract type is deprecated and scheduled for removal. Use an explicit cast to address type and compare the addresses instead.
    --> node_modules/@jbx-protocol/juice-contracts-v3/contracts/abstract/JBPayoutRedemptionPaymentTerminal.sol:1128:15:
     |
1128 |           if (_terminal == IJBPaymentTerminal(address(0))) revert TERMINAL_IN_SPLIT_ZERO_ADDRESS();
     |               ^^^^^^^^^^^^^^^^^^^^^^^^^^^^^^^^^^^^^^^^^^^


Warning: Warning: Comparison of variables of contract type is deprecated and scheduled for removal. Use an explicit cast to address type and compare the addresses instead.
    --> node_modules/@jbx-protocol/juice-contracts-v3/contracts/abstract/JBPayoutRedemptionPaymentTerminal.sol:1131:15:
     |
1131 |           if (_terminal == this) {
     |               ^^^^^^^^^^^^^^^^^


Warning: Warning: Comparison of variables of contract type is deprecated and scheduled for removal. Use an explicit cast to address type and compare the addresses instead.
    --> node_modules/@jbx-protocol/juice-contracts-v3/contracts/abstract/JBPayoutRedemptionPaymentTerminal.sol:1289:9:
     |
1289 |     if (_terminal == this)
     |         ^^^^^^^^^^^^^^^^^


Warning: Warning: Comparison of variables of contract type is deprecated and scheduled for removal. Use an explicit cast to address type and compare the addresses instead.
    --> node_modules/@jbx-protocol/juice-contracts-v3/contracts/abstract/JBPayoutRedemptionPaymentTerminal.sol:1575:7:
     |
1575 |       directory.primaryTerminalOf(_FEE_BENEFICIARY_PROJECT_ID, token) ==
     |       ^ (Relevant source part starts here and spans across multiple lines).


Warning: Warning: Comparison of variables of contract type is deprecated and scheduled for removal. Use an explicit cast to address type and compare the addresses instead.
    --> node_modules/@jbx-protocol/juice-contracts-v3/contracts/abstract/JBPayoutRedemptionPaymentTerminal.sol:1580:9:
     |
1580 |     if (feeGauge != IJBFeeGauge(address(0)))
     |         ^^^^^^^^^^^^^^^^^^^^^^^^^^^^^^^^^^^


Warning: Warning: Comparison of variables of contract type is deprecated and scheduled for removal. Use an explicit cast to address type and compare the addresses instead.
   --> node_modules/@jbx-protocol/juice-contracts-v3/contracts/JBFundingCycleStore.sol:322:9:
    |
322 |     if (_data.ballot != IJBFundingCycleBallot(address(0))) {
    |         ^^^^^^^^^^^^^^^^^^^^^^^^^^^^^^^^^^^^^^^^^^^^^^^^^


Warning: Warning: Comparison of variables of contract type is deprecated and scheduled for removal. Use an explicit cast to address type and compare the addresses instead.
   --> node_modules/@jbx-protocol/juice-contracts-v3/contracts/JBFundingCycleStore.sol:347:7:
    |
347 |       _data.ballot != IJBFundingCycleBallot(address(0)) ||
    |       ^^^^^^^^^^^^^^^^^^^^^^^^^^^^^^^^^^^^^^^^^^^^^^^^^


Warning: Warning: Comparison of variables of contract type is deprecated and scheduled for removal. Use an explicit cast to address type and compare the addresses instead.
   --> node_modules/@jbx-protocol/juice-contracts-v3/contracts/JBFundingCycleStore.sol:419:37:
    |
419 |     uint256 _timestampAfterBallot = _baseFundingCycle.ballot == IJBFundingCycleBallot(address(0))
    |                                     ^^^^^^^^^^^^^^^^^^^^^^^^^^^^^^^^^^^^^^^^^^^^^^^^^^^^^^^^^^^^^


Warning: Warning: Comparison of variables of contract type is deprecated and scheduled for removal. Use an explicit cast to address type and compare the addresses instead.
   --> node_modules/@jbx-protocol/juice-contracts-v3/contracts/JBFundingCycleStore.sol:820:9:
    |
820 |     if (_ballotFundingCycle.ballot == IJBFundingCycleBallot(address(0)))
    |         ^^^^^^^^^^^^^^^^^^^^^^^^^^^^^^^^^^^^^^^^^^^^^^^^^^^^^^^^^^^^^^^


Warning: Warning: Comparison of variables of contract type is deprecated and scheduled for removal. Use an explicit cast to address type and compare the addresses instead.
  --> node_modules/@jbx-protocol/juice-contracts-v3/contracts/JBPrices.sol:69:9:
   |
69 |     if (_feed != IJBPriceFeed(address(0))) return _feed.currentPrice(_decimals);
   |         ^^^^^^^^^^^^^^^^^^^^^^^^^^^^^^^^^


Warning: Warning: Comparison of variables of contract type is deprecated and scheduled for removal. Use an explicit cast to address type and compare the addresses instead.
  --> node_modules/@jbx-protocol/juice-contracts-v3/contracts/JBPrices.sol:75:9:
   |
75 |     if (_feed != IJBPriceFeed(address(0)))
   |         ^^^^^^^^^^^^^^^^^^^^^^^^^^^^^^^^^


Warning: Warning: Comparison of variables of contract type is deprecated and scheduled for removal. Use an explicit cast to address type and compare the addresses instead.
   --> node_modules/@jbx-protocol/juice-contracts-v3/contracts/JBPrices.sol:116:7:
    |
116 |       feedFor[_currency][_base] != IJBPriceFeed(address(0)) ||
    |       ^^^^^^^^^^^^^^^^^^^^^^^^^^^^^^^^^^^^^^^^^^^^^^^^^^^^^


Warning: Warning: Comparison of variables of contract type is deprecated and scheduled for removal. Use an explicit cast to address type and compare the addresses instead.
   --> node_modules/@jbx-protocol/juice-contracts-v3/contracts/JBPrices.sol:117:7:
    |
117 |       feedFor[_base][_currency] != IJBPriceFeed(address(0))
    |       ^^^^^^^^^^^^^^^^^^^^^^^^^^^^^^^^^^^^^^^^^^^^^^^^^^^^^


Warning: Warning: Comparison of variables of contract type is deprecated and scheduled for removal. Use an explicit cast to address type and compare the addresses instead.
  --> node_modules/@jbx-protocol/juice-contracts-v3/contracts/JBProjects.sol:74:9:
   |
74 |     if (_tokenUriResolver == IJBTokenUriResolver(address(0))) return '';
   |         ^^^^^^^^^^^^^^^^^^^^^^^^^^^^^^^^^^^^^^^^^^^^^^^^^^^^


Warning: Warning: Comparison of variables of contract type is deprecated and scheduled for removal. Use an explicit cast to address type and compare the addresses instead.
   --> node_modules/@jbx-protocol/juice-contracts-v3/contracts/JBSplitsStore.sol:255:42:
    |
255 |       if (_splits[_i].lockedUntil > 0 || _splits[_i].allocator != IJBSplitAllocator(address(0))) {
    |                                          ^^^^^^^^^^^^^^^^^^^^^^^^^^^^^^^^^^^^^^^^^^^^^^^^^^^^^^


Warning: Warning: Comparison of variables of contract type is deprecated and scheduled for removal. Use an explicit cast to address type and compare the addresses instead.
   --> node_modules/@jbx-protocol/juice-contracts-v3/contracts/JBSplitsStore.sol:304:9:
    |
304 |         _splits[_i].allocator == _lockedSplit.allocator &&
    |         ^^^^^^^^^^^^^^^^^^^^^^^^^^^^^^^^^^^^^^^^^^^^^^^


Warning: Warning: Comparison of variables of contract type is deprecated and scheduled for removal. Use an explicit cast to address type and compare the addresses instead.
   --> node_modules/@jbx-protocol/juice-contracts-v3/contracts/JBTokenStore.sol:125:9:
    |
125 |     if (_token != IJBToken(address(0))) balance = balance + _token.balanceOf(_holder, _projectId);
    |         ^^^^^^^^^^^^^^^^^^^^^^^^^^^^^^


Warning: Warning: Comparison of variables of contract type is deprecated and scheduled for removal. Use an explicit cast to address type and compare the addresses instead.
   --> node_modules/@jbx-protocol/juice-contracts-v3/contracts/JBTokenStore.sol:148:9:
    |
148 |     if (_token != IJBToken(address(0))) totalSupply = totalSupply + _token.totalSupply(_projectId);
    |         ^^^^^^^^^^^^^^^^^^^^^^^^^^^^^^


Warning: Warning: Comparison of variables of contract type is deprecated and scheduled for removal. Use an explicit cast to address type and compare the addresses instead.
   --> node_modules/@jbx-protocol/juice-contracts-v3/contracts/JBTokenStore.sol:208:9:
    |
208 |     if (tokenOf[_projectId] != IJBToken(address(0))) revert PROJECT_ALREADY_HAS_TOKEN();
    |         ^^^^^^^^^^^^^^^^^^^^^^^^^^^^^^^^^^^^^^^^^^^


Warning: Warning: Comparison of variables of contract type is deprecated and scheduled for removal. Use an explicit cast to address type and compare the addresses instead.
   --> node_modules/@jbx-protocol/juice-contracts-v3/contracts/JBTokenStore.sol:235:9:
    |
235 |     if (_token == IJBToken(address(0))) revert EMPTY_TOKEN();
    |         ^^^^^^^^^^^^^^^^^^^^^^^^^^^^^^


Warning: Warning: Comparison of variables of contract type is deprecated and scheduled for removal. Use an explicit cast to address type and compare the addresses instead.
   --> node_modules/@jbx-protocol/juice-contracts-v3/contracts/JBTokenStore.sol:238:9:
    |
238 |     if (tokenOf[_projectId] != IJBToken(address(0))) revert ALREADY_SET();
    |         ^^^^^^^^^^^^^^^^^^^^^^^^^^^^^^^^^^^^^^^^^^^


Warning: Warning: Comparison of variables of contract type is deprecated and scheduled for removal. Use an explicit cast to address type and compare the addresses instead.
   --> node_modules/@jbx-protocol/juice-contracts-v3/contracts/JBTokenStore.sol:271:55:
    |
271 |     bool _shouldClaimTokens = _preferClaimedTokens && _token != IJBToken(address(0));
    |                                                       ^^^^^^^^^^^^^^^^^^^^^^^^^^^^^^


Warning: Warning: Comparison of variables of contract type is deprecated and scheduled for removal. Use an explicit cast to address type and compare the addresses instead.
   --> node_modules/@jbx-protocol/juice-contracts-v3/contracts/JBTokenStore.sol:313:31:
    |
313 |     uint256 _claimedBalance = _token == IJBToken(address(0))
    |                               ^^^^^^^^^^^^^^^^^^^^^^^^^^^^^^


Warning: Warning: Comparison of variables of contract type is deprecated and scheduled for removal. Use an explicit cast to address type and compare the addresses instead.
   --> node_modules/@jbx-protocol/juice-contracts-v3/contracts/JBTokenStore.sol:386:9:
    |
386 |     if (_token == IJBToken(address(0))) revert TOKEN_NOT_FOUND();
    |         ^^^^^^^^^^^^^^^^^^^^^^^^^^^^^^


Warning: Warning: Unused local variable.
   --> contracts/forge-test/E2E.t.sol:538:5:
    |
538 |     uint256 reservedOutstanding = IJBTiered721Delegate(NFTRewardDataSource)
    |     ^^^^^^^^^^^^^^^^^^^^^^^^^^^


Warning: Warning: Unused local variable.
    --> contracts/forge-test/NFTReward_Unit.t.sol:3468:5:
     |
3468 |     uint256 _amountInOtherCurrency = tiers[0].contributionFloor * 2 + tiers[1].contributionFloor;
     |     ^^^^^^^^^^^^^^^^^^^^^^^^^^^^^^


Warning: Warning: Unused local variable.
    --> contracts/forge-test/NFTReward_Unit.t.sol:3928:5:
     |
3928 |     uint256 _totalSupplyBeforePay = delegate.store().totalSupply(address(delegate));
     |     ^^^^^^^^^^^^^^^^^^^^^^^^^^^^^


Warning: Warning: Contract code size is 93725 bytes and exceeds 24576 bytes (a limit introduced in Spurious Dragon). This contract may not be deployable on Mainnet. Consider enabling the optimizer (with a low "runs" value!), turning off revert strings, or using libraries.
  --> contracts/forge-test/Deployer_Unit.t.sol:14:1:
   |
14 | contract TestJBTiered721DelegateProjectDeployer is Test {
   | ^ (Relevant source part starts here and spans across multiple lines).


Warning: Warning: Contract initcode size is 94871 bytes and exceeds 49152 bytes (a limit introduced in Shanghai). This contract may not be deployable on Mainnet. Consider enabling the optimizer (with a low "runs" value!), turning off revert strings, or using libraries.
  --> contracts/forge-test/Deployer_Unit.t.sol:14:1:
   |
14 | contract TestJBTiered721DelegateProjectDeployer is Test {
   | ^ (Relevant source part starts here and spans across multiple lines).


Warning: Warning: Contract code size is 106431 bytes and exceeds 24576 bytes (a limit introduced in Spurious Dragon). This contract may not be deployable on Mainnet. Consider enabling the optimizer (with a low "runs" value!), turning off revert strings, or using libraries.
  --> contracts/forge-test/utils/TestBaseWorkflow.sol:46:1:
   |
46 | contract TestBaseWorkflow is Test {
   | ^ (Relevant source part starts here and spans across multiple lines).


Warning: Warning: Contract initcode size is 106528 bytes and exceeds 49152 bytes (a limit introduced in Shanghai). This contract may not be deployable on Mainnet. Consider enabling the optimizer (with a low "runs" value!), turning off revert strings, or using libraries.
  --> contracts/forge-test/utils/TestBaseWorkflow.sol:46:1:
   |
46 | contract TestBaseWorkflow is Test {
   | ^ (Relevant source part starts here and spans across multiple lines).


Warning: Warning: Contract code size is 211884 bytes and exceeds 24576 bytes (a limit introduced in Spurious Dragon). This contract may not be deployable on Mainnet. Consider enabling the optimizer (with a low "runs" value!), turning off revert strings, or using libraries.
  --> contracts/forge-test/E2E.t.sol:13:1:
   |
13 | contract TestJBTieredNFTRewardDelegateE2E is TestBaseWorkflow {
   | ^ (Relevant source part starts here and spans across multiple lines).


Warning: Warning: Contract initcode size is 212780 bytes and exceeds 49152 bytes (a limit introduced in Shanghai). This contract may not be deployable on Mainnet. Consider enabling the optimizer (with a low "runs" value!), turning off revert strings, or using libraries.
  --> contracts/forge-test/E2E.t.sol:13:1:
   |
13 | contract TestJBTieredNFTRewardDelegateE2E is TestBaseWorkflow {
   | ^ (Relevant source part starts here and spans across multiple lines).


Warning: Warning: Contract code size is 234908 bytes and exceeds 24576 bytes (a limit introduced in Spurious Dragon). This contract may not be deployable on Mainnet. Consider enabling the optimizer (with a low "runs" value!), turning off revert strings, or using libraries.
  --> contracts/forge-test/NFTReward_Unit.t.sol:13:1:
   |
13 | contract TestJBTieredNFTRewardDelegate is Test {
   | ^ (Relevant source part starts here and spans across multiple lines).


Warning: Warning: Contract initcode size is 237285 bytes and exceeds 49152 bytes (a limit introduced in Shanghai). This contract may not be deployable on Mainnet. Consider enabling the optimizer (with a low "runs" value!), turning off revert strings, or using libraries.
  --> contracts/forge-test/NFTReward_Unit.t.sol:13:1:
   |
13 | contract TestJBTieredNFTRewardDelegate is Test {
   | ^ (Relevant source part starts here and spans across multiple lines).


Warning: Warning: Contract code size is 215568 bytes and exceeds 24576 bytes (a limit introduced in Spurious Dragon). This contract may not be deployable on Mainnet. Consider enabling the optimizer (with a low "runs" value!), turning off revert strings, or using libraries.
 --> contracts/forge-test/governance/JB721GlobalGovernance.t.sol:7:1:
  |
7 | contract TestJBGlobalGovernance is TestJBTieredNFTRewardDelegateE2E {
  | ^ (Relevant source part starts here and spans across multiple lines).


Warning: Warning: Contract initcode size is 216464 bytes and exceeds 49152 bytes (a limit introduced in Shanghai). This contract may not be deployable on Mainnet. Consider enabling the optimizer (with a low "runs" value!), turning off revert strings, or using libraries.
 --> contracts/forge-test/governance/JB721GlobalGovernance.t.sol:7:1:
  |
7 | contract TestJBGlobalGovernance is TestJBTieredNFTRewardDelegateE2E {
  | ^ (Relevant source part starts here and spans across multiple lines).


Warning: Warning: Contract code size is 215680 bytes and exceeds 24576 bytes (a limit introduced in Spurious Dragon). This contract may not be deployable on Mainnet. Consider enabling the optimizer (with a low "runs" value!), turning off revert strings, or using libraries.
 --> contracts/forge-test/governance/JB721TieredGovernance.t.sol:7:1:
  |
7 | contract TestJBTieredGovernance is TestJBTieredNFTRewardDelegateE2E {
  | ^ (Relevant source part starts here and spans across multiple lines).


Warning: Warning: Contract initcode size is 216576 bytes and exceeds 49152 bytes (a limit introduced in Shanghai). This contract may not be deployable on Mainnet. Consider enabling the optimizer (with a low "runs" value!), turning off revert strings, or using libraries.
 --> contracts/forge-test/governance/JB721TieredGovernance.t.sol:7:1:
  |
7 | contract TestJBTieredGovernance is TestJBTieredNFTRewardDelegateE2E {
  | ^ (Relevant source part starts here and spans across multiple lines).



[mvscan-config] {"ATOMIC_GROUP": [], "DIVERGENCE_BUDGET": 1000, "ENABLE_BRANCH_GROUPS": true, "ENABLE_EXTERNAL_STATE": true, "ENABLE_MULTI_RETURN_GROUPS": true, "MAPPING_MODE": "base_collapsed", "MERGE_OVERLOADS": false, "MVSCAN_ABLATION": "mapping_insensitive", "MVSCAN_CONTEXTUAL_KEYS": true, "MVSCAN_INCLUDE_SCALAR_WITNESSES": false, "MVSCAN_INTERFACE_DISPATCH": false, "MVSCAN_MAX_CONTEXTS_PER_OWNER_BLOCK": 128, "MVSCAN_MAX_DISPATCH_TARGETS": 16, "MVSCAN_REQUIRE_DISTINCT_OUTER_ROOTS": false, "MVSCAN_ROOT_CONTEXT_SINKS": false, "NOOP_WRITE_FILTER": true, "REQUIRE_SAME_SLOT_KEY": false, "SINK_TEST": "none", "USER_CALLABLE_ALWAYS": [], "USER_CALLABLE_DENY": []}
[mvscan-stage] icfg-built blocks=8820 vars=245
[mvscan-stage] root-seeding-done eligible_exposures=355 seeded=223 multi_exposure_entry_blocks=63 collapsed_contextual_aliases=132 excluded_dependency=0 excluded_interface=229 excluded_library=0 excluded_abstract=51 missing_entry_point=0 missing_entry_block=0
[mvscan-pairs] call_target_digest=d8240c48d52e3328a40142a452a72529941242b0d027545039d9fadd0f8cb519 candidate_count=85 candidate_digest=5804d58cbf8dfbf1cde42d5b08b9c648dd1ab97c00479aea8cf7cbd6b1dc3362 context_instance_count=1186 eligible_readers=215 eligible_writers=179 execution_context_digest=0628a5df27024cdbf820664088d933c18e4c34154f8b531b4c392a34341f23c2 insensitive_readers_filtered=387 invalid_partial_write_filtered=0 must_full_relation_filtered=52 omitted_member_evidence_filtered=0 omitted_member_not_sensitive_filtered=3703 owner_context_pairs=2617 owner_context_pairs_considered=60877 raw_block_pairs=1723 reader_witness_count=2617 relation_base_members_shadowed=0 relation_context_incompatible=7055 relation_digest=9949c9761099337551f0dfaa10a3cea9a2c67eb3d6a36df88667745430734df2 relation_members_raw=184 relation_origins_registered=28 relation_origins_rejected_unary_after_shadowing=121 relation_origins_rejected_unreachable=39 relation_origins_seen=149 root_context_sink_filtered=0 same_outer_root_filtered=0 same_static_block_filtered=43 scalar_variables_skipped=93 storage_context_mismatch=47450 variables_considered=121
INFO:Detectors:

[MV-SI candidate 09dc936519172cf1574f] {balanceOf, usedDistributionLimitOf}
 writer root       -> node_modules/@jbx-protocol/juice-contracts-v3/contracts/JBSingleTokenPaymentTerminalStore.sol::JBSingleTokenPaymentTerminalStore.recordMigration(uint256)
 writer effect     -> node_modules/@jbx-protocol/juice-contracts-v3/contracts/JBSingleTokenPaymentTerminalStore.sol:794
 written member    -> ('SV', 'node_modules/@jbx-protocol/juice-contracts-v3/contracts/JBSingleTokenPaymentTerminalStore.sol', 'JBSingleTokenPaymentTerminalStore.balanceOf')
 potentially stale -> ('SV', 'node_modules/@jbx-protocol/juice-contracts-v3/contracts/JBSingleTokenPaymentTerminalStore.sol', 'JBSingleTokenPaymentTerminalStore.usedDistributionLimitOf')
 reader witnesses  -> 12
 storage exposures -> 1
[MV-SI candidate 0a502c2134ddd62fc9e0] {_operatorApprovals, _owners, _tokenApprovals}
 writer root       -> contracts/forge-test/NFTReward_Unit.t.sol::TestJBTieredNFTRewardDelegate.testJBTieredNFTRewardDelegate_didRedeem_revertIfNotCorrectProjectId(uint8)
 writer effect     -> contracts/abstract/ERC721.sol:349
 written member    -> ('SV', 'contracts/abstract/ERC721.sol', 'ERC721._tokenApprovals')
 potentially stale -> ('SV', 'contracts/abstract/ERC721.sol', 'ERC721._operatorApprovals'), ('SV', 'contracts/abstract/ERC721.sol', 'ERC721._owners')
 reader witnesses  -> 72
 storage exposures -> 1
[MV-SI candidate 1025cc2d63d3532e0d5e] {_storedTierOf, _tierIdAfter, numberOfReservesMintedFor}
 writer root       -> contracts/JBTiered721DelegateStore.sol::JBTiered721DelegateStore.recordMintReservesFor(uint256,uint256)
 writer effect     -> contracts/JBTiered721DelegateStore.sol:837
 written member    -> ('SV', 'contracts/JBTiered721DelegateStore.sol', 'JBTiered721DelegateStore._storedTierOf')
 potentially stale -> ('SV', 'contracts/JBTiered721DelegateStore.sol', 'JBTiered721DelegateStore._tierIdAfter'), ('SV', 'contracts/JBTiered721DelegateStore.sol', 'JBTiered721DelegateStore.numberOfReservesMintedFor')
 reader witnesses  -> 30
 storage exposures -> 2
[MV-SI candidate 10c217976bd7d39f11cf] {_operatorApprovals, _owners, _tokenApprovals}
 writer root       -> node_modules/@openzeppelin/contracts/token/ERC721/ERC721.sol::ERC721.approve(address,uint256)
 writer effect     -> node_modules/@openzeppelin/contracts/token/ERC721/ERC721.sol:358
 written member    -> ('SV', 'node_modules/@openzeppelin/contracts/token/ERC721/ERC721.sol', 'ERC721._tokenApprovals')
 potentially stale -> ('SV', 'node_modules/@openzeppelin/contracts/token/ERC721/ERC721.sol', 'ERC721._operatorApprovals'), ('SV', 'node_modules/@openzeppelin/contracts/token/ERC721/ERC721.sol', 'ERC721._owners')
 reader witnesses  -> 24
 storage exposures -> 2
[MV-SI candidate 14ef470eca4e7f71eb91] {_operatorApprovals, _owners, _tokenApprovals}
 writer root       -> contracts/forge-test/NFTReward_Unit.t.sol::TestJBTieredNFTRewardDelegate.testJBTieredNFTRewardDelegate_didRedeem_revertIfCallerIsNotATerminalOfTheProject()
 writer effect     -> contracts/abstract/ERC721.sol:349
 written member    -> ('SV', 'contracts/abstract/ERC721.sol', 'ERC721._tokenApprovals')
 potentially stale -> ('SV', 'contracts/abstract/ERC721.sol', 'ERC721._operatorApprovals'), ('SV', 'contracts/abstract/ERC721.sol', 'ERC721._owners')
 reader witnesses  -> 72
 storage exposures -> 1
[MV-SI candidate 17583ad6375404f270d1] {_storedTierOf, _tierIdAfter, numberOfReservesMintedFor}
 writer root       -> contracts/JBTiered721DelegateStore.sol::JBTiered721DelegateStore.recordMint(uint256,uint16[],bool)
 writer effect     -> contracts/JBTiered721DelegateStore.sol:1068
 written member    -> ('SV', 'contracts/JBTiered721DelegateStore.sol', 'JBTiered721DelegateStore._storedTierOf')
 potentially stale -> ('SV', 'contracts/JBTiered721DelegateStore.sol', 'JBTiered721DelegateStore._tierIdAfter'), ('SV', 'contracts/JBTiered721DelegateStore.sol', 'JBTiered721DelegateStore.numberOfReservesMintedFor')
 reader witnesses  -> 30
 storage exposures -> 2
[MV-SI candidate 18507395697ac988bfde] {_tierIdAfter, maxTierIdOf}
 writer root       -> contracts/JBTiered721DelegateStore.sol::JBTiered721DelegateStore.cleanTiers(address)
 writer effect     -> contracts/JBTiered721DelegateStore.sol:1198
 written member    -> ('SV', 'contracts/JBTiered721DelegateStore.sol', 'JBTiered721DelegateStore._tierIdAfter')
 potentially stale -> ('SV', 'contracts/JBTiered721DelegateStore.sol', 'JBTiered721DelegateStore.maxTierIdOf')
 reader witnesses  -> 16
 storage exposures -> 2
[MV-SI candidate 1c2acca8e78f1925a26a] {_operatorApprovals, _owners, _tokenApprovals}
 writer root       -> contracts/forge-test/NFTReward_Unit.t.sol::TestJBTieredNFTRewardDelegate.testJBTieredNFTRewardDelegate_didRedeem_burnRedeemedNFT_coverage()
 writer effect     -> contracts/abstract/ERC721.sol:349
 written member    -> ('SV', 'contracts/abstract/ERC721.sol', 'ERC721._tokenApprovals')
 potentially stale -> ('SV', 'contracts/abstract/ERC721.sol', 'ERC721._operatorApprovals'), ('SV', 'contracts/abstract/ERC721.sol', 'ERC721._owners')
 reader witnesses  -> 72
 storage exposures -> 1
[MV-SI candidate 1dc5eb7cd80032e09b4d] {_storedTierOf, _tierIdAfter}
 writer root       -> contracts/JBTiered721DelegateStore.sol::JBTiered721DelegateStore.recordMint(uint256,uint16[],bool)
 writer effect     -> contracts/JBTiered721DelegateStore.sol:1047
 written member    -> ('SV', 'contracts/JBTiered721DelegateStore.sol', 'JBTiered721DelegateStore._storedTierOf')
 potentially stale -> ('SV', 'contracts/JBTiered721DelegateStore.sol', 'JBTiered721DelegateStore._tierIdAfter')
 reader witnesses  -> 40
 storage exposures -> 2
[MV-SI candidate 209e2b8a98f82c63c88b] {_storedTierOf, _tierIdAfter, numberOfReservesMintedFor}
 writer root       -> contracts/JBTiered721DelegateStore.sol::JBTiered721DelegateStore.recordAddTiers(JB721TierParams[])
 writer effect     -> contracts/JBTiered721DelegateStore.sol:748
 written member    -> ('SV', 'contracts/JBTiered721DelegateStore.sol', 'JBTiered721DelegateStore._tierIdAfter')
 potentially stale -> ('SV', 'contracts/JBTiered721DelegateStore.sol', 'JBTiered721DelegateStore._storedTierOf'), ('SV', 'contracts/JBTiered721DelegateStore.sol', 'JBTiered721DelegateStore.numberOfReservesMintedFor')
 reader witnesses  -> 24
 storage exposures -> 2
[MV-SI candidate 20b1bd71ac15bcb26f92] {balanceOf, usedDistributionLimitOf}
 writer root       -> node_modules/@jbx-protocol/juice-contracts-v3/contracts/JBSingleTokenPaymentTerminalStore.sol::JBSingleTokenPaymentTerminalStore.recordAddedBalanceFor(uint256,uint256)
 writer effect     -> node_modules/@jbx-protocol/juice-contracts-v3/contracts/JBSingleTokenPaymentTerminalStore.sol:762
 written member    -> ('SV', 'node_modules/@jbx-protocol/juice-contracts-v3/contracts/JBSingleTokenPaymentTerminalStore.sol', 'JBSingleTokenPaymentTerminalStore.balanceOf')
 potentially stale -> ('SV', 'node_modules/@jbx-protocol/juice-contracts-v3/contracts/JBSingleTokenPaymentTerminalStore.sol', 'JBSingleTokenPaymentTerminalStore.usedDistributionLimitOf')
 reader witnesses  -> 12
 storage exposures -> 1
[MV-SI candidate 21d98d674c5d85177270] {_storedTierOf, _tierIdAfter, numberOfReservesMintedFor}
 writer root       -> contracts/forge-test/NFTReward_Unit.t.sol::ForTest_JBTiered721DelegateStore.ForTest_setReservesMintedFor(address,uint256,uint256)
 writer effect     -> contracts/forge-test/NFTReward_Unit.t.sol:5160
 written member    -> ('SV', 'contracts/JBTiered721DelegateStore.sol', 'JBTiered721DelegateStore.numberOfReservesMintedFor')
 potentially stale -> ('SV', 'contracts/JBTiered721DelegateStore.sol', 'JBTiered721DelegateStore._storedTierOf'), ('SV', 'contracts/JBTiered721DelegateStore.sol', 'JBTiered721DelegateStore._tierIdAfter')
 reader witnesses  -> 17
 storage exposures -> 1
[MV-SI candidate 21e413e1191d70cc5944] {_storedTierOf, numberOfReservesMintedFor}
 writer root       -> contracts/JBTiered721DelegateStore.sol::JBTiered721DelegateStore.recordMint(uint256,uint16[],bool)
 writer effect     -> contracts/JBTiered721DelegateStore.sol:1047
 written member    -> ('SV', 'contracts/JBTiered721DelegateStore.sol', 'JBTiered721DelegateStore._storedTierOf')
 potentially stale -> ('SV', 'contracts/JBTiered721DelegateStore.sol', 'JBTiered721DelegateStore.numberOfReservesMintedFor')
 reader witnesses  -> 40
 storage exposures -> 2
[MV-SI candidate 249a07c703c960395cde] {_storedTierOf, _tierIdAfter, numberOfReservesMintedFor}
 writer root       -> contracts/JBTiered721DelegateStore.sol::JBTiered721DelegateStore.recordAddTiers(JB721TierParams[])
 writer effect     -> contracts/JBTiered721DelegateStore.sol:748
 written member    -> ('SV', 'contracts/JBTiered721DelegateStore.sol', 'JBTiered721DelegateStore._tierIdAfter')
 potentially stale -> ('SV', 'contracts/JBTiered721DelegateStore.sol', 'JBTiered721DelegateStore._storedTierOf'), ('SV', 'contracts/JBTiered721DelegateStore.sol', 'JBTiered721DelegateStore.numberOfReservesMintedFor')
 reader witnesses  -> 24
 storage exposures -> 2
[MV-SI candidate 24bf82eba40d9284036b] {_tierIdAfter, maxTierIdOf}
 writer root       -> contracts/JBTiered721DelegateStore.sol::JBTiered721DelegateStore.recordAddTiers(JB721TierParams[])
 writer effect     -> contracts/JBTiered721DelegateStore.sol:762
 written member    -> ('SV', 'contracts/JBTiered721DelegateStore.sol', 'JBTiered721DelegateStore._tierIdAfter')
 potentially stale -> ('SV', 'contracts/JBTiered721DelegateStore.sol', 'JBTiered721DelegateStore.maxTierIdOf')
 reader witnesses  -> 16
 storage exposures -> 2
[MV-SI candidate 265aea0f5dade0c0da5a] {_storedTierOf, _tierIdAfter, numberOfReservesMintedFor}
 writer root       -> contracts/JBTiered721DelegateStore.sol::JBTiered721DelegateStore.recordAddTiers(JB721TierParams[])
 writer effect     -> contracts/JBTiered721DelegateStore.sol:737
 written member    -> ('SV', 'contracts/JBTiered721DelegateStore.sol', 'JBTiered721DelegateStore._tierIdAfter')
 potentially stale -> ('SV', 'contracts/JBTiered721DelegateStore.sol', 'JBTiered721DelegateStore._storedTierOf'), ('SV', 'contracts/JBTiered721DelegateStore.sol', 'JBTiered721DelegateStore.numberOfReservesMintedFor')
 reader witnesses  -> 24
 storage exposures -> 2
[MV-SI candidate 274d0a5dc0a1814db755] {_storedTierOf, _tierIdAfter, numberOfReservesMintedFor}
 writer root       -> contracts/JBTiered721DelegateStore.sol::JBTiered721DelegateStore.cleanTiers(address)
 writer effect     -> contracts/JBTiered721DelegateStore.sol:1196
 written member    -> ('SV', 'contracts/JBTiered721DelegateStore.sol', 'JBTiered721DelegateStore._tierIdAfter')
 potentially stale -> ('SV', 'contracts/JBTiered721DelegateStore.sol', 'JBTiered721DelegateStore._storedTierOf'), ('SV', 'contracts/JBTiered721DelegateStore.sol', 'JBTiered721DelegateStore.numberOfReservesMintedFor')
 reader witnesses  -> 24
 storage exposures -> 2
[MV-SI candidate 3005537a37dbb9238204] {_operatorApprovals, _owners, _tokenApprovals}
 writer root       -> contracts/forge-test/governance/JB721TieredGovernance.t.sol::TestJBTieredGovernance.testMintAndTransferTieredVotingUnits(uint8,bool)
 writer effect     -> node_modules/@openzeppelin/contracts/token/ERC721/ERC721.sol:358
 written member    -> ('SV', 'node_modules/@openzeppelin/contracts/token/ERC721/ERC721.sol', 'ERC721._tokenApprovals')
 potentially stale -> ('SV', 'node_modules/@openzeppelin/contracts/token/ERC721/ERC721.sol', 'ERC721._operatorApprovals'), ('SV', 'node_modules/@openzeppelin/contracts/token/ERC721/ERC721.sol', 'ERC721._owners')
 reader witnesses  -> 18
 storage exposures -> 1
[MV-SI candidate 37f20f2654bc8f296993] {_storedTierOf, _tierIdAfter}
 writer root       -> contracts/JBTiered721DelegateStore.sol::JBTiered721DelegateStore.recordAddTiers(JB721TierParams[])
 writer effect     -> contracts/JBTiered721DelegateStore.sol:737
 written member    -> ('SV', 'contracts/JBTiered721DelegateStore.sol', 'JBTiered721DelegateStore._tierIdAfter')
 potentially stale -> ('SV', 'contracts/JBTiered721DelegateStore.sol', 'JBTiered721DelegateStore._storedTierOf')
 reader witnesses  -> 28
 storage exposures -> 2
[MV-SI candidate 43584a7bfb7c907fe1e7] {_operatorApprovals, _owners, _tokenApprovals}
 writer root       -> node_modules/@openzeppelin/contracts/token/ERC721/ERC721.sol::ERC721.safeTransferFrom(address,address,uint256)
 writer effect     -> node_modules/@openzeppelin/contracts/token/ERC721/ERC721.sol:358
 written member    -> ('SV', 'node_modules/@openzeppelin/contracts/token/ERC721/ERC721.sol', 'ERC721._tokenApprovals')
 potentially stale -> ('SV', 'node_modules/@openzeppelin/contracts/token/ERC721/ERC721.sol', 'ERC721._operatorApprovals'), ('SV', 'node_modules/@openzeppelin/contracts/token/ERC721/ERC721.sol', 'ERC721._owners')
 reader witnesses  -> 24
 storage exposures -> 2
[MV-SI candidate 4991cf6262cf21eca058] {_operatorApprovals, _owners, _tokenApprovals}
 writer root       -> contracts/abstract/ERC721.sol::ERC721.approve(address,uint256)
 writer effect     -> contracts/abstract/ERC721.sol:349
 written member    -> ('SV', 'contracts/abstract/ERC721.sol', 'ERC721._tokenApprovals')
 potentially stale -> ('SV', 'contracts/abstract/ERC721.sol', 'ERC721._operatorApprovals'), ('SV', 'contracts/abstract/ERC721.sol', 'ERC721._owners')
 reader witnesses  -> 63
 storage exposures -> 2
[MV-SI candidate 4a0526d825e5c61a276a] {_storedTierOf, _tierIdAfter}
 writer root       -> contracts/JBTiered721DelegateStore.sol::JBTiered721DelegateStore.recordMint(uint256,uint16[],bool)
 writer effect     -> contracts/JBTiered721DelegateStore.sol:1068
 written member    -> ('SV', 'contracts/JBTiered721DelegateStore.sol', 'JBTiered721DelegateStore._storedTierOf')
 potentially stale -> ('SV', 'contracts/JBTiered721DelegateStore.sol', 'JBTiered721DelegateStore._tierIdAfter')
 reader witnesses  -> 40
 storage exposures -> 2
[MV-SI candidate 4bab45fbc7c268f6b623] {_storedTierOf, _tierIdAfter}
 writer root       -> contracts/JBTiered721DelegateStore.sol::JBTiered721DelegateStore.recordAddTiers(JB721TierParams[])
 writer effect     -> contracts/JBTiered721DelegateStore.sol:688
 written member    -> ('SV', 'contracts/JBTiered721DelegateStore.sol', 'JBTiered721DelegateStore._storedTierOf')
 potentially stale -> ('SV', 'contracts/JBTiered721DelegateStore.sol', 'JBTiered721DelegateStore._tierIdAfter')
 reader witnesses  -> 40
 storage exposures -> 2
[MV-SI candidate 4ff952683ac9d677fb3c] {_storedTierOf, _tierIdAfter}
 writer root       -> contracts/JBTiered721DelegateStore.sol::JBTiered721DelegateStore.recordMintBestAvailableTier(uint256)
 writer effect     -> contracts/JBTiered721DelegateStore.sol:988
 written member    -> ('SV', 'contracts/JBTiered721DelegateStore.sol', 'JBTiered721DelegateStore._storedTierOf')
 potentially stale -> ('SV', 'contracts/JBTiered721DelegateStore.sol', 'JBTiered721DelegateStore._tierIdAfter')
 reader witnesses  -> 40
 storage exposures -> 2
[MV-SI candidate 5387982d05367b811465] {_operatorApprovals, _owners, _tokenApprovals}
 writer root       -> contracts/forge-test/NFTReward_Unit.t.sol::TestJBTieredNFTRewardDelegate.testJBTieredNFTRewardDelegate_didRedeem_RevertIfWrongHolder_coverage()
 writer effect     -> contracts/abstract/ERC721.sol:349
 written member    -> ('SV', 'contracts/abstract/ERC721.sol', 'ERC721._tokenApprovals')
 potentially stale -> ('SV', 'contracts/abstract/ERC721.sol', 'ERC721._operatorApprovals'), ('SV', 'contracts/abstract/ERC721.sol', 'ERC721._owners')
 reader witnesses  -> 72
 storage exposures -> 1
[MV-SI candidate 594f9d788bec00b99e4e] {_storedTierOf, numberOfReservesMintedFor}
 writer root       -> contracts/JBTiered721DelegateStore.sol::JBTiered721DelegateStore.recordMint(uint256,uint16[],bool)
 writer effect     -> contracts/JBTiered721DelegateStore.sol:1068
 written member    -> ('SV', 'contracts/JBTiered721DelegateStore.sol', 'JBTiered721DelegateStore._storedTierOf')
 potentially stale -> ('SV', 'contracts/JBTiered721DelegateStore.sol', 'JBTiered721DelegateStore.numberOfReservesMintedFor')
 reader witnesses  -> 40
 storage exposures -> 2
[MV-SI candidate 5a00ef45bf8650a5ea6f] {_trackedLastSortTierIdOf, maxTierIdOf}
 writer root       -> contracts/JBTiered721DelegateStore.sol::JBTiered721DelegateStore.recordAddTiers(JB721TierParams[])
 writer effect     -> contracts/JBTiered721DelegateStore.sol:793
 written member    -> ('SV', 'contracts/JBTiered721DelegateStore.sol', 'JBTiered721DelegateStore.maxTierIdOf')
 potentially stale -> ('SV', 'contracts/JBTiered721DelegateStore.sol', 'JBTiered721DelegateStore._trackedLastSortTierIdOf')
 reader witnesses  -> 20
 storage exposures -> 2
[MV-SI candidate 5a84daadbac155e4d1c5] {_operatorApprovals, _owners, _tokenApprovals}
 writer root       -> node_modules/@openzeppelin/contracts/token/ERC721/ERC721.sol::ERC721.transferFrom(address,address,uint256)
 writer effect     -> node_modules/@openzeppelin/contracts/token/ERC721/ERC721.sol:358
 written member    -> ('SV', 'node_modules/@openzeppelin/contracts/token/ERC721/ERC721.sol', 'ERC721._tokenApprovals')
 potentially stale -> ('SV', 'node_modules/@openzeppelin/contracts/token/ERC721/ERC721.sol', 'ERC721._operatorApprovals'), ('SV', 'node_modules/@openzeppelin/contracts/token/ERC721/ERC721.sol', 'ERC721._owners')
 reader witnesses  -> 24
 storage exposures -> 2
[MV-SI candidate 632ece1f539df7003a54] {_storedTierOf, _tierIdAfter, numberOfReservesMintedFor}
 writer root       -> contracts/JBTiered721DelegateStore.sol::JBTiered721DelegateStore.recordMintBestAvailableTier(uint256)
 writer effect     -> contracts/JBTiered721DelegateStore.sol:988
 written member    -> ('SV', 'contracts/JBTiered721DelegateStore.sol', 'JBTiered721DelegateStore._storedTierOf')
 potentially stale -> ('SV', 'contracts/JBTiered721DelegateStore.sol', 'JBTiered721DelegateStore._tierIdAfter'), ('SV', 'contracts/JBTiered721DelegateStore.sol', 'JBTiered721DelegateStore.numberOfReservesMintedFor')
 reader witnesses  -> 30
 storage exposures -> 2
[MV-SI candidate 6515fda814cbc2c91aec] {_operatorApprovals, _owners}
 writer root       -> node_modules/@openzeppelin/contracts/token/ERC721/ERC721.sol::ERC721.setApprovalForAll(address,bool)
 writer effect     -> node_modules/@openzeppelin/contracts/token/ERC721/ERC721.sol:373
 written member    -> ('SV', 'node_modules/@openzeppelin/contracts/token/ERC721/ERC721.sol', 'ERC721._operatorApprovals')
 potentially stale -> ('SV', 'node_modules/@openzeppelin/contracts/token/ERC721/ERC721.sol', 'ERC721._owners')
 reader witnesses  -> 6
 storage exposures -> 2
[MV-SI candidate 68a7a3910f8fc57cb4b4] {_operatorApprovals, _owners, _tokenApprovals}
 writer root       -> contracts/forge-test/NFTReward_Unit.t.sol::TestJBTieredNFTRewardDelegate.testJBTieredNFTRewardDelegate_beforeTransferHook_redeemEvenIfTransferPausedInFundingCycle()
 writer effect     -> contracts/abstract/ERC721.sol:349
 written member    -> ('SV', 'contracts/abstract/ERC721.sol', 'ERC721._tokenApprovals')
 potentially stale -> ('SV', 'contracts/abstract/ERC721.sol', 'ERC721._operatorApprovals'), ('SV', 'contracts/abstract/ERC721.sol', 'ERC721._owners')
 reader witnesses  -> 72
 storage exposures -> 1
[MV-SI candidate 691871d799ebdca046d5] {_operatorApprovals, _owners, _tokenApprovals}
 writer root       -> contracts/forge-test/NFTReward_Unit.t.sol::TestJBTieredNFTRewardDelegate.testJBTieredNFTRewardDelegate_didRedeem_RevertIfWrongHolder(address,uint8)
 writer effect     -> contracts/abstract/ERC721.sol:349
 written member    -> ('SV', 'contracts/abstract/ERC721.sol', 'ERC721._tokenApprovals')
 potentially stale -> ('SV', 'contracts/abstract/ERC721.sol', 'ERC721._operatorApprovals'), ('SV', 'contracts/abstract/ERC721.sol', 'ERC721._owners')
 reader witnesses  -> 72
 storage exposures -> 1
[MV-SI candidate 694f46b79dc62adc2e8d] {_operatorApprovals, _owners}
 writer root       -> contracts/abstract/ERC721.sol::ERC721.setApprovalForAll(address,bool)
 writer effect     -> contracts/abstract/ERC721.sol:364
 written member    -> ('SV', 'contracts/abstract/ERC721.sol', 'ERC721._operatorApprovals')
 potentially stale -> ('SV', 'contracts/abstract/ERC721.sol', 'ERC721._owners')
 reader witnesses  -> 21
 storage exposures -> 2
[MV-SI candidate 7626217ce3ed38e4f4b6] {balanceOf, usedDistributionLimitOf}
 writer root       -> node_modules/@jbx-protocol/juice-contracts-v3/contracts/JBSingleTokenPaymentTerminalStore.sol::JBSingleTokenPaymentTerminalStore.recordPaymentFrom(address,JBTokenAmount,uint256,uint256,address,string,bytes)
 writer effect     -> node_modules/@jbx-protocol/juice-contracts-v3/contracts/JBSingleTokenPaymentTerminalStore.sol:403
 written member    -> ('SV', 'node_modules/@jbx-protocol/juice-contracts-v3/contracts/JBSingleTokenPaymentTerminalStore.sol', 'JBSingleTokenPaymentTerminalStore.balanceOf')
 potentially stale -> ('SV', 'node_modules/@jbx-protocol/juice-contracts-v3/contracts/JBSingleTokenPaymentTerminalStore.sol', 'JBSingleTokenPaymentTerminalStore.usedDistributionLimitOf')
 reader witnesses  -> 12
 storage exposures -> 1
[MV-SI candidate 7e086602812cbde4816c] {_storedTierOf, _tierIdAfter, numberOfReservesMintedFor}
 writer root       -> contracts/JBTiered721DelegateStore.sol::JBTiered721DelegateStore.recordMint(uint256,uint16[],bool)
 writer effect     -> contracts/JBTiered721DelegateStore.sol:1047
 written member    -> ('SV', 'contracts/JBTiered721DelegateStore.sol', 'JBTiered721DelegateStore._storedTierOf')
 potentially stale -> ('SV', 'contracts/JBTiered721DelegateStore.sol', 'JBTiered721DelegateStore._tierIdAfter'), ('SV', 'contracts/JBTiered721DelegateStore.sol', 'JBTiered721DelegateStore.numberOfReservesMintedFor')
 reader witnesses  -> 30
 storage exposures -> 2
[MV-SI candidate 7ef2b6407249b53c9a9b] {_storedTierOf, numberOfReservesMintedFor}
 writer root       -> contracts/JBTiered721DelegateStore.sol::JBTiered721DelegateStore.recordMintReservesFor(uint256,uint256)
 writer effect     -> contracts/JBTiered721DelegateStore.sol:837
 written member    -> ('SV', 'contracts/JBTiered721DelegateStore.sol', 'JBTiered721DelegateStore._storedTierOf')
 potentially stale -> ('SV', 'contracts/JBTiered721DelegateStore.sol', 'JBTiered721DelegateStore.numberOfReservesMintedFor')
 reader witnesses  -> 40
 storage exposures -> 2
[MV-SI candidate 7f57a4f4796586eecca5] {_storedTierOf, _tierIdAfter}
 writer root       -> contracts/JBTiered721DelegateStore.sol::JBTiered721DelegateStore.recordMintReservesFor(uint256,uint256)
 writer effect     -> contracts/JBTiered721DelegateStore.sol:837
 written member    -> ('SV', 'contracts/JBTiered721DelegateStore.sol', 'JBTiered721DelegateStore._storedTierOf')
 potentially stale -> ('SV', 'contracts/JBTiered721DelegateStore.sol', 'JBTiered721DelegateStore._tierIdAfter')
 reader witnesses  -> 40
 storage exposures -> 2
[MV-SI candidate 81ca46852ebc12adbf04] {_storedTierOf, _tierIdAfter, numberOfReservesMintedFor}
 writer root       -> contracts/JBTiered721DelegateStore.sol::JBTiered721DelegateStore.recordAddTiers(JB721TierParams[])
 writer effect     -> contracts/JBTiered721DelegateStore.sol:762
 written member    -> ('SV', 'contracts/JBTiered721DelegateStore.sol', 'JBTiered721DelegateStore._tierIdAfter')
 potentially stale -> ('SV', 'contracts/JBTiered721DelegateStore.sol', 'JBTiered721DelegateStore._storedTierOf'), ('SV', 'contracts/JBTiered721DelegateStore.sol', 'JBTiered721DelegateStore.numberOfReservesMintedFor')
 reader witnesses  -> 24
 storage exposures -> 2
[MV-SI candidate 83a8b3a25d1ed3ea0e2c] {_storedTierOf, numberOfReservesMintedFor}
 writer root       -> contracts/forge-test/NFTReward_Unit.t.sol::ForTest_JBTiered721DelegateStore.ForTest_setTier(address,uint256,JBStored721Tier)
 writer effect     -> contracts/forge-test/NFTReward_Unit.t.sol:5143
 written member    -> ('SV', 'contracts/JBTiered721DelegateStore.sol', 'JBTiered721DelegateStore._storedTierOf')
 potentially stale -> ('SV', 'contracts/JBTiered721DelegateStore.sol', 'JBTiered721DelegateStore.numberOfReservesMintedFor')
 reader witnesses  -> 20
 storage exposures -> 1
[MV-SI candidate 8c936e789c4603476067] {balanceOf, usedDistributionLimitOf}
 writer root       -> node_modules/@jbx-protocol/juice-contracts-v3/contracts/JBSingleTokenPaymentTerminalStore.sol::JBSingleTokenPaymentTerminalStore.recordUsedAllowanceOf(uint256,uint256,uint256)
 writer effect     -> node_modules/@jbx-protocol/juice-contracts-v3/contracts/JBSingleTokenPaymentTerminalStore.sol:745
 written member    -> ('SV', 'node_modules/@jbx-protocol/juice-contracts-v3/contracts/JBSingleTokenPaymentTerminalStore.sol', 'JBSingleTokenPaymentTerminalStore.balanceOf')
 potentially stale -> ('SV', 'node_modules/@jbx-protocol/juice-contracts-v3/contracts/JBSingleTokenPaymentTerminalStore.sol', 'JBSingleTokenPaymentTerminalStore.usedDistributionLimitOf')
 reader witnesses  -> 12
 storage exposures -> 1
[MV-SI candidate 8d9df8063557a0ae69b2] {_storedTierOf, _tierIdAfter}
 writer root       -> contracts/forge-test/NFTReward_Unit.t.sol::ForTest_JBTiered721DelegateStore.ForTest_setTier(address,uint256,JBStored721Tier)
 writer effect     -> contracts/forge-test/NFTReward_Unit.t.sol:5143
 written member    -> ('SV', 'contracts/JBTiered721DelegateStore.sol', 'JBTiered721DelegateStore._storedTierOf')
 potentially stale -> ('SV', 'contracts/JBTiered721DelegateStore.sol', 'JBTiered721DelegateStore._tierIdAfter')
 reader witnesses  -> 20
 storage exposures -> 1
[MV-SI candidate 90a01250e72e5ef77238] {_operatorApprovals, _owners, _tokenApprovals}
 writer root       -> contracts/forge-test/NFTReward_Unit.t.sol::TestJBTieredNFTRewardDelegate.testJBTieredNFTRewardDelegate_didRedeem_revertIfNotCorrectProjectId_coverage()
 writer effect     -> contracts/abstract/ERC721.sol:349
 written member    -> ('SV', 'contracts/abstract/ERC721.sol', 'ERC721._tokenApprovals')
 potentially stale -> ('SV', 'contracts/abstract/ERC721.sol', 'ERC721._operatorApprovals'), ('SV', 'contracts/abstract/ERC721.sol', 'ERC721._owners')
 reader witnesses  -> 72
 storage exposures -> 1
[MV-SI candidate 91bff40275ad6a65c242] {_storedTierOf, _tierIdAfter, numberOfReservesMintedFor}
 writer root       -> contracts/forge-test/NFTReward_Unit.t.sol::ForTest_JBTiered721DelegateStore.ForTest_setTier(address,uint256,JBStored721Tier)
 writer effect     -> contracts/forge-test/NFTReward_Unit.t.sol:5143
 written member    -> ('SV', 'contracts/JBTiered721DelegateStore.sol', 'JBTiered721DelegateStore._storedTierOf')
 potentially stale -> ('SV', 'contracts/JBTiered721DelegateStore.sol', 'JBTiered721DelegateStore._tierIdAfter'), ('SV', 'contracts/JBTiered721DelegateStore.sol', 'JBTiered721DelegateStore.numberOfReservesMintedFor')
 reader witnesses  -> 15
 storage exposures -> 1
[MV-SI candidate 957c178c26bb552a6ea9] {_operatorApprovals, _owners, _tokenApprovals}
 writer root       -> contracts/forge-test/governance/JB721GlobalGovernance.t.sol::TestJBGlobalGovernance.testMintAndTransferGlobalVotingUnits(uint8,bool)
 writer effect     -> node_modules/@openzeppelin/contracts/token/ERC721/ERC721.sol:345
 written member    -> ('SV', 'node_modules/@openzeppelin/contracts/token/ERC721/ERC721.sol', 'ERC721._owners')
 potentially stale -> ('SV', 'node_modules/@openzeppelin/contracts/token/ERC721/ERC721.sol', 'ERC721._operatorApprovals'), ('SV', 'node_modules/@openzeppelin/contracts/token/ERC721/ERC721.sol', 'ERC721._tokenApprovals')
 reader witnesses  -> 12
 storage exposures -> 1
[MV-SI candidate 997d3aa245b5b913b2c1] {_operatorApprovals, _owners, _tokenApprovals}
 writer root       -> node_modules/@openzeppelin/contracts/token/ERC721/ERC721.sol::ERC721.setApprovalForAll(address,bool)
 writer effect     -> node_modules/@openzeppelin/contracts/token/ERC721/ERC721.sol:373
 written member    -> ('SV', 'node_modules/@openzeppelin/contracts/token/ERC721/ERC721.sol', 'ERC721._operatorApprovals')
 potentially stale -> ('SV', 'node_modules/@openzeppelin/contracts/token/ERC721/ERC721.sol', 'ERC721._owners'), ('SV', 'node_modules/@openzeppelin/contracts/token/ERC721/ERC721.sol', 'ERC721._tokenApprovals')
 reader witnesses  -> 24
 storage exposures -> 2
[MV-SI candidate 9aa7760cb7465db5a8b7] {_trackedLastSortTierIdOf, maxTierIdOf}
 writer root       -> contracts/JBTiered721DelegateStore.sol::JBTiered721DelegateStore.recordAddTiers(JB721TierParams[])
 writer effect     -> contracts/JBTiered721DelegateStore.sol:772
 written member    -> ('SV', 'contracts/JBTiered721DelegateStore.sol', 'JBTiered721DelegateStore._trackedLastSortTierIdOf')
 potentially stale -> ('SV', 'contracts/JBTiered721DelegateStore.sol', 'JBTiered721DelegateStore.maxTierIdOf')
 reader witnesses  -> 8
 storage exposures -> 2
[MV-SI candidate 9b0976a7a339933ea6e0] {_storedTierOf, _tierIdAfter}
 writer root       -> contracts/JBTiered721DelegateStore.sol::JBTiered721DelegateStore.recordAddTiers(JB721TierParams[])
 writer effect     -> contracts/JBTiered721DelegateStore.sol:762
 written member    -> ('SV', 'contracts/JBTiered721DelegateStore.sol', 'JBTiered721DelegateStore._tierIdAfter')
 potentially stale -> ('SV', 'contracts/JBTiered721DelegateStore.sol', 'JBTiered721DelegateStore._storedTierOf')
 reader witnesses  -> 28
 storage exposures -> 2
[MV-SI candidate 9e5be2b8dbc4e407b1d0] {_storedTierOf, numberOfReservesMintedFor}
 writer root       -> contracts/JBTiered721DelegateStore.sol::JBTiered721DelegateStore.recordMintReservesFor(uint256,uint256)
 writer effect     -> contracts/JBTiered721DelegateStore.sol:827
 written member    -> ('SV', 'contracts/JBTiered721DelegateStore.sol', 'JBTiered721DelegateStore.numberOfReservesMintedFor')
 potentially stale -> ('SV', 'contracts/JBTiered721DelegateStore.sol', 'JBTiered721DelegateStore._storedTierOf')
 reader witnesses  -> 56
 storage exposures -> 2
[MV-SI candidate 9e877a84982cc22ac667] {_storedTierOf, _tierIdAfter}
 writer root       -> contracts/JBTiered721DelegateStore.sol::JBTiered721DelegateStore.recordAddTiers(JB721TierParams[])
 writer effect     -> contracts/JBTiered721DelegateStore.sol:748
 written member    -> ('SV', 'contracts/JBTiered721DelegateStore.sol', 'JBTiered721DelegateStore._tierIdAfter')
 potentially stale -> ('SV', 'contracts/JBTiered721DelegateStore.sol', 'JBTiered721DelegateStore._storedTierOf')
 reader witnesses  -> 28
 storage exposures -> 2
[MV-SI candidate a01cfda543cd8ed7d19a] {_storedTierOf, numberOfReservesMintedFor}
 writer root       -> contracts/JBTiered721DelegateStore.sol::JBTiered721DelegateStore.recordBurn(uint256[])
 writer effect     -> contracts/JBTiered721DelegateStore.sol:1108
 written member    -> ('SV', 'contracts/JBTiered721DelegateStore.sol', 'JBTiered721DelegateStore._storedTierOf')
 potentially stale -> ('SV', 'contracts/JBTiered721DelegateStore.sol', 'JBTiered721DelegateStore.numberOfReservesMintedFor')
 reader witnesses  -> 40
 storage exposures -> 2
[MV-SI candidate a5762da96b7bf3e3b75b] {_storedTierOf, _tierIdAfter}
 writer root       -> contracts/JBTiered721DelegateStore.sol::JBTiered721DelegateStore.cleanTiers(address)
 writer effect     -> contracts/JBTiered721DelegateStore.sol:1198
 written member    -> ('SV', 'contracts/JBTiered721DelegateStore.sol', 'JBTiered721DelegateStore._tierIdAfter')
 potentially stale -> ('SV', 'contracts/JBTiered721DelegateStore.sol', 'JBTiered721DelegateStore._storedTierOf')
 reader witnesses  -> 28
 storage exposures -> 2
[MV-SI candidate aceec018951b655edac3] {_storedTierOf, _tierIdAfter}
 writer root       -> contracts/JBTiered721DelegateStore.sol::JBTiered721DelegateStore.cleanTiers(address)
 writer effect     -> contracts/JBTiered721DelegateStore.sol:1196
 written member    -> ('SV', 'contracts/JBTiered721DelegateStore.sol', 'JBTiered721DelegateStore._tierIdAfter')
 potentially stale -> ('SV', 'contracts/JBTiered721DelegateStore.sol', 'JBTiered721DelegateStore._storedTierOf')
 reader witnesses  -> 28
 storage exposures -> 2
[MV-SI candidate afcb8b58fe1381ad1d4d] {_tierIdAfter, maxTierIdOf}
 writer root       -> contracts/JBTiered721DelegateStore.sol::JBTiered721DelegateStore.recordAddTiers(JB721TierParams[])
 writer effect     -> contracts/JBTiered721DelegateStore.sol:793
 written member    -> ('SV', 'contracts/JBTiered721DelegateStore.sol', 'JBTiered721DelegateStore.maxTierIdOf')
 potentially stale -> ('SV', 'contracts/JBTiered721DelegateStore.sol', 'JBTiered721DelegateStore._tierIdAfter')
 reader witnesses  -> 80
 storage exposures -> 2
[MV-SI candidate afd56bc3c03d9e38c127] {_operatorApprovals, _owners}
 writer root       -> node_modules/@openzeppelin/contracts/token/ERC721/ERC721.sol::ERC721.transferFrom(address,address,uint256)
 writer effect     -> node_modules/@openzeppelin/contracts/token/ERC721/ERC721.sol:345
 written member    -> ('SV', 'node_modules/@openzeppelin/contracts/token/ERC721/ERC721.sol', 'ERC721._owners')
 potentially stale -> ('SV', 'node_modules/@openzeppelin/contracts/token/ERC721/ERC721.sol', 'ERC721._operatorApprovals')
 reader witnesses  -> 2
 storage exposures -> 1
[MV-SI candidate b662f7cf15ba55e5022a] {_storedTierOf, numberOfReservesMintedFor}
 writer root       -> contracts/JBTiered721DelegateStore.sol::JBTiered721DelegateStore.recordAddTiers(JB721TierParams[])
 writer effect     -> contracts/JBTiered721DelegateStore.sol:688
 written member    -> ('SV', 'contracts/JBTiered721DelegateStore.sol', 'JBTiered721DelegateStore._storedTierOf')
 potentially stale -> ('SV', 'contracts/JBTiered721DelegateStore.sol', 'JBTiered721DelegateStore.numberOfReservesMintedFor')
 reader witnesses  -> 40
 storage exposures -> 2
[MV-SI candidate b9b06d3aa9ec2b3dd40c] {_operatorApprovals, _owners, _tokenApprovals}
 writer root       -> contracts/abstract/ERC721.sol::ERC721.safeTransferFrom(address,address,uint256,bytes)
 writer effect     -> contracts/abstract/ERC721.sol:349
 written member    -> ('SV', 'contracts/abstract/ERC721.sol', 'ERC721._tokenApprovals')
 potentially stale -> ('SV', 'contracts/abstract/ERC721.sol', 'ERC721._operatorApprovals'), ('SV', 'contracts/abstract/ERC721.sol', 'ERC721._owners')
 reader witnesses  -> 63
 storage exposures -> 2
[MV-SI candidate bb95bd641c2ddbc835e8] {balanceOf, usedDistributionLimitOf}
 writer root       -> node_modules/@jbx-protocol/juice-contracts-v3/contracts/JBSingleTokenPaymentTerminalStore.sol::JBSingleTokenPaymentTerminalStore.recordRedemptionFor(address,uint256,uint256,string,bytes)
 writer effect     -> node_modules/@jbx-protocol/juice-contracts-v3/contracts/JBSingleTokenPaymentTerminalStore.sol:579
 written member    -> ('SV', 'node_modules/@jbx-protocol/juice-contracts-v3/contracts/JBSingleTokenPaymentTerminalStore.sol', 'JBSingleTokenPaymentTerminalStore.balanceOf')
 potentially stale -> ('SV', 'node_modules/@jbx-protocol/juice-contracts-v3/contracts/JBSingleTokenPaymentTerminalStore.sol', 'JBSingleTokenPaymentTerminalStore.usedDistributionLimitOf')
 reader witnesses  -> 12
 storage exposures -> 1
[MV-SI candidate bc169ef89a6c5801cfb3] {_storedTierOf, _tierIdAfter, numberOfReservesMintedFor}
 writer root       -> contracts/JBTiered721DelegateStore.sol::JBTiered721DelegateStore.recordMintReservesFor(uint256,uint256)
 writer effect     -> contracts/JBTiered721DelegateStore.sol:827
 written member    -> ('SV', 'contracts/JBTiered721DelegateStore.sol', 'JBTiered721DelegateStore.numberOfReservesMintedFor')
 potentially stale -> ('SV', 'contracts/JBTiered721DelegateStore.sol', 'JBTiered721DelegateStore._storedTierOf'), ('SV', 'contracts/JBTiered721DelegateStore.sol', 'JBTiered721DelegateStore._tierIdAfter')
 reader witnesses  -> 34
 storage exposures -> 2
[MV-SI candidate c02d75c6fa87608a16a7] {_tierIdAfter, maxTierIdOf}
 writer root       -> contracts/JBTiered721DelegateStore.sol::JBTiered721DelegateStore.cleanTiers(address)
 writer effect     -> contracts/JBTiered721DelegateStore.sol:1196
 written member    -> ('SV', 'contracts/JBTiered721DelegateStore.sol', 'JBTiered721DelegateStore._tierIdAfter')
 potentially stale -> ('SV', 'contracts/JBTiered721DelegateStore.sol', 'JBTiered721DelegateStore.maxTierIdOf')
 reader witnesses  -> 16
 storage exposures -> 2
[MV-SI candidate c327cc59a753839b9f29] {_operatorApprovals, _owners, _tokenApprovals}
 writer root       -> contracts/forge-test/governance/JB721GlobalGovernance.t.sol::TestJBGlobalGovernance.testMintAndTransferGlobalVotingUnits(uint8,bool)
 writer effect     -> node_modules/@openzeppelin/contracts/token/ERC721/ERC721.sol:358
 written member    -> ('SV', 'node_modules/@openzeppelin/contracts/token/ERC721/ERC721.sol', 'ERC721._tokenApprovals')
 potentially stale -> ('SV', 'node_modules/@openzeppelin/contracts/token/ERC721/ERC721.sol', 'ERC721._operatorApprovals'), ('SV', 'node_modules/@openzeppelin/contracts/token/ERC721/ERC721.sol', 'ERC721._owners')
 reader witnesses  -> 18
 storage exposures -> 1
[MV-SI candidate c407bd8532bc6f1739ee] {_storedTierOf, numberOfReservesMintedFor}
 writer root       -> contracts/JBTiered721DelegateStore.sol::JBTiered721DelegateStore.recordMintBestAvailableTier(uint256)
 writer effect     -> contracts/JBTiered721DelegateStore.sol:988
 written member    -> ('SV', 'contracts/JBTiered721DelegateStore.sol', 'JBTiered721DelegateStore._storedTierOf')
 potentially stale -> ('SV', 'contracts/JBTiered721DelegateStore.sol', 'JBTiered721DelegateStore.numberOfReservesMintedFor')
 reader witnesses  -> 40
 storage exposures -> 2
[MV-SI candidate c7267109ce5c4300c52a] {_operatorApprovals, _owners, _tokenApprovals}
 writer root       -> node_modules/@openzeppelin/contracts/token/ERC721/ERC721.sol::ERC721.safeTransferFrom(address,address,uint256,bytes)
 writer effect     -> node_modules/@openzeppelin/contracts/token/ERC721/ERC721.sol:358
 written member    -> ('SV', 'node_modules/@openzeppelin/contracts/token/ERC721/ERC721.sol', 'ERC721._tokenApprovals')
 potentially stale -> ('SV', 'node_modules/@openzeppelin/contracts/token/ERC721/ERC721.sol', 'ERC721._operatorApprovals'), ('SV', 'node_modules/@openzeppelin/contracts/token/ERC721/ERC721.sol', 'ERC721._owners')
 reader witnesses  -> 24
 storage exposures -> 2
[MV-SI candidate c75e53d2117b28770019] {_operatorApprovals, _owners}
 writer root       -> node_modules/@openzeppelin/contracts/token/ERC721/ERC721.sol::ERC721.safeTransferFrom(address,address,uint256,bytes)
 writer effect     -> node_modules/@openzeppelin/contracts/token/ERC721/ERC721.sol:345
 written member    -> ('SV', 'node_modules/@openzeppelin/contracts/token/ERC721/ERC721.sol', 'ERC721._owners')
 potentially stale -> ('SV', 'node_modules/@openzeppelin/contracts/token/ERC721/ERC721.sol', 'ERC721._operatorApprovals')
 reader witnesses  -> 2
 storage exposures -> 1
[MV-SI candidate c8e1685d6201b781d9b9] {_operatorApprovals, _owners, _tokenApprovals}
 writer root       -> contracts/abstract/ERC721.sol::ERC721.transferFrom(address,address,uint256)
 writer effect     -> contracts/abstract/ERC721.sol:349
 written member    -> ('SV', 'contracts/abstract/ERC721.sol', 'ERC721._tokenApprovals')
 potentially stale -> ('SV', 'contracts/abstract/ERC721.sol', 'ERC721._operatorApprovals'), ('SV', 'contracts/abstract/ERC721.sol', 'ERC721._owners')
 reader witnesses  -> 63
 storage exposures -> 2
[MV-SI candidate c9104fb3818bad710fde] {_operatorApprovals, _owners, _tokenApprovals}
 writer root       -> node_modules/@openzeppelin/contracts/token/ERC721/ERC721.sol::ERC721.safeTransferFrom(address,address,uint256,bytes)
 writer effect     -> node_modules/@openzeppelin/contracts/token/ERC721/ERC721.sol:345
 written member    -> ('SV', 'node_modules/@openzeppelin/contracts/token/ERC721/ERC721.sol', 'ERC721._owners')
 potentially stale -> ('SV', 'node_modules/@openzeppelin/contracts/token/ERC721/ERC721.sol', 'ERC721._operatorApprovals'), ('SV', 'node_modules/@openzeppelin/contracts/token/ERC721/ERC721.sol', 'ERC721._tokenApprovals')
 reader witnesses  -> 12
 storage exposures -> 1
[MV-SI candidate cd24fdc1e57a27b28953] {_operatorApprovals, _owners, _tokenApprovals}
 writer root       -> contracts/forge-test/governance/JB721TieredGovernance.t.sol::TestJBTieredGovernance.testMintAndTransferTieredVotingUnits(uint8,bool)
 writer effect     -> node_modules/@openzeppelin/contracts/token/ERC721/ERC721.sol:345
 written member    -> ('SV', 'node_modules/@openzeppelin/contracts/token/ERC721/ERC721.sol', 'ERC721._owners')
 potentially stale -> ('SV', 'node_modules/@openzeppelin/contracts/token/ERC721/ERC721.sol', 'ERC721._operatorApprovals'), ('SV', 'node_modules/@openzeppelin/contracts/token/ERC721/ERC721.sol', 'ERC721._tokenApprovals')
 reader witnesses  -> 12
 storage exposures -> 1
[MV-SI candidate d0454d4b829dbbe0b6a6] {_storedTierOf, _tierIdAfter}
 writer root       -> contracts/JBTiered721DelegateStore.sol::JBTiered721DelegateStore.recordAddTiers(JB721TierParams[])
 writer effect     -> contracts/JBTiered721DelegateStore.sol:748
 written member    -> ('SV', 'contracts/JBTiered721DelegateStore.sol', 'JBTiered721DelegateStore._tierIdAfter')
 potentially stale -> ('SV', 'contracts/JBTiered721DelegateStore.sol', 'JBTiered721DelegateStore._storedTierOf')
 reader witnesses  -> 28
 storage exposures -> 2
[MV-SI candidate d094be5978db8331bdf7] {_operatorApprovals, _owners}
 writer root       -> node_modules/@openzeppelin/contracts/token/ERC721/ERC721.sol::ERC721.safeTransferFrom(address,address,uint256)
 writer effect     -> node_modules/@openzeppelin/contracts/token/ERC721/ERC721.sol:345
 written member    -> ('SV', 'node_modules/@openzeppelin/contracts/token/ERC721/ERC721.sol', 'ERC721._owners')
 potentially stale -> ('SV', 'node_modules/@openzeppelin/contracts/token/ERC721/ERC721.sol', 'ERC721._operatorApprovals')
 reader witnesses  -> 2
 storage exposures -> 1
[MV-SI candidate d1a5d9471873996ae119] {_storedTierOf, numberOfReservesMintedFor}
 writer root       -> contracts/forge-test/NFTReward_Unit.t.sol::ForTest_JBTiered721DelegateStore.ForTest_setReservesMintedFor(address,uint256,uint256)
 writer effect     -> contracts/forge-test/NFTReward_Unit.t.sol:5160
 written member    -> ('SV', 'contracts/JBTiered721DelegateStore.sol', 'JBTiered721DelegateStore.numberOfReservesMintedFor')
 potentially stale -> ('SV', 'contracts/JBTiered721DelegateStore.sol', 'JBTiered721DelegateStore._storedTierOf')
 reader witnesses  -> 28
 storage exposures -> 1
[MV-SI candidate d4f45cea1e868df61190] {_storedTierOf, _tierIdAfter}
 writer root       -> contracts/JBTiered721DelegateStore.sol::JBTiered721DelegateStore.recordBurn(uint256[])
 writer effect     -> contracts/JBTiered721DelegateStore.sol:1108
 written member    -> ('SV', 'contracts/JBTiered721DelegateStore.sol', 'JBTiered721DelegateStore._storedTierOf')
 potentially stale -> ('SV', 'contracts/JBTiered721DelegateStore.sol', 'JBTiered721DelegateStore._tierIdAfter')
 reader witnesses  -> 40
 storage exposures -> 2
[MV-SI candidate de0a0edea784486ad38d] {_tierIdAfter, maxTierIdOf}
 writer root       -> contracts/JBTiered721DelegateStore.sol::JBTiered721DelegateStore.recordAddTiers(JB721TierParams[])
 writer effect     -> contracts/JBTiered721DelegateStore.sol:737
 written member    -> ('SV', 'contracts/JBTiered721DelegateStore.sol', 'JBTiered721DelegateStore._tierIdAfter')
 potentially stale -> ('SV', 'contracts/JBTiered721DelegateStore.sol', 'JBTiered721DelegateStore.maxTierIdOf')
 reader witnesses  -> 16
 storage exposures -> 2
[MV-SI candidate e40eb69235881c07c66e] {_tierIdAfter, maxTierIdOf}
 writer root       -> contracts/JBTiered721DelegateStore.sol::JBTiered721DelegateStore.recordAddTiers(JB721TierParams[])
 writer effect     -> contracts/JBTiered721DelegateStore.sol:748
 written member    -> ('SV', 'contracts/JBTiered721DelegateStore.sol', 'JBTiered721DelegateStore._tierIdAfter')
 potentially stale -> ('SV', 'contracts/JBTiered721DelegateStore.sol', 'JBTiered721DelegateStore.maxTierIdOf')
 reader witnesses  -> 16
 storage exposures -> 2
[MV-SI candidate ea7209fcbf05eed17ab0] {_storedTierOf, _tierIdAfter, numberOfReservesMintedFor}
 writer root       -> contracts/JBTiered721DelegateStore.sol::JBTiered721DelegateStore.cleanTiers(address)
 writer effect     -> contracts/JBTiered721DelegateStore.sol:1198
 written member    -> ('SV', 'contracts/JBTiered721DelegateStore.sol', 'JBTiered721DelegateStore._tierIdAfter')
 potentially stale -> ('SV', 'contracts/JBTiered721DelegateStore.sol', 'JBTiered721DelegateStore._storedTierOf'), ('SV', 'contracts/JBTiered721DelegateStore.sol', 'JBTiered721DelegateStore.numberOfReservesMintedFor')
 reader witnesses  -> 24
 storage exposures -> 2
[MV-SI candidate eacbb51ae5860a9ede6a] {_operatorApprovals, _owners, _tokenApprovals}
 writer root       -> contracts/abstract/JB721Delegate.sol::JB721Delegate.didRedeem(JBDidRedeemData)
 writer effect     -> contracts/abstract/ERC721.sol:349
 written member    -> ('SV', 'contracts/abstract/ERC721.sol', 'ERC721._tokenApprovals')
 potentially stale -> ('SV', 'contracts/abstract/ERC721.sol', 'ERC721._operatorApprovals'), ('SV', 'contracts/abstract/ERC721.sol', 'ERC721._owners')
 reader witnesses  -> 39
 storage exposures -> 1
[MV-SI candidate edb565661bf0fd25a9dc] {_operatorApprovals, _owners, _tokenApprovals}
 writer root       -> contracts/abstract/ERC721.sol::ERC721.setApprovalForAll(address,bool)
 writer effect     -> contracts/abstract/ERC721.sol:364
 written member    -> ('SV', 'contracts/abstract/ERC721.sol', 'ERC721._operatorApprovals')
 potentially stale -> ('SV', 'contracts/abstract/ERC721.sol', 'ERC721._owners'), ('SV', 'contracts/abstract/ERC721.sol', 'ERC721._tokenApprovals')
 reader witnesses  -> 63
 storage exposures -> 2
[MV-SI candidate ee712d0dd8207367af08] {_operatorApprovals, _owners, _tokenApprovals}
 writer root       -> node_modules/@openzeppelin/contracts/token/ERC721/ERC721.sol::ERC721.transferFrom(address,address,uint256)
 writer effect     -> node_modules/@openzeppelin/contracts/token/ERC721/ERC721.sol:345
 written member    -> ('SV', 'node_modules/@openzeppelin/contracts/token/ERC721/ERC721.sol', 'ERC721._owners')
 potentially stale -> ('SV', 'node_modules/@openzeppelin/contracts/token/ERC721/ERC721.sol', 'ERC721._operatorApprovals'), ('SV', 'node_modules/@openzeppelin/contracts/token/ERC721/ERC721.sol', 'ERC721._tokenApprovals')
 reader witnesses  -> 12
 storage exposures -> 1
[MV-SI candidate efba49846f1a5ed25728] {_trackedLastSortTierIdOf, maxTierIdOf}
 writer root       -> contracts/JBTiered721DelegateStore.sol::JBTiered721DelegateStore.recordAddTiers(JB721TierParams[])
 writer effect     -> contracts/JBTiered721DelegateStore.sol:743
 written member    -> ('SV', 'contracts/JBTiered721DelegateStore.sol', 'JBTiered721DelegateStore._trackedLastSortTierIdOf')
 potentially stale -> ('SV', 'contracts/JBTiered721DelegateStore.sol', 'JBTiered721DelegateStore.maxTierIdOf')
 reader witnesses  -> 8
 storage exposures -> 2
[MV-SI candidate f059f15cd33b875bb0b1] {_operatorApprovals, _owners}
 writer root       -> contracts/forge-test/governance/JB721TieredGovernance.t.sol::TestJBTieredGovernance.testMintAndTransferTieredVotingUnits(uint8,bool)
 writer effect     -> node_modules/@openzeppelin/contracts/token/ERC721/ERC721.sol:345
 written member    -> ('SV', 'node_modules/@openzeppelin/contracts/token/ERC721/ERC721.sol', 'ERC721._owners')
 potentially stale -> ('SV', 'node_modules/@openzeppelin/contracts/token/ERC721/ERC721.sol', 'ERC721._operatorApprovals')
 reader witnesses  -> 2
 storage exposures -> 1
[MV-SI candidate f08a125ca74ab09cf4c3] {_tierIdAfter, maxTierIdOf}
 writer root       -> contracts/JBTiered721DelegateStore.sol::JBTiered721DelegateStore.recordAddTiers(JB721TierParams[])
 writer effect     -> contracts/JBTiered721DelegateStore.sol:748
 written member    -> ('SV', 'contracts/JBTiered721DelegateStore.sol', 'JBTiered721DelegateStore._tierIdAfter')
 potentially stale -> ('SV', 'contracts/JBTiered721DelegateStore.sol', 'JBTiered721DelegateStore.maxTierIdOf')
 reader witnesses  -> 16
 storage exposures -> 2
[MV-SI candidate f158b478aa58c3557cf6] {_storedTierOf, _tierIdAfter, numberOfReservesMintedFor}
 writer root       -> contracts/JBTiered721DelegateStore.sol::JBTiered721DelegateStore.recordBurn(uint256[])
 writer effect     -> contracts/JBTiered721DelegateStore.sol:1108
 written member    -> ('SV', 'contracts/JBTiered721DelegateStore.sol', 'JBTiered721DelegateStore._storedTierOf')
 potentially stale -> ('SV', 'contracts/JBTiered721DelegateStore.sol', 'JBTiered721DelegateStore._tierIdAfter'), ('SV', 'contracts/JBTiered721DelegateStore.sol', 'JBTiered721DelegateStore.numberOfReservesMintedFor')
 reader witnesses  -> 30
 storage exposures -> 2
[MV-SI candidate f17731f0cffef791d9fe] {_storedTierOf, _tierIdAfter, numberOfReservesMintedFor}
 writer root       -> contracts/JBTiered721DelegateStore.sol::JBTiered721DelegateStore.recordAddTiers(JB721TierParams[])
 writer effect     -> contracts/JBTiered721DelegateStore.sol:688
 written member    -> ('SV', 'contracts/JBTiered721DelegateStore.sol', 'JBTiered721DelegateStore._storedTierOf')
 potentially stale -> ('SV', 'contracts/JBTiered721DelegateStore.sol', 'JBTiered721DelegateStore._tierIdAfter'), ('SV', 'contracts/JBTiered721DelegateStore.sol', 'JBTiered721DelegateStore.numberOfReservesMintedFor')
 reader witnesses  -> 30
 storage exposures -> 2
[MV-SI candidate f29ce581c228ef2bbd40] {_operatorApprovals, _owners, _tokenApprovals}
 writer root       -> contracts/abstract/ERC721.sol::ERC721.safeTransferFrom(address,address,uint256)
 writer effect     -> contracts/abstract/ERC721.sol:349
 written member    -> ('SV', 'contracts/abstract/ERC721.sol', 'ERC721._tokenApprovals')
 potentially stale -> ('SV', 'contracts/abstract/ERC721.sol', 'ERC721._operatorApprovals'), ('SV', 'contracts/abstract/ERC721.sol', 'ERC721._owners')
 reader witnesses  -> 63
 storage exposures -> 2
[MV-SI candidate f50b6c613b5fffb7e1a9] {_operatorApprovals, _owners, _tokenApprovals}
 writer root       -> node_modules/@openzeppelin/contracts/token/ERC721/ERC721.sol::ERC721.safeTransferFrom(address,address,uint256)
 writer effect     -> node_modules/@openzeppelin/contracts/token/ERC721/ERC721.sol:345
 written member    -> ('SV', 'node_modules/@openzeppelin/contracts/token/ERC721/ERC721.sol', 'ERC721._owners')
 potentially stale -> ('SV', 'node_modules/@openzeppelin/contracts/token/ERC721/ERC721.sol', 'ERC721._operatorApprovals'), ('SV', 'node_modules/@openzeppelin/contracts/token/ERC721/ERC721.sol', 'ERC721._tokenApprovals')
 reader witnesses  -> 12
 storage exposures -> 1
[MV-SI candidate f7d8a6cf70b1e42e3175] {_operatorApprovals, _owners, _tokenApprovals}
 writer root       -> contracts/forge-test/NFTReward_Unit.t.sol::TestJBTieredNFTRewardDelegate.testJBTieredNFTRewardDelegate_didRedeem_burnRedeemedNFT(uint16)
 writer effect     -> contracts/abstract/ERC721.sol:349
 written member    -> ('SV', 'contracts/abstract/ERC721.sol', 'ERC721._tokenApprovals')
 potentially stale -> ('SV', 'contracts/abstract/ERC721.sol', 'ERC721._operatorApprovals'), ('SV', 'contracts/abstract/ERC721.sol', 'ERC721._owners')
 reader witnesses  -> 72
 storage exposures -> 1
[MV-SI candidate fc9a768ac1035cc69e34] {_operatorApprovals, _owners}
 writer root       -> contracts/forge-test/governance/JB721GlobalGovernance.t.sol::TestJBGlobalGovernance.testMintAndTransferGlobalVotingUnits(uint8,bool)
 writer effect     -> node_modules/@openzeppelin/contracts/token/ERC721/ERC721.sol:345
 written member    -> ('SV', 'node_modules/@openzeppelin/contracts/token/ERC721/ERC721.sol', 'ERC721._owners')
 potentially stale -> ('SV', 'node_modules/@openzeppelin/contracts/token/ERC721/ERC721.sol', 'ERC721._operatorApprovals')
 reader witnesses  -> 2
 storage exposures -> 1Reference: https://github.com/crytic/slither/wiki/Detector-Documentation
INFO:Slither:mvscan-standard-input.json analyzed (116 contracts with 1 detectors), 85 result(s) found
