'/tmp/.svm/0.8.16/solc-0.8.16 --version' running
'solc --standard-json --allow-paths /tmp/analysis-input' running
Warning: Warning: SPDX license identifier not provided in source file. Before publishing, consider adding a comment containing "SPDX-License-Identifier: <SPDX-License>" to each source file. Use "SPDX-License-Identifier: UNLICENSED" for non-open-source code. Please see https://spdx.org for more information.
--> sol/Faucet.sol


Warning: Warning: SPDX license identifier not provided in source file. Before publishing, consider adding a comment containing "SPDX-License-Identifier: <SPDX-License>" to each source file. Use "SPDX-License-Identifier: UNLICENSED" for non-open-source code. Please see https://spdx.org for more information.
--> sol/IERC721Metadata.sol


Warning: Warning: SPDX license identifier not provided in source file. Before publishing, consider adding a comment containing "SPDX-License-Identifier: <SPDX-License>" to each source file. Use "SPDX-License-Identifier: UNLICENSED" for non-open-source code. Please see https://spdx.org for more information.
--> sol/IERC721TokenReceiver.sol


Warning: Warning: SPDX license identifier not provided in source file. Before publishing, consider adding a comment containing "SPDX-License-Identifier: <SPDX-License>" to each source file. Use "SPDX-License-Identifier: UNLICENSED" for non-open-source code. Please see https://spdx.org for more information.
--> sol/IFaucet.sol


Warning: Warning: SPDX license identifier not provided in source file. Before publishing, consider adding a comment containing "SPDX-License-Identifier: <SPDX-License>" to each source file. Use "SPDX-License-Identifier: UNLICENSED" for non-open-source code. Please see https://spdx.org for more information.
--> sol/ILeoEvents.sol


Warning: Warning: SPDX license identifier not provided in source file. Before publishing, consider adding a comment containing "SPDX-License-Identifier: <SPDX-License>" to each source file. Use "SPDX-License-Identifier: UNLICENSED" for non-open-source code. Please see https://spdx.org for more information.
--> sol/ISeawater.sol


Warning: Warning: SPDX license identifier not provided in source file. Before publishing, consider adding a comment containing "SPDX-License-Identifier: <SPDX-License>" to each source file. Use "SPDX-License-Identifier: UNLICENSED" for non-open-source code. Please see https://spdx.org for more information.
--> sol/ISeawaterAMM.sol


Warning: Warning: SPDX license identifier not provided in source file. Before publishing, consider adding a comment containing "SPDX-License-Identifier: <SPDX-License>" to each source file. Use "SPDX-License-Identifier: UNLICENSED" for non-open-source code. Please see https://spdx.org for more information.
--> sol/ISeawaterEvents.sol


Warning: Warning: SPDX license identifier not provided in source file. Before publishing, consider adding a comment containing "SPDX-License-Identifier: <SPDX-License>" to each source file. Use "SPDX-License-Identifier: UNLICENSED" for non-open-source code. Please see https://spdx.org for more information.
--> sol/ISeawaterExecutors.sol


Warning: Warning: SPDX license identifier not provided in source file. Before publishing, consider adding a comment containing "SPDX-License-Identifier: <SPDX-License>" to each source file. Use "SPDX-License-Identifier: UNLICENSED" for non-open-source code. Please see https://spdx.org for more information.
--> sol/ISeawaterMigrations.sol


Warning: Warning: SPDX license identifier not provided in source file. Before publishing, consider adding a comment containing "SPDX-License-Identifier: <SPDX-License>" to each source file. Use "SPDX-License-Identifier: UNLICENSED" for non-open-source code. Please see https://spdx.org for more information.
--> sol/OwnershipNFTs.sol


Warning: Warning: SPDX license identifier not provided in source file. Before publishing, consider adding a comment containing "SPDX-License-Identifier: <SPDX-License>" to each source file. Use "SPDX-License-Identifier: UNLICENSED" for non-open-source code. Please see https://spdx.org for more information.
--> sol/SeawaterAMM.sol


Warning: Warning: Unused local variable.
  --> sol/Faucet.sol:57:17:
   |
57 |                 bool _rc = payable(recipient).send(gas);
   |                 ^^^^^^^^



[mvscan-config] {"ATOMIC_GROUP": [], "DIVERGENCE_BUDGET": 1000, "ENABLE_BRANCH_GROUPS": true, "ENABLE_EXTERNAL_STATE": true, "ENABLE_MULTI_RETURN_GROUPS": true, "MAPPING_MODE": "base_collapsed", "MERGE_OVERLOADS": false, "MVSCAN_ABLATION": "mapping_insensitive", "MVSCAN_CONTEXTUAL_KEYS": true, "MVSCAN_INCLUDE_SCALAR_WITNESSES": false, "MVSCAN_INTERFACE_DISPATCH": false, "MVSCAN_MAX_CONTEXTS_PER_OWNER_BLOCK": 128, "MVSCAN_MAX_DISPATCH_TARGETS": 16, "MVSCAN_REQUIRE_DISTINCT_OUTER_ROOTS": false, "MVSCAN_ROOT_CONTEXT_SINKS": false, "NOOP_WRITE_FILTER": true, "REQUIRE_SAME_SLOT_KEY": false, "SINK_TEST": "none", "USER_CALLABLE_ALWAYS": [], "USER_CALLABLE_DENY": []}
[mvscan-stage] icfg-built blocks=274 vars=11
[mvscan-stage] root-seeding-done eligible_exposures=50 seeded=50 multi_exposure_entry_blocks=0 collapsed_contextual_aliases=0 excluded_dependency=0 excluded_interface=136 excluded_library=0 excluded_abstract=0 missing_entry_point=0 missing_entry_block=0
[mvscan-pairs] call_target_digest=c08a391fb7426c486295106215ee42156eb23f6d5e83324cba80a802ff226194 candidate_count=2 candidate_digest=02cbb4fa96f8135e45da264351ac2c0addb063d2cf219b3ba26c0b0b0ea8c9e4 context_instance_count=10 eligible_readers=1 eligible_writers=2 execution_context_digest=d0af174743db931227a29db9cbfef3436ad04bae15f382f28e6d8dce3f97ce81 invalid_partial_write_filtered=0 must_full_relation_filtered=0 omitted_member_evidence_filtered=0 omitted_member_not_sensitive_filtered=0 owner_context_pairs=10 owner_context_pairs_considered=10 raw_block_pairs=2 reader_witness_count=10 relation_base_members_shadowed=0 relation_context_incompatible=0 relation_digest=cf74ba5a0daf4e8d64db2fdc73f7a5a4e80cabdd2d456ae48665d921ac8ae2f1 relation_members_raw=6 relation_origins_registered=1 relation_origins_rejected_unary_after_shadowing=4 relation_origins_rejected_unreachable=1 relation_origins_seen=5 root_context_sink_filtered=0 same_outer_root_filtered=0 scalar_variables_skipped=4 storage_context_mismatch=0 variables_considered=5
INFO:Detectors:

[MV-SI candidate 2cd6349bbb233c0cdbb1] {getApproved, isApprovedForAll}
 writer root       -> sol/OwnershipNFTs.sol::OwnershipNFTs.setApprovalForAll(address,bool)
 writer effect     -> sol/OwnershipNFTs.sol:167
 written member    -> ('SV', 'sol/OwnershipNFTs.sol', 'OwnershipNFTs.isApprovedForAll')
 potentially stale -> ('SV', 'sol/OwnershipNFTs.sol', 'OwnershipNFTs.getApproved')
 reader witnesses  -> 5
 storage exposures -> 1
[MV-SI candidate 8caa9f10f34cf5f9f237] {getApproved, isApprovedForAll}
 writer root       -> sol/OwnershipNFTs.sol::OwnershipNFTs.approve(address,uint256)
 writer effect     -> sol/OwnershipNFTs.sol:162
 written member    -> ('SV', 'sol/OwnershipNFTs.sol', 'OwnershipNFTs.getApproved')
 potentially stale -> ('SV', 'sol/OwnershipNFTs.sol', 'OwnershipNFTs.isApprovedForAll')
 reader witnesses  -> 5
 storage exposures -> 1Reference: https://github.com/crytic/slither/wiki/Detector-Documentation
INFO:Slither:mvscan-standard-input.json analyzed (22 contracts with 1 detectors), 2 result(s) found
