Problem executing hardhat to fetch configuration, using defaults: [Errno 2] No such file or directory: 'hardhat'
[mvscan-config] {"ATOMIC_GROUP": [], "DIVERGENCE_BUDGET": 1000, "ENABLE_BRANCH_GROUPS": true, "ENABLE_EXTERNAL_STATE": true, "ENABLE_MULTI_RETURN_GROUPS": true, "MAPPING_MODE": "precise", "MERGE_OVERLOADS": false, "MVSCAN_ABLATION": "full", "MVSCAN_CONTEXTUAL_KEYS": false, "MVSCAN_INCLUDE_SCALAR_WITNESSES": false, "MVSCAN_INTERFACE_DISPATCH": false, "MVSCAN_MAX_CONTEXTS_PER_OWNER_BLOCK": 128, "MVSCAN_MAX_DISPATCH_TARGETS": 16, "MVSCAN_REQUIRE_DISTINCT_OUTER_ROOTS": false, "MVSCAN_ROOT_CONTEXT_SINKS": false, "NOOP_WRITE_FILTER": true, "REQUIRE_SAME_SLOT_KEY": true, "SINK_TEST": "none", "USER_CALLABLE_ALWAYS": [], "USER_CALLABLE_DENY": []}
[mvscan-stage] icfg-built blocks=17 vars=1
[mvscan-stage] root-seeding-done eligible_exposures=1 seeded=1 multi_exposure_entry_blocks=0 collapsed_contextual_aliases=0 excluded_dependency=0 excluded_interface=0 excluded_library=0 excluded_abstract=0 missing_entry_point=0 missing_entry_block=0
[mvscan-pairs] call_target_digest=962acd05a923cd1e2c4856af421355b89e855e6f509f85b9b036a0f442067be0 candidate_count=0 candidate_digest=4f53cda18c2baa0c0354bb5f9a3ecbe5ed12ab4d8e11ba873c2f11161202b945 context_instance_count=0 execution_context_digest=965dfbb184421637dca200f031eb1613624d82d8582dc57d7a325b5603160536 invalid_partial_write_filtered=0 must_full_relation_filtered=0 omitted_member_evidence_filtered=0 omitted_member_not_sensitive_filtered=0 owner_context_pairs=0 owner_context_pairs_considered=0 reader_witness_count=0 relation_base_members_shadowed=0 relation_context_incompatible=0 relation_digest=4f53cda18c2baa0c0354bb5f9a3ecbe5ed12ab4d8e11ba873c2f11161202b945 relation_members_raw=1 relation_origins_rejected_unary_after_shadowing=1 relation_origins_seen=1 root_context_sink_filtered=0 same_outer_root_filtered=0 storage_context_mismatch=0
[mvscan-config] {"ATOMIC_GROUP": [], "DIVERGENCE_BUDGET": 1000, "ENABLE_BRANCH_GROUPS": true, "ENABLE_EXTERNAL_STATE": true, "ENABLE_MULTI_RETURN_GROUPS": true, "MAPPING_MODE": "precise", "MERGE_OVERLOADS": false, "MVSCAN_ABLATION": "full", "MVSCAN_CONTEXTUAL_KEYS": false, "MVSCAN_INCLUDE_SCALAR_WITNESSES": false, "MVSCAN_INTERFACE_DISPATCH": false, "MVSCAN_MAX_CONTEXTS_PER_OWNER_BLOCK": 128, "MVSCAN_MAX_DISPATCH_TARGETS": 16, "MVSCAN_REQUIRE_DISTINCT_OUTER_ROOTS": false, "MVSCAN_ROOT_CONTEXT_SINKS": false, "NOOP_WRITE_FILTER": true, "REQUIRE_SAME_SLOT_KEY": true, "SINK_TEST": "none", "USER_CALLABLE_ALWAYS": [], "USER_CALLABLE_DENY": []}
[mvscan-stage] icfg-built blocks=38 vars=9
[mvscan-stage] root-seeding-done eligible_exposures=5 seeded=5 multi_exposure_entry_blocks=0 collapsed_contextual_aliases=0 excluded_dependency=0 excluded_interface=0 excluded_library=0 excluded_abstract=0 missing_entry_point=0 missing_entry_block=0
[mvscan-pairs] call_target_digest=c789d5b851a9b46404faf6ba7f8c9147c3e19e3fc1efff3532d85b3c253c7268 candidate_count=0 candidate_digest=4f53cda18c2baa0c0354bb5f9a3ecbe5ed12ab4d8e11ba873c2f11161202b945 context_instance_count=0 execution_context_digest=2cc3688cc5dba1bf86ae9820c8fd6e3bcaee558de14f7dcd0726d90907f3258f invalid_partial_write_filtered=0 must_full_relation_filtered=0 omitted_member_evidence_filtered=0 omitted_member_not_sensitive_filtered=0 owner_context_pairs=0 owner_context_pairs_considered=0 reader_witness_count=0 relation_base_members_shadowed=1 relation_context_incompatible=0 relation_digest=4f53cda18c2baa0c0354bb5f9a3ecbe5ed12ab4d8e11ba873c2f11161202b945 relation_members_raw=4 relation_origins_rejected_unary_after_shadowing=3 relation_origins_rejected_unreachable=1 relation_origins_seen=3 root_context_sink_filtered=0 same_outer_root_filtered=0 scalar_variables_skipped=6 storage_context_mismatch=0 variables_considered=6
[mvscan-config] {"ATOMIC_GROUP": [], "DIVERGENCE_BUDGET": 1000, "ENABLE_BRANCH_GROUPS": true, "ENABLE_EXTERNAL_STATE": true, "ENABLE_MULTI_RETURN_GROUPS": true, "MAPPING_MODE": "precise", "MERGE_OVERLOADS": false, "MVSCAN_ABLATION": "full", "MVSCAN_CONTEXTUAL_KEYS": false, "MVSCAN_INCLUDE_SCALAR_WITNESSES": false, "MVSCAN_INTERFACE_DISPATCH": false, "MVSCAN_MAX_CONTEXTS_PER_OWNER_BLOCK": 128, "MVSCAN_MAX_DISPATCH_TARGETS": 16, "MVSCAN_REQUIRE_DISTINCT_OUTER_ROOTS": false, "MVSCAN_ROOT_CONTEXT_SINKS": false, "NOOP_WRITE_FILTER": true, "REQUIRE_SAME_SLOT_KEY": true, "SINK_TEST": "none", "USER_CALLABLE_ALWAYS": [], "USER_CALLABLE_DENY": []}
[mvscan-stage] icfg-built blocks=106 vars=9
[mvscan-stage] root-seeding-done eligible_exposures=8 seeded=8 multi_exposure_entry_blocks=0 collapsed_contextual_aliases=0 excluded_dependency=0 excluded_interface=0 excluded_library=0 excluded_abstract=0 missing_entry_point=0 missing_entry_block=0
[mvscan-pairs] call_target_digest=b3291767b09680ecf7220d6a292bf9550c54a856acf329501364a59d7e14b6fd candidate_count=0 candidate_digest=4f53cda18c2baa0c0354bb5f9a3ecbe5ed12ab4d8e11ba873c2f11161202b945 context_instance_count=0 execution_context_digest=4b85ce57abb5f4162cf6d062fbfb0e0b8db4825324c627fcf9791446974b64ec invalid_partial_write_filtered=0 must_full_relation_filtered=0 omitted_member_evidence_filtered=0 omitted_member_not_sensitive_filtered=0 owner_context_pairs=0 owner_context_pairs_considered=0 reader_witness_count=0 relation_base_members_shadowed=1 relation_context_incompatible=0 relation_digest=4f53cda18c2baa0c0354bb5f9a3ecbe5ed12ab4d8e11ba873c2f11161202b945 relation_members_raw=6 relation_origins_rejected_unary_after_shadowing=5 relation_origins_seen=5 root_context_sink_filtered=0 same_outer_root_filtered=0 scalar_variables_skipped=6 storage_context_mismatch=0 variables_considered=6
[mvscan-config] {"ATOMIC_GROUP": [], "DIVERGENCE_BUDGET": 1000, "ENABLE_BRANCH_GROUPS": true, "ENABLE_EXTERNAL_STATE": true, "ENABLE_MULTI_RETURN_GROUPS": true, "MAPPING_MODE": "precise", "MERGE_OVERLOADS": false, "MVSCAN_ABLATION": "full", "MVSCAN_CONTEXTUAL_KEYS": false, "MVSCAN_INCLUDE_SCALAR_WITNESSES": false, "MVSCAN_INTERFACE_DISPATCH": false, "MVSCAN_MAX_CONTEXTS_PER_OWNER_BLOCK": 128, "MVSCAN_MAX_DISPATCH_TARGETS": 16, "MVSCAN_REQUIRE_DISTINCT_OUTER_ROOTS": false, "MVSCAN_ROOT_CONTEXT_SINKS": false, "NOOP_WRITE_FILTER": true, "REQUIRE_SAME_SLOT_KEY": true, "SINK_TEST": "none", "USER_CALLABLE_ALWAYS": [], "USER_CALLABLE_DENY": []}
[mvscan-stage] icfg-built blocks=29 vars=8
[mvscan-stage] root-seeding-done eligible_exposures=5 seeded=5 multi_exposure_entry_blocks=0 collapsed_contextual_aliases=0 excluded_dependency=0 excluded_interface=0 excluded_library=0 excluded_abstract=0 missing_entry_point=0 missing_entry_block=0
[mvscan-pairs] call_target_digest=797108fa6582b8cdacfa7888874cdabe7d65c0c84ebff57de6b4f719fcf53961 candidate_count=0 candidate_digest=4f53cda18c2baa0c0354bb5f9a3ecbe5ed12ab4d8e11ba873c2f11161202b945 context_instance_count=0 execution_context_digest=9f42e107a03534f5a3b4a3f915ccea01db8d74341c629373c3745f3c4deec079 invalid_partial_write_filtered=0 must_full_relation_filtered=0 omitted_member_evidence_filtered=0 omitted_member_not_sensitive_filtered=0 owner_context_pairs=0 owner_context_pairs_considered=0 reader_witness_count=0 relation_base_members_shadowed=4 relation_context_incompatible=0 relation_digest=4f53cda18c2baa0c0354bb5f9a3ecbe5ed12ab4d8e11ba873c2f11161202b945 relation_members_raw=8 relation_origins_rejected_unary_after_shadowing=4 relation_origins_seen=4 root_context_sink_filtered=0 same_outer_root_filtered=0 scalar_variables_skipped=5 storage_context_mismatch=0 variables_considered=5
[mvscan-config] {"ATOMIC_GROUP": [], "DIVERGENCE_BUDGET": 1000, "ENABLE_BRANCH_GROUPS": true, "ENABLE_EXTERNAL_STATE": true, "ENABLE_MULTI_RETURN_GROUPS": true, "MAPPING_MODE": "precise", "MERGE_OVERLOADS": false, "MVSCAN_ABLATION": "full", "MVSCAN_CONTEXTUAL_KEYS": false, "MVSCAN_INCLUDE_SCALAR_WITNESSES": false, "MVSCAN_INTERFACE_DISPATCH": false, "MVSCAN_MAX_CONTEXTS_PER_OWNER_BLOCK": 128, "MVSCAN_MAX_DISPATCH_TARGETS": 16, "MVSCAN_REQUIRE_DISTINCT_OUTER_ROOTS": false, "MVSCAN_ROOT_CONTEXT_SINKS": false, "NOOP_WRITE_FILTER": true, "REQUIRE_SAME_SLOT_KEY": true, "SINK_TEST": "none", "USER_CALLABLE_ALWAYS": [], "USER_CALLABLE_DENY": []}
[mvscan-stage] icfg-built blocks=157 vars=11
[mvscan-stage] root-seeding-done eligible_exposures=9 seeded=9 multi_exposure_entry_blocks=0 collapsed_contextual_aliases=0 excluded_dependency=0 excluded_interface=4 excluded_library=0 excluded_abstract=0 missing_entry_point=0 missing_entry_block=0
[mvscan-pairs] call_target_digest=9aaee7545b1c6c66b2ceda27c2b9be16c80825454fb28ec7829d920319a250e8 candidate_count=0 candidate_digest=4f53cda18c2baa0c0354bb5f9a3ecbe5ed12ab4d8e11ba873c2f11161202b945 context_instance_count=0 execution_context_digest=d7c27420ec2b9d156428c23de5fe6d19f04d93dd09f9f1bb7343f869ea27d431 invalid_partial_write_filtered=0 must_full_relation_filtered=0 omitted_member_evidence_filtered=0 omitted_member_not_sensitive_filtered=0 owner_context_pairs=0 owner_context_pairs_considered=0 reader_witness_count=0 relation_base_members_shadowed=0 relation_context_incompatible=0 relation_digest=4f53cda18c2baa0c0354bb5f9a3ecbe5ed12ab4d8e11ba873c2f11161202b945 relation_members_raw=8 relation_origins_rejected_unary_after_shadowing=8 relation_origins_rejected_unreachable=1 relation_origins_seen=8 root_context_sink_filtered=0 same_outer_root_filtered=0 scalar_variables_skipped=5 storage_context_mismatch=0 variables_considered=5
[mvscan-config] {"ATOMIC_GROUP": [], "DIVERGENCE_BUDGET": 1000, "ENABLE_BRANCH_GROUPS": true, "ENABLE_EXTERNAL_STATE": true, "ENABLE_MULTI_RETURN_GROUPS": true, "MAPPING_MODE": "precise", "MERGE_OVERLOADS": false, "MVSCAN_ABLATION": "full", "MVSCAN_CONTEXTUAL_KEYS": false, "MVSCAN_INCLUDE_SCALAR_WITNESSES": false, "MVSCAN_INTERFACE_DISPATCH": false, "MVSCAN_MAX_CONTEXTS_PER_OWNER_BLOCK": 128, "MVSCAN_MAX_DISPATCH_TARGETS": 16, "MVSCAN_REQUIRE_DISTINCT_OUTER_ROOTS": false, "MVSCAN_ROOT_CONTEXT_SINKS": false, "NOOP_WRITE_FILTER": true, "REQUIRE_SAME_SLOT_KEY": true, "SINK_TEST": "none", "USER_CALLABLE_ALWAYS": [], "USER_CALLABLE_DENY": []}
[mvscan-stage] icfg-built blocks=2670 vars=147
[mvscan-stage] root-seeding-done eligible_exposures=117 seeded=76 multi_exposure_entry_blocks=33 collapsed_contextual_aliases=41 excluded_dependency=0 excluded_interface=55 excluded_library=0 excluded_abstract=16 missing_entry_point=0 missing_entry_block=0
[mvscan-pairs] call_target_digest=a2d395840958c157fb4afda24f226bc8d4312eb3a6376a11fee286b14df6ed79 candidate_count=93 candidate_digest=01e80f0fee935d71c95b3599f7eac86ae16f2605cfe008ab6604ff83f0354b89 context_instance_count=1654 eligible_readers=141 eligible_writers=62 execution_context_digest=972e21ebc947711def4568abf4c4540fa9a8deab296142a4713367e487cf9ba7 insensitive_readers_filtered=40 invalid_partial_write_filtered=0 must_full_relation_filtered=0 omitted_member_evidence_filtered=0 omitted_member_not_sensitive_filtered=0 owner_context_pairs=7107 owner_context_pairs_considered=14204 raw_block_pairs=430 reader_witness_count=7107 relation_base_members_shadowed=67 relation_context_incompatible=0 relation_digest=acf7f5f7801942b045564d7164c6d2798c33d34001bacc41085d5d914228acf5 relation_evidence_edges=229 relation_incompatible=192 relation_members_raw=225 relation_origins_registered=27 relation_origins_rejected_unary_after_shadowing=92 relation_origins_rejected_unreachable=23 relation_origins_seen=119 root_context_sink_filtered=0 same_outer_root_filtered=0 same_static_block_filtered=9 scalar_variables_skipped=87 storage_context_mismatch=7097 variables_considered=113
INFO:Detectors:

[MV-SI candidate 0437fe32c19587d2c46c] {idToApprovals[$arg1], idToOwner[$arg1], ownerToOperators[@local::contracts/vote-escrow/VoteEscrowCore.sol::VoteEscrowCore._isApprovedOrOwner(address,uint256)::LocalVariable::owner_1][$arg0]}
 writer root       -> contracts/vote-escrow/VoteEscrowCore.sol::VoteEscrowCore.transferFrom(address,address,uint256)
 writer effect     -> contracts/vote-escrow/VoteEscrowCore.sol:508
 written member    -> ('MS', 'contracts/vote-escrow/VoteEscrowCore.sol', 'VoteEscrowCore.idToOwner', '$arg1')
 potentially stale -> ('MS', 'contracts/vote-escrow/VoteEscrowCore.sol', 'VoteEscrowCore.idToApprovals', '$arg1'), ('MS', 'contracts/vote-escrow/VoteEscrowCore.sol', 'VoteEscrowCore.ownerToOperators', '@local::contracts/vote-escrow/VoteEscrowCore.sol::VoteEscrowCore._isApprovedOrOwner(address,uint256)::LocalVariable::owner_1][$arg0')
 reader witnesses  -> 272
 storage exposures -> 2
[MV-SI candidate 043d8cb0b1f381812bb8] {attachments[$arg0], voted[$arg0]}
 writer root       -> contracts/vote-escrow/VoteEscrowCore.sol::VoteEscrowCore.attach(uint256)
 writer effect     -> contracts/vote-escrow/VoteEscrowCore.sol:885
 written member    -> ('MS', 'contracts/vote-escrow/VoteEscrowCore.sol', 'VoteEscrowCore.attachments', '$arg0')
 potentially stale -> ('MS', 'contracts/vote-escrow/VoteEscrowCore.sol', 'VoteEscrowCore.voted', '$arg0')
 reader witnesses  -> 8
 storage exposures -> 2
[MV-SI candidate 097446ebdca66d4297d8] {locked[$arg0], locked[$arg1]}
 writer root       -> contracts/vote-escrow/VoteEscrowCore.sol::VoteEscrowCore.withdraw(uint256)
 writer effect     -> contracts/vote-escrow/VoteEscrowCore.sol:1014
 written member    -> ('MS', 'contracts/vote-escrow/VoteEscrowCore.sol', 'VoteEscrowCore.locked', '$arg0')
 potentially stale -> ('MS', 'contracts/vote-escrow/VoteEscrowCore.sol', 'VoteEscrowCore.locked', '$arg1')
 reader witnesses  -> 2
 storage exposures -> 2
[MV-SI candidate 0c4049cdf74714cf1846] {ownerToNFTokenCount[$arg0], tokenToOwnerIndex[$arg1]}
 writer root       -> contracts/vote-escrow/VoteEscrowCore.sol::VoteEscrowCore.transferFrom(address,address,uint256)
 writer effect     -> contracts/vote-escrow/VoteEscrowCore.sol:512
 written member    -> ('MS', 'contracts/vote-escrow/VoteEscrowCore.sol', 'VoteEscrowCore.ownerToNFTokenCount', '$arg0')
 potentially stale -> ('MS', 'contracts/vote-escrow/VoteEscrowCore.sol', 'VoteEscrowCore.tokenToOwnerIndex', '$arg1')
 reader witnesses  -> 10
 storage exposures -> 2
[MV-SI candidate 0c979deac727a3948327] {ownerToNFTokenCount[$arg0], tokenToOwnerIndex[$arg1]}
 writer root       -> contracts/vote-escrow/VoteEscrowCore.sol::VoteEscrowCore.create_lock_for(uint256,uint256,address)
 writer effect     -> contracts/vote-escrow/VoteEscrowCore.sol:456
 written member    -> ('MS', 'contracts/vote-escrow/VoteEscrowCore.sol', 'VoteEscrowCore.tokenToOwnerIndex', '$arg1')
 potentially stale -> ('MS', 'contracts/vote-escrow/VoteEscrowCore.sol', 'VoteEscrowCore.ownerToNFTokenCount', '$arg0')
 reader witnesses  -> 34
 storage exposures -> 2
[MV-SI candidate 0dfcd401c25d90543f61] {idToApprovals[$arg1], idToOwner[$arg1], ownerToOperators[@local::contracts/vote-escrow/VoteEscrowCore.sol::VoteEscrowCore._isApprovedOrOwner(address,uint256)::LocalVariable::owner_1][$arg0]}
 writer root       -> contracts/vote-escrow/VoteEscrowCore.sol::VoteEscrowCore.safeTransferFrom(address,address,uint256,bytes)
 writer effect     -> contracts/vote-escrow/VoteEscrowCore.sol:495
 written member    -> ('MS', 'contracts/vote-escrow/VoteEscrowCore.sol', 'VoteEscrowCore.idToOwner', '$arg1')
 potentially stale -> ('MS', 'contracts/vote-escrow/VoteEscrowCore.sol', 'VoteEscrowCore.idToApprovals', '$arg1'), ('MS', 'contracts/vote-escrow/VoteEscrowCore.sol', 'VoteEscrowCore.ownerToOperators', '@local::contracts/vote-escrow/VoteEscrowCore.sol::VoteEscrowCore._isApprovedOrOwner(address,uint256)::LocalVariable::owner_1][$arg0')
 reader witnesses  -> 272
 storage exposures -> 2
[MV-SI candidate 10fac399b20a9a571bb6] {MIN_VOTING_POWER_REQUIRED, user_point_epoch[$arg0], user_point_history[$arg0][@local::contracts/vote-escrow/VoteEscrowCore.sol::VoteEscrowCore._balanceOfNFT(uint256,uint256)::LocalVariable::_epoch_1]}
 writer root       -> contracts/vote-escrow/VoteEscrowCore.sol::VoteEscrowCore.create_lock(uint256,uint256)
 writer effect     -> contracts/vote-escrow/VoteEscrowCore.sol:820
 written member    -> ('MS', 'contracts/vote-escrow/VoteEscrowCore.sol', 'VoteEscrowCore.user_point_epoch', '$arg0')
 potentially stale -> ('MS', 'contracts/vote-escrow/VoteEscrowCore.sol', 'VoteEscrowCore.user_point_history', '$arg0][@local::contracts/vote-escrow/VoteEscrowCore.sol::VoteEscrowCore._balanceOfNFT(uint256,uint256)::LocalVariable::_epoch_1'), ('SV', 'contracts/vote-escrow/VoteEscrowDelegation.sol', 'VoteEscrow.MIN_VOTING_POWER_REQUIRED')
 reader witnesses  -> 2
 storage exposures -> 2
[MV-SI candidate 11f49913cdd76cb17065] {epoch, epochTotalFee[@state::contracts/rewards/RewardDistributor.sol::RewardDistributor.epoch]}
 writer root       -> contracts/rewards/RewardDistributor.sol::RewardDistributor.addFee(address[2],uint256)
 writer effect     -> contracts/rewards/RewardDistributor.sol:136
 written member    -> ('MS', 'contracts/rewards/RewardDistributor.sol', 'RewardDistributor.epochTotalFee', '@state::contracts/rewards/RewardDistributor.sol::RewardDistributor.epoch')
 potentially stale -> ('SV', 'contracts/rewards/RewardDistributor.sol', 'RewardDistributor.epoch')
 reader witnesses  -> 9
 storage exposures -> 1
[MV-SI candidate 129eddeef47c8efd7eae] {ownerToNFTokenCount[$arg0], tokenToOwnerIndex[$arg1]}
 writer root       -> contracts/vote-escrow/VoteEscrowCore.sol::VoteEscrowCore.merge(uint256,uint256)
 writer effect     -> contracts/vote-escrow/VoteEscrowCore.sol:471
 written member    -> ('MS', 'contracts/vote-escrow/VoteEscrowCore.sol', 'VoteEscrowCore.tokenToOwnerIndex', '$arg1')
 potentially stale -> ('MS', 'contracts/vote-escrow/VoteEscrowCore.sol', 'VoteEscrowCore.ownerToNFTokenCount', '$arg0')
 reader witnesses  -> 34
 storage exposures -> 2
[MV-SI candidate 12a775d4d63610a78355] {ownerToNFTokenCount[$arg0], tokenToOwnerIndex[$arg1]}
 writer root       -> contracts/vote-escrow/VoteEscrowCore.sol::VoteEscrowCore.safeTransferFrom(address,address,uint256,bytes)
 writer effect     -> contracts/vote-escrow/VoteEscrowCore.sol:499
 written member    -> ('MS', 'contracts/vote-escrow/VoteEscrowCore.sol', 'VoteEscrowCore.ownerToNFTokenCount', '$arg0')
 potentially stale -> ('MS', 'contracts/vote-escrow/VoteEscrowCore.sol', 'VoteEscrowCore.tokenToOwnerIndex', '$arg1')
 reader witnesses  -> 10
 storage exposures -> 2
[MV-SI candidate 147f4ad2ba47f7b015e0] {user_point_epoch[$arg0], user_point_history[$arg0][@local::contracts/vote-escrow/VoteEscrowCore.sol::VoteEscrowCore._balanceOfNFT(uint256,uint256)::LocalVariable::_epoch_1]}
 writer root       -> contracts/vote-escrow/VoteEscrowCore.sol::VoteEscrowCore.increase_amount(uint256,uint256)
 writer effect     -> contracts/vote-escrow/VoteEscrowCore.sol:820
 written member    -> ('MS', 'contracts/vote-escrow/VoteEscrowCore.sol', 'VoteEscrowCore.user_point_epoch', '$arg0')
 potentially stale -> ('MS', 'contracts/vote-escrow/VoteEscrowCore.sol', 'VoteEscrowCore.user_point_history', '$arg0][@local::contracts/vote-escrow/VoteEscrowCore.sol::VoteEscrowCore._balanceOfNFT(uint256,uint256)::LocalVariable::_epoch_1')
 reader witnesses  -> 1
 storage exposures -> 1
[MV-SI candidate 1a19660143f5888aa185] {ownerToNFTokenCount[$arg0], tokenToOwnerIndex[$arg1]}
 writer root       -> contracts/vote-escrow/VoteEscrowCore.sol::VoteEscrowCore.transferFrom(address,address,uint256)
 writer effect     -> contracts/vote-escrow/VoteEscrowCore.sol:485
 written member    -> ('MS', 'contracts/vote-escrow/VoteEscrowCore.sol', 'VoteEscrowCore.tokenToOwnerIndex', '$arg1')
 potentially stale -> ('MS', 'contracts/vote-escrow/VoteEscrowCore.sol', 'VoteEscrowCore.ownerToNFTokenCount', '$arg0')
 reader witnesses  -> 34
 storage exposures -> 2
[MV-SI candidate 1b81f718b6627b53ff50] {locked[$arg0], locked[$arg1]}
 writer root       -> contracts/vote-escrow/VoteEscrowCore.sol::VoteEscrowCore.create_lock(uint256,uint256)
 writer effect     -> contracts/vote-escrow/VoteEscrowCore.sol:851
 written member    -> ('MS', 'contracts/vote-escrow/VoteEscrowCore.sol', 'VoteEscrowCore.locked', '$arg0')
 potentially stale -> ('MS', 'contracts/vote-escrow/VoteEscrowCore.sol', 'VoteEscrowCore.locked', '$arg1')
 reader witnesses  -> 2
 storage exposures -> 2
[MV-SI candidate 1bb418bf80198f8e6d42] {idToApprovals[$arg1], idToOwner[$arg1], ownerToOperators[@local::contracts/vote-escrow/VoteEscrowCore.sol::VoteEscrowCore._isApprovedOrOwner(address,uint256)::LocalVariable::owner_1][$arg0]}
 writer root       -> contracts/vote-escrow/VoteEscrowCore.sol::VoteEscrowCore.safeTransferFrom(address,address,uint256)
 writer effect     -> contracts/vote-escrow/VoteEscrowCore.sol:495
 written member    -> ('MS', 'contracts/vote-escrow/VoteEscrowCore.sol', 'VoteEscrowCore.idToOwner', '$arg1')
 potentially stale -> ('MS', 'contracts/vote-escrow/VoteEscrowCore.sol', 'VoteEscrowCore.idToApprovals', '$arg1'), ('MS', 'contracts/vote-escrow/VoteEscrowCore.sol', 'VoteEscrowCore.ownerToOperators', '@local::contracts/vote-escrow/VoteEscrowCore.sol::VoteEscrowCore._isApprovedOrOwner(address,uint256)::LocalVariable::owner_1][$arg0')
 reader witnesses  -> 272
 storage exposures -> 2
[MV-SI candidate 1c64fcaff7313b9daadb] {user_point_epoch[$arg0], user_point_history[$arg0][@local::contracts/vote-escrow/VoteEscrowCore.sol::VoteEscrowCore._balanceOfNFT(uint256,uint256)::LocalVariable::_epoch_1]}
 writer root       -> contracts/vote-escrow/VoteEscrowCore.sol::VoteEscrowCore.deposit_for(uint256,uint256)
 writer effect     -> contracts/vote-escrow/VoteEscrowCore.sol:820
 written member    -> ('MS', 'contracts/vote-escrow/VoteEscrowCore.sol', 'VoteEscrowCore.user_point_epoch', '$arg0')
 potentially stale -> ('MS', 'contracts/vote-escrow/VoteEscrowCore.sol', 'VoteEscrowCore.user_point_history', '$arg0][@local::contracts/vote-escrow/VoteEscrowCore.sol::VoteEscrowCore._balanceOfNFT(uint256,uint256)::LocalVariable::_epoch_1')
 reader witnesses  -> 1
 storage exposures -> 1
[MV-SI candidate 1d6800637bc6cc0b4cac] {idToApprovals[$arg1], idToOwner[$arg1], ownerToOperators[@local::contracts/vote-escrow/VoteEscrowCore.sol::VoteEscrowCore._isApprovedOrOwner(address,uint256)::LocalVariable::owner_1][$arg0]}
 writer root       -> contracts/vote-escrow/VoteEscrowCore.sol::VoteEscrowCore.merge(uint256,uint256)
 writer effect     -> contracts/vote-escrow/VoteEscrowCore.sol:508
 written member    -> ('MS', 'contracts/vote-escrow/VoteEscrowCore.sol', 'VoteEscrowCore.idToOwner', '$arg1')
 potentially stale -> ('MS', 'contracts/vote-escrow/VoteEscrowCore.sol', 'VoteEscrowCore.idToApprovals', '$arg1'), ('MS', 'contracts/vote-escrow/VoteEscrowCore.sol', 'VoteEscrowCore.ownerToOperators', '@local::contracts/vote-escrow/VoteEscrowCore.sol::VoteEscrowCore._isApprovedOrOwner(address,uint256)::LocalVariable::owner_1][$arg0')
 reader witnesses  -> 272
 storage exposures -> 2
[MV-SI candidate 208bc9835db1ec1db591] {epoch, point_history[@local::contracts/vote-escrow/VoteEscrowCore.sol::VoteEscrowCore._checkpoint(uint256,LockedBalance,LockedBalance)::LocalVariable::_epoch_1]}
 writer root       -> contracts/vote-escrow/VoteEscrowCore.sol::VoteEscrowCore.deposit_for(uint256,uint256)
 writer effect     -> contracts/vote-escrow/VoteEscrowCore.sol:778
 written member    -> ('SV', 'contracts/vote-escrow/VoteEscrowCore.sol', 'VoteEscrowCore.epoch')
 potentially stale -> ('MS', 'contracts/vote-escrow/VoteEscrowCore.sol', 'VoteEscrowCore.point_history', '@local::contracts/vote-escrow/VoteEscrowCore.sol::VoteEscrowCore._checkpoint(uint256,LockedBalance,LockedBalance)::LocalVariable::_epoch_1')
 reader witnesses  -> 48
 storage exposures -> 2
[MV-SI candidate 21726b9bc3c68bb5c630] {idToApprovals[$arg1], idToOwner[$arg1], ownerToOperators[@local::contracts/vote-escrow/VoteEscrowCore.sol::VoteEscrowCore._isApprovedOrOwner(address,uint256)::LocalVariable::owner_1][$arg0]}
 writer root       -> contracts/vote-escrow/VoteEscrowCore.sol::VoteEscrowCore.withdraw(uint256)
 writer effect     -> contracts/vote-escrow/VoteEscrowCore.sol:508
 written member    -> ('MS', 'contracts/vote-escrow/VoteEscrowCore.sol', 'VoteEscrowCore.idToOwner', '$arg1')
 potentially stale -> ('MS', 'contracts/vote-escrow/VoteEscrowCore.sol', 'VoteEscrowCore.idToApprovals', '$arg1'), ('MS', 'contracts/vote-escrow/VoteEscrowCore.sol', 'VoteEscrowCore.ownerToOperators', '@local::contracts/vote-escrow/VoteEscrowCore.sol::VoteEscrowCore._isApprovedOrOwner(address,uint256)::LocalVariable::owner_1][$arg0')
 reader witnesses  -> 272
 storage exposures -> 2
[MV-SI candidate 228a26245e75c2033757] {epoch, point_history[@local::contracts/vote-escrow/VoteEscrowCore.sol::VoteEscrowCore._checkpoint(uint256,LockedBalance,LockedBalance)::LocalVariable::_epoch_1]}
 writer root       -> contracts/vote-escrow/VoteEscrowCore.sol::VoteEscrowCore.create_lock_for(uint256,uint256,address)
 writer effect     -> contracts/vote-escrow/VoteEscrowCore.sol:778
 written member    -> ('SV', 'contracts/vote-escrow/VoteEscrowCore.sol', 'VoteEscrowCore.epoch')
 potentially stale -> ('MS', 'contracts/vote-escrow/VoteEscrowCore.sol', 'VoteEscrowCore.point_history', '@local::contracts/vote-escrow/VoteEscrowCore.sol::VoteEscrowCore._checkpoint(uint256,LockedBalance,LockedBalance)::LocalVariable::_epoch_1')
 reader witnesses  -> 48
 storage exposures -> 2
[MV-SI candidate 2390514fc2bfdad61b91] {ownerToNFTokenCount[$arg0], tokenToOwnerIndex[$arg1]}
 writer root       -> contracts/vote-escrow/VoteEscrowCore.sol::VoteEscrowCore.merge(uint256,uint256)
 writer effect     -> contracts/vote-escrow/VoteEscrowCore.sol:512
 written member    -> ('MS', 'contracts/vote-escrow/VoteEscrowCore.sol', 'VoteEscrowCore.ownerToNFTokenCount', '$arg0')
 potentially stale -> ('MS', 'contracts/vote-escrow/VoteEscrowCore.sol', 'VoteEscrowCore.tokenToOwnerIndex', '$arg1')
 reader witnesses  -> 10
 storage exposures -> 2
[MV-SI candidate 248f34f68dcd0afa5787] {idToApprovals[$arg1], idToOwner[$arg1], ownerToOperators[@local::contracts/vote-escrow/VoteEscrowCore.sol::VoteEscrowCore._isApprovedOrOwner(address,uint256)::LocalVariable::owner_1][$arg0]}
 writer root       -> contracts/vote-escrow/VoteEscrowCore.sol::VoteEscrowCore.merge(uint256,uint256)
 writer effect     -> contracts/vote-escrow/VoteEscrowCore.sol:654
 written member    -> ('MS', 'contracts/vote-escrow/VoteEscrowCore.sol', 'VoteEscrowCore.idToApprovals', '$arg1')
 potentially stale -> ('MS', 'contracts/vote-escrow/VoteEscrowCore.sol', 'VoteEscrowCore.idToOwner', '$arg1'), ('MS', 'contracts/vote-escrow/VoteEscrowCore.sol', 'VoteEscrowCore.ownerToOperators', '@local::contracts/vote-escrow/VoteEscrowCore.sol::VoteEscrowCore._isApprovedOrOwner(address,uint256)::LocalVariable::owner_1][$arg0')
 reader witnesses  -> 528
 storage exposures -> 2
[MV-SI candidate 27d1522d06c15bba0e51] {idToOwner[$arg1], ownerToOperators[@local::contracts/vote-escrow/VoteEscrowCore.sol::VoteEscrowCore.approve(address,uint256)::LocalVariable::owner_1][$sender]}
 writer root       -> contracts/vote-escrow/VoteEscrowCore.sol::VoteEscrowCore.safeTransferFrom(address,address,uint256,bytes)
 writer effect     -> contracts/vote-escrow/VoteEscrowCore.sol:508
 written member    -> ('MS', 'contracts/vote-escrow/VoteEscrowCore.sol', 'VoteEscrowCore.idToOwner', '$arg1')
 potentially stale -> ('MS', 'contracts/vote-escrow/VoteEscrowCore.sol', 'VoteEscrowCore.ownerToOperators', '@local::contracts/vote-escrow/VoteEscrowCore.sol::VoteEscrowCore.approve(address,uint256)::LocalVariable::owner_1][$sender')
 reader witnesses  -> 6
 storage exposures -> 2
[MV-SI candidate 27e55d5ee966237a244c] {MIN_VOTING_POWER_REQUIRED, user_point_epoch[$arg0], user_point_history[$arg0][@local::contracts/vote-escrow/VoteEscrowCore.sol::VoteEscrowCore._balanceOfNFT(uint256,uint256)::LocalVariable::_epoch_1]}
 writer root       -> contracts/vote-escrow/VoteEscrowCore.sol::VoteEscrowCore.withdraw(uint256)
 writer effect     -> contracts/vote-escrow/VoteEscrowCore.sol:820
 written member    -> ('MS', 'contracts/vote-escrow/VoteEscrowCore.sol', 'VoteEscrowCore.user_point_epoch', '$arg0')
 potentially stale -> ('MS', 'contracts/vote-escrow/VoteEscrowCore.sol', 'VoteEscrowCore.user_point_history', '$arg0][@local::contracts/vote-escrow/VoteEscrowCore.sol::VoteEscrowCore._balanceOfNFT(uint256,uint256)::LocalVariable::_epoch_1'), ('SV', 'contracts/vote-escrow/VoteEscrowDelegation.sol', 'VoteEscrow.MIN_VOTING_POWER_REQUIRED')
 reader witnesses  -> 2
 storage exposures -> 2
[MV-SI candidate 2dd5302be1dca1ba94bb] {ownerToNFTokenCount[$arg0], tokenToOwnerIndex[$arg1]}
 writer root       -> contracts/vote-escrow/VoteEscrowCore.sol::VoteEscrowCore.safeTransferFrom(address,address,uint256,bytes)
 writer effect     -> contracts/vote-escrow/VoteEscrowCore.sol:456
 written member    -> ('MS', 'contracts/vote-escrow/VoteEscrowCore.sol', 'VoteEscrowCore.tokenToOwnerIndex', '$arg1')
 potentially stale -> ('MS', 'contracts/vote-escrow/VoteEscrowCore.sol', 'VoteEscrowCore.ownerToNFTokenCount', '$arg0')
 reader witnesses  -> 34
 storage exposures -> 2
[MV-SI candidate 37a4a11c156deece5365] {ownerToNFTokenCount[$arg0], tokenToOwnerIndex[$arg1]}
 writer root       -> contracts/vote-escrow/VoteEscrowCore.sol::VoteEscrowCore.safeTransferFrom(address,address,uint256)
 writer effect     -> contracts/vote-escrow/VoteEscrowCore.sol:499
 written member    -> ('MS', 'contracts/vote-escrow/VoteEscrowCore.sol', 'VoteEscrowCore.ownerToNFTokenCount', '$arg0')
 potentially stale -> ('MS', 'contracts/vote-escrow/VoteEscrowCore.sol', 'VoteEscrowCore.tokenToOwnerIndex', '$arg1')
 reader witnesses  -> 10
 storage exposures -> 2
[MV-SI candidate 3b575379ad32911fd847] {idToApprovals[$arg1], idToOwner[$arg1], ownerToOperators[@local::contracts/vote-escrow/VoteEscrowCore.sol::VoteEscrowCore._isApprovedOrOwner(address,uint256)::LocalVariable::owner_1][$arg0]}
 writer root       -> contracts/vote-escrow/VoteEscrowCore.sol::VoteEscrowCore.create_lock(uint256,uint256)
 writer effect     -> contracts/vote-escrow/VoteEscrowCore.sol:495
 written member    -> ('MS', 'contracts/vote-escrow/VoteEscrowCore.sol', 'VoteEscrowCore.idToOwner', '$arg1')
 potentially stale -> ('MS', 'contracts/vote-escrow/VoteEscrowCore.sol', 'VoteEscrowCore.idToApprovals', '$arg1'), ('MS', 'contracts/vote-escrow/VoteEscrowCore.sol', 'VoteEscrowCore.ownerToOperators', '@local::contracts/vote-escrow/VoteEscrowCore.sol::VoteEscrowCore._isApprovedOrOwner(address,uint256)::LocalVariable::owner_1][$arg0')
 reader witnesses  -> 272
 storage exposures -> 2
[MV-SI candidate 3d726371137a473aec59] {idToOwner[$arg1], ownerToOperators[@local::contracts/vote-escrow/VoteEscrowCore.sol::VoteEscrowCore.approve(address,uint256)::LocalVariable::owner_1][$sender]}
 writer root       -> contracts/vote-escrow/VoteEscrowCore.sol::VoteEscrowCore.withdraw(uint256)
 writer effect     -> contracts/vote-escrow/VoteEscrowCore.sol:508
 written member    -> ('MS', 'contracts/vote-escrow/VoteEscrowCore.sol', 'VoteEscrowCore.idToOwner', '$arg1')
 potentially stale -> ('MS', 'contracts/vote-escrow/VoteEscrowCore.sol', 'VoteEscrowCore.ownerToOperators', '@local::contracts/vote-escrow/VoteEscrowCore.sol::VoteEscrowCore.approve(address,uint256)::LocalVariable::owner_1][$sender')
 reader witnesses  -> 6
 storage exposures -> 2
[MV-SI candidate 4151132e5c7565cf8b3d] {user_point_epoch[$arg0], user_point_history[$arg0][@local::contracts/vote-escrow/VoteEscrowCore.sol::VoteEscrowCore._balanceOfNFT(uint256,uint256)::LocalVariable::_epoch_1]}
 writer root       -> contracts/vote-escrow/VoteEscrowCore.sol::VoteEscrowCore.merge(uint256,uint256)
 writer effect     -> contracts/vote-escrow/VoteEscrowCore.sol:820
 written member    -> ('MS', 'contracts/vote-escrow/VoteEscrowCore.sol', 'VoteEscrowCore.user_point_epoch', '$arg0')
 potentially stale -> ('MS', 'contracts/vote-escrow/VoteEscrowCore.sol', 'VoteEscrowCore.user_point_history', '$arg0][@local::contracts/vote-escrow/VoteEscrowCore.sol::VoteEscrowCore._balanceOfNFT(uint256,uint256)::LocalVariable::_epoch_1')
 reader witnesses  -> 1
 storage exposures -> 1
[MV-SI candidate 4696a3ff8c0826a34104] {ownerToNFTokenCount[$arg0], tokenToOwnerIndex[$arg1]}
 writer root       -> contracts/vote-escrow/VoteEscrowCore.sol::VoteEscrowCore.safeTransferFrom(address,address,uint256,bytes)
 writer effect     -> contracts/vote-escrow/VoteEscrowCore.sol:471
 written member    -> ('MS', 'contracts/vote-escrow/VoteEscrowCore.sol', 'VoteEscrowCore.tokenToOwnerIndex', '$arg1')
 potentially stale -> ('MS', 'contracts/vote-escrow/VoteEscrowCore.sol', 'VoteEscrowCore.ownerToNFTokenCount', '$arg0')
 reader witnesses  -> 34
 storage exposures -> 2
[MV-SI candidate 48b34bc4273156bf783b] {locked[$arg0], locked[$arg1]}
 writer root       -> contracts/vote-escrow/VoteEscrowCore.sol::VoteEscrowCore.create_lock_for(uint256,uint256,address)
 writer effect     -> contracts/vote-escrow/VoteEscrowCore.sol:851
 written member    -> ('MS', 'contracts/vote-escrow/VoteEscrowCore.sol', 'VoteEscrowCore.locked', '$arg0')
 potentially stale -> ('MS', 'contracts/vote-escrow/VoteEscrowCore.sol', 'VoteEscrowCore.locked', '$arg1')
 reader witnesses  -> 2
 storage exposures -> 2
[MV-SI candidate 4de36d557ba705ef9a75] {ownerToNFTokenCount[$arg0], tokenToOwnerIndex[$arg1]}
 writer root       -> contracts/vote-escrow/VoteEscrowCore.sol::VoteEscrowCore.safeTransferFrom(address,address,uint256)
 writer effect     -> contracts/vote-escrow/VoteEscrowCore.sol:485
 written member    -> ('MS', 'contracts/vote-escrow/VoteEscrowCore.sol', 'VoteEscrowCore.tokenToOwnerIndex', '$arg1')
 potentially stale -> ('MS', 'contracts/vote-escrow/VoteEscrowCore.sol', 'VoteEscrowCore.ownerToNFTokenCount', '$arg0')
 reader witnesses  -> 34
 storage exposures -> 2
[MV-SI candidate 4e4af60cf90b68cbe9a2] {ownerToNFTokenCount[$arg0], tokenToOwnerIndex[$arg1]}
 writer root       -> contracts/vote-escrow/VoteEscrowCore.sol::VoteEscrowCore.create_lock(uint256,uint256)
 writer effect     -> contracts/vote-escrow/VoteEscrowCore.sol:456
 written member    -> ('MS', 'contracts/vote-escrow/VoteEscrowCore.sol', 'VoteEscrowCore.tokenToOwnerIndex', '$arg1')
 potentially stale -> ('MS', 'contracts/vote-escrow/VoteEscrowCore.sol', 'VoteEscrowCore.ownerToNFTokenCount', '$arg0')
 reader witnesses  -> 34
 storage exposures -> 2
[MV-SI candidate 57f5355e98d93d7eb4b9] {idToApprovals[$arg1], idToOwner[$arg1], ownerToOperators[@local::contracts/vote-escrow/VoteEscrowCore.sol::VoteEscrowCore._isApprovedOrOwner(address,uint256)::LocalVariable::owner_1][$arg0]}
 writer root       -> contracts/vote-escrow/VoteEscrowCore.sol::VoteEscrowCore.transferFrom(address,address,uint256)
 writer effect     -> contracts/vote-escrow/VoteEscrowCore.sol:495
 written member    -> ('MS', 'contracts/vote-escrow/VoteEscrowCore.sol', 'VoteEscrowCore.idToOwner', '$arg1')
 potentially stale -> ('MS', 'contracts/vote-escrow/VoteEscrowCore.sol', 'VoteEscrowCore.idToApprovals', '$arg1'), ('MS', 'contracts/vote-escrow/VoteEscrowCore.sol', 'VoteEscrowCore.ownerToOperators', '@local::contracts/vote-escrow/VoteEscrowCore.sol::VoteEscrowCore._isApprovedOrOwner(address,uint256)::LocalVariable::owner_1][$arg0')
 reader witnesses  -> 272
 storage exposures -> 2
[MV-SI candidate 57f79be8a99b80392cdd] {ownerToNFTokenCount[$arg0], tokenToOwnerIndex[$arg1]}
 writer root       -> contracts/vote-escrow/VoteEscrowCore.sol::VoteEscrowCore.safeTransferFrom(address,address,uint256)
 writer effect     -> contracts/vote-escrow/VoteEscrowCore.sol:456
 written member    -> ('MS', 'contracts/vote-escrow/VoteEscrowCore.sol', 'VoteEscrowCore.tokenToOwnerIndex', '$arg1')
 potentially stale -> ('MS', 'contracts/vote-escrow/VoteEscrowCore.sol', 'VoteEscrowCore.ownerToNFTokenCount', '$arg0')
 reader witnesses  -> 34
 storage exposures -> 2
[MV-SI candidate 58ac56492563e6fa971e] {ownerToNFTokenCount[$arg0], tokenToOwnerIndex[$arg1]}
 writer root       -> contracts/vote-escrow/VoteEscrowCore.sol::VoteEscrowCore.transferFrom(address,address,uint256)
 writer effect     -> contracts/vote-escrow/VoteEscrowCore.sol:456
 written member    -> ('MS', 'contracts/vote-escrow/VoteEscrowCore.sol', 'VoteEscrowCore.tokenToOwnerIndex', '$arg1')
 potentially stale -> ('MS', 'contracts/vote-escrow/VoteEscrowCore.sol', 'VoteEscrowCore.ownerToNFTokenCount', '$arg0')
 reader witnesses  -> 34
 storage exposures -> 2
[MV-SI candidate 5982f4f8708703c44f12] {locked[$arg0], locked[$arg1]}
 writer root       -> contracts/vote-escrow/VoteEscrowCore.sol::VoteEscrowCore.increase_unlock_time(uint256,uint256)
 writer effect     -> contracts/vote-escrow/VoteEscrowCore.sol:851
 written member    -> ('MS', 'contracts/vote-escrow/VoteEscrowCore.sol', 'VoteEscrowCore.locked', '$arg0')
 potentially stale -> ('MS', 'contracts/vote-escrow/VoteEscrowCore.sol', 'VoteEscrowCore.locked', '$arg1')
 reader witnesses  -> 2
 storage exposures -> 2
[MV-SI candidate 5b6b907928c960ed69ce] {attachments[$arg0], voted[$arg0]}
 writer root       -> contracts/vote-escrow/VoteEscrowCore.sol::VoteEscrowCore.abstain(uint256)
 writer effect     -> contracts/vote-escrow/VoteEscrowCore.sol:880
 written member    -> ('MS', 'contracts/vote-escrow/VoteEscrowCore.sol', 'VoteEscrowCore.voted', '$arg0')
 potentially stale -> ('MS', 'contracts/vote-escrow/VoteEscrowCore.sol', 'VoteEscrowCore.attachments', '$arg0')
 reader witnesses  -> 16
 storage exposures -> 2
[MV-SI candidate 5cd9dae7c830ccdce4b7] {ownerToNFTokenCount[$arg0], tokenToOwnerIndex[$arg1]}
 writer root       -> contracts/vote-escrow/VoteEscrowCore.sol::VoteEscrowCore.safeTransferFrom(address,address,uint256)
 writer effect     -> contracts/vote-escrow/VoteEscrowCore.sol:471
 written member    -> ('MS', 'contracts/vote-escrow/VoteEscrowCore.sol', 'VoteEscrowCore.tokenToOwnerIndex', '$arg1')
 potentially stale -> ('MS', 'contracts/vote-escrow/VoteEscrowCore.sol', 'VoteEscrowCore.ownerToNFTokenCount', '$arg0')
 reader witnesses  -> 34
 storage exposures -> 2
[MV-SI candidate 60c6354e6e61408f53cd] {MIN_VOTING_POWER_REQUIRED, user_point_epoch[$arg0], user_point_history[$arg0][@local::contracts/vote-escrow/VoteEscrowCore.sol::VoteEscrowCore._balanceOfNFT(uint256,uint256)::LocalVariable::_epoch_1]}
 writer root       -> contracts/vote-escrow/VoteEscrowCore.sol::VoteEscrowCore.merge(uint256,uint256)
 writer effect     -> contracts/vote-escrow/VoteEscrowCore.sol:820
 written member    -> ('MS', 'contracts/vote-escrow/VoteEscrowCore.sol', 'VoteEscrowCore.user_point_epoch', '$arg0')
 potentially stale -> ('MS', 'contracts/vote-escrow/VoteEscrowCore.sol', 'VoteEscrowCore.user_point_history', '$arg0][@local::contracts/vote-escrow/VoteEscrowCore.sol::VoteEscrowCore._balanceOfNFT(uint256,uint256)::LocalVariable::_epoch_1'), ('SV', 'contracts/vote-escrow/VoteEscrowDelegation.sol', 'VoteEscrow.MIN_VOTING_POWER_REQUIRED')
 reader witnesses  -> 2
 storage exposures -> 2
[MV-SI candidate 6364d98959e577e47854] {epoch, point_history[@local::contracts/vote-escrow/VoteEscrowCore.sol::VoteEscrowCore._checkpoint(uint256,LockedBalance,LockedBalance)::LocalVariable::_epoch_1]}
 writer root       -> contracts/vote-escrow/VoteEscrowCore.sol::VoteEscrowCore.merge(uint256,uint256)
 writer effect     -> contracts/vote-escrow/VoteEscrowCore.sol:778
 written member    -> ('SV', 'contracts/vote-escrow/VoteEscrowCore.sol', 'VoteEscrowCore.epoch')
 potentially stale -> ('MS', 'contracts/vote-escrow/VoteEscrowCore.sol', 'VoteEscrowCore.point_history', '@local::contracts/vote-escrow/VoteEscrowCore.sol::VoteEscrowCore._checkpoint(uint256,LockedBalance,LockedBalance)::LocalVariable::_epoch_1')
 reader witnesses  -> 48
 storage exposures -> 2
[MV-SI candidate 64340deabc643fe8add5] {idToOwner[$arg1], ownerToOperators[@local::contracts/vote-escrow/VoteEscrowCore.sol::VoteEscrowCore.approve(address,uint256)::LocalVariable::owner_1][$sender]}
 writer root       -> contracts/vote-escrow/VoteEscrowCore.sol::VoteEscrowCore.transferFrom(address,address,uint256)
 writer effect     -> contracts/vote-escrow/VoteEscrowCore.sol:508
 written member    -> ('MS', 'contracts/vote-escrow/VoteEscrowCore.sol', 'VoteEscrowCore.idToOwner', '$arg1')
 potentially stale -> ('MS', 'contracts/vote-escrow/VoteEscrowCore.sol', 'VoteEscrowCore.ownerToOperators', '@local::contracts/vote-escrow/VoteEscrowCore.sol::VoteEscrowCore.approve(address,uint256)::LocalVariable::owner_1][$sender')
 reader witnesses  -> 6
 storage exposures -> 2
[MV-SI candidate 6491b229aba14c1da2b9] {_operatorApprovals[$arg0][$arg1], _owners[$arg0], _tokenApprovals[$arg0]}
 writer root       -> @openzeppelin/contracts/token/ERC721/ERC721.sol::ERC721.setApprovalForAll(address,bool)
 writer effect     -> @openzeppelin/contracts/token/ERC721/ERC721.sol:374
 written member    -> ('MS', '@openzeppelin/contracts/token/ERC721/ERC721.sol', 'ERC721._operatorApprovals', '$arg0][$arg1')
 potentially stale -> ('MS', '@openzeppelin/contracts/token/ERC721/ERC721.sol', 'ERC721._owners', '$arg0'), ('MS', '@openzeppelin/contracts/token/ERC721/ERC721.sol', 'ERC721._tokenApprovals', '$arg0')
 reader witnesses  -> 42
 storage exposures -> 2
[MV-SI candidate 6544204d1583597f678b] {MIN_VOTING_POWER_REQUIRED, user_point_epoch[$arg0], user_point_history[$arg0][@local::contracts/vote-escrow/VoteEscrowCore.sol::VoteEscrowCore._balanceOfNFT(uint256,uint256)::LocalVariable::_epoch_1]}
 writer root       -> contracts/vote-escrow/VoteEscrowCore.sol::VoteEscrowCore.increase_unlock_time(uint256,uint256)
 writer effect     -> contracts/vote-escrow/VoteEscrowCore.sol:820
 written member    -> ('MS', 'contracts/vote-escrow/VoteEscrowCore.sol', 'VoteEscrowCore.user_point_epoch', '$arg0')
 potentially stale -> ('MS', 'contracts/vote-escrow/VoteEscrowCore.sol', 'VoteEscrowCore.user_point_history', '$arg0][@local::contracts/vote-escrow/VoteEscrowCore.sol::VoteEscrowCore._balanceOfNFT(uint256,uint256)::LocalVariable::_epoch_1'), ('SV', 'contracts/vote-escrow/VoteEscrowDelegation.sol', 'VoteEscrow.MIN_VOTING_POWER_REQUIRED')
 reader witnesses  -> 2
 storage exposures -> 2
[MV-SI candidate 677f2ce622692b74073b] {idToApprovals[$arg1], idToOwner[$arg1], ownerToOperators[@local::contracts/vote-escrow/VoteEscrowCore.sol::VoteEscrowCore._isApprovedOrOwner(address,uint256)::LocalVariable::owner_1][$arg0]}
 writer root       -> contracts/vote-escrow/VoteEscrowCore.sol::VoteEscrowCore.safeTransferFrom(address,address,uint256)
 writer effect     -> contracts/vote-escrow/VoteEscrowCore.sol:522
 written member    -> ('MS', 'contracts/vote-escrow/VoteEscrowCore.sol', 'VoteEscrowCore.idToApprovals', '$arg1')
 potentially stale -> ('MS', 'contracts/vote-escrow/VoteEscrowCore.sol', 'VoteEscrowCore.idToOwner', '$arg1'), ('MS', 'contracts/vote-escrow/VoteEscrowCore.sol', 'VoteEscrowCore.ownerToOperators', '@local::contracts/vote-escrow/VoteEscrowCore.sol::VoteEscrowCore._isApprovedOrOwner(address,uint256)::LocalVariable::owner_1][$arg0')
 reader witnesses  -> 528
 storage exposures -> 2
[MV-SI candidate 6babafa65d05d74d0ffa] {ownerToNFTokenCount[$arg0], tokenToOwnerIndex[$arg1]}
 writer root       -> contracts/vote-escrow/VoteEscrowCore.sol::VoteEscrowCore.withdraw(uint256)
 writer effect     -> contracts/vote-escrow/VoteEscrowCore.sol:512
 written member    -> ('MS', 'contracts/vote-escrow/VoteEscrowCore.sol', 'VoteEscrowCore.ownerToNFTokenCount', '$arg0')
 potentially stale -> ('MS', 'contracts/vote-escrow/VoteEscrowCore.sol', 'VoteEscrowCore.tokenToOwnerIndex', '$arg1')
 reader witnesses  -> 10
 storage exposures -> 2
[MV-SI candidate 70bf9dbdbb6d8fccc877] {ownerToNFTokenCount[$arg0], tokenToOwnerIndex[$arg1]}
 writer root       -> contracts/vote-escrow/VoteEscrowCore.sol::VoteEscrowCore.safeTransferFrom(address,address,uint256,bytes)
 writer effect     -> contracts/vote-escrow/VoteEscrowCore.sol:512
 written member    -> ('MS', 'contracts/vote-escrow/VoteEscrowCore.sol', 'VoteEscrowCore.ownerToNFTokenCount', '$arg0')
 potentially stale -> ('MS', 'contracts/vote-escrow/VoteEscrowCore.sol', 'VoteEscrowCore.tokenToOwnerIndex', '$arg1')
 reader witnesses  -> 10
 storage exposures -> 2
[MV-SI candidate 71103b05b45c05e5d16d] {idToOwner[$arg1], ownerToOperators[@local::contracts/vote-escrow/VoteEscrowCore.sol::VoteEscrowCore.approve(address,uint256)::LocalVariable::owner_1][$sender]}
 writer root       -> contracts/vote-escrow/VoteEscrowCore.sol::VoteEscrowCore.transferFrom(address,address,uint256)
 writer effect     -> contracts/vote-escrow/VoteEscrowCore.sol:495
 written member    -> ('MS', 'contracts/vote-escrow/VoteEscrowCore.sol', 'VoteEscrowCore.idToOwner', '$arg1')
 potentially stale -> ('MS', 'contracts/vote-escrow/VoteEscrowCore.sol', 'VoteEscrowCore.ownerToOperators', '@local::contracts/vote-escrow/VoteEscrowCore.sol::VoteEscrowCore.approve(address,uint256)::LocalVariable::owner_1][$sender')
 reader witnesses  -> 6
 storage exposures -> 2
[MV-SI candidate 7175cd8354fbba96ef98] {epoch, point_history[@local::contracts/vote-escrow/VoteEscrowCore.sol::VoteEscrowCore._checkpoint(uint256,LockedBalance,LockedBalance)::LocalVariable::_epoch_1]}
 writer root       -> contracts/vote-escrow/VoteEscrowCore.sol::VoteEscrowCore.checkpoint()
 writer effect     -> contracts/vote-escrow/VoteEscrowCore.sol:778
 written member    -> ('SV', 'contracts/vote-escrow/VoteEscrowCore.sol', 'VoteEscrowCore.epoch')
 potentially stale -> ('MS', 'contracts/vote-escrow/VoteEscrowCore.sol', 'VoteEscrowCore.point_history', '@local::contracts/vote-escrow/VoteEscrowCore.sol::VoteEscrowCore._checkpoint(uint256,LockedBalance,LockedBalance)::LocalVariable::_epoch_1')
 reader witnesses  -> 48
 storage exposures -> 2
[MV-SI candidate 72e787d7769918b0609c] {locked[$arg0], locked[$arg1]}
 writer root       -> contracts/vote-escrow/VoteEscrowCore.sol::VoteEscrowCore.increase_amount(uint256,uint256)
 writer effect     -> contracts/vote-escrow/VoteEscrowCore.sol:851
 written member    -> ('MS', 'contracts/vote-escrow/VoteEscrowCore.sol', 'VoteEscrowCore.locked', '$arg0')
 potentially stale -> ('MS', 'contracts/vote-escrow/VoteEscrowCore.sol', 'VoteEscrowCore.locked', '$arg1')
 reader witnesses  -> 2
 storage exposures -> 2
[MV-SI candidate 73b01bd7ee74384f2862] {epoch, point_history[@local::contracts/vote-escrow/VoteEscrowCore.sol::VoteEscrowCore._checkpoint(uint256,LockedBalance,LockedBalance)::LocalVariable::_epoch_1]}
 writer root       -> contracts/vote-escrow/VoteEscrowCore.sol::VoteEscrowCore.increase_amount(uint256,uint256)
 writer effect     -> contracts/vote-escrow/VoteEscrowCore.sol:778
 written member    -> ('SV', 'contracts/vote-escrow/VoteEscrowCore.sol', 'VoteEscrowCore.epoch')
 potentially stale -> ('MS', 'contracts/vote-escrow/VoteEscrowCore.sol', 'VoteEscrowCore.point_history', '@local::contracts/vote-escrow/VoteEscrowCore.sol::VoteEscrowCore._checkpoint(uint256,LockedBalance,LockedBalance)::LocalVariable::_epoch_1')
 reader witnesses  -> 48
 storage exposures -> 2
[MV-SI candidate 7704e5e0ad8ab436350a] {idToOwner[$arg1], ownerToOperators[@local::contracts/vote-escrow/VoteEscrowCore.sol::VoteEscrowCore.approve(address,uint256)::LocalVariable::owner_1][$sender]}
 writer root       -> contracts/vote-escrow/VoteEscrowCore.sol::VoteEscrowCore.safeTransferFrom(address,address,uint256,bytes)
 writer effect     -> contracts/vote-escrow/VoteEscrowCore.sol:495
 written member    -> ('MS', 'contracts/vote-escrow/VoteEscrowCore.sol', 'VoteEscrowCore.idToOwner', '$arg1')
 potentially stale -> ('MS', 'contracts/vote-escrow/VoteEscrowCore.sol', 'VoteEscrowCore.ownerToOperators', '@local::contracts/vote-escrow/VoteEscrowCore.sol::VoteEscrowCore.approve(address,uint256)::LocalVariable::owner_1][$sender')
 reader witnesses  -> 6
 storage exposures -> 2
[MV-SI candidate 776b3039cc1e32f8501c] {ownerToNFTokenCount[$arg0], tokenToOwnerIndex[$arg1]}
 writer root       -> contracts/vote-escrow/VoteEscrowCore.sol::VoteEscrowCore.create_lock(uint256,uint256)
 writer effect     -> contracts/vote-escrow/VoteEscrowCore.sol:499
 written member    -> ('MS', 'contracts/vote-escrow/VoteEscrowCore.sol', 'VoteEscrowCore.ownerToNFTokenCount', '$arg0')
 potentially stale -> ('MS', 'contracts/vote-escrow/VoteEscrowCore.sol', 'VoteEscrowCore.tokenToOwnerIndex', '$arg1')
 reader witnesses  -> 10
 storage exposures -> 2
[MV-SI candidate 7bd5c2df43d620428cbd] {ownerToNFTokenCount[$arg0], tokenToOwnerIndex[$arg1]}
 writer root       -> contracts/vote-escrow/VoteEscrowCore.sol::VoteEscrowCore.withdraw(uint256)
 writer effect     -> contracts/vote-escrow/VoteEscrowCore.sol:471
 written member    -> ('MS', 'contracts/vote-escrow/VoteEscrowCore.sol', 'VoteEscrowCore.tokenToOwnerIndex', '$arg1')
 potentially stale -> ('MS', 'contracts/vote-escrow/VoteEscrowCore.sol', 'VoteEscrowCore.ownerToNFTokenCount', '$arg0')
 reader witnesses  -> 34
 storage exposures -> 2
[MV-SI candidate 82e07759c56146e1f268] {idToOwner[$arg1], ownerToOperators[@local::contracts/vote-escrow/VoteEscrowCore.sol::VoteEscrowCore.approve(address,uint256)::LocalVariable::owner_1][$sender]}
 writer root       -> contracts/vote-escrow/VoteEscrowCore.sol::VoteEscrowCore.merge(uint256,uint256)
 writer effect     -> contracts/vote-escrow/VoteEscrowCore.sol:508
 written member    -> ('MS', 'contracts/vote-escrow/VoteEscrowCore.sol', 'VoteEscrowCore.idToOwner', '$arg1')
 potentially stale -> ('MS', 'contracts/vote-escrow/VoteEscrowCore.sol', 'VoteEscrowCore.ownerToOperators', '@local::contracts/vote-escrow/VoteEscrowCore.sol::VoteEscrowCore.approve(address,uint256)::LocalVariable::owner_1][$sender')
 reader witnesses  -> 6
 storage exposures -> 2
[MV-SI candidate 85b430b3a424eacb13b5] {idToApprovals[$arg1], idToOwner[$arg1], ownerToOperators[@local::contracts/vote-escrow/VoteEscrowCore.sol::VoteEscrowCore._isApprovedOrOwner(address,uint256)::LocalVariable::owner_1][$arg0]}
 writer root       -> contracts/vote-escrow/VoteEscrowCore.sol::VoteEscrowCore.safeTransferFrom(address,address,uint256)
 writer effect     -> contracts/vote-escrow/VoteEscrowCore.sol:508
 written member    -> ('MS', 'contracts/vote-escrow/VoteEscrowCore.sol', 'VoteEscrowCore.idToOwner', '$arg1')
 potentially stale -> ('MS', 'contracts/vote-escrow/VoteEscrowCore.sol', 'VoteEscrowCore.idToApprovals', '$arg1'), ('MS', 'contracts/vote-escrow/VoteEscrowCore.sol', 'VoteEscrowCore.ownerToOperators', '@local::contracts/vote-escrow/VoteEscrowCore.sol::VoteEscrowCore._isApprovedOrOwner(address,uint256)::LocalVariable::owner_1][$arg0')
 reader witnesses  -> 272
 storage exposures -> 2
[MV-SI candidate 8983dfaf1e3cbd3b259c] {ownerToNFTokenCount[$arg0], tokenToOwnerIndex[$arg1]}
 writer root       -> contracts/vote-escrow/VoteEscrowCore.sol::VoteEscrowCore.transferFrom(address,address,uint256)
 writer effect     -> contracts/vote-escrow/VoteEscrowCore.sol:499
 written member    -> ('MS', 'contracts/vote-escrow/VoteEscrowCore.sol', 'VoteEscrowCore.ownerToNFTokenCount', '$arg0')
 potentially stale -> ('MS', 'contracts/vote-escrow/VoteEscrowCore.sol', 'VoteEscrowCore.tokenToOwnerIndex', '$arg1')
 reader witnesses  -> 10
 storage exposures -> 2
[MV-SI candidate 8baedf88904adffaebf3] {idToApprovals[$arg1], idToOwner[$arg1], ownerToOperators[@local::contracts/vote-escrow/VoteEscrowCore.sol::VoteEscrowCore._isApprovedOrOwner(address,uint256)::LocalVariable::owner_1][$arg0]}
 writer root       -> contracts/vote-escrow/VoteEscrowCore.sol::VoteEscrowCore.withdraw(uint256)
 writer effect     -> contracts/vote-escrow/VoteEscrowCore.sol:654
 written member    -> ('MS', 'contracts/vote-escrow/VoteEscrowCore.sol', 'VoteEscrowCore.idToApprovals', '$arg1')
 potentially stale -> ('MS', 'contracts/vote-escrow/VoteEscrowCore.sol', 'VoteEscrowCore.idToOwner', '$arg1'), ('MS', 'contracts/vote-escrow/VoteEscrowCore.sol', 'VoteEscrowCore.ownerToOperators', '@local::contracts/vote-escrow/VoteEscrowCore.sol::VoteEscrowCore._isApprovedOrOwner(address,uint256)::LocalVariable::owner_1][$arg0')
 reader witnesses  -> 528
 storage exposures -> 2
[MV-SI candidate 8d1b74b19555a4b88702] {MIN_VOTING_POWER_REQUIRED, user_point_epoch[$arg0], user_point_history[$arg0][@local::contracts/vote-escrow/VoteEscrowCore.sol::VoteEscrowCore._balanceOfNFT(uint256,uint256)::LocalVariable::_epoch_1]}
 writer root       -> contracts/vote-escrow/VoteEscrowCore.sol::VoteEscrowCore.checkpoint()
 writer effect     -> contracts/vote-escrow/VoteEscrowCore.sol:820
 written member    -> ('MS', 'contracts/vote-escrow/VoteEscrowCore.sol', 'VoteEscrowCore.user_point_epoch', '$arg0')
 potentially stale -> ('MS', 'contracts/vote-escrow/VoteEscrowCore.sol', 'VoteEscrowCore.user_point_history', '$arg0][@local::contracts/vote-escrow/VoteEscrowCore.sol::VoteEscrowCore._balanceOfNFT(uint256,uint256)::LocalVariable::_epoch_1'), ('SV', 'contracts/vote-escrow/VoteEscrowDelegation.sol', 'VoteEscrow.MIN_VOTING_POWER_REQUIRED')
 reader witnesses  -> 2
 storage exposures -> 2
[MV-SI candidate 90c637e60bffb7627d93] {idToApprovals[$arg1], idToOwner[$arg1], ownerToOperators[@local::contracts/vote-escrow/VoteEscrowCore.sol::VoteEscrowCore._isApprovedOrOwner(address,uint256)::LocalVariable::owner_1][$arg0]}
 writer root       -> contracts/vote-escrow/VoteEscrowCore.sol::VoteEscrowCore.create_lock_for(uint256,uint256,address)
 writer effect     -> contracts/vote-escrow/VoteEscrowCore.sol:495
 written member    -> ('MS', 'contracts/vote-escrow/VoteEscrowCore.sol', 'VoteEscrowCore.idToOwner', '$arg1')
 potentially stale -> ('MS', 'contracts/vote-escrow/VoteEscrowCore.sol', 'VoteEscrowCore.idToApprovals', '$arg1'), ('MS', 'contracts/vote-escrow/VoteEscrowCore.sol', 'VoteEscrowCore.ownerToOperators', '@local::contracts/vote-escrow/VoteEscrowCore.sol::VoteEscrowCore._isApprovedOrOwner(address,uint256)::LocalVariable::owner_1][$arg0')
 reader witnesses  -> 272
 storage exposures -> 2
[MV-SI candidate 93d4f45e1fee420150ff] {idToApprovals[$arg1], idToOwner[$arg1], ownerToOperators[@local::contracts/vote-escrow/VoteEscrowCore.sol::VoteEscrowCore._isApprovedOrOwner(address,uint256)::LocalVariable::owner_1][$arg0]}
 writer root       -> contracts/vote-escrow/VoteEscrowCore.sol::VoteEscrowCore.transferFrom(address,address,uint256)
 writer effect     -> contracts/vote-escrow/VoteEscrowCore.sol:522
 written member    -> ('MS', 'contracts/vote-escrow/VoteEscrowCore.sol', 'VoteEscrowCore.idToApprovals', '$arg1')
 potentially stale -> ('MS', 'contracts/vote-escrow/VoteEscrowCore.sol', 'VoteEscrowCore.idToOwner', '$arg1'), ('MS', 'contracts/vote-escrow/VoteEscrowCore.sol', 'VoteEscrowCore.ownerToOperators', '@local::contracts/vote-escrow/VoteEscrowCore.sol::VoteEscrowCore._isApprovedOrOwner(address,uint256)::LocalVariable::owner_1][$arg0')
 reader witnesses  -> 528
 storage exposures -> 2
[MV-SI candidate 977bc91de5c2e87540de] {ownerToNFTokenCount[$arg0], tokenToOwnerIndex[$arg1]}
 writer root       -> contracts/vote-escrow/VoteEscrowCore.sol::VoteEscrowCore.merge(uint256,uint256)
 writer effect     -> contracts/vote-escrow/VoteEscrowCore.sol:485
 written member    -> ('MS', 'contracts/vote-escrow/VoteEscrowCore.sol', 'VoteEscrowCore.tokenToOwnerIndex', '$arg1')
 potentially stale -> ('MS', 'contracts/vote-escrow/VoteEscrowCore.sol', 'VoteEscrowCore.ownerToNFTokenCount', '$arg0')
 reader witnesses  -> 34
 storage exposures -> 2
[MV-SI candidate 98c7e7d0158b503e378e] {user_point_epoch[$arg0], user_point_history[$arg0][@local::contracts/vote-escrow/VoteEscrowCore.sol::VoteEscrowCore._balanceOfNFT(uint256,uint256)::LocalVariable::_epoch_1]}
 writer root       -> contracts/vote-escrow/VoteEscrowCore.sol::VoteEscrowCore.increase_unlock_time(uint256,uint256)
 writer effect     -> contracts/vote-escrow/VoteEscrowCore.sol:820
 written member    -> ('MS', 'contracts/vote-escrow/VoteEscrowCore.sol', 'VoteEscrowCore.user_point_epoch', '$arg0')
 potentially stale -> ('MS', 'contracts/vote-escrow/VoteEscrowCore.sol', 'VoteEscrowCore.user_point_history', '$arg0][@local::contracts/vote-escrow/VoteEscrowCore.sol::VoteEscrowCore._balanceOfNFT(uint256,uint256)::LocalVariable::_epoch_1')
 reader witnesses  -> 1
 storage exposures -> 1
[MV-SI candidate 99cd7e6b68fe538d9799] {idToApprovals[$arg1], idToOwner[$arg1], ownerToOperators[@local::contracts/vote-escrow/VoteEscrowCore.sol::VoteEscrowCore._isApprovedOrOwner(address,uint256)::LocalVariable::owner_1][$arg0]}
 writer root       -> contracts/vote-escrow/VoteEscrowCore.sol::VoteEscrowCore.safeTransferFrom(address,address,uint256,bytes)
 writer effect     -> contracts/vote-escrow/VoteEscrowCore.sol:522
 written member    -> ('MS', 'contracts/vote-escrow/VoteEscrowCore.sol', 'VoteEscrowCore.idToApprovals', '$arg1')
 potentially stale -> ('MS', 'contracts/vote-escrow/VoteEscrowCore.sol', 'VoteEscrowCore.idToOwner', '$arg1'), ('MS', 'contracts/vote-escrow/VoteEscrowCore.sol', 'VoteEscrowCore.ownerToOperators', '@local::contracts/vote-escrow/VoteEscrowCore.sol::VoteEscrowCore._isApprovedOrOwner(address,uint256)::LocalVariable::owner_1][$arg0')
 reader witnesses  -> 528
 storage exposures -> 2
[MV-SI candidate 9a563ba53d044ec81cc5] {user_point_epoch[$arg0], user_point_history[$arg0][@local::contracts/vote-escrow/VoteEscrowCore.sol::VoteEscrowCore._balanceOfNFT(uint256,uint256)::LocalVariable::_epoch_1]}
 writer root       -> contracts/vote-escrow/VoteEscrowCore.sol::VoteEscrowCore.withdraw(uint256)
 writer effect     -> contracts/vote-escrow/VoteEscrowCore.sol:820
 written member    -> ('MS', 'contracts/vote-escrow/VoteEscrowCore.sol', 'VoteEscrowCore.user_point_epoch', '$arg0')
 potentially stale -> ('MS', 'contracts/vote-escrow/VoteEscrowCore.sol', 'VoteEscrowCore.user_point_history', '$arg0][@local::contracts/vote-escrow/VoteEscrowCore.sol::VoteEscrowCore._balanceOfNFT(uint256,uint256)::LocalVariable::_epoch_1')
 reader witnesses  -> 1
 storage exposures -> 1
[MV-SI candidate 9d7c72fa6929dca6d39b] {epoch, point_history[@local::contracts/vote-escrow/VoteEscrowCore.sol::VoteEscrowCore._checkpoint(uint256,LockedBalance,LockedBalance)::LocalVariable::_epoch_1]}
 writer root       -> contracts/vote-escrow/VoteEscrowCore.sol::VoteEscrowCore.withdraw(uint256)
 writer effect     -> contracts/vote-escrow/VoteEscrowCore.sol:778
 written member    -> ('SV', 'contracts/vote-escrow/VoteEscrowCore.sol', 'VoteEscrowCore.epoch')
 potentially stale -> ('MS', 'contracts/vote-escrow/VoteEscrowCore.sol', 'VoteEscrowCore.point_history', '@local::contracts/vote-escrow/VoteEscrowCore.sol::VoteEscrowCore._checkpoint(uint256,LockedBalance,LockedBalance)::LocalVariable::_epoch_1')
 reader witnesses  -> 48
 storage exposures -> 2
[MV-SI candidate 9e1aa9b3508767c979aa] {MIN_VOTING_POWER_REQUIRED, user_point_epoch[$arg0], user_point_history[$arg0][@local::contracts/vote-escrow/VoteEscrowCore.sol::VoteEscrowCore._balanceOfNFT(uint256,uint256)::LocalVariable::_epoch_1]}
 writer root       -> contracts/vote-escrow/VoteEscrowCore.sol::VoteEscrowCore.increase_amount(uint256,uint256)
 writer effect     -> contracts/vote-escrow/VoteEscrowCore.sol:820
 written member    -> ('MS', 'contracts/vote-escrow/VoteEscrowCore.sol', 'VoteEscrowCore.user_point_epoch', '$arg0')
 potentially stale -> ('MS', 'contracts/vote-escrow/VoteEscrowCore.sol', 'VoteEscrowCore.user_point_history', '$arg0][@local::contracts/vote-escrow/VoteEscrowCore.sol::VoteEscrowCore._balanceOfNFT(uint256,uint256)::LocalVariable::_epoch_1'), ('SV', 'contracts/vote-escrow/VoteEscrowDelegation.sol', 'VoteEscrow.MIN_VOTING_POWER_REQUIRED')
 reader witnesses  -> 2
 storage exposures -> 2
[MV-SI candidate a0b14031f79c1d0c52db] {user_point_epoch[$arg0], user_point_history[$arg0][@local::contracts/vote-escrow/VoteEscrowCore.sol::VoteEscrowCore._balanceOfNFT(uint256,uint256)::LocalVariable::_epoch_1]}
 writer root       -> contracts/vote-escrow/VoteEscrowCore.sol::VoteEscrowCore.create_lock(uint256,uint256)
 writer effect     -> contracts/vote-escrow/VoteEscrowCore.sol:820
 written member    -> ('MS', 'contracts/vote-escrow/VoteEscrowCore.sol', 'VoteEscrowCore.user_point_epoch', '$arg0')
 potentially stale -> ('MS', 'contracts/vote-escrow/VoteEscrowCore.sol', 'VoteEscrowCore.user_point_history', '$arg0][@local::contracts/vote-escrow/VoteEscrowCore.sol::VoteEscrowCore._balanceOfNFT(uint256,uint256)::LocalVariable::_epoch_1')
 reader witnesses  -> 1
 storage exposures -> 1
[MV-SI candidate a925b02882c68f90ce0e] {epoch, epochTotalFee[@state::contracts/rewards/RewardDistributor.sol::RewardDistributor.epoch]}
 writer root       -> contracts/rewards/RewardDistributor.sol::RewardDistributor.addFee(address[2],uint256)
 writer effect     -> contracts/rewards/RewardDistributor.sol:118
 written member    -> ('SV', 'contracts/rewards/RewardDistributor.sol', 'RewardDistributor.epoch')
 potentially stale -> ('MS', 'contracts/rewards/RewardDistributor.sol', 'RewardDistributor.epochTotalFee', '@state::contracts/rewards/RewardDistributor.sol::RewardDistributor.epoch')
 reader witnesses  -> 2
 storage exposures -> 1
[MV-SI candidate ab841270c4b3e0de13de] {MIN_VOTING_POWER_REQUIRED, user_point_epoch[$arg0], user_point_history[$arg0][@local::contracts/vote-escrow/VoteEscrowCore.sol::VoteEscrowCore._balanceOfNFT(uint256,uint256)::LocalVariable::_epoch_1]}
 writer root       -> contracts/vote-escrow/VoteEscrowCore.sol::VoteEscrowCore.deposit_for(uint256,uint256)
 writer effect     -> contracts/vote-escrow/VoteEscrowCore.sol:820
 written member    -> ('MS', 'contracts/vote-escrow/VoteEscrowCore.sol', 'VoteEscrowCore.user_point_epoch', '$arg0')
 potentially stale -> ('MS', 'contracts/vote-escrow/VoteEscrowCore.sol', 'VoteEscrowCore.user_point_history', '$arg0][@local::contracts/vote-escrow/VoteEscrowCore.sol::VoteEscrowCore._balanceOfNFT(uint256,uint256)::LocalVariable::_epoch_1'), ('SV', 'contracts/vote-escrow/VoteEscrowDelegation.sol', 'VoteEscrow.MIN_VOTING_POWER_REQUIRED')
 reader witnesses  -> 2
 storage exposures -> 2
[MV-SI candidate ad3dd785b8eba6916813] {ownerToNFTokenCount[$arg0], tokenToOwnerIndex[$arg1]}
 writer root       -> contracts/vote-escrow/VoteEscrowCore.sol::VoteEscrowCore.transferFrom(address,address,uint256)
 writer effect     -> contracts/vote-escrow/VoteEscrowCore.sol:471
 written member    -> ('MS', 'contracts/vote-escrow/VoteEscrowCore.sol', 'VoteEscrowCore.tokenToOwnerIndex', '$arg1')
 potentially stale -> ('MS', 'contracts/vote-escrow/VoteEscrowCore.sol', 'VoteEscrowCore.ownerToNFTokenCount', '$arg0')
 reader witnesses  -> 34
 storage exposures -> 2
[MV-SI candidate b7ee8bcb303f3331193d] {idToApprovals[$arg1], idToOwner[$arg1], ownerToOperators[@local::contracts/vote-escrow/VoteEscrowCore.sol::VoteEscrowCore._isApprovedOrOwner(address,uint256)::LocalVariable::owner_1][$arg0]}
 writer root       -> contracts/vote-escrow/VoteEscrowCore.sol::VoteEscrowCore.approve(address,uint256)
 writer effect     -> contracts/vote-escrow/VoteEscrowCore.sol:654
 written member    -> ('MS', 'contracts/vote-escrow/VoteEscrowCore.sol', 'VoteEscrowCore.idToApprovals', '$arg1')
 potentially stale -> ('MS', 'contracts/vote-escrow/VoteEscrowCore.sol', 'VoteEscrowCore.idToOwner', '$arg1'), ('MS', 'contracts/vote-escrow/VoteEscrowCore.sol', 'VoteEscrowCore.ownerToOperators', '@local::contracts/vote-escrow/VoteEscrowCore.sol::VoteEscrowCore._isApprovedOrOwner(address,uint256)::LocalVariable::owner_1][$arg0')
 reader witnesses  -> 528
 storage exposures -> 2
[MV-SI candidate bd67777132d68aa13d4c] {user_point_epoch[$arg0], user_point_history[$arg0][@local::contracts/vote-escrow/VoteEscrowCore.sol::VoteEscrowCore._balanceOfNFT(uint256,uint256)::LocalVariable::_epoch_1]}
 writer root       -> contracts/vote-escrow/VoteEscrowCore.sol::VoteEscrowCore.checkpoint()
 writer effect     -> contracts/vote-escrow/VoteEscrowCore.sol:820
 written member    -> ('MS', 'contracts/vote-escrow/VoteEscrowCore.sol', 'VoteEscrowCore.user_point_epoch', '$arg0')
 potentially stale -> ('MS', 'contracts/vote-escrow/VoteEscrowCore.sol', 'VoteEscrowCore.user_point_history', '$arg0][@local::contracts/vote-escrow/VoteEscrowCore.sol::VoteEscrowCore._balanceOfNFT(uint256,uint256)::LocalVariable::_epoch_1')
 reader witnesses  -> 1
 storage exposures -> 1
[MV-SI candidate c82eba1d4ea1997a1157] {idToOwner[$arg1], ownerToOperators[@local::contracts/vote-escrow/VoteEscrowCore.sol::VoteEscrowCore.approve(address,uint256)::LocalVariable::owner_1][$sender]}
 writer root       -> contracts/vote-escrow/VoteEscrowCore.sol::VoteEscrowCore.safeTransferFrom(address,address,uint256)
 writer effect     -> contracts/vote-escrow/VoteEscrowCore.sol:508
 written member    -> ('MS', 'contracts/vote-escrow/VoteEscrowCore.sol', 'VoteEscrowCore.idToOwner', '$arg1')
 potentially stale -> ('MS', 'contracts/vote-escrow/VoteEscrowCore.sol', 'VoteEscrowCore.ownerToOperators', '@local::contracts/vote-escrow/VoteEscrowCore.sol::VoteEscrowCore.approve(address,uint256)::LocalVariable::owner_1][$sender')
 reader witnesses  -> 6
 storage exposures -> 2
[MV-SI candidate c8f1133acf9cabdc00e0] {epoch, point_history[@local::contracts/vote-escrow/VoteEscrowCore.sol::VoteEscrowCore._checkpoint(uint256,LockedBalance,LockedBalance)::LocalVariable::_epoch_1]}
 writer root       -> contracts/vote-escrow/VoteEscrowCore.sol::VoteEscrowCore.increase_unlock_time(uint256,uint256)
 writer effect     -> contracts/vote-escrow/VoteEscrowCore.sol:778
 written member    -> ('SV', 'contracts/vote-escrow/VoteEscrowCore.sol', 'VoteEscrowCore.epoch')
 potentially stale -> ('MS', 'contracts/vote-escrow/VoteEscrowCore.sol', 'VoteEscrowCore.point_history', '@local::contracts/vote-escrow/VoteEscrowCore.sol::VoteEscrowCore._checkpoint(uint256,LockedBalance,LockedBalance)::LocalVariable::_epoch_1')
 reader witnesses  -> 48
 storage exposures -> 2
[MV-SI candidate d056bdde87b0d7a7cc6f] {idToApprovals[$arg1], idToOwner[$arg1], ownerToOperators[@local::contracts/vote-escrow/VoteEscrowCore.sol::VoteEscrowCore._isApprovedOrOwner(address,uint256)::LocalVariable::owner_1][$arg0]}
 writer root       -> contracts/vote-escrow/VoteEscrowCore.sol::VoteEscrowCore.safeTransferFrom(address,address,uint256,bytes)
 writer effect     -> contracts/vote-escrow/VoteEscrowCore.sol:508
 written member    -> ('MS', 'contracts/vote-escrow/VoteEscrowCore.sol', 'VoteEscrowCore.idToOwner', '$arg1')
 potentially stale -> ('MS', 'contracts/vote-escrow/VoteEscrowCore.sol', 'VoteEscrowCore.idToApprovals', '$arg1'), ('MS', 'contracts/vote-escrow/VoteEscrowCore.sol', 'VoteEscrowCore.ownerToOperators', '@local::contracts/vote-escrow/VoteEscrowCore.sol::VoteEscrowCore._isApprovedOrOwner(address,uint256)::LocalVariable::owner_1][$arg0')
 reader witnesses  -> 272
 storage exposures -> 2
[MV-SI candidate d3c6c07b240e079c6e0f] {user_point_epoch[$arg0], user_point_history[$arg0][@local::contracts/vote-escrow/VoteEscrowCore.sol::VoteEscrowCore._balanceOfNFT(uint256,uint256)::LocalVariable::_epoch_1]}
 writer root       -> contracts/vote-escrow/VoteEscrowCore.sol::VoteEscrowCore.create_lock_for(uint256,uint256,address)
 writer effect     -> contracts/vote-escrow/VoteEscrowCore.sol:820
 written member    -> ('MS', 'contracts/vote-escrow/VoteEscrowCore.sol', 'VoteEscrowCore.user_point_epoch', '$arg0')
 potentially stale -> ('MS', 'contracts/vote-escrow/VoteEscrowCore.sol', 'VoteEscrowCore.user_point_history', '$arg0][@local::contracts/vote-escrow/VoteEscrowCore.sol::VoteEscrowCore._balanceOfNFT(uint256,uint256)::LocalVariable::_epoch_1')
 reader witnesses  -> 1
 storage exposures -> 1
[MV-SI candidate d8379e38a69086dee57b] {MIN_VOTING_POWER_REQUIRED, user_point_epoch[$arg0], user_point_history[$arg0][@local::contracts/vote-escrow/VoteEscrowCore.sol::VoteEscrowCore._balanceOfNFT(uint256,uint256)::LocalVariable::_epoch_1]}
 writer root       -> contracts/vote-escrow/VoteEscrowCore.sol::VoteEscrowCore.create_lock_for(uint256,uint256,address)
 writer effect     -> contracts/vote-escrow/VoteEscrowCore.sol:820
 written member    -> ('MS', 'contracts/vote-escrow/VoteEscrowCore.sol', 'VoteEscrowCore.user_point_epoch', '$arg0')
 potentially stale -> ('MS', 'contracts/vote-escrow/VoteEscrowCore.sol', 'VoteEscrowCore.user_point_history', '$arg0][@local::contracts/vote-escrow/VoteEscrowCore.sol::VoteEscrowCore._balanceOfNFT(uint256,uint256)::LocalVariable::_epoch_1'), ('SV', 'contracts/vote-escrow/VoteEscrowDelegation.sol', 'VoteEscrow.MIN_VOTING_POWER_REQUIRED')
 reader witnesses  -> 2
 storage exposures -> 2
[MV-SI candidate d8615147efae76417c38] {locked[$arg0], locked[$arg1]}
 writer root       -> contracts/vote-escrow/VoteEscrowCore.sol::VoteEscrowCore.merge(uint256,uint256)
 writer effect     -> contracts/vote-escrow/VoteEscrowCore.sol:904
 written member    -> ('MS', 'contracts/vote-escrow/VoteEscrowCore.sol', 'VoteEscrowCore.locked', '$arg0')
 potentially stale -> ('MS', 'contracts/vote-escrow/VoteEscrowCore.sol', 'VoteEscrowCore.locked', '$arg1')
 reader witnesses  -> 2
 storage exposures -> 2
[MV-SI candidate d8ae3fc92d84e5a22f6b] {ownerToNFTokenCount[$arg0], tokenToOwnerIndex[$arg1]}
 writer root       -> contracts/vote-escrow/VoteEscrowCore.sol::VoteEscrowCore.create_lock_for(uint256,uint256,address)
 writer effect     -> contracts/vote-escrow/VoteEscrowCore.sol:499
 written member    -> ('MS', 'contracts/vote-escrow/VoteEscrowCore.sol', 'VoteEscrowCore.ownerToNFTokenCount', '$arg0')
 potentially stale -> ('MS', 'contracts/vote-escrow/VoteEscrowCore.sol', 'VoteEscrowCore.tokenToOwnerIndex', '$arg1')
 reader witnesses  -> 10
 storage exposures -> 2
[MV-SI candidate d95306b64b2548e578b1] {locked[$arg0], locked[$arg1]}
 writer root       -> contracts/vote-escrow/VoteEscrowCore.sol::VoteEscrowCore.merge(uint256,uint256)
 writer effect     -> contracts/vote-escrow/VoteEscrowCore.sol:851
 written member    -> ('MS', 'contracts/vote-escrow/VoteEscrowCore.sol', 'VoteEscrowCore.locked', '$arg0')
 potentially stale -> ('MS', 'contracts/vote-escrow/VoteEscrowCore.sol', 'VoteEscrowCore.locked', '$arg1')
 reader witnesses  -> 2
 storage exposures -> 2
[MV-SI candidate dd931ec4da9fa9a7f41d] {idToOwner[$arg1], ownerToOperators[@local::contracts/vote-escrow/VoteEscrowCore.sol::VoteEscrowCore.approve(address,uint256)::LocalVariable::owner_1][$sender]}
 writer root       -> contracts/vote-escrow/VoteEscrowCore.sol::VoteEscrowCore.safeTransferFrom(address,address,uint256)
 writer effect     -> contracts/vote-escrow/VoteEscrowCore.sol:495
 written member    -> ('MS', 'contracts/vote-escrow/VoteEscrowCore.sol', 'VoteEscrowCore.idToOwner', '$arg1')
 potentially stale -> ('MS', 'contracts/vote-escrow/VoteEscrowCore.sol', 'VoteEscrowCore.ownerToOperators', '@local::contracts/vote-escrow/VoteEscrowCore.sol::VoteEscrowCore.approve(address,uint256)::LocalVariable::owner_1][$sender')
 reader witnesses  -> 6
 storage exposures -> 2
[MV-SI candidate de1beebd3a53218a4a15] {locked[$arg0], locked[$arg1]}
 writer root       -> contracts/vote-escrow/VoteEscrowCore.sol::VoteEscrowCore.deposit_for(uint256,uint256)
 writer effect     -> contracts/vote-escrow/VoteEscrowCore.sol:851
 written member    -> ('MS', 'contracts/vote-escrow/VoteEscrowCore.sol', 'VoteEscrowCore.locked', '$arg0')
 potentially stale -> ('MS', 'contracts/vote-escrow/VoteEscrowCore.sol', 'VoteEscrowCore.locked', '$arg1')
 reader witnesses  -> 2
 storage exposures -> 2
[MV-SI candidate e08a72ca769340bbfc20] {idToOwner[$arg1], ownerToOperators[@local::contracts/vote-escrow/VoteEscrowCore.sol::VoteEscrowCore.approve(address,uint256)::LocalVariable::owner_1][$sender]}
 writer root       -> contracts/vote-escrow/VoteEscrowCore.sol::VoteEscrowCore.create_lock_for(uint256,uint256,address)
 writer effect     -> contracts/vote-escrow/VoteEscrowCore.sol:495
 written member    -> ('MS', 'contracts/vote-escrow/VoteEscrowCore.sol', 'VoteEscrowCore.idToOwner', '$arg1')
 potentially stale -> ('MS', 'contracts/vote-escrow/VoteEscrowCore.sol', 'VoteEscrowCore.ownerToOperators', '@local::contracts/vote-escrow/VoteEscrowCore.sol::VoteEscrowCore.approve(address,uint256)::LocalVariable::owner_1][$sender')
 reader witnesses  -> 6
 storage exposures -> 2
[MV-SI candidate e33a120203c86a25fc02] {ownerToNFTokenCount[$arg0], tokenToOwnerIndex[$arg1]}
 writer root       -> contracts/vote-escrow/VoteEscrowCore.sol::VoteEscrowCore.safeTransferFrom(address,address,uint256)
 writer effect     -> contracts/vote-escrow/VoteEscrowCore.sol:512
 written member    -> ('MS', 'contracts/vote-escrow/VoteEscrowCore.sol', 'VoteEscrowCore.ownerToNFTokenCount', '$arg0')
 potentially stale -> ('MS', 'contracts/vote-escrow/VoteEscrowCore.sol', 'VoteEscrowCore.tokenToOwnerIndex', '$arg1')
 reader witnesses  -> 10
 storage exposures -> 2
[MV-SI candidate eb9fee40c7bc9acbb25f] {MIN_VOTING_POWER_REQUIRED, user_point_epoch[$arg0], user_point_history[$arg0][@local::contracts/vote-escrow/VoteEscrowCore.sol::VoteEscrowCore._balanceOfNFT(uint256,uint256)::LocalVariable::_epoch_1]}
 writer root       -> contracts/vote-escrow/VoteEscrowDelegation.sol::VoteEscrow.changeMinVotingPower(uint256)
 writer effect     -> contracts/vote-escrow/VoteEscrowDelegation.sol:261
 written member    -> ('SV', 'contracts/vote-escrow/VoteEscrowDelegation.sol', 'VoteEscrow.MIN_VOTING_POWER_REQUIRED')
 potentially stale -> ('MS', 'contracts/vote-escrow/VoteEscrowCore.sol', 'VoteEscrowCore.user_point_epoch', '$arg0'), ('MS', 'contracts/vote-escrow/VoteEscrowCore.sol', 'VoteEscrowCore.user_point_history', '$arg0][@local::contracts/vote-escrow/VoteEscrowCore.sol::VoteEscrowCore._balanceOfNFT(uint256,uint256)::LocalVariable::_epoch_1')
 reader witnesses  -> 8
 storage exposures -> 1
[MV-SI candidate ec2e3cf0a65ff091e685] {attachments[$arg0], voted[$arg0]}
 writer root       -> contracts/vote-escrow/VoteEscrowCore.sol::VoteEscrowCore.detach(uint256)
 writer effect     -> contracts/vote-escrow/VoteEscrowCore.sol:890
 written member    -> ('MS', 'contracts/vote-escrow/VoteEscrowCore.sol', 'VoteEscrowCore.attachments', '$arg0')
 potentially stale -> ('MS', 'contracts/vote-escrow/VoteEscrowCore.sol', 'VoteEscrowCore.voted', '$arg0')
 reader witnesses  -> 8
 storage exposures -> 2
[MV-SI candidate ec94f1c81013b904a245] {epoch, point_history[@local::contracts/vote-escrow/VoteEscrowCore.sol::VoteEscrowCore._checkpoint(uint256,LockedBalance,LockedBalance)::LocalVariable::_epoch_1]}
 writer root       -> contracts/vote-escrow/VoteEscrowCore.sol::VoteEscrowCore.create_lock(uint256,uint256)
 writer effect     -> contracts/vote-escrow/VoteEscrowCore.sol:778
 written member    -> ('SV', 'contracts/vote-escrow/VoteEscrowCore.sol', 'VoteEscrowCore.epoch')
 potentially stale -> ('MS', 'contracts/vote-escrow/VoteEscrowCore.sol', 'VoteEscrowCore.point_history', '@local::contracts/vote-escrow/VoteEscrowCore.sol::VoteEscrowCore._checkpoint(uint256,LockedBalance,LockedBalance)::LocalVariable::_epoch_1')
 reader witnesses  -> 48
 storage exposures -> 2
[MV-SI candidate f1da18ec8c679bba91b8] {attachments[$arg0], voted[$arg0]}
 writer root       -> contracts/vote-escrow/VoteEscrowCore.sol::VoteEscrowCore.voting(uint256)
 writer effect     -> contracts/vote-escrow/VoteEscrowCore.sol:875
 written member    -> ('MS', 'contracts/vote-escrow/VoteEscrowCore.sol', 'VoteEscrowCore.voted', '$arg0')
 potentially stale -> ('MS', 'contracts/vote-escrow/VoteEscrowCore.sol', 'VoteEscrowCore.attachments', '$arg0')
 reader witnesses  -> 16
 storage exposures -> 2
[MV-SI candidate f229c33f6e1e989653c3] {idToOwner[$arg1], ownerToOperators[@local::contracts/vote-escrow/VoteEscrowCore.sol::VoteEscrowCore.approve(address,uint256)::LocalVariable::owner_1][$sender]}
 writer root       -> contracts/vote-escrow/VoteEscrowCore.sol::VoteEscrowCore.create_lock(uint256,uint256)
 writer effect     -> contracts/vote-escrow/VoteEscrowCore.sol:495
 written member    -> ('MS', 'contracts/vote-escrow/VoteEscrowCore.sol', 'VoteEscrowCore.idToOwner', '$arg1')
 potentially stale -> ('MS', 'contracts/vote-escrow/VoteEscrowCore.sol', 'VoteEscrowCore.ownerToOperators', '@local::contracts/vote-escrow/VoteEscrowCore.sol::VoteEscrowCore.approve(address,uint256)::LocalVariable::owner_1][$sender')
 reader witnesses  -> 6
 storage exposures -> 2
[MV-SI candidate f32e81d05518358f257a] {epoch, startTime}
 writer root       -> contracts/rewards/RewardDistributor.sol::RewardDistributor.addFee(address[2],uint256)
 writer effect     -> contracts/rewards/RewardDistributor.sol:118
 written member    -> ('SV', 'contracts/rewards/RewardDistributor.sol', 'RewardDistributor.epoch')
 potentially stale -> ('SV', 'contracts/rewards/RewardDistributor.sol', 'RewardDistributor.startTime')
 reader witnesses  -> 1
 storage exposures -> 1
[MV-SI candidate f48cd87db99ce970deac] {ownerToNFTokenCount[$arg0], tokenToOwnerIndex[$arg1]}
 writer root       -> contracts/vote-escrow/VoteEscrowCore.sol::VoteEscrowCore.withdraw(uint256)
 writer effect     -> contracts/vote-escrow/VoteEscrowCore.sol:485
 written member    -> ('MS', 'contracts/vote-escrow/VoteEscrowCore.sol', 'VoteEscrowCore.tokenToOwnerIndex', '$arg1')
 potentially stale -> ('MS', 'contracts/vote-escrow/VoteEscrowCore.sol', 'VoteEscrowCore.ownerToNFTokenCount', '$arg0')
 reader witnesses  -> 34
 storage exposures -> 2
[MV-SI candidate f4b7aa56a1b30ff6f4ca] {ownerToNFTokenCount[$arg0], tokenToOwnerIndex[$arg1]}
 writer root       -> contracts/vote-escrow/VoteEscrowCore.sol::VoteEscrowCore.safeTransferFrom(address,address,uint256,bytes)
 writer effect     -> contracts/vote-escrow/VoteEscrowCore.sol:485
 written member    -> ('MS', 'contracts/vote-escrow/VoteEscrowCore.sol', 'VoteEscrowCore.tokenToOwnerIndex', '$arg1')
 potentially stale -> ('MS', 'contracts/vote-escrow/VoteEscrowCore.sol', 'VoteEscrowCore.ownerToNFTokenCount', '$arg0')
 reader witnesses  -> 34
 storage exposures -> 2
[MV-SI candidate f59ec0df32e4d6e08491] {_operatorApprovals[$arg0][$arg1], _owners[$arg0]}
 writer root       -> @openzeppelin/contracts/token/ERC721/ERC721.sol::ERC721.setApprovalForAll(address,bool)
 writer effect     -> @openzeppelin/contracts/token/ERC721/ERC721.sol:374
 written member    -> ('MS', '@openzeppelin/contracts/token/ERC721/ERC721.sol', 'ERC721._operatorApprovals', '$arg0][$arg1')
 potentially stale -> ('MS', '@openzeppelin/contracts/token/ERC721/ERC721.sol', 'ERC721._owners', '$arg0')
 reader witnesses  -> 15
 storage exposures -> 2Reference: https://github.com/crytic/slither/wiki/Detector-Documentation
INFO:Slither:. analyzed (66 contracts with 1 detectors), 93 result(s) found
