Problem executing hardhat to fetch configuration, using defaults: [Errno 2] No such file or directory: 'hardhat'
ERROR:ContractSolcParsing:Impossible to generate IR for Ladle._pour (contracts/Ladle.sol#211-235):
 'NoneType' object has no attribute 'parameters'
ERROR:ContractSolcParsing:Impossible to generate IR for Ladle.roll (contracts/Ladle.sol#326-361):
 'NoneType' object has no attribute 'parameters'
ERROR:ContractSolcParsing:Impossible to generate IR for ERC20Rewards._updateRewardsPerToken (contracts/utils/token/ERC20Rewards.sol#102-122):
 'NoneType' object has no attribute 'parameters'
ERROR:ContractSolcParsing:Impossible to generate IR for ERC20Rewards._updateUserRewards (contracts/utils/token/ERC20Rewards.sol#126-137):
 'NoneType' object has no attribute 'parameters'
ERROR:ContractSolcParsing:Impossible to generate IR for Pool._mintInternal (contracts/yieldspace/Pool.sol#246-313):
 'NoneType' object has no attribute 'parameters'
ERROR:ContractSolcParsing:Impossible to generate IR for Strategy._updateRewardsPerToken (contracts/utils/token/ERC20Rewards.sol#102-122):
 'NoneType' object has no attribute 'parameters'
ERROR:ContractSolcParsing:Impossible to generate IR for Strategy._updateUserRewards (contracts/utils/token/ERC20Rewards.sol#126-137):
 'NoneType' object has no attribute 'parameters'
[mvscan-config] {"ATOMIC_GROUP": [], "DIVERGENCE_BUDGET": 1000, "ENABLE_BRANCH_GROUPS": true, "ENABLE_EXTERNAL_STATE": true, "ENABLE_MULTI_RETURN_GROUPS": true, "MAPPING_MODE": "base_collapsed", "MERGE_OVERLOADS": false, "MVSCAN_ABLATION": "mapping_insensitive", "MVSCAN_CONTEXTUAL_KEYS": true, "MVSCAN_INCLUDE_SCALAR_WITNESSES": false, "MVSCAN_INTERFACE_DISPATCH": false, "MVSCAN_MAX_CONTEXTS_PER_OWNER_BLOCK": 128, "MVSCAN_MAX_DISPATCH_TARGETS": 16, "MVSCAN_REQUIRE_DISTINCT_OUTER_ROOTS": false, "MVSCAN_ROOT_CONTEXT_SINKS": false, "NOOP_WRITE_FILTER": true, "REQUIRE_SAME_SLOT_KEY": false, "SINK_TEST": "none", "USER_CALLABLE_ALWAYS": [], "USER_CALLABLE_DENY": []}
[mvscan-stage] icfg-built blocks=3183 vars=111
[mvscan-stage] root-seeding-done eligible_exposures=259 seeded=129 multi_exposure_entry_blocks=14 collapsed_contextual_aliases=130 excluded_dependency=0 excluded_interface=89 excluded_library=0 excluded_abstract=4 missing_entry_point=0 missing_entry_block=0
[mvscan-pairs] call_target_digest=3e3963a0967f3e45596ab8f5d9476f5100101b66584263dac31c52e9d5e20eb7 candidate_count=36 candidate_digest=fb3e40cd623ccd23edc1382d7faa8f672cb4ecd6918543148b2f6f1719595d57 context_instance_count=407 eligible_readers=240 eligible_writers=81 execution_context_digest=c4282c456a6158733b7946e5abf8d893a241396b9786f2efeb52052ea0f6bce8 insensitive_readers_filtered=121 invalid_partial_write_filtered=0 must_full_relation_filtered=1699 omitted_member_evidence_filtered=0 omitted_member_not_sensitive_filtered=460 owner_context_pairs=1295 owner_context_pairs_considered=22429 raw_block_pairs=1126 reader_witness_count=1295 relation_base_members_shadowed=0 relation_context_incompatible=3308 relation_digest=90224977050c9fa1616493bb89beb12dcd46f8c67f4e15d1694a95c2f1a0081f relation_members_raw=140 relation_origins_registered=19 relation_origins_rejected_unary_after_shadowing=98 relation_origins_rejected_unreachable=25 relation_origins_seen=117 root_context_sink_filtered=0 same_outer_root_filtered=0 same_static_block_filtered=52 scalar_variables_skipped=65 storage_context_mismatch=15667 variables_considered=84
INFO:Detectors:

[MV-SI candidate 022a46d4dd78e23a2fe9] {_totalSupply, rewardsPeriod}
 writer root       -> contracts/utils/token/ERC20Rewards.sol::ERC20Rewards.setRewards(IERC20,uint32,uint32,uint96)
 writer effect     -> contracts/utils/token/ERC20Rewards.sol:88
 written member    -> ('SV', 'contracts/utils/token/ERC20Rewards.sol', 'ERC20Rewards.rewardsPeriod')
 potentially stale -> ('SV', 'contracts/utils/token/ERC20.sol', 'ERC20._totalSupply')
 reader witnesses  -> 10
 storage exposures -> 2
[MV-SI candidate 0470ca3b3d2efb358ee1] {_totalSupply, baseCached, fyTokenCached}
 writer root       -> contracts/yieldspace/Pool.sol::Pool.sync()
 writer effect     -> contracts/yieldspace/Pool.sol:203
 written member    -> ('SV', 'contracts/yieldspace/Pool.sol', 'Pool.baseCached')
 potentially stale -> ('SV', 'contracts/utils/token/ERC20.sol', 'ERC20._totalSupply'), ('SV', 'contracts/yieldspace/Pool.sol', 'Pool.fyTokenCached')
 reader witnesses  -> 45
 storage exposures -> 1
[MV-SI candidate 0520699a156d76ba304f] {series, spotOracles}
 writer root       -> contracts/Cauldron.sol::Cauldron.setSpotOracle(bytes6,bytes6,IOracle,uint32)
 writer effect     -> contracts/Cauldron.sol:112
 written member    -> ('SV', 'contracts/Cauldron.sol', 'Cauldron.spotOracles')
 potentially stale -> ('SV', 'contracts/Cauldron.sol', 'Cauldron.series')
 reader witnesses  -> 7
 storage exposures -> 1
[MV-SI candidate 0e3a976d316a692e5a98] {series, spotOracles}
 writer root       -> contracts/Cauldron.sol::Cauldron.addSeries(bytes6,bytes6,IFYToken)
 writer effect     -> contracts/Cauldron.sol:131
 written member    -> ('SV', 'contracts/Cauldron.sol', 'Cauldron.series')
 potentially stale -> ('SV', 'contracts/Cauldron.sol', 'Cauldron.spotOracles')
 reader witnesses  -> 6
 storage exposures -> 1
[MV-SI candidate 12fe0877d95d6a17c553] {_balanceOf, _totalSupply}
 writer root       -> contracts/utils/token/ERC20.sol::ERC20.transfer(address,uint256)
 writer effect     -> contracts/utils/token/ERC20.sol:118
 written member    -> ('SV', 'contracts/utils/token/ERC20.sol', 'ERC20._balanceOf')
 potentially stale -> ('SV', 'contracts/utils/token/ERC20.sol', 'ERC20._totalSupply')
 reader witnesses  -> 147
 storage exposures -> 4
[MV-SI candidate 24f62f202295a70eaf64] {_totalSupply, baseCached, fyTokenCached}
 writer root       -> contracts/yieldspace/Pool.sol::Pool.buyBase(address,uint128,uint128)
 writer effect     -> contracts/yieldspace/Pool.sol:204
 written member    -> ('SV', 'contracts/yieldspace/Pool.sol', 'Pool.fyTokenCached')
 potentially stale -> ('SV', 'contracts/utils/token/ERC20.sol', 'ERC20._totalSupply'), ('SV', 'contracts/yieldspace/Pool.sol', 'Pool.baseCached')
 reader witnesses  -> 45
 storage exposures -> 1
[MV-SI candidate 2f31cd7ac099a8191e12] {cachedVaultId, joins}
 writer root       -> contracts/Ladle.sol::Ladle.build(bytes6,bytes6,uint8)
 writer effect     -> contracts/Ladle.sol:163
 written member    -> ('SV', 'contracts/Ladle.sol', 'Ladle.cachedVaultId')
 potentially stale -> ('SV', 'contracts/LadleStorage.sol', 'LadleStorage.joins')
 reader witnesses  -> 3
 storage exposures -> 1
[MV-SI candidate 35036640565ce0770bd7] {_totalSupply, baseCached, fyTokenCached}
 writer root       -> contracts/yieldspace/Pool.sol::Pool.buyFYToken(address,uint128,uint128)
 writer effect     -> contracts/yieldspace/Pool.sol:204
 written member    -> ('SV', 'contracts/yieldspace/Pool.sol', 'Pool.fyTokenCached')
 potentially stale -> ('SV', 'contracts/utils/token/ERC20.sol', 'ERC20._totalSupply'), ('SV', 'contracts/yieldspace/Pool.sol', 'Pool.baseCached')
 reader witnesses  -> 45
 storage exposures -> 1
[MV-SI candidate 3dd391b12f0097286a53] {_totalSupply, baseCached, fyTokenCached}
 writer root       -> contracts/yieldspace/Pool.sol::Pool.sellBase(address,uint128)
 writer effect     -> contracts/yieldspace/Pool.sol:203
 written member    -> ('SV', 'contracts/yieldspace/Pool.sol', 'Pool.baseCached')
 potentially stale -> ('SV', 'contracts/utils/token/ERC20.sol', 'ERC20._totalSupply'), ('SV', 'contracts/yieldspace/Pool.sol', 'Pool.fyTokenCached')
 reader witnesses  -> 45
 storage exposures -> 1
[MV-SI candidate 4a7d4d7746734df3567a] {_totalSupply, rewardsPeriod}
 writer root       -> contracts/yieldspace/Strategy.sol::Strategy.startPool()
 writer effect     -> contracts/utils/token/ERC20.sol:169
 written member    -> ('SV', 'contracts/utils/token/ERC20.sol', 'ERC20._totalSupply')
 potentially stale -> ('SV', 'contracts/utils/token/ERC20Rewards.sol', 'ERC20Rewards.rewardsPeriod')
 reader witnesses  -> 5
 storage exposures -> 1
[MV-SI candidate 4e20c1d9edbc135ab47e] {cachedVaultId, pools}
 writer root       -> contracts/Ladle.sol::Ladle.addPool(bytes6,IPool)
 writer effect     -> contracts/Ladle.sol:101
 written member    -> ('SV', 'contracts/LadleStorage.sol', 'LadleStorage.pools')
 potentially stale -> ('SV', 'contracts/Ladle.sol', 'Ladle.cachedVaultId')
 reader witnesses  -> 20
 storage exposures -> 1
[MV-SI candidate 545d8413df423f307e66] {_totalSupply, baseCached, fyTokenCached}
 writer root       -> contracts/yieldspace/Pool.sol::Pool.sellFYToken(address,uint128)
 writer effect     -> contracts/yieldspace/Pool.sol:204
 written member    -> ('SV', 'contracts/yieldspace/Pool.sol', 'Pool.fyTokenCached')
 potentially stale -> ('SV', 'contracts/utils/token/ERC20.sol', 'ERC20._totalSupply'), ('SV', 'contracts/yieldspace/Pool.sol', 'Pool.baseCached')
 reader witnesses  -> 45
 storage exposures -> 1
[MV-SI candidate 54c92ed24edb05513b2e] {cachedVaultId, joins}
 writer root       -> contracts/Ladle.sol::Ladle.addJoin(bytes6,IJoin)
 writer effect     -> contracts/Ladle.sol:88
 written member    -> ('SV', 'contracts/LadleStorage.sol', 'LadleStorage.joins')
 potentially stale -> ('SV', 'contracts/Ladle.sol', 'Ladle.cachedVaultId')
 reader witnesses  -> 20
 storage exposures -> 1
[MV-SI candidate 5a80d6e28b8fe8e0bbbf] {_totalSupply, rewardsPeriod}
 writer root       -> contracts/yieldspace/Strategy.sol::Strategy.mint(address)
 writer effect     -> contracts/utils/token/ERC20.sol:169
 written member    -> ('SV', 'contracts/utils/token/ERC20.sol', 'ERC20._totalSupply')
 potentially stale -> ('SV', 'contracts/utils/token/ERC20Rewards.sol', 'ERC20Rewards.rewardsPeriod')
 reader witnesses  -> 5
 storage exposures -> 1
[MV-SI candidate 63ef4c5fc394a1ad49f3] {series, vaults}
 writer root       -> contracts/Cauldron.sol::Cauldron.addSeries(bytes6,bytes6,IFYToken)
 writer effect     -> contracts/Cauldron.sol:131
 written member    -> ('SV', 'contracts/Cauldron.sol', 'Cauldron.series')
 potentially stale -> ('SV', 'contracts/Cauldron.sol', 'Cauldron.vaults')
 reader witnesses  -> 11
 storage exposures -> 1
[MV-SI candidate 642d8f72fad943078241] {series, vaults}
 writer root       -> contracts/Cauldron.sol::Cauldron.tweak(bytes12,bytes6,bytes6)
 writer effect     -> contracts/Cauldron.sol:201
 written member    -> ('SV', 'contracts/Cauldron.sol', 'Cauldron.vaults')
 potentially stale -> ('SV', 'contracts/Cauldron.sol', 'Cauldron.series')
 reader witnesses  -> 7
 storage exposures -> 1
[MV-SI candidate 7788e6487ccc853ab8f3] {series, vaults}
 writer root       -> contracts/Cauldron.sol::Cauldron.give(bytes12,address)
 writer effect     -> contracts/Cauldron.sol:233
 written member    -> ('SV', 'contracts/Cauldron.sol', 'Cauldron.vaults')
 potentially stale -> ('SV', 'contracts/Cauldron.sol', 'Cauldron.series')
 reader witnesses  -> 7
 storage exposures -> 1
[MV-SI candidate 82b8d509b18da0437d80] {_totalSupply, baseCached, fyTokenCached}
 writer root       -> contracts/yieldspace/Pool.sol::Pool.sync()
 writer effect     -> contracts/yieldspace/Pool.sol:204
 written member    -> ('SV', 'contracts/yieldspace/Pool.sol', 'Pool.fyTokenCached')
 potentially stale -> ('SV', 'contracts/utils/token/ERC20.sol', 'ERC20._totalSupply'), ('SV', 'contracts/yieldspace/Pool.sol', 'Pool.baseCached')
 reader witnesses  -> 45
 storage exposures -> 1
[MV-SI candidate 87c85f66ad86dc81f0e6] {series, vaults}
 writer root       -> contracts/Cauldron.sol::Cauldron.build(address,bytes12,bytes6,bytes6)
 writer effect     -> contracts/Cauldron.sol:177
 written member    -> ('SV', 'contracts/Cauldron.sol', 'Cauldron.vaults')
 potentially stale -> ('SV', 'contracts/Cauldron.sol', 'Cauldron.series')
 reader witnesses  -> 7
 storage exposures -> 1
[MV-SI candidate 8d636a7ba4e11bd1166c] {cachedVaultId, pools}
 writer root       -> contracts/Ladle.sol::Ladle.build(bytes6,bytes6,uint8)
 writer effect     -> contracts/Ladle.sol:163
 written member    -> ('SV', 'contracts/Ladle.sol', 'Ladle.cachedVaultId')
 potentially stale -> ('SV', 'contracts/LadleStorage.sol', 'LadleStorage.pools')
 reader witnesses  -> 6
 storage exposures -> 1
[MV-SI candidate 8d773af261e25e818775] {series, vaults}
 writer root       -> contracts/Cauldron.sol::Cauldron.roll(bytes12,bytes6,int128)
 writer effect     -> contracts/Cauldron.sol:201
 written member    -> ('SV', 'contracts/Cauldron.sol', 'Cauldron.vaults')
 potentially stale -> ('SV', 'contracts/Cauldron.sol', 'Cauldron.series')
 reader witnesses  -> 7
 storage exposures -> 1
[MV-SI candidate 8dac4f5791ffdf0d98fb] {series, vaults}
 writer root       -> contracts/Cauldron.sol::Cauldron.destroy(bytes12)
 writer effect     -> contracts/Cauldron.sol:189
 written member    -> ('SV', 'contracts/Cauldron.sol', 'Cauldron.vaults')
 potentially stale -> ('SV', 'contracts/Cauldron.sol', 'Cauldron.series')
 reader witnesses  -> 7
 storage exposures -> 1
[MV-SI candidate 9e19df3239f8907c3078] {_totalSupply, baseCached, fyTokenCached}
 writer root       -> contracts/yieldspace/Pool.sol::Pool.buyBase(address,uint128,uint128)
 writer effect     -> contracts/yieldspace/Pool.sol:203
 written member    -> ('SV', 'contracts/yieldspace/Pool.sol', 'Pool.baseCached')
 potentially stale -> ('SV', 'contracts/utils/token/ERC20.sol', 'ERC20._totalSupply'), ('SV', 'contracts/yieldspace/Pool.sol', 'Pool.fyTokenCached')
 reader witnesses  -> 45
 storage exposures -> 1
[MV-SI candidate 9ed602751b1aa7af2918] {_totalSupply, rewardsPeriod}
 writer root       -> contracts/utils/token/ERC20Rewards.sol::ERC20Rewards.setRewards(IERC20,uint32,uint32,uint96)
 writer effect     -> contracts/utils/token/ERC20Rewards.sol:87
 written member    -> ('SV', 'contracts/utils/token/ERC20Rewards.sol', 'ERC20Rewards.rewardsPeriod')
 potentially stale -> ('SV', 'contracts/utils/token/ERC20.sol', 'ERC20._totalSupply')
 reader witnesses  -> 10
 storage exposures -> 2
[MV-SI candidate a0b9b589560d18226849] {series, vaults}
 writer root       -> contracts/Cauldron.sol::Cauldron.grab(bytes12,address)
 writer effect     -> contracts/Cauldron.sol:233
 written member    -> ('SV', 'contracts/Cauldron.sol', 'Cauldron.vaults')
 potentially stale -> ('SV', 'contracts/Cauldron.sol', 'Cauldron.series')
 reader witnesses  -> 7
 storage exposures -> 1
[MV-SI candidate a7f140351bb1de354e40] {cachedVaultId, joins}
 writer root       -> contracts/Ladle.sol::Ladle.batch(bytes[])
 writer effect     -> contracts/Ladle.sol:136
 written member    -> ('SV', 'contracts/Ladle.sol', 'Ladle.cachedVaultId')
 potentially stale -> ('SV', 'contracts/LadleStorage.sol', 'LadleStorage.joins')
 reader witnesses  -> 3
 storage exposures -> 1
[MV-SI candidate b42304a6b9100a786e13] {cachedVaultId, pools}
 writer root       -> contracts/Ladle.sol::Ladle.batch(bytes[])
 writer effect     -> contracts/Ladle.sol:136
 written member    -> ('SV', 'contracts/Ladle.sol', 'Ladle.cachedVaultId')
 potentially stale -> ('SV', 'contracts/LadleStorage.sol', 'LadleStorage.pools')
 reader witnesses  -> 6
 storage exposures -> 1
[MV-SI candidate b7579079773b5e25debf] {_balanceOf, _totalSupply}
 writer root       -> contracts/utils/token/ERC20.sol::ERC20.transferFrom(address,address,uint256)
 writer effect     -> contracts/utils/token/ERC20.sol:118
 written member    -> ('SV', 'contracts/utils/token/ERC20.sol', 'ERC20._balanceOf')
 potentially stale -> ('SV', 'contracts/utils/token/ERC20.sol', 'ERC20._totalSupply')
 reader witnesses  -> 147
 storage exposures -> 4
[MV-SI candidate c3572b90ebd67edf38b4] {_totalSupply, rewardsPeriod}
 writer root       -> contracts/yieldspace/Strategy.sol::Strategy.burn(address)
 writer effect     -> contracts/utils/token/ERC20.sol:191
 written member    -> ('SV', 'contracts/utils/token/ERC20.sol', 'ERC20._totalSupply')
 potentially stale -> ('SV', 'contracts/utils/token/ERC20Rewards.sol', 'ERC20Rewards.rewardsPeriod')
 reader witnesses  -> 5
 storage exposures -> 1
[MV-SI candidate c4b58996742c37001291] {_totalSupply, baseCached, fyTokenCached}
 writer root       -> contracts/yieldspace/Pool.sol::Pool.sellBase(address,uint128)
 writer effect     -> contracts/yieldspace/Pool.sol:204
 written member    -> ('SV', 'contracts/yieldspace/Pool.sol', 'Pool.fyTokenCached')
 potentially stale -> ('SV', 'contracts/utils/token/ERC20.sol', 'ERC20._totalSupply'), ('SV', 'contracts/yieldspace/Pool.sol', 'Pool.baseCached')
 reader witnesses  -> 45
 storage exposures -> 1
[MV-SI candidate c73991fcd9c322e72303] {_balanceOf, _totalSupply}
 writer root       -> contracts/utils/token/ERC20.sol::ERC20.transfer(address,uint256)
 writer effect     -> contracts/utils/token/ERC20.sol:117
 written member    -> ('SV', 'contracts/utils/token/ERC20.sol', 'ERC20._balanceOf')
 potentially stale -> ('SV', 'contracts/utils/token/ERC20.sol', 'ERC20._totalSupply')
 reader witnesses  -> 147
 storage exposures -> 4
[MV-SI candidate c74de6c09fcf7210c727] {_totalSupply, baseCached, fyTokenCached}
 writer root       -> contracts/yieldspace/Pool.sol::Pool.buyFYToken(address,uint128,uint128)
 writer effect     -> contracts/yieldspace/Pool.sol:203
 written member    -> ('SV', 'contracts/yieldspace/Pool.sol', 'Pool.baseCached')
 potentially stale -> ('SV', 'contracts/utils/token/ERC20.sol', 'ERC20._totalSupply'), ('SV', 'contracts/yieldspace/Pool.sol', 'Pool.fyTokenCached')
 reader witnesses  -> 45
 storage exposures -> 1
[MV-SI candidate d77e3445d793d16576f8] {_balanceOf, _totalSupply}
 writer root       -> contracts/yieldspace/Strategy.sol::Strategy.startPool()
 writer effect     -> contracts/utils/token/ERC20.sol:169
 written member    -> ('SV', 'contracts/utils/token/ERC20.sol', 'ERC20._totalSupply')
 potentially stale -> ('SV', 'contracts/utils/token/ERC20.sol', 'ERC20._balanceOf')
 reader witnesses  -> 35
 storage exposures -> 1
[MV-SI candidate dff6408d81b32d35616e] {_balanceOf, _totalSupply}
 writer root       -> contracts/utils/token/ERC20.sol::ERC20.transferFrom(address,address,uint256)
 writer effect     -> contracts/utils/token/ERC20.sol:117
 written member    -> ('SV', 'contracts/utils/token/ERC20.sol', 'ERC20._balanceOf')
 potentially stale -> ('SV', 'contracts/utils/token/ERC20.sol', 'ERC20._totalSupply')
 reader witnesses  -> 147
 storage exposures -> 4
[MV-SI candidate f65f5fd099db2f551f18] {_balanceOf, _totalSupply}
 writer root       -> contracts/yieldspace/Strategy.sol::Strategy.startPool()
 writer effect     -> contracts/utils/token/ERC20.sol:168
 written member    -> ('SV', 'contracts/utils/token/ERC20.sol', 'ERC20._balanceOf')
 potentially stale -> ('SV', 'contracts/utils/token/ERC20.sol', 'ERC20._totalSupply')
 reader witnesses  -> 63
 storage exposures -> 1
[MV-SI candidate fd0d09d5cc22a7ea170f] {_totalSupply, baseCached, fyTokenCached}
 writer root       -> contracts/yieldspace/Pool.sol::Pool.sellFYToken(address,uint128)
 writer effect     -> contracts/yieldspace/Pool.sol:203
 written member    -> ('SV', 'contracts/yieldspace/Pool.sol', 'Pool.baseCached')
 potentially stale -> ('SV', 'contracts/utils/token/ERC20.sol', 'ERC20._totalSupply'), ('SV', 'contracts/yieldspace/Pool.sol', 'Pool.fyTokenCached')
 reader witnesses  -> 45
 storage exposures -> 1Reference: https://github.com/crytic/slither/wiki/Detector-Documentation
[mvscan-config] {"ATOMIC_GROUP": [], "DIVERGENCE_BUDGET": 1000, "ENABLE_BRANCH_GROUPS": true, "ENABLE_EXTERNAL_STATE": true, "ENABLE_MULTI_RETURN_GROUPS": true, "MAPPING_MODE": "base_collapsed", "MERGE_OVERLOADS": false, "MVSCAN_ABLATION": "mapping_insensitive", "MVSCAN_CONTEXTUAL_KEYS": true, "MVSCAN_INCLUDE_SCALAR_WITNESSES": false, "MVSCAN_INTERFACE_DISPATCH": false, "MVSCAN_MAX_CONTEXTS_PER_OWNER_BLOCK": 128, "MVSCAN_MAX_DISPATCH_TARGETS": 16, "MVSCAN_REQUIRE_DISTINCT_OUTER_ROOTS": false, "MVSCAN_ROOT_CONTEXT_SINKS": false, "NOOP_WRITE_FILTER": true, "REQUIRE_SAME_SLOT_KEY": false, "SINK_TEST": "none", "USER_CALLABLE_ALWAYS": [], "USER_CALLABLE_DENY": []}
[mvscan-stage] icfg-built blocks=0 vars=0
[mvscan-stage] root-seeding-done eligible_exposures=0 seeded=0 multi_exposure_entry_blocks=0 collapsed_contextual_aliases=0 excluded_dependency=0 excluded_interface=0 excluded_library=0 excluded_abstract=0 missing_entry_point=0 missing_entry_block=0
[mvscan-pairs] call_target_digest=4f53cda18c2baa0c0354bb5f9a3ecbe5ed12ab4d8e11ba873c2f11161202b945 candidate_count=0 candidate_digest=4f53cda18c2baa0c0354bb5f9a3ecbe5ed12ab4d8e11ba873c2f11161202b945 context_instance_count=0 execution_context_digest=4f53cda18c2baa0c0354bb5f9a3ecbe5ed12ab4d8e11ba873c2f11161202b945 invalid_partial_write_filtered=0 must_full_relation_filtered=0 omitted_member_evidence_filtered=0 omitted_member_not_sensitive_filtered=0 owner_context_pairs=0 owner_context_pairs_considered=0 reader_witness_count=0 relation_context_incompatible=0 relation_digest=4f53cda18c2baa0c0354bb5f9a3ecbe5ed12ab4d8e11ba873c2f11161202b945 root_context_sink_filtered=0 same_outer_root_filtered=0 storage_context_mismatch=0
[mvscan-config] {"ATOMIC_GROUP": [], "DIVERGENCE_BUDGET": 1000, "ENABLE_BRANCH_GROUPS": true, "ENABLE_EXTERNAL_STATE": true, "ENABLE_MULTI_RETURN_GROUPS": true, "MAPPING_MODE": "base_collapsed", "MERGE_OVERLOADS": false, "MVSCAN_ABLATION": "mapping_insensitive", "MVSCAN_CONTEXTUAL_KEYS": true, "MVSCAN_INCLUDE_SCALAR_WITNESSES": false, "MVSCAN_INTERFACE_DISPATCH": false, "MVSCAN_MAX_CONTEXTS_PER_OWNER_BLOCK": 128, "MVSCAN_MAX_DISPATCH_TARGETS": 16, "MVSCAN_REQUIRE_DISTINCT_OUTER_ROOTS": false, "MVSCAN_ROOT_CONTEXT_SINKS": false, "NOOP_WRITE_FILTER": true, "REQUIRE_SAME_SLOT_KEY": false, "SINK_TEST": "none", "USER_CALLABLE_ALWAYS": [], "USER_CALLABLE_DENY": []}
[mvscan-stage] icfg-built blocks=4 vars=0
[mvscan-stage] root-seeding-done eligible_exposures=0 seeded=0 multi_exposure_entry_blocks=0 collapsed_contextual_aliases=0 excluded_dependency=0 excluded_interface=0 excluded_library=0 excluded_abstract=0 missing_entry_point=0 missing_entry_block=0
[mvscan-pairs] call_target_digest=4f53cda18c2baa0c0354bb5f9a3ecbe5ed12ab4d8e11ba873c2f11161202b945 candidate_count=0 candidate_digest=4f53cda18c2baa0c0354bb5f9a3ecbe5ed12ab4d8e11ba873c2f11161202b945 context_instance_count=0 execution_context_digest=4f53cda18c2baa0c0354bb5f9a3ecbe5ed12ab4d8e11ba873c2f11161202b945 invalid_partial_write_filtered=0 must_full_relation_filtered=0 omitted_member_evidence_filtered=0 omitted_member_not_sensitive_filtered=0 owner_context_pairs=0 owner_context_pairs_considered=0 reader_witness_count=0 relation_context_incompatible=0 relation_digest=4f53cda18c2baa0c0354bb5f9a3ecbe5ed12ab4d8e11ba873c2f11161202b945 root_context_sink_filtered=0 same_outer_root_filtered=0 storage_context_mismatch=0
INFO:Slither:. analyzed (76 contracts with 1 detectors), 36 result(s) found
