'/tmp/.svm/0.8.16/solc-0.8.16 --version' running
'solc --standard-json --allow-paths /tmp/analysis-input' running
Warning: Warning: Contract code size is 35203 bytes and exceeds 24576 bytes (a limit introduced in Spurious Dragon). This contract may not be deployable on Mainnet. Consider enabling the optimizer (with a low "runs" value!), turning off revert strings, or using libraries.
  --> node_modules/@chainlink/contracts/src/v0.8/VRFCoordinatorV2.sol:14:1:
   |
14 | contract VRFCoordinatorV2 is
   | ^ (Relevant source part starts here and spans across multiple lines).



[mvscan-config] {"ATOMIC_GROUP": [], "DIVERGENCE_BUDGET": 1000, "ENABLE_BRANCH_GROUPS": true, "ENABLE_EXTERNAL_STATE": true, "ENABLE_MULTI_RETURN_GROUPS": true, "MAPPING_MODE": "precise", "MERGE_OVERLOADS": false, "MVSCAN_ABLATION": "full", "MVSCAN_CONTEXTUAL_KEYS": false, "MVSCAN_INCLUDE_SCALAR_WITNESSES": false, "MVSCAN_INTERFACE_DISPATCH": false, "MVSCAN_MAX_CONTEXTS_PER_OWNER_BLOCK": 128, "MVSCAN_MAX_DISPATCH_TARGETS": 16, "MVSCAN_REQUIRE_DISTINCT_OUTER_ROOTS": false, "MVSCAN_ROOT_CONTEXT_SINKS": false, "NOOP_WRITE_FILTER": true, "REQUIRE_SAME_SLOT_KEY": true, "SINK_TEST": "none", "USER_CALLABLE_ALWAYS": [], "USER_CALLABLE_DENY": []}
[mvscan-stage] icfg-built blocks=1105 vars=65
[mvscan-stage] root-seeding-done eligible_exposures=45 seeded=34 multi_exposure_entry_blocks=9 collapsed_contextual_aliases=11 excluded_dependency=0 excluded_interface=38 excluded_library=0 excluded_abstract=10 missing_entry_point=0 missing_entry_block=0
[mvscan-pairs] call_target_digest=9cfba9af113e44f75e62e87402da40e6aca53947bdcf26ba4030f71b1330ae9f candidate_count=34 candidate_digest=1022f54039f594352518f6ede261a0df8359e4c41a40daf8065f1380fc8cbc31 context_instance_count=194 eligible_readers=58 eligible_writers=50 execution_context_digest=55fdb1cf87c380ac6c4155f52d82f36eaefdee5f4195afaea99c83270455f443 insensitive_readers_filtered=26 invalid_partial_write_filtered=0 must_full_relation_filtered=30 omitted_member_evidence_filtered=0 omitted_member_not_sensitive_filtered=139 owner_context_pairs=221 owner_context_pairs_considered=398 raw_block_pairs=488 reader_witness_count=221 relation_base_members_shadowed=1 relation_context_incompatible=0 relation_digest=e51638907751aaff9f75a8763e3bebc97b3ee22e614ff71e8c4b290dcac40fcd relation_evidence_edges=286 relation_incompatible=217 relation_members_raw=70 relation_origins_registered=7 relation_origins_rejected_unary_after_shadowing=53 relation_origins_rejected_unreachable=33 relation_origins_seen=60 root_context_sink_filtered=0 same_outer_root_filtered=0 same_static_block_filtered=25 scalar_variables_skipped=32 storage_context_mismatch=8 variables_considered=39
INFO:Detectors:

[MV-SI candidate 07c7f8391e6c00d0f299] {s_consumers, s_provingKeyHashes, s_requestCommitments[@local::node_modules/@chainlink/contracts/src/v0.8/VRFCoordinatorV2.sol::VRFCoordinatorV2.pendingRequestExists(uint64)::LocalVariableInitFromTuple::reqId_1]}
 writer root       -> node_modules/@chainlink/contracts/src/v0.8/VRFCoordinatorV2.sol::VRFCoordinatorV2.registerProvingKey(address,uint256[2])
 writer effect     -> node_modules/@chainlink/contracts/src/v0.8/VRFCoordinatorV2.sol:187
 written member    -> ('SV', 'node_modules/@chainlink/contracts/src/v0.8/VRFCoordinatorV2.sol', 'VRFCoordinatorV2.s_provingKeyHashes')
 potentially stale -> ('MS', 'node_modules/@chainlink/contracts/src/v0.8/VRFCoordinatorV2.sol', 'VRFCoordinatorV2.s_requestCommitments', '@local::node_modules/@chainlink/contracts/src/v0.8/VRFCoordinatorV2.sol::VRFCoordinatorV2.pendingRequestExists(uint64)::LocalVariableInitFromTuple::reqId_1'), ('SV', 'node_modules/@chainlink/contracts/src/v0.8/VRFCoordinatorV2.sol', 'VRFCoordinatorV2.s_consumers')
 reader witnesses  -> 1
 storage exposures -> 1
[MV-SI candidate 0d8a0b20db702bfd4857] {s_config, s_fallbackWeiPerUnitLink, s_subscriptions}
 writer root       -> node_modules/@chainlink/contracts/src/v0.8/VRFCoordinatorV2.sol::VRFCoordinatorV2.fulfillRandomWords(VRF.Proof,VRFCoordinatorV2.RequestCommitment)
 writer effect     -> node_modules/@chainlink/contracts/src/v0.8/VRFCoordinatorV2.sol:580
 written member    -> ('SV', 'node_modules/@chainlink/contracts/src/v0.8/VRFCoordinatorV2.sol', 'VRFCoordinatorV2.s_subscriptions')
 potentially stale -> ('SV', 'node_modules/@chainlink/contracts/src/v0.8/VRFCoordinatorV2.sol', 'VRFCoordinatorV2.s_config'), ('SV', 'node_modules/@chainlink/contracts/src/v0.8/VRFCoordinatorV2.sol', 'VRFCoordinatorV2.s_fallbackWeiPerUnitLink')
 reader witnesses  -> 15
 storage exposures -> 1
[MV-SI candidate 1143d9a9dfa7e0edb25a] {s_consumers, s_provingKeyHashes}
 writer root       -> node_modules/@chainlink/contracts/src/v0.8/VRFCoordinatorV2.sol::VRFCoordinatorV2.requestRandomWords(bytes32,uint64,uint16,uint32,uint32)
 writer effect     -> node_modules/@chainlink/contracts/src/v0.8/VRFCoordinatorV2.sol:426
 written member    -> ('SV', 'node_modules/@chainlink/contracts/src/v0.8/VRFCoordinatorV2.sol', 'VRFCoordinatorV2.s_consumers')
 potentially stale -> ('SV', 'node_modules/@chainlink/contracts/src/v0.8/VRFCoordinatorV2.sol', 'VRFCoordinatorV2.s_provingKeyHashes')
 reader witnesses  -> 10
 storage exposures -> 1
[MV-SI candidate 195f66af80a7dddbf538] {s_consumers, s_provingKeyHashes, s_requestCommitments[@local::node_modules/@chainlink/contracts/src/v0.8/VRFCoordinatorV2.sol::VRFCoordinatorV2.pendingRequestExists(uint64)::LocalVariableInitFromTuple::reqId_1]}
 writer root       -> node_modules/@chainlink/contracts/src/v0.8/VRFCoordinatorV2.sol::VRFCoordinatorV2.removeConsumer(uint64,address)
 writer effect     -> node_modules/@chainlink/contracts/src/v0.8/VRFCoordinatorV2.sol:777
 written member    -> ('SV', 'node_modules/@chainlink/contracts/src/v0.8/VRFCoordinatorV2.sol', 'VRFCoordinatorV2.s_consumers')
 potentially stale -> ('MS', 'node_modules/@chainlink/contracts/src/v0.8/VRFCoordinatorV2.sol', 'VRFCoordinatorV2.s_requestCommitments', '@local::node_modules/@chainlink/contracts/src/v0.8/VRFCoordinatorV2.sol::VRFCoordinatorV2.pendingRequestExists(uint64)::LocalVariableInitFromTuple::reqId_1'), ('SV', 'node_modules/@chainlink/contracts/src/v0.8/VRFCoordinatorV2.sol', 'VRFCoordinatorV2.s_provingKeyHashes')
 reader witnesses  -> 6
 storage exposures -> 1
[MV-SI candidate 34ffb2ac18898ccf79bf] {s_consumers, s_provingKeyHashes, s_requestCommitments[@local::node_modules/@chainlink/contracts/src/v0.8/VRFCoordinatorV2.sol::VRFCoordinatorV2.pendingRequestExists(uint64)::LocalVariableInitFromTuple::reqId_1]}
 writer root       -> node_modules/@chainlink/contracts/src/v0.8/VRFCoordinatorV2.sol::VRFCoordinatorV2.ownerCancelSubscription(uint64)
 writer effect     -> node_modules/@chainlink/contracts/src/v0.8/VRFCoordinatorV2.sol:818
 written member    -> ('SV', 'node_modules/@chainlink/contracts/src/v0.8/VRFCoordinatorV2.sol', 'VRFCoordinatorV2.s_consumers')
 potentially stale -> ('MS', 'node_modules/@chainlink/contracts/src/v0.8/VRFCoordinatorV2.sol', 'VRFCoordinatorV2.s_requestCommitments', '@local::node_modules/@chainlink/contracts/src/v0.8/VRFCoordinatorV2.sol::VRFCoordinatorV2.pendingRequestExists(uint64)::LocalVariableInitFromTuple::reqId_1'), ('SV', 'node_modules/@chainlink/contracts/src/v0.8/VRFCoordinatorV2.sol', 'VRFCoordinatorV2.s_provingKeyHashes')
 reader witnesses  -> 6
 storage exposures -> 1
[MV-SI candidate 38e41c3451fb2d36c5ea] {s_consumers, s_provingKeyHashes, s_requestCommitments[@local::node_modules/@chainlink/contracts/src/v0.8/VRFCoordinatorV2.sol::VRFCoordinatorV2.pendingRequestExists(uint64)::LocalVariableInitFromTuple::reqId_1]}
 writer root       -> node_modules/@chainlink/contracts/src/v0.8/VRFCoordinatorV2.sol::VRFCoordinatorV2.deregisterProvingKey(uint256[2])
 writer effect     -> node_modules/@chainlink/contracts/src/v0.8/VRFCoordinatorV2.sol:207
 written member    -> ('SV', 'node_modules/@chainlink/contracts/src/v0.8/VRFCoordinatorV2.sol', 'VRFCoordinatorV2.s_provingKeyHashes')
 potentially stale -> ('MS', 'node_modules/@chainlink/contracts/src/v0.8/VRFCoordinatorV2.sol', 'VRFCoordinatorV2.s_requestCommitments', '@local::node_modules/@chainlink/contracts/src/v0.8/VRFCoordinatorV2.sol::VRFCoordinatorV2.pendingRequestExists(uint64)::LocalVariableInitFromTuple::reqId_1'), ('SV', 'node_modules/@chainlink/contracts/src/v0.8/VRFCoordinatorV2.sol', 'VRFCoordinatorV2.s_consumers')
 reader witnesses  -> 1
 storage exposures -> 1
[MV-SI candidate 4a40845aa74fe4888625] {s_consumers, s_provingKeyHashes, s_requestCommitments[@local::node_modules/@chainlink/contracts/src/v0.8/VRFCoordinatorV2.sol::VRFCoordinatorV2.pendingRequestExists(uint64)::LocalVariableInitFromTuple::reqId_1]}
 writer root       -> node_modules/@chainlink/contracts/src/v0.8/VRFCoordinatorV2.sol::VRFCoordinatorV2.requestRandomWords(bytes32,uint64,uint16,uint32,uint32)
 writer effect     -> node_modules/@chainlink/contracts/src/v0.8/VRFCoordinatorV2.sol:426
 written member    -> ('SV', 'node_modules/@chainlink/contracts/src/v0.8/VRFCoordinatorV2.sol', 'VRFCoordinatorV2.s_consumers')
 potentially stale -> ('MS', 'node_modules/@chainlink/contracts/src/v0.8/VRFCoordinatorV2.sol', 'VRFCoordinatorV2.s_requestCommitments', '@local::node_modules/@chainlink/contracts/src/v0.8/VRFCoordinatorV2.sol::VRFCoordinatorV2.pendingRequestExists(uint64)::LocalVariableInitFromTuple::reqId_1'), ('SV', 'node_modules/@chainlink/contracts/src/v0.8/VRFCoordinatorV2.sol', 'VRFCoordinatorV2.s_provingKeyHashes')
 reader witnesses  -> 6
 storage exposures -> 1
[MV-SI candidate 4dbe9bac603582804793] {s_consumers, s_provingKeyHashes, s_requestCommitments[@local::node_modules/@chainlink/contracts/src/v0.8/VRFCoordinatorV2.sol::VRFCoordinatorV2.pendingRequestExists(uint64)::LocalVariableInitFromTuple::reqId_1]}
 writer root       -> node_modules/@chainlink/contracts/src/v0.8/VRFCoordinatorV2.sol::VRFCoordinatorV2.addConsumer(uint64,address)
 writer effect     -> node_modules/@chainlink/contracts/src/v0.8/VRFCoordinatorV2.sol:795
 written member    -> ('SV', 'node_modules/@chainlink/contracts/src/v0.8/VRFCoordinatorV2.sol', 'VRFCoordinatorV2.s_consumers')
 potentially stale -> ('MS', 'node_modules/@chainlink/contracts/src/v0.8/VRFCoordinatorV2.sol', 'VRFCoordinatorV2.s_requestCommitments', '@local::node_modules/@chainlink/contracts/src/v0.8/VRFCoordinatorV2.sol::VRFCoordinatorV2.pendingRequestExists(uint64)::LocalVariableInitFromTuple::reqId_1'), ('SV', 'node_modules/@chainlink/contracts/src/v0.8/VRFCoordinatorV2.sol', 'VRFCoordinatorV2.s_provingKeyHashes')
 reader witnesses  -> 6
 storage exposures -> 1
[MV-SI candidate 51d254eda1e8b3f92e5c] {s_config, s_fallbackWeiPerUnitLink, s_subscriptions}
 writer root       -> node_modules/@chainlink/contracts/src/v0.8/VRFCoordinatorV2.sol::VRFCoordinatorV2.setConfig(uint16,uint32,uint32,uint32,int256,VRFCoordinatorV2.FeeConfig)
 writer effect     -> node_modules/@chainlink/contracts/src/v0.8/VRFCoordinatorV2.sol:248
 written member    -> ('SV', 'node_modules/@chainlink/contracts/src/v0.8/VRFCoordinatorV2.sol', 'VRFCoordinatorV2.s_config')
 potentially stale -> ('SV', 'node_modules/@chainlink/contracts/src/v0.8/VRFCoordinatorV2.sol', 'VRFCoordinatorV2.s_fallbackWeiPerUnitLink'), ('SV', 'node_modules/@chainlink/contracts/src/v0.8/VRFCoordinatorV2.sol', 'VRFCoordinatorV2.s_subscriptions')
 reader witnesses  -> 5
 storage exposures -> 1
[MV-SI candidate 5bcc456739a613494b98] {_initialized, _initializing}
 writer root       -> src/VRFNFTRandomDraw.sol::VRFNFTRandomDraw.initialize(address,IVRFNFTRandomDraw.Settings)
 writer effect     -> node_modules/@openzeppelin/contracts-upgradeable/proxy/utils/Initializable.sol:95
 written member    -> ('SV', 'node_modules/@openzeppelin/contracts-upgradeable/proxy/utils/Initializable.sol', 'Initializable._initializing')
 potentially stale -> ('SV', 'node_modules/@openzeppelin/contracts-upgradeable/proxy/utils/Initializable.sol', 'Initializable._initialized')
 reader witnesses  -> 1
 storage exposures -> 1
[MV-SI candidate 5e17fea55dfadc682e1d] {s_config, s_fallbackWeiPerUnitLink, s_subscriptions}
 writer root       -> node_modules/@chainlink/contracts/src/v0.8/VRFCoordinatorV2.sol::VRFCoordinatorV2.onTokenTransfer(address,uint256,bytes)
 writer effect     -> node_modules/@chainlink/contracts/src/v0.8/VRFCoordinatorV2.sol:673
 written member    -> ('SV', 'node_modules/@chainlink/contracts/src/v0.8/VRFCoordinatorV2.sol', 'VRFCoordinatorV2.s_subscriptions')
 potentially stale -> ('SV', 'node_modules/@chainlink/contracts/src/v0.8/VRFCoordinatorV2.sol', 'VRFCoordinatorV2.s_config'), ('SV', 'node_modules/@chainlink/contracts/src/v0.8/VRFCoordinatorV2.sol', 'VRFCoordinatorV2.s_fallbackWeiPerUnitLink')
 reader witnesses  -> 15
 storage exposures -> 1
[MV-SI candidate 65187f50f8a75d3d0749] {_initialized, _initializing}
 writer root       -> src/VRFNFTRandomDraw.sol::VRFNFTRandomDraw.initialize(address,IVRFNFTRandomDraw.Settings)
 writer effect     -> node_modules/@openzeppelin/contracts-upgradeable/proxy/utils/Initializable.sol:91
 written member    -> ('SV', 'node_modules/@openzeppelin/contracts-upgradeable/proxy/utils/Initializable.sol', 'Initializable._initializing')
 potentially stale -> ('SV', 'node_modules/@openzeppelin/contracts-upgradeable/proxy/utils/Initializable.sol', 'Initializable._initialized')
 reader witnesses  -> 1
 storage exposures -> 1
[MV-SI candidate 759bfca74be10b3b40a3] {s_config, s_fallbackWeiPerUnitLink, s_subscriptions}
 writer root       -> node_modules/@chainlink/contracts/src/v0.8/VRFCoordinatorV2.sol::VRFCoordinatorV2.createSubscription()
 writer effect     -> node_modules/@chainlink/contracts/src/v0.8/VRFCoordinatorV2.sol:714
 written member    -> ('SV', 'node_modules/@chainlink/contracts/src/v0.8/VRFCoordinatorV2.sol', 'VRFCoordinatorV2.s_subscriptions')
 potentially stale -> ('SV', 'node_modules/@chainlink/contracts/src/v0.8/VRFCoordinatorV2.sol', 'VRFCoordinatorV2.s_config'), ('SV', 'node_modules/@chainlink/contracts/src/v0.8/VRFCoordinatorV2.sol', 'VRFCoordinatorV2.s_fallbackWeiPerUnitLink')
 reader witnesses  -> 15
 storage exposures -> 1
[MV-SI candidate 7ad51944779f786bbbbc] {s_config, s_fallbackWeiPerUnitLink, s_subscriptions}
 writer root       -> node_modules/@chainlink/contracts/src/v0.8/VRFCoordinatorV2.sol::VRFCoordinatorV2.fulfillRandomWords(VRF.Proof,VRFCoordinatorV2.RequestCommitment)
 writer effect     -> node_modules/@chainlink/contracts/src/v0.8/VRFCoordinatorV2.sol:576
 written member    -> ('SV', 'node_modules/@chainlink/contracts/src/v0.8/VRFCoordinatorV2.sol', 'VRFCoordinatorV2.s_config')
 potentially stale -> ('SV', 'node_modules/@chainlink/contracts/src/v0.8/VRFCoordinatorV2.sol', 'VRFCoordinatorV2.s_fallbackWeiPerUnitLink'), ('SV', 'node_modules/@chainlink/contracts/src/v0.8/VRFCoordinatorV2.sol', 'VRFCoordinatorV2.s_subscriptions')
 reader witnesses  -> 5
 storage exposures -> 1
[MV-SI candidate 9011fafa972fb5520783] {s_consumers, s_provingKeyHashes, s_requestCommitments[@local::node_modules/@chainlink/contracts/src/v0.8/VRFCoordinatorV2.sol::VRFCoordinatorV2.pendingRequestExists(uint64)::LocalVariableInitFromTuple::reqId_1]}
 writer root       -> node_modules/@chainlink/contracts/src/v0.8/VRFCoordinatorV2.sol::VRFCoordinatorV2.cancelSubscription(uint64,address)
 writer effect     -> node_modules/@chainlink/contracts/src/v0.8/VRFCoordinatorV2.sol:837
 written member    -> ('SV', 'node_modules/@chainlink/contracts/src/v0.8/VRFCoordinatorV2.sol', 'VRFCoordinatorV2.s_provingKeyHashes')
 potentially stale -> ('MS', 'node_modules/@chainlink/contracts/src/v0.8/VRFCoordinatorV2.sol', 'VRFCoordinatorV2.s_requestCommitments', '@local::node_modules/@chainlink/contracts/src/v0.8/VRFCoordinatorV2.sol::VRFCoordinatorV2.pendingRequestExists(uint64)::LocalVariableInitFromTuple::reqId_1'), ('SV', 'node_modules/@chainlink/contracts/src/v0.8/VRFCoordinatorV2.sol', 'VRFCoordinatorV2.s_consumers')
 reader witnesses  -> 1
 storage exposures -> 1
[MV-SI candidate a2fc240c1d10f390e743] {_initialized, _initializing}
 writer root       -> src/VRFNFTRandomDraw.sol::VRFNFTRandomDraw.initialize(address,IVRFNFTRandomDraw.Settings)
 writer effect     -> node_modules/@openzeppelin/contracts-upgradeable/proxy/utils/Initializable.sol:89
 written member    -> ('SV', 'node_modules/@openzeppelin/contracts-upgradeable/proxy/utils/Initializable.sol', 'Initializable._initialized')
 potentially stale -> ('SV', 'node_modules/@openzeppelin/contracts-upgradeable/proxy/utils/Initializable.sol', 'Initializable._initializing')
 reader witnesses  -> 2
 storage exposures -> 1
[MV-SI candidate a92e5e5197e4748ff6d7] {s_consumers, s_provingKeyHashes}
 writer root       -> node_modules/@chainlink/contracts/src/v0.8/VRFCoordinatorV2.sol::VRFCoordinatorV2.addConsumer(uint64,address)
 writer effect     -> node_modules/@chainlink/contracts/src/v0.8/VRFCoordinatorV2.sol:795
 written member    -> ('SV', 'node_modules/@chainlink/contracts/src/v0.8/VRFCoordinatorV2.sol', 'VRFCoordinatorV2.s_consumers')
 potentially stale -> ('SV', 'node_modules/@chainlink/contracts/src/v0.8/VRFCoordinatorV2.sol', 'VRFCoordinatorV2.s_provingKeyHashes')
 reader witnesses  -> 10
 storage exposures -> 1
[MV-SI candidate aa50f7b2312f399605a8] {s_consumers, s_provingKeyHashes, s_requestCommitments[@local::node_modules/@chainlink/contracts/src/v0.8/VRFCoordinatorV2.sol::VRFCoordinatorV2.pendingRequestExists(uint64)::LocalVariableInitFromTuple::reqId_1]}
 writer root       -> node_modules/@chainlink/contracts/src/v0.8/VRFCoordinatorV2.sol::VRFCoordinatorV2.deregisterProvingKey(uint256[2])
 writer effect     -> node_modules/@chainlink/contracts/src/v0.8/VRFCoordinatorV2.sol:206
 written member    -> ('SV', 'node_modules/@chainlink/contracts/src/v0.8/VRFCoordinatorV2.sol', 'VRFCoordinatorV2.s_provingKeyHashes')
 potentially stale -> ('MS', 'node_modules/@chainlink/contracts/src/v0.8/VRFCoordinatorV2.sol', 'VRFCoordinatorV2.s_requestCommitments', '@local::node_modules/@chainlink/contracts/src/v0.8/VRFCoordinatorV2.sol::VRFCoordinatorV2.pendingRequestExists(uint64)::LocalVariableInitFromTuple::reqId_1'), ('SV', 'node_modules/@chainlink/contracts/src/v0.8/VRFCoordinatorV2.sol', 'VRFCoordinatorV2.s_consumers')
 reader witnesses  -> 1
 storage exposures -> 1
[MV-SI candidate adb54705de08b3eac597] {s_config, s_fallbackWeiPerUnitLink, s_subscriptions}
 writer root       -> node_modules/@chainlink/contracts/src/v0.8/VRFCoordinatorV2.sol::VRFCoordinatorV2.setConfig(uint16,uint32,uint32,uint32,int256,VRFCoordinatorV2.FeeConfig)
 writer effect     -> node_modules/@chainlink/contracts/src/v0.8/VRFCoordinatorV2.sol:256
 written member    -> ('SV', 'node_modules/@chainlink/contracts/src/v0.8/VRFCoordinatorV2.sol', 'VRFCoordinatorV2.s_fallbackWeiPerUnitLink')
 potentially stale -> ('SV', 'node_modules/@chainlink/contracts/src/v0.8/VRFCoordinatorV2.sol', 'VRFCoordinatorV2.s_config'), ('SV', 'node_modules/@chainlink/contracts/src/v0.8/VRFCoordinatorV2.sol', 'VRFCoordinatorV2.s_subscriptions')
 reader witnesses  -> 18
 storage exposures -> 1
[MV-SI candidate afdc24445ac5022ad658] {s_consumers, s_provingKeyHashes, s_requestCommitments[@local::node_modules/@chainlink/contracts/src/v0.8/VRFCoordinatorV2.sol::VRFCoordinatorV2.pendingRequestExists(uint64)::LocalVariableInitFromTuple::reqId_1]}
 writer root       -> node_modules/@chainlink/contracts/src/v0.8/VRFCoordinatorV2.sol::VRFCoordinatorV2.deregisterProvingKey(uint256[2])
 writer effect     -> node_modules/@chainlink/contracts/src/v0.8/VRFCoordinatorV2.sol:204
 written member    -> ('SV', 'node_modules/@chainlink/contracts/src/v0.8/VRFCoordinatorV2.sol', 'VRFCoordinatorV2.s_provingKeyHashes')
 potentially stale -> ('MS', 'node_modules/@chainlink/contracts/src/v0.8/VRFCoordinatorV2.sol', 'VRFCoordinatorV2.s_requestCommitments', '@local::node_modules/@chainlink/contracts/src/v0.8/VRFCoordinatorV2.sol::VRFCoordinatorV2.pendingRequestExists(uint64)::LocalVariableInitFromTuple::reqId_1'), ('SV', 'node_modules/@chainlink/contracts/src/v0.8/VRFCoordinatorV2.sol', 'VRFCoordinatorV2.s_consumers')
 reader witnesses  -> 1
 storage exposures -> 1
[MV-SI candidate bdd91393cd5b6fa1ce6f] {s_consumers, s_provingKeyHashes}
 writer root       -> node_modules/@chainlink/contracts/src/v0.8/VRFCoordinatorV2.sol::VRFCoordinatorV2.removeConsumer(uint64,address)
 writer effect     -> node_modules/@chainlink/contracts/src/v0.8/VRFCoordinatorV2.sol:777
 written member    -> ('SV', 'node_modules/@chainlink/contracts/src/v0.8/VRFCoordinatorV2.sol', 'VRFCoordinatorV2.s_consumers')
 potentially stale -> ('SV', 'node_modules/@chainlink/contracts/src/v0.8/VRFCoordinatorV2.sol', 'VRFCoordinatorV2.s_provingKeyHashes')
 reader witnesses  -> 10
 storage exposures -> 1
[MV-SI candidate c4d9888ada0847dc233a] {_initialized, _initializing}
 writer root       -> src/VRFNFTRandomDrawFactory.sol::VRFNFTRandomDrawFactory.initialize(address)
 writer effect     -> node_modules/@openzeppelin/contracts-upgradeable/proxy/utils/Initializable.sol:89
 written member    -> ('SV', 'node_modules/@openzeppelin/contracts-upgradeable/proxy/utils/Initializable.sol', 'Initializable._initialized')
 potentially stale -> ('SV', 'node_modules/@openzeppelin/contracts-upgradeable/proxy/utils/Initializable.sol', 'Initializable._initializing')
 reader witnesses  -> 2
 storage exposures -> 1
[MV-SI candidate cd4d834d472fe47e75ef] {s_config, s_fallbackWeiPerUnitLink, s_subscriptions}
 writer root       -> node_modules/@chainlink/contracts/src/v0.8/VRFCoordinatorV2.sol::VRFCoordinatorV2.fulfillRandomWords(VRF.Proof,VRFCoordinatorV2.RequestCommitment)
 writer effect     -> node_modules/@chainlink/contracts/src/v0.8/VRFCoordinatorV2.sol:597
 written member    -> ('SV', 'node_modules/@chainlink/contracts/src/v0.8/VRFCoordinatorV2.sol', 'VRFCoordinatorV2.s_subscriptions')
 potentially stale -> ('SV', 'node_modules/@chainlink/contracts/src/v0.8/VRFCoordinatorV2.sol', 'VRFCoordinatorV2.s_config'), ('SV', 'node_modules/@chainlink/contracts/src/v0.8/VRFCoordinatorV2.sol', 'VRFCoordinatorV2.s_fallbackWeiPerUnitLink')
 reader witnesses  -> 15
 storage exposures -> 1
[MV-SI candidate ce55d3fe938f31f22b21] {s_config, s_fallbackWeiPerUnitLink}
 writer root       -> node_modules/@chainlink/contracts/src/v0.8/VRFCoordinatorV2.sol::VRFCoordinatorV2.fulfillRandomWords(VRF.Proof,VRFCoordinatorV2.RequestCommitment)
 writer effect     -> node_modules/@chainlink/contracts/src/v0.8/VRFCoordinatorV2.sol:574
 written member    -> ('SV', 'node_modules/@chainlink/contracts/src/v0.8/VRFCoordinatorV2.sol', 'VRFCoordinatorV2.s_config')
 potentially stale -> ('SV', 'node_modules/@chainlink/contracts/src/v0.8/VRFCoordinatorV2.sol', 'VRFCoordinatorV2.s_fallbackWeiPerUnitLink')
 reader witnesses  -> 2
 storage exposures -> 1
[MV-SI candidate d2137d402ecc2e6f71e2] {s_consumers, s_provingKeyHashes, s_requestCommitments[@local::node_modules/@chainlink/contracts/src/v0.8/VRFCoordinatorV2.sol::VRFCoordinatorV2.pendingRequestExists(uint64)::LocalVariableInitFromTuple::reqId_1]}
 writer root       -> node_modules/@chainlink/contracts/src/v0.8/VRFCoordinatorV2.sol::VRFCoordinatorV2.deregisterProvingKey(uint256[2])
 writer effect     -> node_modules/@chainlink/contracts/src/v0.8/VRFCoordinatorV2.sol:202
 written member    -> ('SV', 'node_modules/@chainlink/contracts/src/v0.8/VRFCoordinatorV2.sol', 'VRFCoordinatorV2.s_provingKeyHashes')
 potentially stale -> ('MS', 'node_modules/@chainlink/contracts/src/v0.8/VRFCoordinatorV2.sol', 'VRFCoordinatorV2.s_requestCommitments', '@local::node_modules/@chainlink/contracts/src/v0.8/VRFCoordinatorV2.sol::VRFCoordinatorV2.pendingRequestExists(uint64)::LocalVariableInitFromTuple::reqId_1'), ('SV', 'node_modules/@chainlink/contracts/src/v0.8/VRFCoordinatorV2.sol', 'VRFCoordinatorV2.s_consumers')
 reader witnesses  -> 1
 storage exposures -> 1
[MV-SI candidate e70611ec8ad1ff062018] {s_consumers, s_provingKeyHashes, s_requestCommitments[@local::node_modules/@chainlink/contracts/src/v0.8/VRFCoordinatorV2.sol::VRFCoordinatorV2.pendingRequestExists(uint64)::LocalVariableInitFromTuple::reqId_1]}
 writer root       -> node_modules/@chainlink/contracts/src/v0.8/VRFCoordinatorV2.sol::VRFCoordinatorV2.cancelSubscription(uint64,address)
 writer effect     -> node_modules/@chainlink/contracts/src/v0.8/VRFCoordinatorV2.sol:818
 written member    -> ('SV', 'node_modules/@chainlink/contracts/src/v0.8/VRFCoordinatorV2.sol', 'VRFCoordinatorV2.s_consumers')
 potentially stale -> ('MS', 'node_modules/@chainlink/contracts/src/v0.8/VRFCoordinatorV2.sol', 'VRFCoordinatorV2.s_requestCommitments', '@local::node_modules/@chainlink/contracts/src/v0.8/VRFCoordinatorV2.sol::VRFCoordinatorV2.pendingRequestExists(uint64)::LocalVariableInitFromTuple::reqId_1'), ('SV', 'node_modules/@chainlink/contracts/src/v0.8/VRFCoordinatorV2.sol', 'VRFCoordinatorV2.s_provingKeyHashes')
 reader witnesses  -> 6
 storage exposures -> 1
[MV-SI candidate e792eae30ba44264e482] {s_config, s_fallbackWeiPerUnitLink, s_subscriptions}
 writer root       -> node_modules/@chainlink/contracts/src/v0.8/VRFCoordinatorV2.sol::VRFCoordinatorV2.ownerCancelSubscription(uint64)
 writer effect     -> node_modules/@chainlink/contracts/src/v0.8/VRFCoordinatorV2.sol:821
 written member    -> ('SV', 'node_modules/@chainlink/contracts/src/v0.8/VRFCoordinatorV2.sol', 'VRFCoordinatorV2.s_subscriptions')
 potentially stale -> ('SV', 'node_modules/@chainlink/contracts/src/v0.8/VRFCoordinatorV2.sol', 'VRFCoordinatorV2.s_config'), ('SV', 'node_modules/@chainlink/contracts/src/v0.8/VRFCoordinatorV2.sol', 'VRFCoordinatorV2.s_fallbackWeiPerUnitLink')
 reader witnesses  -> 15
 storage exposures -> 1
[MV-SI candidate ed5b1babb4c9e7bf785f] {s_consumers, s_provingKeyHashes}
 writer root       -> node_modules/@chainlink/contracts/src/v0.8/VRFCoordinatorV2.sol::VRFCoordinatorV2.cancelSubscription(uint64,address)
 writer effect     -> node_modules/@chainlink/contracts/src/v0.8/VRFCoordinatorV2.sol:818
 written member    -> ('SV', 'node_modules/@chainlink/contracts/src/v0.8/VRFCoordinatorV2.sol', 'VRFCoordinatorV2.s_consumers')
 potentially stale -> ('SV', 'node_modules/@chainlink/contracts/src/v0.8/VRFCoordinatorV2.sol', 'VRFCoordinatorV2.s_provingKeyHashes')
 reader witnesses  -> 10
 storage exposures -> 1
[MV-SI candidate f3a718021658a1090510] {_initialized, _initializing}
 writer root       -> src/VRFNFTRandomDrawFactory.sol::VRFNFTRandomDrawFactory.initialize(address)
 writer effect     -> node_modules/@openzeppelin/contracts-upgradeable/proxy/utils/Initializable.sol:91
 written member    -> ('SV', 'node_modules/@openzeppelin/contracts-upgradeable/proxy/utils/Initializable.sol', 'Initializable._initializing')
 potentially stale -> ('SV', 'node_modules/@openzeppelin/contracts-upgradeable/proxy/utils/Initializable.sol', 'Initializable._initialized')
 reader witnesses  -> 1
 storage exposures -> 1
[MV-SI candidate f7f75defb0bd35388b42] {s_config, s_fallbackWeiPerUnitLink, s_subscriptions}
 writer root       -> node_modules/@chainlink/contracts/src/v0.8/VRFCoordinatorV2.sol::VRFCoordinatorV2.fulfillRandomWords(VRF.Proof,VRFCoordinatorV2.RequestCommitment)
 writer effect     -> node_modules/@chainlink/contracts/src/v0.8/VRFCoordinatorV2.sol:574
 written member    -> ('SV', 'node_modules/@chainlink/contracts/src/v0.8/VRFCoordinatorV2.sol', 'VRFCoordinatorV2.s_config')
 potentially stale -> ('SV', 'node_modules/@chainlink/contracts/src/v0.8/VRFCoordinatorV2.sol', 'VRFCoordinatorV2.s_fallbackWeiPerUnitLink'), ('SV', 'node_modules/@chainlink/contracts/src/v0.8/VRFCoordinatorV2.sol', 'VRFCoordinatorV2.s_subscriptions')
 reader witnesses  -> 5
 storage exposures -> 1
[MV-SI candidate f86b709a92498d71ce89] {s_config, s_fallbackWeiPerUnitLink}
 writer root       -> node_modules/@chainlink/contracts/src/v0.8/VRFCoordinatorV2.sol::VRFCoordinatorV2.fulfillRandomWords(VRF.Proof,VRFCoordinatorV2.RequestCommitment)
 writer effect     -> node_modules/@chainlink/contracts/src/v0.8/VRFCoordinatorV2.sol:576
 written member    -> ('SV', 'node_modules/@chainlink/contracts/src/v0.8/VRFCoordinatorV2.sol', 'VRFCoordinatorV2.s_config')
 potentially stale -> ('SV', 'node_modules/@chainlink/contracts/src/v0.8/VRFCoordinatorV2.sol', 'VRFCoordinatorV2.s_fallbackWeiPerUnitLink')
 reader witnesses  -> 2
 storage exposures -> 1
[MV-SI candidate fba499419d5d2ab5fdfc] {s_consumers, s_provingKeyHashes}
 writer root       -> node_modules/@chainlink/contracts/src/v0.8/VRFCoordinatorV2.sol::VRFCoordinatorV2.ownerCancelSubscription(uint64)
 writer effect     -> node_modules/@chainlink/contracts/src/v0.8/VRFCoordinatorV2.sol:818
 written member    -> ('SV', 'node_modules/@chainlink/contracts/src/v0.8/VRFCoordinatorV2.sol', 'VRFCoordinatorV2.s_consumers')
 potentially stale -> ('SV', 'node_modules/@chainlink/contracts/src/v0.8/VRFCoordinatorV2.sol', 'VRFCoordinatorV2.s_provingKeyHashes')
 reader witnesses  -> 10
 storage exposures -> 1
[MV-SI candidate fde1e88c86629cdae70c] {s_config, s_fallbackWeiPerUnitLink, s_subscriptions}
 writer root       -> node_modules/@chainlink/contracts/src/v0.8/VRFCoordinatorV2.sol::VRFCoordinatorV2.cancelSubscription(uint64,address)
 writer effect     -> node_modules/@chainlink/contracts/src/v0.8/VRFCoordinatorV2.sol:821
 written member    -> ('SV', 'node_modules/@chainlink/contracts/src/v0.8/VRFCoordinatorV2.sol', 'VRFCoordinatorV2.s_subscriptions')
 potentially stale -> ('SV', 'node_modules/@chainlink/contracts/src/v0.8/VRFCoordinatorV2.sol', 'VRFCoordinatorV2.s_config'), ('SV', 'node_modules/@chainlink/contracts/src/v0.8/VRFCoordinatorV2.sol', 'VRFCoordinatorV2.s_fallbackWeiPerUnitLink')
 reader witnesses  -> 15
 storage exposures -> 1
[MV-SI candidate fe44d5c28a967be4a502] {_initialized, _initializing}
 writer root       -> src/VRFNFTRandomDrawFactory.sol::VRFNFTRandomDrawFactory.initialize(address)
 writer effect     -> node_modules/@openzeppelin/contracts-upgradeable/proxy/utils/Initializable.sol:95
 written member    -> ('SV', 'node_modules/@openzeppelin/contracts-upgradeable/proxy/utils/Initializable.sol', 'Initializable._initializing')
 potentially stale -> ('SV', 'node_modules/@openzeppelin/contracts-upgradeable/proxy/utils/Initializable.sol', 'Initializable._initialized')
 reader witnesses  -> 1
 storage exposures -> 1Reference: https://github.com/crytic/slither/wiki/Detector-Documentation
INFO:Slither:mvscan-standard-input.json analyzed (38 contracts with 1 detectors), 34 result(s) found
