'/tmp/.svm/0.7.6/solc-0.7.6 --version' running
'solc --standard-json --allow-paths /tmp/analysis-input' running
Warning: Beebots.sol: Warning: SPDX license identifier not provided in source file. Before publishing, consider adding a comment containing "SPDX-License-Identifier: <SPDX-License>" to each source file. Use "SPDX-License-Identifier: UNLICENSED" for non-open-source code. Please see https://spdx.org for more information.


[mvscan-config] {"ATOMIC_GROUP": [], "DIVERGENCE_BUDGET": 1000, "ENABLE_BRANCH_GROUPS": true, "ENABLE_EXTERNAL_STATE": true, "ENABLE_MULTI_RETURN_GROUPS": true, "MAPPING_MODE": "base_collapsed", "MERGE_OVERLOADS": false, "MVSCAN_ABLATION": "mapping_insensitive", "MVSCAN_CONTEXTUAL_KEYS": true, "MVSCAN_INCLUDE_SCALAR_WITNESSES": false, "MVSCAN_INTERFACE_DISPATCH": false, "MVSCAN_MAX_CONTEXTS_PER_OWNER_BLOCK": 128, "MVSCAN_MAX_DISPATCH_TARGETS": 16, "MVSCAN_REQUIRE_DISTINCT_OUTER_ROOTS": false, "MVSCAN_ROOT_CONTEXT_SINKS": false, "NOOP_WRITE_FILTER": true, "REQUIRE_SAME_SLOT_KEY": false, "SINK_TEST": "none", "USER_CALLABLE_ALWAYS": [], "USER_CALLABLE_DENY": []}
[mvscan-stage] icfg-built blocks=356 vars=33
[mvscan-stage] root-seeding-done eligible_exposures=16 seeded=16 multi_exposure_entry_blocks=0 collapsed_contextual_aliases=0 excluded_dependency=0 excluded_interface=6 excluded_library=0 excluded_abstract=0 missing_entry_point=0 missing_entry_block=0
[mvscan-pairs] call_target_digest=858b8490bacc48837b0eca657f42db165df277f96508532a869580972cc8bdbc candidate_count=41 candidate_digest=1a81a5b71b67f1031dac4ec3a2a372a45815f6209416673f0a4847a2528e2cad context_instance_count=545 eligible_readers=41 eligible_writers=14 execution_context_digest=3e0b4bed11e5ddd1bc8875caafbb8c7a2bfb1958b9a9d4ac875bbde78747d121 insensitive_readers_filtered=5 invalid_partial_write_filtered=0 must_full_relation_filtered=54 omitted_member_evidence_filtered=0 omitted_member_not_sensitive_filtered=0 owner_context_pairs=545 owner_context_pairs_considered=1360 raw_block_pairs=153 reader_witness_count=545 relation_base_members_shadowed=0 relation_context_incompatible=761 relation_digest=c528f4323d7c50ab94dfb1a2cb090248a6e8463f613ba50e214425d35cdcccbf relation_members_raw=37 relation_origins_registered=4 relation_origins_rejected_unary_after_shadowing=27 relation_origins_rejected_unreachable=8 relation_origins_seen=31 root_context_sink_filtered=0 same_outer_root_filtered=0 same_static_block_filtered=7 scalar_variables_skipped=21 storage_context_mismatch=0 variables_considered=25
INFO:Detectors:

[MV-SI candidate 098f4b54a8e68046b111] {indices, nonce, numTokens}
 writer root       -> Beebots.sol::Beebots.devMint(uint256,address)
 writer effect     -> Beebots.sol:323
 written member    -> ('SV', 'Beebots.sol', 'Beebots.indices')
 potentially stale -> ('SV', 'Beebots.sol', 'Beebots.nonce'), ('SV', 'Beebots.sol', 'Beebots.numTokens')
 reader witnesses  -> 12
 storage exposures -> 1
[MV-SI candidate 0ab0da880299086cdbb2] {indices, nonce, numTokens}
 writer root       -> Beebots.sol::Beebots.devMint(uint256,address)
 writer effect     -> Beebots.sol:320
 written member    -> ('SV', 'Beebots.sol', 'Beebots.indices')
 potentially stale -> ('SV', 'Beebots.sol', 'Beebots.nonce'), ('SV', 'Beebots.sol', 'Beebots.numTokens')
 reader witnesses  -> 12
 storage exposures -> 1
[MV-SI candidate 0cc77967cb949d36dbd2] {idToOwner, ownerToOperators}
 writer root       -> Beebots.sol::Beebots.mintWithAlphaOrBeta(uint256)
 writer effect     -> Beebots.sol:410
 written member    -> ('SV', 'Beebots.sol', 'Beebots.idToOwner')
 potentially stale -> ('SV', 'Beebots.sol', 'Beebots.ownerToOperators')
 reader witnesses  -> 4
 storage exposures -> 1
[MV-SI candidate 0e36e7d45e7fe9a3451a] {indices, nonce, numTokens}
 writer root       -> Beebots.sol::Beebots.mintWithAlphaOrBeta(uint256)
 writer effect     -> Beebots.sol:400
 written member    -> ('SV', 'Beebots.sol', 'Beebots.numTokens')
 potentially stale -> ('SV', 'Beebots.sol', 'Beebots.indices'), ('SV', 'Beebots.sol', 'Beebots.nonce')
 reader witnesses  -> 12
 storage exposures -> 1
[MV-SI candidate 188e6aee788d1f113d25] {indices, nonce, numTokens}
 writer root       -> Beebots.sol::Beebots.mint()
 writer effect     -> Beebots.sol:320
 written member    -> ('SV', 'Beebots.sol', 'Beebots.indices')
 potentially stale -> ('SV', 'Beebots.sol', 'Beebots.nonce'), ('SV', 'Beebots.sol', 'Beebots.numTokens')
 reader witnesses  -> 12
 storage exposures -> 1
[MV-SI candidate 1c01f01dd07543aa97ab] {idToApproval, idToOwner, ownerToOperators}
 writer root       -> Beebots.sol::Beebots.devMint(uint256,address)
 writer effect     -> Beebots.sol:410
 written member    -> ('SV', 'Beebots.sol', 'Beebots.idToOwner')
 potentially stale -> ('SV', 'Beebots.sol', 'Beebots.idToApproval'), ('SV', 'Beebots.sol', 'Beebots.ownerToOperators')
 reader witnesses  -> 12
 storage exposures -> 1
[MV-SI candidate 1fb54258b5368e4129f3] {idToApproval, idToOwner, ownerToOperators}
 writer root       -> Beebots.sol::Beebots.safeTransferFrom(address,address,uint256)
 writer effect     -> Beebots.sol:418
 written member    -> ('SV', 'Beebots.sol', 'Beebots.idToOwner')
 potentially stale -> ('SV', 'Beebots.sol', 'Beebots.idToApproval'), ('SV', 'Beebots.sol', 'Beebots.ownerToOperators')
 reader witnesses  -> 12
 storage exposures -> 1
[MV-SI candidate 23b387d8ab6d7951b1d4] {idToApproval, idToOwner, ownerToOperators}
 writer root       -> Beebots.sol::Beebots.setApprovalForAll(address,bool)
 writer effect     -> Beebots.sol:276
 written member    -> ('SV', 'Beebots.sol', 'Beebots.ownerToOperators')
 potentially stale -> ('SV', 'Beebots.sol', 'Beebots.idToApproval'), ('SV', 'Beebots.sol', 'Beebots.idToOwner')
 reader witnesses  -> 40
 storage exposures -> 1
[MV-SI candidate 23fdc692778d484c94c8] {indices, nonce, numTokens}
 writer root       -> Beebots.sol::Beebots.mint()
 writer effect     -> Beebots.sol:400
 written member    -> ('SV', 'Beebots.sol', 'Beebots.numTokens')
 potentially stale -> ('SV', 'Beebots.sol', 'Beebots.indices'), ('SV', 'Beebots.sol', 'Beebots.nonce')
 reader witnesses  -> 12
 storage exposures -> 1
[MV-SI candidate 28161ddcb6b6b5ee4dd4] {indices, numTokens}
 writer root       -> Beebots.sol::Beebots.devMint(uint256,address)
 writer effect     -> Beebots.sol:323
 written member    -> ('SV', 'Beebots.sol', 'Beebots.indices')
 potentially stale -> ('SV', 'Beebots.sol', 'Beebots.numTokens')
 reader witnesses  -> 9
 storage exposures -> 1
[MV-SI candidate 283442936818a9560fa0] {indices, nonce, numTokens}
 writer root       -> Beebots.sol::Beebots.mint()
 writer effect     -> Beebots.sol:323
 written member    -> ('SV', 'Beebots.sol', 'Beebots.indices')
 potentially stale -> ('SV', 'Beebots.sol', 'Beebots.nonce'), ('SV', 'Beebots.sol', 'Beebots.numTokens')
 reader witnesses  -> 12
 storage exposures -> 1
[MV-SI candidate 28b869c66eab1bbb9481] {idToOwner, ownerToOperators}
 writer root       -> Beebots.sol::Beebots.setApprovalForAll(address,bool)
 writer effect     -> Beebots.sol:276
 written member    -> ('SV', 'Beebots.sol', 'Beebots.ownerToOperators')
 potentially stale -> ('SV', 'Beebots.sol', 'Beebots.idToOwner')
 reader witnesses  -> 29
 storage exposures -> 1
[MV-SI candidate 4fbe4b231a85d86c8d80] {indices, nonce, numTokens}
 writer root       -> Beebots.sol::Beebots.mintWithAlphaOrBeta(uint256)
 writer effect     -> Beebots.sol:320
 written member    -> ('SV', 'Beebots.sol', 'Beebots.indices')
 potentially stale -> ('SV', 'Beebots.sol', 'Beebots.nonce'), ('SV', 'Beebots.sol', 'Beebots.numTokens')
 reader witnesses  -> 12
 storage exposures -> 1
[MV-SI candidate 5e55b2e2aa3128f49248] {idToApproval, idToOwner, ownerToOperators}
 writer root       -> Beebots.sol::Beebots.mintWithAlphaOrBeta(uint256)
 writer effect     -> Beebots.sol:410
 written member    -> ('SV', 'Beebots.sol', 'Beebots.idToOwner')
 potentially stale -> ('SV', 'Beebots.sol', 'Beebots.idToApproval'), ('SV', 'Beebots.sol', 'Beebots.ownerToOperators')
 reader witnesses  -> 12
 storage exposures -> 1
[MV-SI candidate 62469b19a4d2fbe8c800] {idToOwner, ownerToOperators}
 writer root       -> Beebots.sol::Beebots.safeTransferFrom(address,address,uint256,bytes)
 writer effect     -> Beebots.sol:418
 written member    -> ('SV', 'Beebots.sol', 'Beebots.idToOwner')
 potentially stale -> ('SV', 'Beebots.sol', 'Beebots.ownerToOperators')
 reader witnesses  -> 4
 storage exposures -> 1
[MV-SI candidate 6433deebc5f28dfb7a13] {idToApproval, idToOwner, ownerToOperators}
 writer root       -> Beebots.sol::Beebots.transferFrom(address,address,uint256)
 writer effect     -> Beebots.sol:410
 written member    -> ('SV', 'Beebots.sol', 'Beebots.idToOwner')
 potentially stale -> ('SV', 'Beebots.sol', 'Beebots.idToApproval'), ('SV', 'Beebots.sol', 'Beebots.ownerToOperators')
 reader witnesses  -> 12
 storage exposures -> 1
[MV-SI candidate 6445f5b2d0d74ca5c920] {idToOwner, ownerToOperators}
 writer root       -> Beebots.sol::Beebots.devMint(uint256,address)
 writer effect     -> Beebots.sol:410
 written member    -> ('SV', 'Beebots.sol', 'Beebots.idToOwner')
 potentially stale -> ('SV', 'Beebots.sol', 'Beebots.ownerToOperators')
 reader witnesses  -> 4
 storage exposures -> 1
[MV-SI candidate 6c3e70bc1993b1c07801] {idToApproval, idToOwner, ownerToOperators}
 writer root       -> Beebots.sol::Beebots.transferFrom(address,address,uint256)
 writer effect     -> Beebots.sol:418
 written member    -> ('SV', 'Beebots.sol', 'Beebots.idToOwner')
 potentially stale -> ('SV', 'Beebots.sol', 'Beebots.idToApproval'), ('SV', 'Beebots.sol', 'Beebots.ownerToOperators')
 reader witnesses  -> 12
 storage exposures -> 1
[MV-SI candidate 75b0eb31d96b6c53d57e] {indices, numTokens}
 writer root       -> Beebots.sol::Beebots.devMint(uint256,address)
 writer effect     -> Beebots.sol:400
 written member    -> ('SV', 'Beebots.sol', 'Beebots.numTokens')
 potentially stale -> ('SV', 'Beebots.sol', 'Beebots.indices')
 reader witnesses  -> 9
 storage exposures -> 1
[MV-SI candidate 79ab755799410a768e04] {idToApproval, idToOwner, ownerToOperators}
 writer root       -> Beebots.sol::Beebots.mint()
 writer effect     -> Beebots.sol:410
 written member    -> ('SV', 'Beebots.sol', 'Beebots.idToOwner')
 potentially stale -> ('SV', 'Beebots.sol', 'Beebots.idToApproval'), ('SV', 'Beebots.sol', 'Beebots.ownerToOperators')
 reader witnesses  -> 12
 storage exposures -> 1
[MV-SI candidate 7c073e37cb143ce53417] {idToApproval, idToOwner, ownerToOperators}
 writer root       -> Beebots.sol::Beebots.acceptTrade(address,address,uint256,uint256[],uint256,uint256[],uint256,uint256,bytes)
 writer effect     -> Beebots.sol:410
 written member    -> ('SV', 'Beebots.sol', 'Beebots.idToOwner')
 potentially stale -> ('SV', 'Beebots.sol', 'Beebots.idToApproval'), ('SV', 'Beebots.sol', 'Beebots.ownerToOperators')
 reader witnesses  -> 12
 storage exposures -> 1
[MV-SI candidate 8710a211ed5d2e7c6707] {idToOwner, ownerToOperators}
 writer root       -> Beebots.sol::Beebots.safeTransferFrom(address,address,uint256)
 writer effect     -> Beebots.sol:418
 written member    -> ('SV', 'Beebots.sol', 'Beebots.idToOwner')
 potentially stale -> ('SV', 'Beebots.sol', 'Beebots.ownerToOperators')
 reader witnesses  -> 4
 storage exposures -> 1
[MV-SI candidate 8a533f4400ff97a59521] {idToApproval, idToOwner, ownerToOperators}
 writer root       -> Beebots.sol::Beebots.safeTransferFrom(address,address,uint256,bytes)
 writer effect     -> Beebots.sol:451
 written member    -> ('SV', 'Beebots.sol', 'Beebots.idToApproval')
 potentially stale -> ('SV', 'Beebots.sol', 'Beebots.idToOwner'), ('SV', 'Beebots.sol', 'Beebots.ownerToOperators')
 reader witnesses  -> 33
 storage exposures -> 1
[MV-SI candidate 8ede285be6a2c6e49faf] {idToApproval, idToOwner, ownerToOperators}
 writer root       -> Beebots.sol::Beebots.acceptTrade(address,address,uint256,uint256[],uint256,uint256[],uint256,uint256,bytes)
 writer effect     -> Beebots.sol:418
 written member    -> ('SV', 'Beebots.sol', 'Beebots.idToOwner')
 potentially stale -> ('SV', 'Beebots.sol', 'Beebots.idToApproval'), ('SV', 'Beebots.sol', 'Beebots.ownerToOperators')
 reader witnesses  -> 12
 storage exposures -> 1
[MV-SI candidate 917f9cdeea24f0db1e9f] {idToApproval, idToOwner, ownerToOperators}
 writer root       -> Beebots.sol::Beebots.approve(address,uint256)
 writer effect     -> Beebots.sol:271
 written member    -> ('SV', 'Beebots.sol', 'Beebots.idToApproval')
 potentially stale -> ('SV', 'Beebots.sol', 'Beebots.idToOwner'), ('SV', 'Beebots.sol', 'Beebots.ownerToOperators')
 reader witnesses  -> 33
 storage exposures -> 1
[MV-SI candidate 965592c51026f5c174d6] {idToOwner, ownerToOperators}
 writer root       -> Beebots.sol::Beebots.transferFrom(address,address,uint256)
 writer effect     -> Beebots.sol:410
 written member    -> ('SV', 'Beebots.sol', 'Beebots.idToOwner')
 potentially stale -> ('SV', 'Beebots.sol', 'Beebots.ownerToOperators')
 reader witnesses  -> 4
 storage exposures -> 1
[MV-SI candidate 9835545fedc081c5c8d8] {idToOwner, ownerToOperators}
 writer root       -> Beebots.sol::Beebots.mint()
 writer effect     -> Beebots.sol:410
 written member    -> ('SV', 'Beebots.sol', 'Beebots.idToOwner')
 potentially stale -> ('SV', 'Beebots.sol', 'Beebots.ownerToOperators')
 reader witnesses  -> 4
 storage exposures -> 1
[MV-SI candidate a013a57f221ebf418fa5] {idToOwner, ownerToOperators}
 writer root       -> Beebots.sol::Beebots.transferFrom(address,address,uint256)
 writer effect     -> Beebots.sol:418
 written member    -> ('SV', 'Beebots.sol', 'Beebots.idToOwner')
 potentially stale -> ('SV', 'Beebots.sol', 'Beebots.ownerToOperators')
 reader witnesses  -> 4
 storage exposures -> 1
[MV-SI candidate ab1d017d0637833ccd1a] {idToOwner, ownerToOperators}
 writer root       -> Beebots.sol::Beebots.safeTransferFrom(address,address,uint256,bytes)
 writer effect     -> Beebots.sol:410
 written member    -> ('SV', 'Beebots.sol', 'Beebots.idToOwner')
 potentially stale -> ('SV', 'Beebots.sol', 'Beebots.ownerToOperators')
 reader witnesses  -> 4
 storage exposures -> 1
[MV-SI candidate b41bee4088bf23ea1d88] {idToApproval, idToOwner, ownerToOperators}
 writer root       -> Beebots.sol::Beebots.acceptTrade(address,address,uint256,uint256[],uint256,uint256[],uint256,uint256,bytes)
 writer effect     -> Beebots.sol:451
 written member    -> ('SV', 'Beebots.sol', 'Beebots.idToApproval')
 potentially stale -> ('SV', 'Beebots.sol', 'Beebots.idToOwner'), ('SV', 'Beebots.sol', 'Beebots.ownerToOperators')
 reader witnesses  -> 33
 storage exposures -> 1
[MV-SI candidate b7e343100a62104e79cc] {indices, nonce, numTokens}
 writer root       -> Beebots.sol::Beebots.mintWithAlphaOrBeta(uint256)
 writer effect     -> Beebots.sol:323
 written member    -> ('SV', 'Beebots.sol', 'Beebots.indices')
 potentially stale -> ('SV', 'Beebots.sol', 'Beebots.nonce'), ('SV', 'Beebots.sol', 'Beebots.numTokens')
 reader witnesses  -> 12
 storage exposures -> 1
[MV-SI candidate b83ddab25b9d773edb3f] {idToOwner, ownerToOperators}
 writer root       -> Beebots.sol::Beebots.acceptTrade(address,address,uint256,uint256[],uint256,uint256[],uint256,uint256,bytes)
 writer effect     -> Beebots.sol:418
 written member    -> ('SV', 'Beebots.sol', 'Beebots.idToOwner')
 potentially stale -> ('SV', 'Beebots.sol', 'Beebots.ownerToOperators')
 reader witnesses  -> 4
 storage exposures -> 1
[MV-SI candidate ba94992a15a702f1460b] {idToOwner, ownerToOperators}
 writer root       -> Beebots.sol::Beebots.safeTransferFrom(address,address,uint256)
 writer effect     -> Beebots.sol:410
 written member    -> ('SV', 'Beebots.sol', 'Beebots.idToOwner')
 potentially stale -> ('SV', 'Beebots.sol', 'Beebots.ownerToOperators')
 reader witnesses  -> 4
 storage exposures -> 1
[MV-SI candidate c7667658a1bb11a508cc] {idToOwner, ownerToOperators}
 writer root       -> Beebots.sol::Beebots.acceptTrade(address,address,uint256,uint256[],uint256,uint256[],uint256,uint256,bytes)
 writer effect     -> Beebots.sol:410
 written member    -> ('SV', 'Beebots.sol', 'Beebots.idToOwner')
 potentially stale -> ('SV', 'Beebots.sol', 'Beebots.ownerToOperators')
 reader witnesses  -> 4
 storage exposures -> 1
[MV-SI candidate ca743cf116a009c95b8c] {idToApproval, idToOwner, ownerToOperators}
 writer root       -> Beebots.sol::Beebots.safeTransferFrom(address,address,uint256,bytes)
 writer effect     -> Beebots.sol:410
 written member    -> ('SV', 'Beebots.sol', 'Beebots.idToOwner')
 potentially stale -> ('SV', 'Beebots.sol', 'Beebots.idToApproval'), ('SV', 'Beebots.sol', 'Beebots.ownerToOperators')
 reader witnesses  -> 12
 storage exposures -> 1
[MV-SI candidate cae36a4dadd6a8db1304] {idToApproval, idToOwner, ownerToOperators}
 writer root       -> Beebots.sol::Beebots.safeTransferFrom(address,address,uint256)
 writer effect     -> Beebots.sol:451
 written member    -> ('SV', 'Beebots.sol', 'Beebots.idToApproval')
 potentially stale -> ('SV', 'Beebots.sol', 'Beebots.idToOwner'), ('SV', 'Beebots.sol', 'Beebots.ownerToOperators')
 reader witnesses  -> 33
 storage exposures -> 1
[MV-SI candidate d7dbf79c279ccfa57cd0] {idToApproval, idToOwner, ownerToOperators}
 writer root       -> Beebots.sol::Beebots.safeTransferFrom(address,address,uint256)
 writer effect     -> Beebots.sol:410
 written member    -> ('SV', 'Beebots.sol', 'Beebots.idToOwner')
 potentially stale -> ('SV', 'Beebots.sol', 'Beebots.idToApproval'), ('SV', 'Beebots.sol', 'Beebots.ownerToOperators')
 reader witnesses  -> 12
 storage exposures -> 1
[MV-SI candidate e6e8369155207f874e03] {idToApproval, idToOwner, ownerToOperators}
 writer root       -> Beebots.sol::Beebots.safeTransferFrom(address,address,uint256,bytes)
 writer effect     -> Beebots.sol:418
 written member    -> ('SV', 'Beebots.sol', 'Beebots.idToOwner')
 potentially stale -> ('SV', 'Beebots.sol', 'Beebots.idToApproval'), ('SV', 'Beebots.sol', 'Beebots.ownerToOperators')
 reader witnesses  -> 12
 storage exposures -> 1
[MV-SI candidate eec71b441aa0340e24fb] {idToApproval, idToOwner, ownerToOperators}
 writer root       -> Beebots.sol::Beebots.transferFrom(address,address,uint256)
 writer effect     -> Beebots.sol:451
 written member    -> ('SV', 'Beebots.sol', 'Beebots.idToApproval')
 potentially stale -> ('SV', 'Beebots.sol', 'Beebots.idToOwner'), ('SV', 'Beebots.sol', 'Beebots.ownerToOperators')
 reader witnesses  -> 33
 storage exposures -> 1
[MV-SI candidate f19e56df451ac00235ec] {indices, nonce, numTokens}
 writer root       -> Beebots.sol::Beebots.devMint(uint256,address)
 writer effect     -> Beebots.sol:400
 written member    -> ('SV', 'Beebots.sol', 'Beebots.numTokens')
 potentially stale -> ('SV', 'Beebots.sol', 'Beebots.indices'), ('SV', 'Beebots.sol', 'Beebots.nonce')
 reader witnesses  -> 12
 storage exposures -> 1
[MV-SI candidate f30825719e2d2c9e12ea] {indices, numTokens}
 writer root       -> Beebots.sol::Beebots.devMint(uint256,address)
 writer effect     -> Beebots.sol:320
 written member    -> ('SV', 'Beebots.sol', 'Beebots.indices')
 potentially stale -> ('SV', 'Beebots.sol', 'Beebots.numTokens')
 reader witnesses  -> 9
 storage exposures -> 1Reference: https://github.com/crytic/slither/wiki/Detector-Documentation
INFO:Slither:mvscan-standard-input.json analyzed (6 contracts with 1 detectors), 41 result(s) found
