'/tmp/.svm/0.8.18/solc-0.8.18 --version' running
'solc --standard-json --allow-paths /tmp/analysis-input' running
Warning: Warning: This contract has a payable fallback function, but no receive ether function. Consider adding a receive ether function.
 --> src/governance/GovernorBravoDelegator.sol:7:1:
  |
7 | contract GovernorBravoDelegator is GovernorBravoDelegatorStorage, GovernorBravoEvents {
  | ^ (Relevant source part starts here and spans across multiple lines).
Note: The payable fallback function is defined here.
  --> src/governance/GovernorBravoDelegator.sol:71:5:
   |
71 |     fallback() external payable {
   |     ^ (Relevant source part starts here and spans across multiple lines).


Warning: Warning: This contract has a payable fallback function, but no receive ether function. Consider adding a receive ether function.
 --> src/out-of-scope/governance/GovernorBravoDelegator.sol:6:1:
  |
6 | contract GovernorBravoDelegator is GovernorBravoDelegatorStorage, GovernorBravoEvents {
  | ^ (Relevant source part starts here and spans across multiple lines).
Note: The payable fallback function is defined here.
  --> src/out-of-scope/governance/GovernorBravoDelegator.sol:70:5:
   |
70 |     fallback() external payable {
   |     ^ (Relevant source part starts here and spans across multiple lines).


Warning: Warning: This contract has a payable fallback function, but no receive ether function. Consider adding a receive ether function.
  --> src/ulysses-omnichain/BranchBridgeAgent.sol:58:1:
   |
58 | contract BranchBridgeAgent is IBranchBridgeAgent {
   | ^ (Relevant source part starts here and spans across multiple lines).
Note: The payable fallback function is defined here.
    --> src/ulysses-omnichain/BranchBridgeAgent.sol:1419:5:
     |
1419 |     fallback() external payable {}
     |     ^^^^^^^^^^^^^^^^^^^^^^^^^^^^^^


Warning: Warning: This contract has a payable fallback function, but no receive ether function. Consider adding a receive ether function.
  --> src/ulysses-omnichain/ArbitrumBranchBridgeAgent.sol:67:1:
   |
67 | contract ArbitrumBranchBridgeAgent is BranchBridgeAgent {
   | ^ (Relevant source part starts here and spans across multiple lines).
Note: The payable fallback function is defined here.
    --> src/ulysses-omnichain/BranchBridgeAgent.sol:1419:5:
     |
1419 |     fallback() external payable {}
     |     ^^^^^^^^^^^^^^^^^^^^^^^^^^^^^^


Warning: Warning: This contract has a payable fallback function, but no receive ether function. Consider adding a receive ether function.
  --> src/ulysses-omnichain/CoreBranchRouter.sol:19:1:
   |
19 | contract CoreBranchRouter is BaseBranchRouter {
   | ^ (Relevant source part starts here and spans across multiple lines).
Note: The payable fallback function is defined here.
   --> src/ulysses-omnichain/CoreBranchRouter.sol:284:5:
    |
284 |     fallback() external payable {}
    |     ^^^^^^^^^^^^^^^^^^^^^^^^^^^^^^


Warning: Warning: This contract has a payable fallback function, but no receive ether function. Consider adding a receive ether function.
  --> src/ulysses-omnichain/ArbitrumCoreBranchRouter.sol:37:1:
   |
37 | contract ArbitrumCoreBranchRouter is CoreBranchRouter {
   | ^ (Relevant source part starts here and spans across multiple lines).
Note: The payable fallback function is defined here.
   --> src/ulysses-omnichain/CoreBranchRouter.sol:284:5:
    |
284 |     fallback() external payable {}
    |     ^^^^^^^^^^^^^^^^^^^^^^^^^^^^^^


Warning: Warning: This contract has a payable fallback function, but no receive ether function. Consider adding a receive ether function.
  --> src/ulysses-omnichain/RootBridgeAgent.sol:90:1:
   |
90 | contract RootBridgeAgent is IRootBridgeAgent {
   | ^ (Relevant source part starts here and spans across multiple lines).
Note: The payable fallback function is defined here.
    --> src/ulysses-omnichain/RootBridgeAgent.sol:1334:5:
     |
1334 |     fallback() external payable {}
     |     ^^^^^^^^^^^^^^^^^^^^^^^^^^^^^^


Warning: Warning: Visibility for constructor is ignored. If you want the contract to be non-deployable, making it "abstract" is sufficient.
 --> src/governance/GovernorBravoDelegator.sol:8:5:
  |
8 |     constructor(
  |     ^ (Relevant source part starts here and spans across multiple lines).


Warning: Warning: Visibility for constructor is ignored. If you want the contract to be non-deployable, making it "abstract" is sufficient.
 --> src/out-of-scope/governance/GovernorBravoDelegator.sol:7:5:
  |
7 |     constructor(
  |     ^ (Relevant source part starts here and spans across multiple lines).


Warning: Warning: Unreachable code.
    --> src/ulysses-omnichain/BranchBridgeAgent.sol:1037:13:
     |
1037 |             return;
     |             ^^^^^^^


Warning: Warning: Unreachable code.
    --> src/ulysses-omnichain/BranchBridgeAgent.sol:1052:13:
     |
1052 |             return;
     |             ^^^^^^^


Warning: Warning: Unreachable code.
    --> src/ulysses-omnichain/BranchBridgeAgent.sol:1071:13:
     |
1071 |             return;
     |             ^^^^^^^


Warning: Warning: Unreachable code.
    --> src/ulysses-omnichain/BranchBridgeAgent.sol:1151:17:
     |
1151 |                 return (true, "already executed tx");
     |                 ^^^^^^^^^^^^^^^^^^^^^^^^^^^^^^^^^^^^


Warning: Warning: Unreachable code.
    --> src/ulysses-omnichain/BranchBridgeAgent.sol:1173:17:
     |
1173 |                 return (true, "already executed tx");
     |                 ^^^^^^^^^^^^^^^^^^^^^^^^^^^^^^^^^^^^


Warning: Warning: Unreachable code.
    --> src/ulysses-omnichain/BranchBridgeAgent.sol:1197:17:
     |
1197 |                 return (true, "already executed tx");
     |                 ^^^^^^^^^^^^^^^^^^^^^^^^^^^^^^^^^^^^



[mvscan-config] {"ATOMIC_GROUP": [], "DIVERGENCE_BUDGET": 1000, "ENABLE_BRANCH_GROUPS": true, "ENABLE_EXTERNAL_STATE": true, "ENABLE_MULTI_RETURN_GROUPS": true, "MAPPING_MODE": "precise", "MERGE_OVERLOADS": false, "MVSCAN_ABLATION": "full", "MVSCAN_CONTEXTUAL_KEYS": false, "MVSCAN_INCLUDE_SCALAR_WITNESSES": false, "MVSCAN_INTERFACE_DISPATCH": false, "MVSCAN_MAX_CONTEXTS_PER_OWNER_BLOCK": 128, "MVSCAN_MAX_DISPATCH_TARGETS": 16, "MVSCAN_REQUIRE_DISTINCT_OUTER_ROOTS": false, "MVSCAN_ROOT_CONTEXT_SINKS": false, "NOOP_WRITE_FILTER": true, "REQUIRE_SAME_SLOT_KEY": true, "SINK_TEST": "none", "USER_CALLABLE_ALWAYS": [], "USER_CALLABLE_DENY": []}
Traceback (most recent call last):
  File "/usr/local/bin/slither", line 8, in <module>
    sys.exit(main())
  File "/usr/local/lib/python3.10/site-packages/slither/__main__.py", line 776, in main
    main_impl(all_detector_classes=detectors, all_printer_classes=printers)
  File "/usr/local/lib/python3.10/site-packages/slither/__main__.py", line 869, in main_impl
    ) = process_single(filename, args, detector_classes, printer_classes)
  File "/usr/local/lib/python3.10/site-packages/slither/__main__.py", line 87, in process_single
    return _process(slither, detector_classes, printer_classes)
  File "/usr/local/lib/python3.10/site-packages/slither/__main__.py", line 137, in _process
    detector_resultss = slither.run_detectors()
  File "/usr/local/lib/python3.10/site-packages/slither/slither.py", line 292, in run_detectors
    results = [d.detect() for d in self._detectors]
  File "/usr/local/lib/python3.10/site-packages/slither/slither.py", line 292, in <listcomp>
    results = [d.detect() for d in self._detectors]
  File "/usr/local/lib/python3.10/site-packages/slither/detectors/abstract_detector.py", line 203, in detect
    for r in [output.data for output in self._detect()]:
  File "/mnt/detector/mvscan_plugin/inconsistent_state.py", line 1051, in _detect
    icfg = build_icfg(self.compilation_unit)
  File "/mnt/detector/mvscan_plugin/inconsistent_state.py", line 553, in build_icfg
    icfg.add_block(node)
  File "/mnt/detector/mvscan_plugin/utils/icfg.py", line 1460, in add_block
    raise RuntimeError(f"Conflicting storage-context semantics for call edge {edge_key}: {previous_mode} vs {edge_mode}")
RuntimeError: Conflicting storage-context semantics for call edge (('src/gauges/factories/BaseV2GaugeFactory.sol::BaseV2GaugeFactory.onlyOwnerOrBribesFactoryOwner()', 1), ('lib/solady/src/auth/Ownable.sol::Ownable.owner()', 0)): ('switch', 'lib/solady/src/auth/Ownable.sol::Ownable') vs ('preserve', None)
