Problem executing hardhat to fetch configuration, using defaults: [Errno 2] No such file or directory: 'hardhat'
[mvscan-config] {"ATOMIC_GROUP": [], "DIVERGENCE_BUDGET": 1000, "ENABLE_BRANCH_GROUPS": true, "ENABLE_EXTERNAL_STATE": true, "ENABLE_MULTI_RETURN_GROUPS": true, "MAPPING_MODE": "precise", "MERGE_OVERLOADS": false, "MVSCAN_ABLATION": "full", "MVSCAN_CONTEXTUAL_KEYS": false, "MVSCAN_INCLUDE_SCALAR_WITNESSES": false, "MVSCAN_INTERFACE_DISPATCH": false, "MVSCAN_MAX_CONTEXTS_PER_OWNER_BLOCK": 128, "MVSCAN_MAX_DISPATCH_TARGETS": 16, "MVSCAN_REQUIRE_DISTINCT_OUTER_ROOTS": false, "MVSCAN_ROOT_CONTEXT_SINKS": false, "NOOP_WRITE_FILTER": true, "REQUIRE_SAME_SLOT_KEY": true, "SINK_TEST": "none", "USER_CALLABLE_ALWAYS": [], "USER_CALLABLE_DENY": []}
[mvscan-stage] icfg-built blocks=266 vars=30
[mvscan-stage] root-seeding-done eligible_exposures=17 seeded=13 multi_exposure_entry_blocks=4 collapsed_contextual_aliases=4 excluded_dependency=0 excluded_interface=21 excluded_library=0 excluded_abstract=0 missing_entry_point=0 missing_entry_block=0
[mvscan-pairs] call_target_digest=bd244cc4d676c4b1dd85b7f6eac6679e4b983fa9689e234b977d943485d3733b candidate_count=0 candidate_digest=4f53cda18c2baa0c0354bb5f9a3ecbe5ed12ab4d8e11ba873c2f11161202b945 context_instance_count=0 eligible_readers=17 eligible_writers=10 execution_context_digest=06398835fb62c07155043ea049c469ccaa7789888b92cd762c41b277bc9f2190 insensitive_readers_filtered=28 invalid_partial_write_filtered=0 must_full_relation_filtered=74 omitted_member_evidence_filtered=0 omitted_member_not_sensitive_filtered=64 owner_context_pairs=0 owner_context_pairs_considered=138 raw_block_pairs=36 reader_witness_count=0 relation_base_members_shadowed=3 relation_context_incompatible=0 relation_digest=a513be93dae37b4cb88536e572fcdf97a4ff5ee6baeb5912e3f6933f65293166 relation_evidence_edges=20 relation_incompatible=15 relation_members_raw=29 relation_origins_registered=5 relation_origins_rejected_unary_after_shadowing=15 relation_origins_seen=20 root_context_sink_filtered=0 same_outer_root_filtered=0 same_static_block_filtered=1 scalar_variables_skipped=21 storage_context_mismatch=0 variables_considered=26
[mvscan-config] {"ATOMIC_GROUP": [], "DIVERGENCE_BUDGET": 1000, "ENABLE_BRANCH_GROUPS": true, "ENABLE_EXTERNAL_STATE": true, "ENABLE_MULTI_RETURN_GROUPS": true, "MAPPING_MODE": "precise", "MERGE_OVERLOADS": false, "MVSCAN_ABLATION": "full", "MVSCAN_CONTEXTUAL_KEYS": false, "MVSCAN_INCLUDE_SCALAR_WITNESSES": false, "MVSCAN_INTERFACE_DISPATCH": false, "MVSCAN_MAX_CONTEXTS_PER_OWNER_BLOCK": 128, "MVSCAN_MAX_DISPATCH_TARGETS": 16, "MVSCAN_REQUIRE_DISTINCT_OUTER_ROOTS": false, "MVSCAN_ROOT_CONTEXT_SINKS": false, "NOOP_WRITE_FILTER": true, "REQUIRE_SAME_SLOT_KEY": true, "SINK_TEST": "none", "USER_CALLABLE_ALWAYS": [], "USER_CALLABLE_DENY": []}
[mvscan-stage] icfg-built blocks=357 vars=2
[mvscan-stage] root-seeding-done eligible_exposures=18 seeded=18 multi_exposure_entry_blocks=0 collapsed_contextual_aliases=0 excluded_dependency=0 excluded_interface=48 excluded_library=0 excluded_abstract=0 missing_entry_point=0 missing_entry_block=0
[mvscan-pairs] call_target_digest=d1dfa2874b8c3650e3bdbf8f76c8c82b53d76d9593e89f67c70d265bd3ece622 candidate_count=0 candidate_digest=4f53cda18c2baa0c0354bb5f9a3ecbe5ed12ab4d8e11ba873c2f11161202b945 context_instance_count=0 execution_context_digest=a2ebfb5ccb8faf577f960d519d13a0f5f16f0060008bec41a2749761d3c09695 invalid_partial_write_filtered=0 must_full_relation_filtered=0 omitted_member_evidence_filtered=0 omitted_member_not_sensitive_filtered=0 owner_context_pairs=0 owner_context_pairs_considered=0 reader_witness_count=0 relation_context_incompatible=0 relation_digest=4f53cda18c2baa0c0354bb5f9a3ecbe5ed12ab4d8e11ba873c2f11161202b945 root_context_sink_filtered=0 same_outer_root_filtered=0 storage_context_mismatch=0
[mvscan-config] {"ATOMIC_GROUP": [], "DIVERGENCE_BUDGET": 1000, "ENABLE_BRANCH_GROUPS": true, "ENABLE_EXTERNAL_STATE": true, "ENABLE_MULTI_RETURN_GROUPS": true, "MAPPING_MODE": "precise", "MERGE_OVERLOADS": false, "MVSCAN_ABLATION": "full", "MVSCAN_CONTEXTUAL_KEYS": false, "MVSCAN_INCLUDE_SCALAR_WITNESSES": false, "MVSCAN_INTERFACE_DISPATCH": false, "MVSCAN_MAX_CONTEXTS_PER_OWNER_BLOCK": 128, "MVSCAN_MAX_DISPATCH_TARGETS": 16, "MVSCAN_REQUIRE_DISTINCT_OUTER_ROOTS": false, "MVSCAN_ROOT_CONTEXT_SINKS": false, "NOOP_WRITE_FILTER": true, "REQUIRE_SAME_SLOT_KEY": true, "SINK_TEST": "none", "USER_CALLABLE_ALWAYS": [], "USER_CALLABLE_DENY": []}
[mvscan-stage] icfg-built blocks=35 vars=1
[mvscan-stage] root-seeding-done eligible_exposures=2 seeded=2 multi_exposure_entry_blocks=0 collapsed_contextual_aliases=0 excluded_dependency=0 excluded_interface=1 excluded_library=0 excluded_abstract=0 missing_entry_point=0 missing_entry_block=0
[mvscan-pairs] call_target_digest=0be818fd3e4d2bdc7d04dd93d7a132a5a1468662a364bdf59c276985ec295019 candidate_count=0 candidate_digest=4f53cda18c2baa0c0354bb5f9a3ecbe5ed12ab4d8e11ba873c2f11161202b945 context_instance_count=0 execution_context_digest=4af158f633074a20e39b6029ff169264eaf42c9d2f6077860c32327d4c0555eb invalid_partial_write_filtered=0 must_full_relation_filtered=0 omitted_member_evidence_filtered=0 omitted_member_not_sensitive_filtered=0 owner_context_pairs=0 owner_context_pairs_considered=0 reader_witness_count=0 relation_base_members_shadowed=1 relation_context_incompatible=0 relation_digest=4f53cda18c2baa0c0354bb5f9a3ecbe5ed12ab4d8e11ba873c2f11161202b945 relation_members_raw=2 relation_origins_rejected_unary_after_shadowing=1 relation_origins_rejected_unreachable=1 relation_origins_seen=1 root_context_sink_filtered=0 same_outer_root_filtered=0 scalar_variables_skipped=1 storage_context_mismatch=0 variables_considered=1
[mvscan-config] {"ATOMIC_GROUP": [], "DIVERGENCE_BUDGET": 1000, "ENABLE_BRANCH_GROUPS": true, "ENABLE_EXTERNAL_STATE": true, "ENABLE_MULTI_RETURN_GROUPS": true, "MAPPING_MODE": "precise", "MERGE_OVERLOADS": false, "MVSCAN_ABLATION": "full", "MVSCAN_CONTEXTUAL_KEYS": false, "MVSCAN_INCLUDE_SCALAR_WITNESSES": false, "MVSCAN_INTERFACE_DISPATCH": false, "MVSCAN_MAX_CONTEXTS_PER_OWNER_BLOCK": 128, "MVSCAN_MAX_DISPATCH_TARGETS": 16, "MVSCAN_REQUIRE_DISTINCT_OUTER_ROOTS": false, "MVSCAN_ROOT_CONTEXT_SINKS": false, "NOOP_WRITE_FILTER": true, "REQUIRE_SAME_SLOT_KEY": true, "SINK_TEST": "none", "USER_CALLABLE_ALWAYS": [], "USER_CALLABLE_DENY": []}
[mvscan-stage] icfg-built blocks=1196 vars=87
[mvscan-stage] root-seeding-done eligible_exposures=112 seeded=87 multi_exposure_entry_blocks=10 collapsed_contextual_aliases=25 excluded_dependency=0 excluded_interface=183 excluded_library=0 excluded_abstract=16 missing_entry_point=0 missing_entry_block=0
[mvscan-pairs] call_target_digest=c884beb50cacefde5f68dbde3ee630213bffdaaa4a70e6b633aca13f9e967f62 candidate_count=6 candidate_digest=f7a4fa3bf0faf9b96abc5346f62ef0e7cafa9d282f330bb529a3b1dbe92cff7c context_instance_count=23 eligible_readers=10 eligible_writers=6 execution_context_digest=be2ccede439a04013cec9d667cb1dfc56427326944e37dec5adf41c7e9a7c70b insensitive_readers_filtered=4 invalid_partial_write_filtered=0 must_full_relation_filtered=0 omitted_member_evidence_filtered=0 omitted_member_not_sensitive_filtered=0 owner_context_pairs=23 owner_context_pairs_considered=57 raw_block_pairs=20 reader_witness_count=23 relation_base_members_shadowed=5 relation_context_incompatible=0 relation_digest=682ea6c0de1d16dc694cc9025da3070645330dc90ff1a6473bf122447cd57986 relation_evidence_edges=11 relation_incompatible=7 relation_members_raw=56 relation_origins_registered=3 relation_origins_rejected_unary_after_shadowing=45 relation_origins_rejected_unreachable=11 relation_origins_seen=48 root_context_sink_filtered=0 same_outer_root_filtered=0 same_static_block_filtered=2 scalar_variables_skipped=40 storage_context_mismatch=34 variables_considered=43
INFO:Detectors:

[MV-SI candidate 3f7d834197caf2f00f2f] {tssAddress, tssAddressUpdater}
 writer root       -> contracts/evm/Zeta.non-eth.sol::ZetaNonEth.renounceTssAddressUpdater()
 writer effect     -> contracts/evm/Zeta.non-eth.sol:58
 written member    -> ('SV', 'contracts/evm/Zeta.non-eth.sol', 'ZetaNonEth.tssAddressUpdater')
 potentially stale -> ('SV', 'contracts/evm/Zeta.non-eth.sol', 'ZetaNonEth.tssAddress')
 reader witnesses  -> 2
 storage exposures -> 1
[MV-SI candidate 4d64bca74974412a1000] {GAS_LIMIT, PROTOCOL_FLAT_FEE}
 writer root       -> contracts/zevm/ZRC20.sol::ZRC20.updateProtocolFlatFee(uint256)
 writer effect     -> contracts/zevm/ZRC20.sol:289
 written member    -> ('SV', 'contracts/zevm/ZRC20.sol', 'ZRC20.PROTOCOL_FLAT_FEE')
 potentially stale -> ('SV', 'contracts/zevm/ZRC20.sol', 'ZRC20.GAS_LIMIT')
 reader witnesses  -> 1
 storage exposures -> 1
[MV-SI candidate 58fec675661351e40e3c] {tssAddress, tssAddressUpdater}
 writer root       -> contracts/evm/ZetaConnector.base.sol::ZetaConnectorBase.updateTssAddress(address)
 writer effect     -> contracts/evm/ZetaConnector.base.sol:132
 written member    -> ('SV', 'contracts/evm/ZetaConnector.base.sol', 'ZetaConnectorBase.tssAddress')
 potentially stale -> ('SV', 'contracts/evm/ZetaConnector.base.sol', 'ZetaConnectorBase.tssAddressUpdater')
 reader witnesses  -> 6
 storage exposures -> 3
[MV-SI candidate abfa072bd6ea34d6b556] {GAS_LIMIT, PROTOCOL_FLAT_FEE}
 writer root       -> contracts/zevm/ZRC20.sol::ZRC20.updateGasLimit(uint256)
 writer effect     -> contracts/zevm/ZRC20.sol:280
 written member    -> ('SV', 'contracts/zevm/ZRC20.sol', 'ZRC20.GAS_LIMIT')
 potentially stale -> ('SV', 'contracts/zevm/ZRC20.sol', 'ZRC20.PROTOCOL_FLAT_FEE')
 reader witnesses  -> 1
 storage exposures -> 1
[MV-SI candidate d11e8cd7349ff90bc76d] {tssAddress, tssAddressUpdater}
 writer root       -> contracts/evm/Zeta.non-eth.sol::ZetaNonEth.updateTssAndConnectorAddresses(address,address)
 writer effect     -> contracts/evm/Zeta.non-eth.sol:44
 written member    -> ('SV', 'contracts/evm/Zeta.non-eth.sol', 'ZetaNonEth.tssAddress')
 potentially stale -> ('SV', 'contracts/evm/Zeta.non-eth.sol', 'ZetaNonEth.tssAddressUpdater')
 reader witnesses  -> 2
 storage exposures -> 1
[MV-SI candidate e267787abffdcf4e3827] {tssAddress, tssAddressUpdater}
 writer root       -> contracts/evm/ZetaConnector.base.sol::ZetaConnectorBase.renounceTssAddressUpdater()
 writer effect     -> contracts/evm/ZetaConnector.base.sol:143
 written member    -> ('SV', 'contracts/evm/ZetaConnector.base.sol', 'ZetaConnectorBase.tssAddressUpdater')
 potentially stale -> ('SV', 'contracts/evm/ZetaConnector.base.sol', 'ZetaConnectorBase.tssAddress')
 reader witnesses  -> 11
 storage exposures -> 3Reference: https://github.com/crytic/slither/wiki/Detector-Documentation
[mvscan-config] {"ATOMIC_GROUP": [], "DIVERGENCE_BUDGET": 1000, "ENABLE_BRANCH_GROUPS": true, "ENABLE_EXTERNAL_STATE": true, "ENABLE_MULTI_RETURN_GROUPS": true, "MAPPING_MODE": "precise", "MERGE_OVERLOADS": false, "MVSCAN_ABLATION": "full", "MVSCAN_CONTEXTUAL_KEYS": false, "MVSCAN_INCLUDE_SCALAR_WITNESSES": false, "MVSCAN_INTERFACE_DISPATCH": false, "MVSCAN_MAX_CONTEXTS_PER_OWNER_BLOCK": 128, "MVSCAN_MAX_DISPATCH_TARGETS": 16, "MVSCAN_REQUIRE_DISTINCT_OUTER_ROOTS": false, "MVSCAN_ROOT_CONTEXT_SINKS": false, "NOOP_WRITE_FILTER": true, "REQUIRE_SAME_SLOT_KEY": true, "SINK_TEST": "none", "USER_CALLABLE_ALWAYS": [], "USER_CALLABLE_DENY": []}
[mvscan-stage] icfg-built blocks=31 vars=8
[mvscan-stage] root-seeding-done eligible_exposures=6 seeded=6 multi_exposure_entry_blocks=0 collapsed_contextual_aliases=0 excluded_dependency=0 excluded_interface=0 excluded_library=0 excluded_abstract=0 missing_entry_point=0 missing_entry_block=0
[mvscan-pairs] call_target_digest=c490e0eb51da689f8800afec3f4d2342a3836b10f478cfaf3ce429d8eaa94715 candidate_count=0 candidate_digest=4f53cda18c2baa0c0354bb5f9a3ecbe5ed12ab4d8e11ba873c2f11161202b945 context_instance_count=0 execution_context_digest=6fbe86dc9ca393f0c45ab7f2d7022795e0513935c38f5c8b4c71ad417e0e4718 invalid_partial_write_filtered=0 must_full_relation_filtered=0 omitted_member_evidence_filtered=0 omitted_member_not_sensitive_filtered=0 owner_context_pairs=0 owner_context_pairs_considered=0 reader_witness_count=0 relation_base_members_shadowed=4 relation_context_incompatible=0 relation_digest=4f53cda18c2baa0c0354bb5f9a3ecbe5ed12ab4d8e11ba873c2f11161202b945 relation_members_raw=8 relation_origins_rejected_unary_after_shadowing=4 relation_origins_seen=4 root_context_sink_filtered=0 same_outer_root_filtered=0 scalar_variables_skipped=5 storage_context_mismatch=0 variables_considered=5
INFO:Slither:. analyzed (113 contracts with 1 detectors), 6 result(s) found
