Problem executing hardhat to fetch configuration, using defaults: [Errno 2] No such file or directory: 'hardhat'
[mvscan-config] {"ATOMIC_GROUP": [], "DIVERGENCE_BUDGET": 1000, "ENABLE_BRANCH_GROUPS": true, "ENABLE_EXTERNAL_STATE": true, "ENABLE_MULTI_RETURN_GROUPS": false, "MAPPING_MODE": "precise", "MERGE_OVERLOADS": false, "MVSCAN_ABLATION": "no_multi_return_groups", "MVSCAN_CONTEXTUAL_KEYS": true, "MVSCAN_INCLUDE_SCALAR_WITNESSES": false, "MVSCAN_INTERFACE_DISPATCH": false, "MVSCAN_MAX_CONTEXTS_PER_OWNER_BLOCK": 128, "MVSCAN_MAX_DISPATCH_TARGETS": 16, "MVSCAN_REQUIRE_DISTINCT_OUTER_ROOTS": false, "MVSCAN_ROOT_CONTEXT_SINKS": false, "NOOP_WRITE_FILTER": true, "REQUIRE_SAME_SLOT_KEY": true, "SINK_TEST": "none", "USER_CALLABLE_ALWAYS": [], "USER_CALLABLE_DENY": []}
[mvscan-stage] icfg-built blocks=592 vars=68
[mvscan-stage] root-seeding-done eligible_exposures=28 seeded=23 multi_exposure_entry_blocks=5 collapsed_contextual_aliases=5 excluded_dependency=0 excluded_interface=8 excluded_library=0 excluded_abstract=2 missing_entry_point=0 missing_entry_block=0
[mvscan-pairs] call_target_digest=f1c1f8950d7b94fc5e8262449de09bd331dd3e58a274e2d0b8d3164cae4bb45a candidate_count=28 candidate_digest=29082117de64f317d21d5d347b9e1b60420cf0918cf02ffb4b454fadb891f807 context_instance_count=267 eligible_readers=179 eligible_writers=103 execution_context_digest=53ea0132a0c97ee558c341cd50983cfaed2102fdb50099e0d81915f5d0d22495 insensitive_readers_filtered=69 invalid_partial_write_filtered=0 must_full_relation_filtered=48 omitted_member_evidence_filtered=0 omitted_member_not_sensitive_filtered=0 owner_context_pairs=917 owner_context_pairs_considered=1897 raw_block_pairs=1683 reader_witness_count=917 relation_base_members_shadowed=8 relation_context_incompatible=932 relation_digest=8aade9a13ff04d52690b6617924b6683ec02aca1980bd37a45b77ccb892e6da3 relation_members_raw=91 relation_origins_registered=13 relation_origins_rejected_unary_after_shadowing=39 relation_origins_seen=52 relation_unbound_key_templates=3 root_context_sink_filtered=0 same_outer_root_filtered=0 same_static_block_filtered=42 scalar_variables_skipped=35 storage_context_mismatch=0 variables_considered=48
INFO:Detectors:

[MV-SI candidate 0ad467d9c36b5500094f] {rate, startEpochSupply, startEpochTime}
 writer root       -> contracts/InvestorDistribution.sol::InvestorDistribution.updateEmission()
 writer effect     -> contracts/InvestorDistribution.sol:172
 written member    -> ('SV', 'contracts/InvestorDistribution.sol', 'InvestorDistribution.startEpochSupply')
 potentially stale -> ('SV', 'contracts/InvestorDistribution.sol', 'InvestorDistribution.rate'), ('SV', 'contracts/InvestorDistribution.sol', 'InvestorDistribution.startEpochTime')
 reader witnesses  -> 6
 storage exposures -> 1
[MV-SI candidate 0c1db2e58e07ca81a99f] {investors, rate, startEpochSupply, startEpochTime}
 writer root       -> contracts/InvestorDistribution.sol::InvestorDistribution.claimExact(uint256)
 writer effect     -> contracts/InvestorDistribution.sol:152
 written member    -> ('SV', 'contracts/InvestorDistribution.sol', 'InvestorDistribution.investors')
 potentially stale -> ('SV', 'contracts/InvestorDistribution.sol', 'InvestorDistribution.rate'), ('SV', 'contracts/InvestorDistribution.sol', 'InvestorDistribution.startEpochSupply'), ('SV', 'contracts/InvestorDistribution.sol', 'InvestorDistribution.startEpochTime')
 reader witnesses  -> 24
 storage exposures -> 1
[MV-SI candidate 17d531e13936e39ce05e] {airdrop, rate, startEpochSupply, startEpochTime}
 writer root       -> contracts/AirdropDistribution.sol::AirdropDistribution.claim()
 writer effect     -> contracts/AirdropDistribution.sol:539
 written member    -> ('SV', 'contracts/AirdropDistribution.sol', 'AirdropDistribution.airdrop')
 potentially stale -> ('SV', 'contracts/AirdropDistribution.sol', 'AirdropDistribution.rate'), ('SV', 'contracts/AirdropDistribution.sol', 'AirdropDistribution.startEpochSupply'), ('SV', 'contracts/AirdropDistribution.sol', 'AirdropDistribution.startEpochTime')
 reader witnesses  -> 24
 storage exposures -> 1
[MV-SI candidate 22310a37fbe88f9230a8] {investors, rate, startEpochSupply, startEpochTime}
 writer root       -> contracts/InvestorDistribution.sol::InvestorDistribution.updateEmission()
 writer effect     -> contracts/InvestorDistribution.sol:172
 written member    -> ('SV', 'contracts/InvestorDistribution.sol', 'InvestorDistribution.startEpochSupply')
 potentially stale -> ('SV', 'contracts/InvestorDistribution.sol', 'InvestorDistribution.investors'), ('SV', 'contracts/InvestorDistribution.sol', 'InvestorDistribution.rate'), ('SV', 'contracts/InvestorDistribution.sol', 'InvestorDistribution.startEpochTime')
 reader witnesses  -> 88
 storage exposures -> 1
[MV-SI candidate 2bb0b1519f6b03e7f8a0] {rate, startEpochSupply, startEpochTime}
 writer root       -> contracts/AirdropDistribution.sol::AirdropDistribution.updateEmission()
 writer effect     -> contracts/AirdropDistribution.sol:582
 written member    -> ('SV', 'contracts/AirdropDistribution.sol', 'AirdropDistribution.startEpochSupply')
 potentially stale -> ('SV', 'contracts/AirdropDistribution.sol', 'AirdropDistribution.rate'), ('SV', 'contracts/AirdropDistribution.sol', 'AirdropDistribution.startEpochTime')
 reader witnesses  -> 6
 storage exposures -> 1
[MV-SI candidate 2bcc2de58191fbbbad9c] {investors, rate, startEpochSupply, startEpochTime}
 writer root       -> contracts/InvestorDistribution.sol::InvestorDistribution.claim()
 writer effect     -> contracts/InvestorDistribution.sol:129
 written member    -> ('SV', 'contracts/InvestorDistribution.sol', 'InvestorDistribution.investors')
 potentially stale -> ('SV', 'contracts/InvestorDistribution.sol', 'InvestorDistribution.rate'), ('SV', 'contracts/InvestorDistribution.sol', 'InvestorDistribution.startEpochSupply'), ('SV', 'contracts/InvestorDistribution.sol', 'InvestorDistribution.startEpochTime')
 reader witnesses  -> 24
 storage exposures -> 1
[MV-SI candidate 34181ce00a01994b6ced] {rate, startEpochSupply, startEpochTime}
 writer root       -> contracts/AirdropDistribution.sol::AirdropDistribution.updateEmission()
 writer effect     -> contracts/AirdropDistribution.sol:585
 written member    -> ('SV', 'contracts/AirdropDistribution.sol', 'AirdropDistribution.rate')
 potentially stale -> ('SV', 'contracts/AirdropDistribution.sol', 'AirdropDistribution.startEpochSupply'), ('SV', 'contracts/AirdropDistribution.sol', 'AirdropDistribution.startEpochTime')
 reader witnesses  -> 6
 storage exposures -> 1
[MV-SI candidate 3640c4d422a1666e88bb] {investors, rate, startEpochSupply, startEpochTime}
 writer root       -> contracts/InvestorDistribution.sol::InvestorDistribution.claim()
 writer effect     -> contracts/InvestorDistribution.sol:128
 written member    -> ('SV', 'contracts/InvestorDistribution.sol', 'InvestorDistribution.investors')
 potentially stale -> ('SV', 'contracts/InvestorDistribution.sol', 'InvestorDistribution.rate'), ('SV', 'contracts/InvestorDistribution.sol', 'InvestorDistribution.startEpochSupply'), ('SV', 'contracts/InvestorDistribution.sol', 'InvestorDistribution.startEpochTime')
 reader witnesses  -> 24
 storage exposures -> 1
[MV-SI candidate 375de60ca7c3a48363bd] {benRevocable[$arg0][@const::0], benRevocable[$arg0][@const::1]}
 writer root       -> contracts/Vesting.sol::Vesting.revoke(address)
 writer effect     -> contracts/Vesting.sol:122
 written member    -> ('MS', 'contracts/Vesting.sol', 'Vesting.benRevocable', '$arg0][@const::1')
 potentially stale -> ('MS', 'contracts/Vesting.sol', 'Vesting.benRevocable', '$arg0][@const::0')
 reader witnesses  -> 1
 storage exposures -> 1
[MV-SI candidate 56ff502830b5390fb68c] {airdrop, rate, startEpochSupply, startEpochTime}
 writer root       -> contracts/AirdropDistribution.sol::AirdropDistribution.claimExact(uint256)
 writer effect     -> contracts/AirdropDistribution.sol:564
 written member    -> ('SV', 'contracts/AirdropDistribution.sol', 'AirdropDistribution.airdrop')
 potentially stale -> ('SV', 'contracts/AirdropDistribution.sol', 'AirdropDistribution.rate'), ('SV', 'contracts/AirdropDistribution.sol', 'AirdropDistribution.startEpochSupply'), ('SV', 'contracts/AirdropDistribution.sol', 'AirdropDistribution.startEpochTime')
 reader witnesses  -> 24
 storage exposures -> 1
[MV-SI candidate 5af4bdc9736d0d3080a2] {airdrop, rate, startEpochSupply, startEpochTime}
 writer root       -> contracts/AirdropDistribution.sol::AirdropDistribution.updateEmission()
 writer effect     -> contracts/AirdropDistribution.sol:588
 written member    -> ('SV', 'contracts/AirdropDistribution.sol', 'AirdropDistribution.rate')
 potentially stale -> ('SV', 'contracts/AirdropDistribution.sol', 'AirdropDistribution.airdrop'), ('SV', 'contracts/AirdropDistribution.sol', 'AirdropDistribution.startEpochSupply'), ('SV', 'contracts/AirdropDistribution.sol', 'AirdropDistribution.startEpochTime')
 reader witnesses  -> 84
 storage exposures -> 1
[MV-SI candidate 6796ddcbac32bc4ec9cf] {investors, rate, startEpochSupply, startEpochTime}
 writer root       -> contracts/InvestorDistribution.sol::InvestorDistribution.updateEmission()
 writer effect     -> contracts/InvestorDistribution.sol:171
 written member    -> ('SV', 'contracts/InvestorDistribution.sol', 'InvestorDistribution.startEpochTime')
 potentially stale -> ('SV', 'contracts/InvestorDistribution.sol', 'InvestorDistribution.investors'), ('SV', 'contracts/InvestorDistribution.sol', 'InvestorDistribution.rate'), ('SV', 'contracts/InvestorDistribution.sol', 'InvestorDistribution.startEpochSupply')
 reader witnesses  -> 72
 storage exposures -> 1
[MV-SI candidate 6c9c4b0ba9acb684b2ed] {benVestingIndex[$arg0], timelocks}
 writer root       -> contracts/Vesting.sol::Vesting.claim()
 writer effect     -> contracts/Vesting.sol:170
 written member    -> ('SV', 'contracts/Vesting.sol', 'Vesting.timelocks')
 potentially stale -> ('MS', 'contracts/Vesting.sol', 'Vesting.benVestingIndex', '$arg0')
 reader witnesses  -> 8
 storage exposures -> 1
[MV-SI candidate 6d06cd0c66225be9c38f] {airdrop, rate, startEpochSupply, startEpochTime}
 writer root       -> contracts/AirdropDistribution.sol::AirdropDistribution.claimExact(uint256)
 writer effect     -> contracts/AirdropDistribution.sol:563
 written member    -> ('SV', 'contracts/AirdropDistribution.sol', 'AirdropDistribution.airdrop')
 potentially stale -> ('SV', 'contracts/AirdropDistribution.sol', 'AirdropDistribution.rate'), ('SV', 'contracts/AirdropDistribution.sol', 'AirdropDistribution.startEpochSupply'), ('SV', 'contracts/AirdropDistribution.sol', 'AirdropDistribution.startEpochTime')
 reader witnesses  -> 24
 storage exposures -> 1
[MV-SI candidate 7831c7b53740e92fd1e8] {airdrop, rate, startEpochSupply, startEpochTime}
 writer root       -> contracts/AirdropDistribution.sol::AirdropDistribution.claim()
 writer effect     -> contracts/AirdropDistribution.sol:538
 written member    -> ('SV', 'contracts/AirdropDistribution.sol', 'AirdropDistribution.airdrop')
 potentially stale -> ('SV', 'contracts/AirdropDistribution.sol', 'AirdropDistribution.rate'), ('SV', 'contracts/AirdropDistribution.sol', 'AirdropDistribution.startEpochSupply'), ('SV', 'contracts/AirdropDistribution.sol', 'AirdropDistribution.startEpochTime')
 reader witnesses  -> 24
 storage exposures -> 1
[MV-SI candidate 7f7b0c794959da819f0a] {investors, rate, startEpochSupply, startEpochTime}
 writer root       -> contracts/InvestorDistribution.sol::InvestorDistribution.updateEmission()
 writer effect     -> contracts/InvestorDistribution.sol:178
 written member    -> ('SV', 'contracts/InvestorDistribution.sol', 'InvestorDistribution.rate')
 potentially stale -> ('SV', 'contracts/InvestorDistribution.sol', 'InvestorDistribution.investors'), ('SV', 'contracts/InvestorDistribution.sol', 'InvestorDistribution.startEpochSupply'), ('SV', 'contracts/InvestorDistribution.sol', 'InvestorDistribution.startEpochTime')
 reader witnesses  -> 88
 storage exposures -> 1
[MV-SI candidate 8cffa94a08a2b0a525f1] {investors, rate, startEpochSupply, startEpochTime}
 writer root       -> contracts/InvestorDistribution.sol::InvestorDistribution.claimExact(uint256)
 writer effect     -> contracts/InvestorDistribution.sol:153
 written member    -> ('SV', 'contracts/InvestorDistribution.sol', 'InvestorDistribution.investors')
 potentially stale -> ('SV', 'contracts/InvestorDistribution.sol', 'InvestorDistribution.rate'), ('SV', 'contracts/InvestorDistribution.sol', 'InvestorDistribution.startEpochSupply'), ('SV', 'contracts/InvestorDistribution.sol', 'InvestorDistribution.startEpochTime')
 reader witnesses  -> 24
 storage exposures -> 1
[MV-SI candidate 9637ff6d9fabaa7bfad1] {rate, startEpochSupply, startEpochTime}
 writer root       -> contracts/InvestorDistribution.sol::InvestorDistribution.updateEmission()
 writer effect     -> contracts/InvestorDistribution.sol:178
 written member    -> ('SV', 'contracts/InvestorDistribution.sol', 'InvestorDistribution.rate')
 potentially stale -> ('SV', 'contracts/InvestorDistribution.sol', 'InvestorDistribution.startEpochSupply'), ('SV', 'contracts/InvestorDistribution.sol', 'InvestorDistribution.startEpochTime')
 reader witnesses  -> 6
 storage exposures -> 1
[MV-SI candidate a06784141d027b014c9d] {rate, startEpochSupply, startEpochTime}
 writer root       -> contracts/AirdropDistribution.sol::AirdropDistribution.updateEmission()
 writer effect     -> contracts/AirdropDistribution.sol:581
 written member    -> ('SV', 'contracts/AirdropDistribution.sol', 'AirdropDistribution.startEpochTime')
 potentially stale -> ('SV', 'contracts/AirdropDistribution.sol', 'AirdropDistribution.rate'), ('SV', 'contracts/AirdropDistribution.sol', 'AirdropDistribution.startEpochSupply')
 reader witnesses  -> 2
 storage exposures -> 1
[MV-SI candidate b88a28b1b9e9c559f673] {airdrop, rate, startEpochSupply, startEpochTime}
 writer root       -> contracts/AirdropDistribution.sol::AirdropDistribution.updateEmission()
 writer effect     -> contracts/AirdropDistribution.sol:582
 written member    -> ('SV', 'contracts/AirdropDistribution.sol', 'AirdropDistribution.startEpochSupply')
 potentially stale -> ('SV', 'contracts/AirdropDistribution.sol', 'AirdropDistribution.airdrop'), ('SV', 'contracts/AirdropDistribution.sol', 'AirdropDistribution.rate'), ('SV', 'contracts/AirdropDistribution.sol', 'AirdropDistribution.startEpochTime')
 reader witnesses  -> 84
 storage exposures -> 1
[MV-SI candidate bc81fbe8fe20c0b6d893] {rate, startEpochSupply, startEpochTime}
 writer root       -> contracts/InvestorDistribution.sol::InvestorDistribution.updateEmission()
 writer effect     -> contracts/InvestorDistribution.sol:171
 written member    -> ('SV', 'contracts/InvestorDistribution.sol', 'InvestorDistribution.startEpochTime')
 potentially stale -> ('SV', 'contracts/InvestorDistribution.sol', 'InvestorDistribution.rate'), ('SV', 'contracts/InvestorDistribution.sol', 'InvestorDistribution.startEpochSupply')
 reader witnesses  -> 2
 storage exposures -> 1
[MV-SI candidate bdbdd72cea48fc05480d] {rate, startEpochSupply, startEpochTime}
 writer root       -> contracts/InvestorDistribution.sol::InvestorDistribution.updateEmission()
 writer effect     -> contracts/InvestorDistribution.sol:175
 written member    -> ('SV', 'contracts/InvestorDistribution.sol', 'InvestorDistribution.rate')
 potentially stale -> ('SV', 'contracts/InvestorDistribution.sol', 'InvestorDistribution.startEpochSupply'), ('SV', 'contracts/InvestorDistribution.sol', 'InvestorDistribution.startEpochTime')
 reader witnesses  -> 6
 storage exposures -> 1
[MV-SI candidate c2526020afe18a7fd2bc] {airdrop, rate, startEpochSupply, startEpochTime}
 writer root       -> contracts/AirdropDistribution.sol::AirdropDistribution.updateEmission()
 writer effect     -> contracts/AirdropDistribution.sol:585
 written member    -> ('SV', 'contracts/AirdropDistribution.sol', 'AirdropDistribution.rate')
 potentially stale -> ('SV', 'contracts/AirdropDistribution.sol', 'AirdropDistribution.airdrop'), ('SV', 'contracts/AirdropDistribution.sol', 'AirdropDistribution.startEpochSupply'), ('SV', 'contracts/AirdropDistribution.sol', 'AirdropDistribution.startEpochTime')
 reader witnesses  -> 84
 storage exposures -> 1
[MV-SI candidate d470c350c651655a7b67] {rate, startEpochSupply, startEpochTime}
 writer root       -> contracts/AirdropDistribution.sol::AirdropDistribution.updateEmission()
 writer effect     -> contracts/AirdropDistribution.sol:588
 written member    -> ('SV', 'contracts/AirdropDistribution.sol', 'AirdropDistribution.rate')
 potentially stale -> ('SV', 'contracts/AirdropDistribution.sol', 'AirdropDistribution.startEpochSupply'), ('SV', 'contracts/AirdropDistribution.sol', 'AirdropDistribution.startEpochTime')
 reader witnesses  -> 6
 storage exposures -> 1
[MV-SI candidate d76593ef6f2df3e3b73a] {investors, rate, startEpochSupply, startEpochTime}
 writer root       -> contracts/InvestorDistribution.sol::InvestorDistribution.updateEmission()
 writer effect     -> contracts/InvestorDistribution.sol:175
 written member    -> ('SV', 'contracts/InvestorDistribution.sol', 'InvestorDistribution.rate')
 potentially stale -> ('SV', 'contracts/InvestorDistribution.sol', 'InvestorDistribution.investors'), ('SV', 'contracts/InvestorDistribution.sol', 'InvestorDistribution.startEpochSupply'), ('SV', 'contracts/InvestorDistribution.sol', 'InvestorDistribution.startEpochTime')
 reader witnesses  -> 88
 storage exposures -> 1
[MV-SI candidate e14230358d9248d86c31] {benVestingIndex[$arg0], timelocks}
 writer root       -> contracts/Vesting.sol::Vesting.vest(address,uint256,uint256)
 writer effect     -> contracts/Vesting.sol:81
 written member    -> ('SV', 'contracts/Vesting.sol', 'Vesting.timelocks')
 potentially stale -> ('MS', 'contracts/Vesting.sol', 'Vesting.benVestingIndex', '$arg0')
 reader witnesses  -> 8
 storage exposures -> 1
[MV-SI candidate ee4c4cb2195bef3e831b] {benVestingIndex[$arg0], timelocks}
 writer root       -> contracts/Vesting.sol::Vesting.claim()
 writer effect     -> contracts/Vesting.sol:182
 written member    -> ('MS', 'contracts/Vesting.sol', 'Vesting.benVestingIndex', '$arg0')
 potentially stale -> ('SV', 'contracts/Vesting.sol', 'Vesting.timelocks')
 reader witnesses  -> 12
 storage exposures -> 1
[MV-SI candidate fcfe5ef2be14d54d46d0] {airdrop, rate, startEpochSupply, startEpochTime}
 writer root       -> contracts/AirdropDistribution.sol::AirdropDistribution.updateEmission()
 writer effect     -> contracts/AirdropDistribution.sol:581
 written member    -> ('SV', 'contracts/AirdropDistribution.sol', 'AirdropDistribution.startEpochTime')
 potentially stale -> ('SV', 'contracts/AirdropDistribution.sol', 'AirdropDistribution.airdrop'), ('SV', 'contracts/AirdropDistribution.sol', 'AirdropDistribution.rate'), ('SV', 'contracts/AirdropDistribution.sol', 'AirdropDistribution.startEpochSupply')
 reader witnesses  -> 68
 storage exposures -> 1Reference: https://github.com/crytic/slither/wiki/Detector-Documentation
INFO:Slither:. analyzed (16 contracts with 1 detectors), 28 result(s) found
