Problem executing hardhat to fetch configuration, using defaults: [Errno 2] No such file or directory: 'hardhat'
ERROR:ContractSolcParsing:Impossible to generate IR for FNDNFTMarket.constructor (contracts/mixins/NFTMarketCreators.sol#35-40):
 'NoneType' object has no attribute 'parameters'
ERROR:ContractSolcParsing:Impossible to generate IR for FNDNFTMarket._getCreatorPaymentInfo (contracts/mixins/NFTMarketCreators.sol#49-251):
 'NoneType' object has no attribute 'parameters'
ERROR:ContractSolcParsing:Impossible to generate IR for NFTMarketBuyPrice.constructor (contracts/mixins/NFTMarketCreators.sol#35-40):
 'NoneType' object has no attribute 'parameters'
ERROR:ContractSolcParsing:Impossible to generate IR for NFTMarketBuyPrice._getCreatorPaymentInfo (contracts/mixins/NFTMarketCreators.sol#49-251):
 'NoneType' object has no attribute 'parameters'
ERROR:ContractSolcParsing:Impossible to generate IR for NFTMarketFees.constructor (contracts/mixins/NFTMarketCreators.sol#35-40):
 'NoneType' object has no attribute 'parameters'
ERROR:ContractSolcParsing:Impossible to generate IR for NFTMarketFees._getCreatorPaymentInfo (contracts/mixins/NFTMarketCreators.sol#49-251):
 'NoneType' object has no attribute 'parameters'
ERROR:ContractSolcParsing:Impossible to generate IR for NFTMarketOffer.constructor (contracts/mixins/NFTMarketCreators.sol#35-40):
 'NoneType' object has no attribute 'parameters'
ERROR:ContractSolcParsing:Impossible to generate IR for NFTMarketOffer._getCreatorPaymentInfo (contracts/mixins/NFTMarketCreators.sol#49-251):
 'NoneType' object has no attribute 'parameters'
ERROR:ContractSolcParsing:Impossible to generate IR for NFTMarketPrivateSale.constructor (contracts/mixins/NFTMarketCreators.sol#35-40):
 'NoneType' object has no attribute 'parameters'
ERROR:ContractSolcParsing:Impossible to generate IR for NFTMarketPrivateSale._getCreatorPaymentInfo (contracts/mixins/NFTMarketCreators.sol#49-251):
 'NoneType' object has no attribute 'parameters'
ERROR:ContractSolcParsing:Impossible to generate IR for NFTMarketReserveAuction.constructor (contracts/mixins/NFTMarketCreators.sol#35-40):
 'NoneType' object has no attribute 'parameters'
ERROR:ContractSolcParsing:Impossible to generate IR for NFTMarketReserveAuction._getCreatorPaymentInfo (contracts/mixins/NFTMarketCreators.sol#49-251):
 'NoneType' object has no attribute 'parameters'
[mvscan-config] {"ATOMIC_GROUP": [], "DIVERGENCE_BUDGET": 1000, "ENABLE_BRANCH_GROUPS": true, "ENABLE_EXTERNAL_STATE": true, "ENABLE_MULTI_RETURN_GROUPS": true, "MAPPING_MODE": "base_collapsed", "MERGE_OVERLOADS": false, "MVSCAN_ABLATION": "mapping_insensitive", "MVSCAN_CONTEXTUAL_KEYS": true, "MVSCAN_INCLUDE_SCALAR_WITNESSES": false, "MVSCAN_INTERFACE_DISPATCH": false, "MVSCAN_MAX_CONTEXTS_PER_OWNER_BLOCK": 128, "MVSCAN_MAX_DISPATCH_TARGETS": 16, "MVSCAN_REQUIRE_DISTINCT_OUTER_ROOTS": false, "MVSCAN_ROOT_CONTEXT_SINKS": false, "NOOP_WRITE_FILTER": true, "REQUIRE_SAME_SLOT_KEY": false, "SINK_TEST": "none", "USER_CALLABLE_ALWAYS": [], "USER_CALLABLE_DENY": []}
[mvscan-stage] icfg-built blocks=1777 vars=55
[mvscan-stage] root-seeding-done eligible_exposures=61 seeded=56 multi_exposure_entry_blocks=5 collapsed_contextual_aliases=5 excluded_dependency=0 excluded_interface=18 excluded_library=0 excluded_abstract=47 missing_entry_point=0 missing_entry_block=0
[mvscan-pairs] call_target_digest=2fa718c03fdd879ac333e92a2c5b63e30da1224e5186949eabc4b180a493d573 candidate_count=14 candidate_digest=e83d6107e39d24abaee14e3dc1c67c3d315a31617d769a289cb0eafff79b296f context_instance_count=205 eligible_readers=316 eligible_writers=138 execution_context_digest=898a95077093ea7f0308a5d4f87e77d5a00b0c13dca5e243179d06d368b844f3 insensitive_readers_filtered=44 invalid_partial_write_filtered=0 must_full_relation_filtered=0 omitted_member_evidence_filtered=0 omitted_member_not_sensitive_filtered=3938 owner_context_pairs=529 owner_context_pairs_considered=6968 raw_block_pairs=3994 reader_witness_count=529 relation_base_members_shadowed=0 relation_context_incompatible=1660 relation_digest=c74f15a8b3db1200a6b5d9f0fbb6e9ff06ba775db007101288b287f96488e1e0 relation_members_raw=78 relation_origins_registered=14 relation_origins_rejected_unary_after_shadowing=32 relation_origins_rejected_unreachable=20 relation_origins_seen=46 root_context_sink_filtered=0 same_outer_root_filtered=0 same_static_block_filtered=102 scalar_variables_skipped=18 storage_context_mismatch=841 variables_considered=32
INFO:Detectors:

[MV-SI candidate 13589f195ea7eca99d18] {_operatorApprovals, _owners}
 writer root       -> @openzeppelin/contracts/token/ERC721/ERC721.sol::ERC721.safeTransferFrom(address,address,uint256,bytes)
 writer effect     -> @openzeppelin/contracts/token/ERC721/ERC721.sol:346
 written member    -> ('SV', '@openzeppelin/contracts/token/ERC721/ERC721.sol', 'ERC721._owners')
 potentially stale -> ('SV', '@openzeppelin/contracts/token/ERC721/ERC721.sol', 'ERC721._operatorApprovals')
 reader witnesses  -> 8
 storage exposures -> 2
[MV-SI candidate 1a5d056507bf5ce6dfd5] {_operatorApprovals, _owners, _tokenApprovals}
 writer root       -> @openzeppelin/contracts/token/ERC721/ERC721.sol::ERC721.safeTransferFrom(address,address,uint256)
 writer effect     -> @openzeppelin/contracts/token/ERC721/ERC721.sol:359
 written member    -> ('SV', '@openzeppelin/contracts/token/ERC721/ERC721.sol', 'ERC721._tokenApprovals')
 potentially stale -> ('SV', '@openzeppelin/contracts/token/ERC721/ERC721.sol', 'ERC721._operatorApprovals'), ('SV', '@openzeppelin/contracts/token/ERC721/ERC721.sol', 'ERC721._owners')
 reader witnesses  -> 69
 storage exposures -> 2
[MV-SI candidate 3cef31d48c10d54a4d55] {_operatorApprovals, _owners}
 writer root       -> @openzeppelin/contracts/token/ERC721/ERC721.sol::ERC721.transferFrom(address,address,uint256)
 writer effect     -> @openzeppelin/contracts/token/ERC721/ERC721.sol:346
 written member    -> ('SV', '@openzeppelin/contracts/token/ERC721/ERC721.sol', 'ERC721._owners')
 potentially stale -> ('SV', '@openzeppelin/contracts/token/ERC721/ERC721.sol', 'ERC721._operatorApprovals')
 reader witnesses  -> 8
 storage exposures -> 2
[MV-SI candidate 532ce1912a78e1870b00] {_operatorApprovals, _owners, _tokenApprovals}
 writer root       -> @openzeppelin/contracts/token/ERC721/ERC721.sol::ERC721.transferFrom(address,address,uint256)
 writer effect     -> @openzeppelin/contracts/token/ERC721/ERC721.sol:359
 written member    -> ('SV', '@openzeppelin/contracts/token/ERC721/ERC721.sol', 'ERC721._tokenApprovals')
 potentially stale -> ('SV', '@openzeppelin/contracts/token/ERC721/ERC721.sol', 'ERC721._operatorApprovals'), ('SV', '@openzeppelin/contracts/token/ERC721/ERC721.sol', 'ERC721._owners')
 reader witnesses  -> 69
 storage exposures -> 2
[MV-SI candidate 62eeb8cecedaa6d03fa3] {_operatorApprovals, _owners, _tokenApprovals}
 writer root       -> @openzeppelin/contracts/token/ERC721/ERC721.sol::ERC721.safeTransferFrom(address,address,uint256)
 writer effect     -> @openzeppelin/contracts/token/ERC721/ERC721.sol:346
 written member    -> ('SV', '@openzeppelin/contracts/token/ERC721/ERC721.sol', 'ERC721._owners')
 potentially stale -> ('SV', '@openzeppelin/contracts/token/ERC721/ERC721.sol', 'ERC721._operatorApprovals'), ('SV', '@openzeppelin/contracts/token/ERC721/ERC721.sol', 'ERC721._tokenApprovals')
 reader witnesses  -> 42
 storage exposures -> 2
[MV-SI candidate 6fee5c060bb7586ae05f] {_operatorApprovals, _owners, _tokenApprovals}
 writer root       -> @openzeppelin/contracts/token/ERC721/ERC721.sol::ERC721.safeTransferFrom(address,address,uint256,bytes)
 writer effect     -> @openzeppelin/contracts/token/ERC721/ERC721.sol:346
 written member    -> ('SV', '@openzeppelin/contracts/token/ERC721/ERC721.sol', 'ERC721._owners')
 potentially stale -> ('SV', '@openzeppelin/contracts/token/ERC721/ERC721.sol', 'ERC721._operatorApprovals'), ('SV', '@openzeppelin/contracts/token/ERC721/ERC721.sol', 'ERC721._tokenApprovals')
 reader witnesses  -> 42
 storage exposures -> 2
[MV-SI candidate 9cd1e2337ee8f30547d8] {_operatorApprovals, _owners, _tokenApprovals}
 writer root       -> @openzeppelin/contracts/token/ERC721/ERC721.sol::ERC721.safeTransferFrom(address,address,uint256,bytes)
 writer effect     -> @openzeppelin/contracts/token/ERC721/ERC721.sol:359
 written member    -> ('SV', '@openzeppelin/contracts/token/ERC721/ERC721.sol', 'ERC721._tokenApprovals')
 potentially stale -> ('SV', '@openzeppelin/contracts/token/ERC721/ERC721.sol', 'ERC721._operatorApprovals'), ('SV', '@openzeppelin/contracts/token/ERC721/ERC721.sol', 'ERC721._owners')
 reader witnesses  -> 69
 storage exposures -> 2
[MV-SI candidate b14c4669dee33ba39bfd] {_operatorApprovals, _owners, _tokenApprovals}
 writer root       -> @openzeppelin/contracts/token/ERC721/ERC721.sol::ERC721.approve(address,uint256)
 writer effect     -> @openzeppelin/contracts/token/ERC721/ERC721.sol:359
 written member    -> ('SV', '@openzeppelin/contracts/token/ERC721/ERC721.sol', 'ERC721._tokenApprovals')
 potentially stale -> ('SV', '@openzeppelin/contracts/token/ERC721/ERC721.sol', 'ERC721._operatorApprovals'), ('SV', '@openzeppelin/contracts/token/ERC721/ERC721.sol', 'ERC721._owners')
 reader witnesses  -> 69
 storage exposures -> 2
[MV-SI candidate b3edd266674708ece7a5] {_operatorApprovals, _owners, _tokenApprovals}
 writer root       -> @openzeppelin/contracts/token/ERC721/ERC721.sol::ERC721.transferFrom(address,address,uint256)
 writer effect     -> @openzeppelin/contracts/token/ERC721/ERC721.sol:346
 written member    -> ('SV', '@openzeppelin/contracts/token/ERC721/ERC721.sol', 'ERC721._owners')
 potentially stale -> ('SV', '@openzeppelin/contracts/token/ERC721/ERC721.sol', 'ERC721._operatorApprovals'), ('SV', '@openzeppelin/contracts/token/ERC721/ERC721.sol', 'ERC721._tokenApprovals')
 reader witnesses  -> 42
 storage exposures -> 2
[MV-SI candidate c2278e27afb31232e120] {_operatorApprovals, _owners}
 writer root       -> contracts/mocks/MockNFT.sol::MockNFT.mint()
 writer effect     -> @openzeppelin/contracts/token/ERC721/ERC721.sol:287
 written member    -> ('SV', '@openzeppelin/contracts/token/ERC721/ERC721.sol', 'ERC721._owners')
 potentially stale -> ('SV', '@openzeppelin/contracts/token/ERC721/ERC721.sol', 'ERC721._operatorApprovals')
 reader witnesses  -> 4
 storage exposures -> 1
[MV-SI candidate cee6a6b732ac9f47fd18] {_operatorApprovals, _owners, _tokenApprovals}
 writer root       -> @openzeppelin/contracts/token/ERC721/ERC721.sol::ERC721.setApprovalForAll(address,bool)
 writer effect     -> @openzeppelin/contracts/token/ERC721/ERC721.sol:374
 written member    -> ('SV', '@openzeppelin/contracts/token/ERC721/ERC721.sol', 'ERC721._operatorApprovals')
 potentially stale -> ('SV', '@openzeppelin/contracts/token/ERC721/ERC721.sol', 'ERC721._owners'), ('SV', '@openzeppelin/contracts/token/ERC721/ERC721.sol', 'ERC721._tokenApprovals')
 reader witnesses  -> 63
 storage exposures -> 2
[MV-SI candidate d7b39530c3535e2ba1b1] {_operatorApprovals, _owners, _tokenApprovals}
 writer root       -> contracts/mocks/MockNFT.sol::MockNFT.mint()
 writer effect     -> @openzeppelin/contracts/token/ERC721/ERC721.sol:287
 written member    -> ('SV', '@openzeppelin/contracts/token/ERC721/ERC721.sol', 'ERC721._owners')
 potentially stale -> ('SV', '@openzeppelin/contracts/token/ERC721/ERC721.sol', 'ERC721._operatorApprovals'), ('SV', '@openzeppelin/contracts/token/ERC721/ERC721.sol', 'ERC721._tokenApprovals')
 reader witnesses  -> 21
 storage exposures -> 1
[MV-SI candidate e77e21b5ba0c9c96b1f3] {_operatorApprovals, _owners}
 writer root       -> @openzeppelin/contracts/token/ERC721/ERC721.sol::ERC721.safeTransferFrom(address,address,uint256)
 writer effect     -> @openzeppelin/contracts/token/ERC721/ERC721.sol:346
 written member    -> ('SV', '@openzeppelin/contracts/token/ERC721/ERC721.sol', 'ERC721._owners')
 potentially stale -> ('SV', '@openzeppelin/contracts/token/ERC721/ERC721.sol', 'ERC721._operatorApprovals')
 reader witnesses  -> 8
 storage exposures -> 2
[MV-SI candidate ff38b3a4281d9234e9a8] {_operatorApprovals, _owners}
 writer root       -> @openzeppelin/contracts/token/ERC721/ERC721.sol::ERC721.setApprovalForAll(address,bool)
 writer effect     -> @openzeppelin/contracts/token/ERC721/ERC721.sol:374
 written member    -> ('SV', '@openzeppelin/contracts/token/ERC721/ERC721.sol', 'ERC721._operatorApprovals')
 potentially stale -> ('SV', '@openzeppelin/contracts/token/ERC721/ERC721.sol', 'ERC721._owners')
 reader witnesses  -> 15
 storage exposures -> 2Reference: https://github.com/crytic/slither/wiki/Detector-Documentation
[mvscan-config] {"ATOMIC_GROUP": [], "DIVERGENCE_BUDGET": 1000, "ENABLE_BRANCH_GROUPS": true, "ENABLE_EXTERNAL_STATE": true, "ENABLE_MULTI_RETURN_GROUPS": true, "MAPPING_MODE": "base_collapsed", "MERGE_OVERLOADS": false, "MVSCAN_ABLATION": "mapping_insensitive", "MVSCAN_CONTEXTUAL_KEYS": true, "MVSCAN_INCLUDE_SCALAR_WITNESSES": false, "MVSCAN_INTERFACE_DISPATCH": false, "MVSCAN_MAX_CONTEXTS_PER_OWNER_BLOCK": 128, "MVSCAN_MAX_DISPATCH_TARGETS": 16, "MVSCAN_REQUIRE_DISTINCT_OUTER_ROOTS": false, "MVSCAN_ROOT_CONTEXT_SINKS": false, "NOOP_WRITE_FILTER": true, "REQUIRE_SAME_SLOT_KEY": false, "SINK_TEST": "none", "USER_CALLABLE_ALWAYS": [], "USER_CALLABLE_DENY": []}
[mvscan-stage] icfg-built blocks=0 vars=0
[mvscan-stage] root-seeding-done eligible_exposures=0 seeded=0 multi_exposure_entry_blocks=0 collapsed_contextual_aliases=0 excluded_dependency=0 excluded_interface=0 excluded_library=0 excluded_abstract=0 missing_entry_point=0 missing_entry_block=0
[mvscan-pairs] call_target_digest=4f53cda18c2baa0c0354bb5f9a3ecbe5ed12ab4d8e11ba873c2f11161202b945 candidate_count=0 candidate_digest=4f53cda18c2baa0c0354bb5f9a3ecbe5ed12ab4d8e11ba873c2f11161202b945 context_instance_count=0 execution_context_digest=4f53cda18c2baa0c0354bb5f9a3ecbe5ed12ab4d8e11ba873c2f11161202b945 invalid_partial_write_filtered=0 must_full_relation_filtered=0 omitted_member_evidence_filtered=0 omitted_member_not_sensitive_filtered=0 owner_context_pairs=0 owner_context_pairs_considered=0 reader_witness_count=0 relation_context_incompatible=0 relation_digest=4f53cda18c2baa0c0354bb5f9a3ecbe5ed12ab4d8e11ba873c2f11161202b945 root_context_sink_filtered=0 same_outer_root_filtered=0 storage_context_mismatch=0
INFO:Slither:. analyzed (54 contracts with 1 detectors), 14 result(s) found
