Problem executing hardhat to fetch configuration, using defaults: [Errno 2] No such file or directory: 'hardhat'
ERROR:ContractSolcParsing:Impossible to generate IR for AuraLocker._checkpointDelegate (contracts/AuraLocker.sol#511-564):
 'NoneType' object has no attribute 'parameters'
[mvscan-config] {"ATOMIC_GROUP": [], "DIVERGENCE_BUDGET": 1000, "ENABLE_BRANCH_GROUPS": true, "ENABLE_EXTERNAL_STATE": true, "ENABLE_MULTI_RETURN_GROUPS": true, "MAPPING_MODE": "base_collapsed", "MERGE_OVERLOADS": false, "MVSCAN_ABLATION": "mapping_insensitive", "MVSCAN_CONTEXTUAL_KEYS": true, "MVSCAN_INCLUDE_SCALAR_WITNESSES": false, "MVSCAN_INTERFACE_DISPATCH": false, "MVSCAN_MAX_CONTEXTS_PER_OWNER_BLOCK": 128, "MVSCAN_MAX_DISPATCH_TARGETS": 16, "MVSCAN_REQUIRE_DISTINCT_OUTER_ROOTS": false, "MVSCAN_ROOT_CONTEXT_SINKS": false, "NOOP_WRITE_FILTER": true, "REQUIRE_SAME_SLOT_KEY": false, "SINK_TEST": "none", "USER_CALLABLE_ALWAYS": [], "USER_CALLABLE_DENY": []}
[mvscan-stage] icfg-built blocks=11 vars=0
[mvscan-stage] root-seeding-done eligible_exposures=1 seeded=1 multi_exposure_entry_blocks=0 collapsed_contextual_aliases=0 excluded_dependency=0 excluded_interface=0 excluded_library=0 excluded_abstract=0 missing_entry_point=0 missing_entry_block=0
[mvscan-pairs] call_target_digest=4f53cda18c2baa0c0354bb5f9a3ecbe5ed12ab4d8e11ba873c2f11161202b945 candidate_count=0 candidate_digest=4f53cda18c2baa0c0354bb5f9a3ecbe5ed12ab4d8e11ba873c2f11161202b945 context_instance_count=0 execution_context_digest=d3dd41114a6fa413fa626b2d52f5429cca36dc84e1ca9c6e1e0430c30017f358 invalid_partial_write_filtered=0 must_full_relation_filtered=0 omitted_member_evidence_filtered=0 omitted_member_not_sensitive_filtered=0 owner_context_pairs=0 owner_context_pairs_considered=0 reader_witness_count=0 relation_context_incompatible=0 relation_digest=4f53cda18c2baa0c0354bb5f9a3ecbe5ed12ab4d8e11ba873c2f11161202b945 root_context_sink_filtered=0 same_outer_root_filtered=0 storage_context_mismatch=0
[mvscan-config] {"ATOMIC_GROUP": [], "DIVERGENCE_BUDGET": 1000, "ENABLE_BRANCH_GROUPS": true, "ENABLE_EXTERNAL_STATE": true, "ENABLE_MULTI_RETURN_GROUPS": true, "MAPPING_MODE": "base_collapsed", "MERGE_OVERLOADS": false, "MVSCAN_ABLATION": "mapping_insensitive", "MVSCAN_CONTEXTUAL_KEYS": true, "MVSCAN_INCLUDE_SCALAR_WITNESSES": false, "MVSCAN_INTERFACE_DISPATCH": false, "MVSCAN_MAX_CONTEXTS_PER_OWNER_BLOCK": 128, "MVSCAN_MAX_DISPATCH_TARGETS": 16, "MVSCAN_REQUIRE_DISTINCT_OUTER_ROOTS": false, "MVSCAN_ROOT_CONTEXT_SINKS": false, "NOOP_WRITE_FILTER": true, "REQUIRE_SAME_SLOT_KEY": false, "SINK_TEST": "none", "USER_CALLABLE_ALWAYS": [], "USER_CALLABLE_DENY": []}
[mvscan-stage] icfg-built blocks=92 vars=0
[mvscan-stage] root-seeding-done eligible_exposures=0 seeded=0 multi_exposure_entry_blocks=0 collapsed_contextual_aliases=0 excluded_dependency=0 excluded_interface=0 excluded_library=0 excluded_abstract=0 missing_entry_point=0 missing_entry_block=0
[mvscan-pairs] call_target_digest=4f53cda18c2baa0c0354bb5f9a3ecbe5ed12ab4d8e11ba873c2f11161202b945 candidate_count=0 candidate_digest=4f53cda18c2baa0c0354bb5f9a3ecbe5ed12ab4d8e11ba873c2f11161202b945 context_instance_count=0 execution_context_digest=4f53cda18c2baa0c0354bb5f9a3ecbe5ed12ab4d8e11ba873c2f11161202b945 invalid_partial_write_filtered=0 must_full_relation_filtered=0 omitted_member_evidence_filtered=0 omitted_member_not_sensitive_filtered=0 owner_context_pairs=0 owner_context_pairs_considered=0 reader_witness_count=0 relation_context_incompatible=0 relation_digest=4f53cda18c2baa0c0354bb5f9a3ecbe5ed12ab4d8e11ba873c2f11161202b945 root_context_sink_filtered=0 same_outer_root_filtered=0 storage_context_mismatch=0
[mvscan-config] {"ATOMIC_GROUP": [], "DIVERGENCE_BUDGET": 1000, "ENABLE_BRANCH_GROUPS": true, "ENABLE_EXTERNAL_STATE": true, "ENABLE_MULTI_RETURN_GROUPS": true, "MAPPING_MODE": "base_collapsed", "MERGE_OVERLOADS": false, "MVSCAN_ABLATION": "mapping_insensitive", "MVSCAN_CONTEXTUAL_KEYS": true, "MVSCAN_INCLUDE_SCALAR_WITNESSES": false, "MVSCAN_INTERFACE_DISPATCH": false, "MVSCAN_MAX_CONTEXTS_PER_OWNER_BLOCK": 128, "MVSCAN_MAX_DISPATCH_TARGETS": 16, "MVSCAN_REQUIRE_DISTINCT_OUTER_ROOTS": false, "MVSCAN_ROOT_CONTEXT_SINKS": false, "NOOP_WRITE_FILTER": true, "REQUIRE_SAME_SLOT_KEY": false, "SINK_TEST": "none", "USER_CALLABLE_ALWAYS": [], "USER_CALLABLE_DENY": []}
[mvscan-stage] icfg-built blocks=95 vars=10
[mvscan-stage] root-seeding-done eligible_exposures=19 seeded=19 multi_exposure_entry_blocks=0 collapsed_contextual_aliases=0 excluded_dependency=0 excluded_interface=14 excluded_library=0 excluded_abstract=0 missing_entry_point=0 missing_entry_block=0
[mvscan-pairs] call_target_digest=8342fb5f74c3b7c1030a3038058cd6075a91e6e4e29ee794751b2b54bcc7bbc8 candidate_count=0 candidate_digest=4f53cda18c2baa0c0354bb5f9a3ecbe5ed12ab4d8e11ba873c2f11161202b945 context_instance_count=0 execution_context_digest=05041545668ae4964aa7b37c8621d961a441f443a6150f682fa9dd425f6f8c75 invalid_partial_write_filtered=0 must_full_relation_filtered=0 omitted_member_evidence_filtered=0 omitted_member_not_sensitive_filtered=0 owner_context_pairs=0 owner_context_pairs_considered=0 reader_witness_count=0 relation_base_members_shadowed=0 relation_context_incompatible=0 relation_digest=4f53cda18c2baa0c0354bb5f9a3ecbe5ed12ab4d8e11ba873c2f11161202b945 relation_members_raw=6 relation_origins_rejected_unary_after_shadowing=6 relation_origins_seen=6 root_context_sink_filtered=0 same_outer_root_filtered=0 scalar_variables_skipped=5 storage_context_mismatch=0 variables_considered=5
[mvscan-config] {"ATOMIC_GROUP": [], "DIVERGENCE_BUDGET": 1000, "ENABLE_BRANCH_GROUPS": true, "ENABLE_EXTERNAL_STATE": true, "ENABLE_MULTI_RETURN_GROUPS": true, "MAPPING_MODE": "base_collapsed", "MERGE_OVERLOADS": false, "MVSCAN_ABLATION": "mapping_insensitive", "MVSCAN_CONTEXTUAL_KEYS": true, "MVSCAN_INCLUDE_SCALAR_WITNESSES": false, "MVSCAN_INTERFACE_DISPATCH": false, "MVSCAN_MAX_CONTEXTS_PER_OWNER_BLOCK": 128, "MVSCAN_MAX_DISPATCH_TARGETS": 16, "MVSCAN_REQUIRE_DISTINCT_OUTER_ROOTS": false, "MVSCAN_ROOT_CONTEXT_SINKS": false, "NOOP_WRITE_FILTER": true, "REQUIRE_SAME_SLOT_KEY": false, "SINK_TEST": "none", "USER_CALLABLE_ALWAYS": [], "USER_CALLABLE_DENY": []}
[mvscan-stage] icfg-built blocks=1543 vars=154
[mvscan-stage] root-seeding-done eligible_exposures=160 seeded=136 multi_exposure_entry_blocks=19 collapsed_contextual_aliases=24 excluded_dependency=0 excluded_interface=78 excluded_library=0 excluded_abstract=9 missing_entry_point=0 missing_entry_block=0
[mvscan-pairs] call_target_digest=9e850b24bb9964600e20199a4c96bbdc50e3e6492a63bc2163ab7421e18c6fec candidate_count=20 candidate_digest=1628c189457e99e2da0950cbeb2f2ae5b2f49bcfec4e9ecea1adc3def9c4ea0a context_instance_count=124 eligible_readers=43 eligible_writers=19 execution_context_digest=5b0b4ac6d2e3c496c2cb5be8e7ba7dc33ea1b492400ef931e1f2456df1c27af5 insensitive_readers_filtered=35 invalid_partial_write_filtered=0 must_full_relation_filtered=0 omitted_member_evidence_filtered=0 omitted_member_not_sensitive_filtered=0 owner_context_pairs=124 owner_context_pairs_considered=325 raw_block_pairs=208 reader_witness_count=124 relation_base_members_shadowed=0 relation_context_incompatible=145 relation_digest=40b0ad7d105adec6838f42060b42bfdb19dc8bbb5e3e75c70374739236f6ae81 relation_members_raw=127 relation_origins_registered=5 relation_origins_rejected_unary_after_shadowing=117 relation_origins_rejected_unreachable=13 relation_origins_seen=122 root_context_sink_filtered=0 same_outer_root_filtered=0 same_static_block_filtered=4 scalar_variables_skipped=90 storage_context_mismatch=56 variables_considered=95
INFO:Detectors:

[MV-SI candidate 1490233a0238f4ae45a7] {lockRewards, poolInfo}
 writer root       -> convex-platform/contracts/contracts/Booster.sol::Booster.shutdownSystem()
 writer effect     -> convex-platform/contracts/contracts/Booster.sol:379
 written member    -> ('SV', 'convex-platform/contracts/contracts/Booster.sol', 'Booster.poolInfo')
 potentially stale -> ('SV', 'convex-platform/contracts/contracts/Booster.sol', 'Booster.lockRewards')
 reader witnesses  -> 6
 storage exposures -> 1
[MV-SI candidate 494a710bcb87cfced58a] {lockRewards, poolInfo}
 writer root       -> convex-platform/contracts/contracts/Booster.sol::Booster.shutdownSystem()
 writer effect     -> convex-platform/contracts/contracts/Booster.sol:388
 written member    -> ('SV', 'convex-platform/contracts/contracts/Booster.sol', 'Booster.poolInfo')
 potentially stale -> ('SV', 'convex-platform/contracts/contracts/Booster.sol', 'Booster.lockRewards')
 reader witnesses  -> 6
 storage exposures -> 1
[MV-SI candidate 4a18e31fe26b8f5406b7] {periodFinish, queuedRewards}
 writer root       -> convex-platform/contracts/contracts/BaseRewardPool.sol::BaseRewardPool.queueNewRewards(uint256)
 writer effect     -> convex-platform/contracts/contracts/BaseRewardPool.sol:342
 written member    -> ('SV', 'convex-platform/contracts/contracts/BaseRewardPool.sol', 'BaseRewardPool.queuedRewards')
 potentially stale -> ('SV', 'convex-platform/contracts/contracts/BaseRewardPool.sol', 'BaseRewardPool.periodFinish')
 reader witnesses  -> 8
 storage exposures -> 2
[MV-SI candidate 616011621dac2daffe1c] {lockRewards, rewardFactory}
 writer root       -> convex-platform/contracts/contracts/Booster.sol::Booster.setRewardContracts(address,address)
 writer effect     -> convex-platform/contracts/contracts/Booster.sol:207
 written member    -> ('SV', 'convex-platform/contracts/contracts/Booster.sol', 'Booster.lockRewards')
 potentially stale -> ('SV', 'convex-platform/contracts/contracts/Booster.sol', 'Booster.rewardFactory')
 reader witnesses  -> 5
 storage exposures -> 1
[MV-SI candidate 6e6c5752d67f033af305] {periodFinish, queuedRewards}
 writer root       -> convex-platform/contracts/contracts/BaseRewardPool.sol::BaseRewardPool.processIdleRewards()
 writer effect     -> convex-platform/contracts/contracts/BaseRewardPool.sol:377
 written member    -> ('SV', 'convex-platform/contracts/contracts/BaseRewardPool.sol', 'BaseRewardPool.periodFinish')
 potentially stale -> ('SV', 'convex-platform/contracts/contracts/BaseRewardPool.sol', 'BaseRewardPool.queuedRewards')
 reader witnesses  -> 2
 storage exposures -> 2
[MV-SI candidate 75971a91c360d4e1235a] {platformFee, treasury}
 writer root       -> convex-platform/contracts/contracts/Booster.sol::Booster.setTreasury(address)
 writer effect     -> convex-platform/contracts/contracts/Booster.sol:296
 written member    -> ('SV', 'convex-platform/contracts/contracts/Booster.sol', 'Booster.treasury')
 potentially stale -> ('SV', 'convex-platform/contracts/contracts/Booster.sol', 'Booster.platformFee')
 reader witnesses  -> 1
 storage exposures -> 1
[MV-SI candidate 7bc1b07b4c0c68ba5419] {periodFinish, queuedRewards}
 writer root       -> convex-platform/contracts/contracts/BaseRewardPool.sol::BaseRewardPool.queueNewRewards(uint256)
 writer effect     -> convex-platform/contracts/contracts/BaseRewardPool.sol:355
 written member    -> ('SV', 'convex-platform/contracts/contracts/BaseRewardPool.sol', 'BaseRewardPool.queuedRewards')
 potentially stale -> ('SV', 'convex-platform/contracts/contracts/BaseRewardPool.sol', 'BaseRewardPool.periodFinish')
 reader witnesses  -> 8
 storage exposures -> 2
[MV-SI candidate 840ffec96c324532b945] {isShutdown, poolManager}
 writer root       -> convex-platform/contracts/contracts/Booster.sol::Booster.shutdownSystem()
 writer effect     -> convex-platform/contracts/contracts/Booster.sol:377
 written member    -> ('SV', 'convex-platform/contracts/contracts/Booster.sol', 'Booster.isShutdown')
 potentially stale -> ('SV', 'convex-platform/contracts/contracts/Booster.sol', 'Booster.poolManager')
 reader witnesses  -> 3
 storage exposures -> 1
[MV-SI candidate 9022215be7e594cdec2f] {periodFinish, queuedRewards}
 writer root       -> convex-platform/contracts/contracts/BaseRewardPool.sol::BaseRewardPool.queueNewRewards(uint256)
 writer effect     -> convex-platform/contracts/contracts/BaseRewardPool.sol:377
 written member    -> ('SV', 'convex-platform/contracts/contracts/BaseRewardPool.sol', 'BaseRewardPool.periodFinish')
 potentially stale -> ('SV', 'convex-platform/contracts/contracts/BaseRewardPool.sol', 'BaseRewardPool.queuedRewards')
 reader witnesses  -> 2
 storage exposures -> 2
[MV-SI candidate a9e761f26cdec7704344] {lockRewards, poolInfo}
 writer root       -> convex-platform/contracts/contracts/Booster.sol::Booster.addPool(address,address,uint256)
 writer effect     -> convex-platform/contracts/contracts/Booster.sol:328
 written member    -> ('SV', 'convex-platform/contracts/contracts/Booster.sol', 'Booster.poolInfo')
 potentially stale -> ('SV', 'convex-platform/contracts/contracts/Booster.sol', 'Booster.lockRewards')
 reader witnesses  -> 6
 storage exposures -> 1
[MV-SI candidate ba4a8eb418b3d93bf0a2] {lockRewards, poolInfo}
 writer root       -> convex-platform/contracts/contracts/Booster.sol::Booster.shutdownPool(uint256)
 writer effect     -> convex-platform/contracts/contracts/Booster.sol:364
 written member    -> ('SV', 'convex-platform/contracts/contracts/Booster.sol', 'Booster.poolInfo')
 potentially stale -> ('SV', 'convex-platform/contracts/contracts/Booster.sol', 'Booster.lockRewards')
 reader witnesses  -> 6
 storage exposures -> 1
[MV-SI candidate bb72490eba0af7d4c016] {lockRewards, rewardFactory}
 writer root       -> convex-platform/contracts/contracts/Booster.sol::Booster.setFactories(address,address,address)
 writer effect     -> convex-platform/contracts/contracts/Booster.sol:169
 written member    -> ('SV', 'convex-platform/contracts/contracts/Booster.sol', 'Booster.rewardFactory')
 potentially stale -> ('SV', 'convex-platform/contracts/contracts/Booster.sol', 'Booster.lockRewards')
 reader witnesses  -> 6
 storage exposures -> 1
[MV-SI candidate bc72d53852853caae0f5] {periodFinish, queuedRewards}
 writer root       -> convex-platform/contracts/contracts/BaseRewardPool.sol::BaseRewardPool.donate(uint256)
 writer effect     -> convex-platform/contracts/contracts/BaseRewardPool.sol:316
 written member    -> ('SV', 'convex-platform/contracts/contracts/BaseRewardPool.sol', 'BaseRewardPool.queuedRewards')
 potentially stale -> ('SV', 'convex-platform/contracts/contracts/BaseRewardPool.sol', 'BaseRewardPool.periodFinish')
 reader witnesses  -> 8
 storage exposures -> 2
[MV-SI candidate d53a491b09175532ccdc] {periodFinish, queuedRewards}
 writer root       -> convex-platform/contracts/contracts/BaseRewardPool.sol::BaseRewardPool.queueNewRewards(uint256)
 writer effect     -> convex-platform/contracts/contracts/BaseRewardPool.sol:357
 written member    -> ('SV', 'convex-platform/contracts/contracts/BaseRewardPool.sol', 'BaseRewardPool.queuedRewards')
 potentially stale -> ('SV', 'convex-platform/contracts/contracts/BaseRewardPool.sol', 'BaseRewardPool.periodFinish')
 reader witnesses  -> 8
 storage exposures -> 2
[MV-SI candidate d648089f6b80513b0a9d] {lockRewards, poolInfo}
 writer root       -> convex-platform/contracts/contracts/Booster.sol::Booster.addPool(address,address,uint256)
 writer effect     -> convex-platform/contracts/contracts/Booster.sol:318
 written member    -> ('SV', 'convex-platform/contracts/contracts/Booster.sol', 'Booster.poolInfo')
 potentially stale -> ('SV', 'convex-platform/contracts/contracts/Booster.sol', 'Booster.lockRewards')
 reader witnesses  -> 6
 storage exposures -> 1
[MV-SI candidate d6bbf4d45e7d08d8fcc4] {lockRewards, poolInfo}
 writer root       -> convex-platform/contracts/contracts/Booster.sol::Booster.setRewardContracts(address,address)
 writer effect     -> convex-platform/contracts/contracts/Booster.sol:207
 written member    -> ('SV', 'convex-platform/contracts/contracts/Booster.sol', 'Booster.lockRewards')
 potentially stale -> ('SV', 'convex-platform/contracts/contracts/Booster.sol', 'Booster.poolInfo')
 reader witnesses  -> 19
 storage exposures -> 1
[MV-SI candidate e0c90aa8d33bacdfaa8c] {lockRewards, poolInfo}
 writer root       -> convex-platform/contracts/contracts/Booster.sol::Booster.addPool(address,address,uint256)
 writer effect     -> convex-platform/contracts/contracts/Booster.sol:343
 written member    -> ('SV', 'convex-platform/contracts/contracts/Booster.sol', 'Booster.poolInfo')
 potentially stale -> ('SV', 'convex-platform/contracts/contracts/Booster.sol', 'Booster.lockRewards')
 reader witnesses  -> 6
 storage exposures -> 1
[MV-SI candidate e383f2a0bbee760b26e6] {periodFinish, queuedRewards}
 writer root       -> convex-platform/contracts/contracts/BaseRewardPool.sol::BaseRewardPool.processIdleRewards()
 writer effect     -> convex-platform/contracts/contracts/BaseRewardPool.sol:326
 written member    -> ('SV', 'convex-platform/contracts/contracts/BaseRewardPool.sol', 'BaseRewardPool.queuedRewards')
 potentially stale -> ('SV', 'convex-platform/contracts/contracts/BaseRewardPool.sol', 'BaseRewardPool.periodFinish')
 reader witnesses  -> 8
 storage exposures -> 2
[MV-SI candidate e3dbf3baf78b07d10632] {isShutdown, poolManager}
 writer root       -> convex-platform/contracts/contracts/Booster.sol::Booster.setPoolManager(address)
 writer effect     -> convex-platform/contracts/contracts/Booster.sol:150
 written member    -> ('SV', 'convex-platform/contracts/contracts/Booster.sol', 'Booster.poolManager')
 potentially stale -> ('SV', 'convex-platform/contracts/contracts/Booster.sol', 'Booster.isShutdown')
 reader witnesses  -> 9
 storage exposures -> 1
[MV-SI candidate e46557beb0a3864843a4] {platformFee, treasury}
 writer root       -> convex-platform/contracts/contracts/Booster.sol::Booster.setFees(uint256,uint256,uint256,uint256)
 writer effect     -> convex-platform/contracts/contracts/Booster.sol:286
 written member    -> ('SV', 'convex-platform/contracts/contracts/Booster.sol', 'Booster.platformFee')
 potentially stale -> ('SV', 'convex-platform/contracts/contracts/Booster.sol', 'Booster.treasury')
 reader witnesses  -> 1
 storage exposures -> 1Reference: https://github.com/crytic/slither/wiki/Detector-Documentation
[mvscan-config] {"ATOMIC_GROUP": [], "DIVERGENCE_BUDGET": 1000, "ENABLE_BRANCH_GROUPS": true, "ENABLE_EXTERNAL_STATE": true, "ENABLE_MULTI_RETURN_GROUPS": true, "MAPPING_MODE": "base_collapsed", "MERGE_OVERLOADS": false, "MVSCAN_ABLATION": "mapping_insensitive", "MVSCAN_CONTEXTUAL_KEYS": true, "MVSCAN_INCLUDE_SCALAR_WITNESSES": false, "MVSCAN_INTERFACE_DISPATCH": false, "MVSCAN_MAX_CONTEXTS_PER_OWNER_BLOCK": 128, "MVSCAN_MAX_DISPATCH_TARGETS": 16, "MVSCAN_REQUIRE_DISTINCT_OUTER_ROOTS": false, "MVSCAN_ROOT_CONTEXT_SINKS": false, "NOOP_WRITE_FILTER": true, "REQUIRE_SAME_SLOT_KEY": false, "SINK_TEST": "none", "USER_CALLABLE_ALWAYS": [], "USER_CALLABLE_DENY": []}
[mvscan-stage] icfg-built blocks=15 vars=3
[mvscan-stage] root-seeding-done eligible_exposures=2 seeded=2 multi_exposure_entry_blocks=0 collapsed_contextual_aliases=0 excluded_dependency=0 excluded_interface=0 excluded_library=0 excluded_abstract=0 missing_entry_point=0 missing_entry_block=0
[mvscan-pairs] call_target_digest=4f53cda18c2baa0c0354bb5f9a3ecbe5ed12ab4d8e11ba873c2f11161202b945 candidate_count=0 candidate_digest=4f53cda18c2baa0c0354bb5f9a3ecbe5ed12ab4d8e11ba873c2f11161202b945 context_instance_count=0 execution_context_digest=eb299b9dc62561934e7e020d2f68e9a8fd9a6244d8fa00bdb6c733031be05562 invalid_partial_write_filtered=0 must_full_relation_filtered=0 omitted_member_evidence_filtered=0 omitted_member_not_sensitive_filtered=0 owner_context_pairs=0 owner_context_pairs_considered=0 reader_witness_count=0 relation_context_incompatible=0 relation_digest=4f53cda18c2baa0c0354bb5f9a3ecbe5ed12ab4d8e11ba873c2f11161202b945 relation_origins_rejected_unreachable=1 root_context_sink_filtered=0 same_outer_root_filtered=0 scalar_variables_skipped=3 storage_context_mismatch=0 variables_considered=3
[mvscan-config] {"ATOMIC_GROUP": [], "DIVERGENCE_BUDGET": 1000, "ENABLE_BRANCH_GROUPS": true, "ENABLE_EXTERNAL_STATE": true, "ENABLE_MULTI_RETURN_GROUPS": true, "MAPPING_MODE": "base_collapsed", "MERGE_OVERLOADS": false, "MVSCAN_ABLATION": "mapping_insensitive", "MVSCAN_CONTEXTUAL_KEYS": true, "MVSCAN_INCLUDE_SCALAR_WITNESSES": false, "MVSCAN_INTERFACE_DISPATCH": false, "MVSCAN_MAX_CONTEXTS_PER_OWNER_BLOCK": 128, "MVSCAN_MAX_DISPATCH_TARGETS": 16, "MVSCAN_REQUIRE_DISTINCT_OUTER_ROOTS": false, "MVSCAN_ROOT_CONTEXT_SINKS": false, "NOOP_WRITE_FILTER": true, "REQUIRE_SAME_SLOT_KEY": false, "SINK_TEST": "none", "USER_CALLABLE_ALWAYS": [], "USER_CALLABLE_DENY": []}
[mvscan-stage] icfg-built blocks=33 vars=1
[mvscan-stage] root-seeding-done eligible_exposures=1 seeded=1 multi_exposure_entry_blocks=0 collapsed_contextual_aliases=0 excluded_dependency=0 excluded_interface=0 excluded_library=0 excluded_abstract=0 missing_entry_point=0 missing_entry_block=0
[mvscan-pairs] call_target_digest=5b418a5494b206a668ebea4d77d2bf50f7c14fbf609ee77facd885fb231afe38 candidate_count=0 candidate_digest=4f53cda18c2baa0c0354bb5f9a3ecbe5ed12ab4d8e11ba873c2f11161202b945 context_instance_count=0 execution_context_digest=4e103e304731ffbceb60346fe39b370a9f4a696a3374f3e28c05154dd2bbb864 invalid_partial_write_filtered=0 must_full_relation_filtered=0 omitted_member_evidence_filtered=0 omitted_member_not_sensitive_filtered=0 owner_context_pairs=0 owner_context_pairs_considered=0 reader_witness_count=0 relation_context_incompatible=0 relation_digest=4f53cda18c2baa0c0354bb5f9a3ecbe5ed12ab4d8e11ba873c2f11161202b945 root_context_sink_filtered=0 same_outer_root_filtered=0 scalar_variables_skipped=1 storage_context_mismatch=0 variables_considered=1
[mvscan-config] {"ATOMIC_GROUP": [], "DIVERGENCE_BUDGET": 1000, "ENABLE_BRANCH_GROUPS": true, "ENABLE_EXTERNAL_STATE": true, "ENABLE_MULTI_RETURN_GROUPS": true, "MAPPING_MODE": "base_collapsed", "MERGE_OVERLOADS": false, "MVSCAN_ABLATION": "mapping_insensitive", "MVSCAN_CONTEXTUAL_KEYS": true, "MVSCAN_INCLUDE_SCALAR_WITNESSES": false, "MVSCAN_INTERFACE_DISPATCH": false, "MVSCAN_MAX_CONTEXTS_PER_OWNER_BLOCK": 128, "MVSCAN_MAX_DISPATCH_TARGETS": 16, "MVSCAN_REQUIRE_DISTINCT_OUTER_ROOTS": false, "MVSCAN_ROOT_CONTEXT_SINKS": false, "NOOP_WRITE_FILTER": true, "REQUIRE_SAME_SLOT_KEY": false, "SINK_TEST": "none", "USER_CALLABLE_ALWAYS": [], "USER_CALLABLE_DENY": []}
[mvscan-stage] icfg-built blocks=1508 vars=135
[mvscan-stage] root-seeding-done eligible_exposures=120 seeded=95 multi_exposure_entry_blocks=7 collapsed_contextual_aliases=25 excluded_dependency=0 excluded_interface=33 excluded_library=0 excluded_abstract=2 missing_entry_point=0 missing_entry_block=0
[mvscan-pairs] call_target_digest=84204dd683351c0db9f86e67d1722f5b6a0feb7fe47df42b6db20304ba640ed1 candidate_count=30 candidate_digest=144a3be5bd14df6fc02c27516059cc438712904f8edfe3e4a6c5bb1f8c95a6b7 context_instance_count=205 eligible_readers=52 eligible_writers=35 execution_context_digest=f50c24d7825c7845d91c050cfabb1023e547eadafc7ffabccf0e084bbfe2f22b insensitive_readers_filtered=7 invalid_partial_write_filtered=0 must_full_relation_filtered=84 omitted_member_evidence_filtered=0 omitted_member_not_sensitive_filtered=0 owner_context_pairs=436 owner_context_pairs_considered=1138 raw_block_pairs=319 reader_witness_count=436 relation_base_members_shadowed=0 relation_context_incompatible=618 relation_digest=dcddcbd9c268e453ae25bae09a9b899006ed0ee32957ca977e6d9693ffb6afb9 relation_members_raw=105 relation_origins_registered=6 relation_origins_rejected_unary_after_shadowing=93 relation_origins_rejected_unreachable=14 relation_origins_seen=99 root_context_sink_filtered=0 same_outer_root_filtered=0 same_static_block_filtered=23 scalar_variables_skipped=61 storage_context_mismatch=0 variables_considered=67
INFO:Detectors:

[MV-SI candidate 05e475fbbbe267895cab] {rewardTokens, userData}
 writer root       -> contracts/AuraLocker.sol::AuraLocker.processExpiredLocks(bool)
 writer effect     -> contracts/AuraLocker.sol:173
 written member    -> ('SV', 'contracts/AuraLocker.sol', 'AuraLocker.rewardTokens')
 potentially stale -> ('SV', 'contracts/AuraLocker.sol', 'AuraLocker.userData')
 reader witnesses  -> 2
 storage exposures -> 1
[MV-SI candidate 069f5252a352f08262e6] {rewardEpochs, userClaims}
 writer root       -> contracts/ExtraRewardsDistributor.sol::ExtraRewardsDistributor.addReward(address,uint256)
 writer effect     -> contracts/ExtraRewardsDistributor.sol:103
 written member    -> ('SV', 'contracts/ExtraRewardsDistributor.sol', 'ExtraRewardsDistributor.rewardEpochs')
 potentially stale -> ('SV', 'contracts/ExtraRewardsDistributor.sol', 'ExtraRewardsDistributor.userClaims')
 reader witnesses  -> 16
 storage exposures -> 1
[MV-SI candidate 0823b440a06a9f8e2124] {rewardTokens, userData}
 writer root       -> contracts/AuraLocker.sol::AuraLocker.addReward(address,address)
 writer effect     -> contracts/AuraLocker.sol:198
 written member    -> ('SV', 'contracts/AuraLocker.sol', 'AuraLocker.rewardTokens')
 potentially stale -> ('SV', 'contracts/AuraLocker.sol', 'AuraLocker.userData')
 reader witnesses  -> 2
 storage exposures -> 1
[MV-SI candidate 0d45345b15726755fbdc] {rewardTokens, userData}
 writer root       -> contracts/AuraLocker.sol::AuraLocker.kickExpiredLocks(address)
 writer effect     -> contracts/AuraLocker.sol:173
 written member    -> ('SV', 'contracts/AuraLocker.sol', 'AuraLocker.rewardTokens')
 potentially stale -> ('SV', 'contracts/AuraLocker.sol', 'AuraLocker.userData')
 reader witnesses  -> 2
 storage exposures -> 1
[MV-SI candidate 0d5021427c360c99e5a8] {rewardEpochs, userClaims}
 writer root       -> contracts/ExtraRewardsDistributor.sol::ExtraRewardsDistributor.addRewardToEpoch(address,uint256,uint256)
 writer effect     -> contracts/ExtraRewardsDistributor.sol:103
 written member    -> ('SV', 'contracts/ExtraRewardsDistributor.sol', 'ExtraRewardsDistributor.rewardEpochs')
 potentially stale -> ('SV', 'contracts/ExtraRewardsDistributor.sol', 'ExtraRewardsDistributor.userClaims')
 reader witnesses  -> 16
 storage exposures -> 1
[MV-SI candidate 12e891a62a91a9329ce1] {rewardTokens, userData}
 writer root       -> contracts/AuraLocker.sol::AuraLocker.getReward(address,bool)
 writer effect     -> contracts/AuraLocker.sol:173
 written member    -> ('SV', 'contracts/AuraLocker.sol', 'AuraLocker.rewardTokens')
 potentially stale -> ('SV', 'contracts/AuraLocker.sol', 'AuraLocker.userData')
 reader witnesses  -> 2
 storage exposures -> 1
[MV-SI candidate 39ad5345ca452ccd4f3f] {rewardEpochs, userClaims}
 writer root       -> contracts/ExtraRewardsDistributor.sol::ExtraRewardsDistributor._getReward(address,address,uint256)
 writer effect     -> contracts/ExtraRewardsDistributor.sol:151
 written member    -> ('SV', 'contracts/ExtraRewardsDistributor.sol', 'ExtraRewardsDistributor.userClaims')
 potentially stale -> ('SV', 'contracts/ExtraRewardsDistributor.sol', 'ExtraRewardsDistributor.rewardEpochs')
 reader witnesses  -> 60
 storage exposures -> 1
[MV-SI candidate 3d183b064ceafc17bcd3] {rewardEpochs, userClaims}
 writer root       -> contracts/ExtraRewardsDistributor.sol::ExtraRewardsDistributor.addReward(address,uint256)
 writer effect     -> contracts/ExtraRewardsDistributor.sol:101
 written member    -> ('SV', 'contracts/ExtraRewardsDistributor.sol', 'ExtraRewardsDistributor.rewardEpochs')
 potentially stale -> ('SV', 'contracts/ExtraRewardsDistributor.sol', 'ExtraRewardsDistributor.userClaims')
 reader witnesses  -> 16
 storage exposures -> 1
[MV-SI candidate 40e714142c69a088a966] {rewardTokens, userData}
 writer root       -> contracts/AuraLocker.sol::AuraLocker.queueNewRewards(uint256)
 writer effect     -> contracts/AuraLocker.sol:180
 written member    -> ('SV', 'contracts/AuraLocker.sol', 'AuraLocker.userData')
 potentially stale -> ('SV', 'contracts/AuraLocker.sol', 'AuraLocker.rewardTokens')
 reader witnesses  -> 12
 storage exposures -> 1
[MV-SI candidate 488ebf2af64859641321] {rewardTokens, userData}
 writer root       -> contracts/AuraLocker.sol::AuraLocker.getReward(address,bool)
 writer effect     -> contracts/AuraLocker.sol:310
 written member    -> ('SV', 'contracts/AuraLocker.sol', 'AuraLocker.userData')
 potentially stale -> ('SV', 'contracts/AuraLocker.sol', 'AuraLocker.rewardTokens')
 reader witnesses  -> 12
 storage exposures -> 1
[MV-SI candidate 4cbddda3613237915b53] {rewardTokens, userData}
 writer root       -> contracts/AuraLocker.sol::AuraLocker.getReward(address,bool)
 writer effect     -> contracts/AuraLocker.sol:180
 written member    -> ('SV', 'contracts/AuraLocker.sol', 'AuraLocker.userData')
 potentially stale -> ('SV', 'contracts/AuraLocker.sol', 'AuraLocker.rewardTokens')
 reader witnesses  -> 12
 storage exposures -> 1
[MV-SI candidate 53ee833df07840ad17ed] {rewardTokens, userData}
 writer root       -> contracts/AuraLocker.sol::AuraLocker.getReward(address)
 writer effect     -> contracts/AuraLocker.sol:173
 written member    -> ('SV', 'contracts/AuraLocker.sol', 'AuraLocker.rewardTokens')
 potentially stale -> ('SV', 'contracts/AuraLocker.sol', 'AuraLocker.userData')
 reader witnesses  -> 2
 storage exposures -> 1
[MV-SI candidate 5e64458f0d5028df1d69] {rewardTokens, userData}
 writer root       -> contracts/AuraLocker.sol::AuraLocker.queueNewRewards(uint256)
 writer effect     -> contracts/AuraLocker.sol:173
 written member    -> ('SV', 'contracts/AuraLocker.sol', 'AuraLocker.rewardTokens')
 potentially stale -> ('SV', 'contracts/AuraLocker.sol', 'AuraLocker.userData')
 reader witnesses  -> 2
 storage exposures -> 1
[MV-SI candidate 665837fe3b5cbb5f0274] {rewardTokens, userData}
 writer root       -> contracts/AuraLocker.sol::AuraLocker.getReward(address,bool)
 writer effect     -> contracts/AuraLocker.sol:305
 written member    -> ('SV', 'contracts/AuraLocker.sol', 'AuraLocker.rewardTokens')
 potentially stale -> ('SV', 'contracts/AuraLocker.sol', 'AuraLocker.userData')
 reader witnesses  -> 2
 storage exposures -> 1
[MV-SI candidate 71072ac721974963296c] {rewardTokens, userData}
 writer root       -> contracts/AuraLocker.sol::AuraLocker.getReward(address)
 writer effect     -> contracts/AuraLocker.sol:310
 written member    -> ('SV', 'contracts/AuraLocker.sol', 'AuraLocker.userData')
 potentially stale -> ('SV', 'contracts/AuraLocker.sol', 'AuraLocker.rewardTokens')
 reader witnesses  -> 12
 storage exposures -> 1
[MV-SI candidate 7368b67903a6a9a0df1f] {rewardTokens, userData}
 writer root       -> contracts/AuraLocker.sol::AuraLocker.notifyRewardAmount(address,uint256)
 writer effect     -> contracts/AuraLocker.sol:180
 written member    -> ('SV', 'contracts/AuraLocker.sol', 'AuraLocker.userData')
 potentially stale -> ('SV', 'contracts/AuraLocker.sol', 'AuraLocker.rewardTokens')
 reader witnesses  -> 12
 storage exposures -> 1
[MV-SI candidate 8025e19d8cd10cebe39e] {rewardTokens, userData}
 writer root       -> contracts/AuraLocker.sol::AuraLocker.notifyRewardAmount(address,uint256)
 writer effect     -> contracts/AuraLocker.sol:173
 written member    -> ('SV', 'contracts/AuraLocker.sol', 'AuraLocker.rewardTokens')
 potentially stale -> ('SV', 'contracts/AuraLocker.sol', 'AuraLocker.userData')
 reader witnesses  -> 2
 storage exposures -> 1
[MV-SI candidate 811b2031d47eb1ea221f] {rewardEpochs, userClaims}
 writer root       -> contracts/ExtraRewardsDistributor.sol::ExtraRewardsDistributor.getReward(address,address,uint256)
 writer effect     -> contracts/ExtraRewardsDistributor.sol:151
 written member    -> ('SV', 'contracts/ExtraRewardsDistributor.sol', 'ExtraRewardsDistributor.userClaims')
 potentially stale -> ('SV', 'contracts/ExtraRewardsDistributor.sol', 'ExtraRewardsDistributor.rewardEpochs')
 reader witnesses  -> 60
 storage exposures -> 1
[MV-SI candidate 82ee2a0d0f5595660669] {rewardTokens, userData}
 writer root       -> contracts/AuraLocker.sol::AuraLocker.getReward(address)
 writer effect     -> contracts/AuraLocker.sol:305
 written member    -> ('SV', 'contracts/AuraLocker.sol', 'AuraLocker.rewardTokens')
 potentially stale -> ('SV', 'contracts/AuraLocker.sol', 'AuraLocker.userData')
 reader witnesses  -> 2
 storage exposures -> 1
[MV-SI candidate 858820fca8ca6ed4e1ed] {rewardTokens, userData}
 writer root       -> contracts/AuraLocker.sol::AuraLocker.getReward(address)
 writer effect     -> contracts/AuraLocker.sol:180
 written member    -> ('SV', 'contracts/AuraLocker.sol', 'AuraLocker.userData')
 potentially stale -> ('SV', 'contracts/AuraLocker.sol', 'AuraLocker.rewardTokens')
 reader witnesses  -> 12
 storage exposures -> 1
[MV-SI candidate 91cc0dcc29365088403d] {rewardEpochs, userClaims}
 writer root       -> contracts/ExtraRewardsDistributor.sol::ExtraRewardsDistributor.addRewardToEpoch(address,uint256,uint256)
 writer effect     -> contracts/ExtraRewardsDistributor.sol:101
 written member    -> ('SV', 'contracts/ExtraRewardsDistributor.sol', 'ExtraRewardsDistributor.rewardEpochs')
 potentially stale -> ('SV', 'contracts/ExtraRewardsDistributor.sol', 'ExtraRewardsDistributor.userClaims')
 reader witnesses  -> 16
 storage exposures -> 1
[MV-SI candidate afd8c8270dd93161e76c] {rewardTokens, userData}
 writer root       -> contracts/AuraLocker.sol::AuraLocker.processExpiredLocks(bool)
 writer effect     -> contracts/AuraLocker.sol:180
 written member    -> ('SV', 'contracts/AuraLocker.sol', 'AuraLocker.userData')
 potentially stale -> ('SV', 'contracts/AuraLocker.sol', 'AuraLocker.rewardTokens')
 reader witnesses  -> 12
 storage exposures -> 1
[MV-SI candidate b0c6bdf32e557a58bcfa] {rewardEpochs, userClaims}
 writer root       -> contracts/ExtraRewardsDistributor.sol::ExtraRewardsDistributor.addRewardToEpoch(address,uint256,uint256)
 writer effect     -> contracts/ExtraRewardsDistributor.sol:73
 written member    -> ('SV', 'contracts/ExtraRewardsDistributor.sol', 'ExtraRewardsDistributor.rewardEpochs')
 potentially stale -> ('SV', 'contracts/ExtraRewardsDistributor.sol', 'ExtraRewardsDistributor.userClaims')
 reader witnesses  -> 16
 storage exposures -> 1
[MV-SI candidate cccb8704e40efc3cebc7] {rewardEpochs, userClaims}
 writer root       -> contracts/ExtraRewardsDistributor.sol::ExtraRewardsDistributor._getReward(address,address,uint256)
 writer effect     -> contracts/ExtraRewardsDistributor.sol:220
 written member    -> ('SV', 'contracts/ExtraRewardsDistributor.sol', 'ExtraRewardsDistributor.rewardEpochs')
 potentially stale -> ('SV', 'contracts/ExtraRewardsDistributor.sol', 'ExtraRewardsDistributor.userClaims')
 reader witnesses  -> 16
 storage exposures -> 1
[MV-SI candidate cef3c12b7ddefa791b1a] {rewardTokens, userData}
 writer root       -> contracts/AuraLocker.sol::AuraLocker.lock(address,uint256)
 writer effect     -> contracts/AuraLocker.sol:173
 written member    -> ('SV', 'contracts/AuraLocker.sol', 'AuraLocker.rewardTokens')
 potentially stale -> ('SV', 'contracts/AuraLocker.sol', 'AuraLocker.userData')
 reader witnesses  -> 2
 storage exposures -> 1
[MV-SI candidate d714e0bbfc7b7ecbe07a] {rewardTokens, userData}
 writer root       -> contracts/AuraLocker.sol::AuraLocker.lock(address,uint256)
 writer effect     -> contracts/AuraLocker.sol:180
 written member    -> ('SV', 'contracts/AuraLocker.sol', 'AuraLocker.userData')
 potentially stale -> ('SV', 'contracts/AuraLocker.sol', 'AuraLocker.rewardTokens')
 reader witnesses  -> 12
 storage exposures -> 1
[MV-SI candidate d8999630fa8d68a34eea] {rewardEpochs, userClaims}
 writer root       -> contracts/ExtraRewardsDistributor.sol::ExtraRewardsDistributor.getReward(address,address)
 writer effect     -> contracts/ExtraRewardsDistributor.sol:220
 written member    -> ('SV', 'contracts/ExtraRewardsDistributor.sol', 'ExtraRewardsDistributor.rewardEpochs')
 potentially stale -> ('SV', 'contracts/ExtraRewardsDistributor.sol', 'ExtraRewardsDistributor.userClaims')
 reader witnesses  -> 16
 storage exposures -> 1
[MV-SI candidate def466f67677a36e4fb4] {rewardEpochs, userClaims}
 writer root       -> contracts/ExtraRewardsDistributor.sol::ExtraRewardsDistributor.getReward(address,address)
 writer effect     -> contracts/ExtraRewardsDistributor.sol:151
 written member    -> ('SV', 'contracts/ExtraRewardsDistributor.sol', 'ExtraRewardsDistributor.userClaims')
 potentially stale -> ('SV', 'contracts/ExtraRewardsDistributor.sol', 'ExtraRewardsDistributor.rewardEpochs')
 reader witnesses  -> 60
 storage exposures -> 1
[MV-SI candidate e289c703c0145438d2e7] {rewardTokens, userData}
 writer root       -> contracts/AuraLocker.sol::AuraLocker.kickExpiredLocks(address)
 writer effect     -> contracts/AuraLocker.sol:180
 written member    -> ('SV', 'contracts/AuraLocker.sol', 'AuraLocker.userData')
 potentially stale -> ('SV', 'contracts/AuraLocker.sol', 'AuraLocker.rewardTokens')
 reader witnesses  -> 12
 storage exposures -> 1
[MV-SI candidate fef8cc21d8d182fdccb3] {rewardEpochs, userClaims}
 writer root       -> contracts/ExtraRewardsDistributor.sol::ExtraRewardsDistributor.getReward(address,address,uint256)
 writer effect     -> contracts/ExtraRewardsDistributor.sol:220
 written member    -> ('SV', 'contracts/ExtraRewardsDistributor.sol', 'ExtraRewardsDistributor.rewardEpochs')
 potentially stale -> ('SV', 'contracts/ExtraRewardsDistributor.sol', 'ExtraRewardsDistributor.userClaims')
 reader witnesses  -> 16
 storage exposures -> 1Reference: https://github.com/crytic/slither/wiki/Detector-Documentation
INFO:Slither:. analyzed (120 contracts with 1 detectors), 50 result(s) found
