Problem executing hardhat to fetch configuration, using defaults: [Errno 2] No such file or directory: 'hardhat'
[mvscan-config] {"ATOMIC_GROUP": [], "DIVERGENCE_BUDGET": 1000, "ENABLE_BRANCH_GROUPS": true, "ENABLE_EXTERNAL_STATE": true, "ENABLE_MULTI_RETURN_GROUPS": true, "MAPPING_MODE": "base_collapsed", "MERGE_OVERLOADS": false, "MVSCAN_ABLATION": "mapping_insensitive", "MVSCAN_CONTEXTUAL_KEYS": true, "MVSCAN_INCLUDE_SCALAR_WITNESSES": false, "MVSCAN_INTERFACE_DISPATCH": false, "MVSCAN_MAX_CONTEXTS_PER_OWNER_BLOCK": 128, "MVSCAN_MAX_DISPATCH_TARGETS": 16, "MVSCAN_REQUIRE_DISTINCT_OUTER_ROOTS": false, "MVSCAN_ROOT_CONTEXT_SINKS": false, "NOOP_WRITE_FILTER": true, "REQUIRE_SAME_SLOT_KEY": false, "SINK_TEST": "none", "USER_CALLABLE_ALWAYS": [], "USER_CALLABLE_DENY": []}
[mvscan-stage] icfg-built blocks=4302 vars=162
[mvscan-stage] root-seeding-done eligible_exposures=265 seeded=164 multi_exposure_entry_blocks=53 collapsed_contextual_aliases=101 excluded_dependency=0 excluded_interface=116 excluded_library=0 excluded_abstract=156 missing_entry_point=0 missing_entry_block=0
[mvscan-pairs] call_target_digest=300372abab2e6c4a73e1f07fec7df0f902e438b1afdf969d8997d0d6a458b609 candidate_count=29 candidate_digest=23ce0cd9156a05d3fcf2db8e69abb3d898e9dbc8f5ff1362a22c6b5aefbe6dc2 context_instance_count=104 eligible_readers=57 eligible_writers=34 execution_context_digest=72944fecabeaf78e2ea8b632518acf648e93e937a5e43aa4a9dff3dbb2b8384f insensitive_readers_filtered=41 invalid_partial_write_filtered=0 must_full_relation_filtered=88 omitted_member_evidence_filtered=0 omitted_member_not_sensitive_filtered=68 owner_context_pairs=125 owner_context_pairs_considered=1323 raw_block_pairs=165 reader_witness_count=125 relation_base_members_shadowed=0 relation_context_incompatible=262 relation_digest=71636380a2d087e972eb9362b7dff49b6a2554ec6fade2617cfa6459b60c33f3 relation_members_raw=166 relation_origins_registered=16 relation_origins_rejected_unary_after_shadowing=130 relation_origins_rejected_unreachable=75 relation_origins_seen=146 root_context_sink_filtered=0 same_outer_root_filtered=0 same_static_block_filtered=9 scalar_variables_skipped=73 storage_context_mismatch=780 variables_considered=89
INFO:Detectors:

[MV-SI candidate 028e41639ce89d725e75] {_balances, _totalSupply}
 writer root       -> @openzeppelin/contracts-upgradeable/token/ERC20/ERC20Upgradeable.sol::ERC20Upgradeable.transferFrom(address,address,uint256)
 writer effect     -> @openzeppelin/contracts-upgradeable/token/ERC20/ERC20Upgradeable.sol:239
 written member    -> ('SV', '@openzeppelin/contracts-upgradeable/token/ERC20/ERC20Upgradeable.sol', 'ERC20Upgradeable._balances')
 potentially stale -> ('SV', '@openzeppelin/contracts-upgradeable/token/ERC20/ERC20Upgradeable.sol', 'ERC20Upgradeable._totalSupply')
 reader witnesses  -> 9
 storage exposures -> 1
[MV-SI candidate 066efd55c12c1b16f538] {_initialized, _initializing}
 writer root       -> contracts/core/strategies/StrategyAAVEv3WSTETH.sol::StrategyAAVEv3WstETH.initializeWstETH(address,address,ServiceRegistry,uint24,uint8)
 writer effect     -> @openzeppelin/contracts-upgradeable/proxy/utils/Initializable.sol:92
 written member    -> ('SV', '@openzeppelin/contracts-upgradeable/proxy/utils/Initializable.sol', 'Initializable._initializing')
 potentially stale -> ('SV', '@openzeppelin/contracts-upgradeable/proxy/utils/Initializable.sol', 'Initializable._initialized')
 reader witnesses  -> 2
 storage exposures -> 1
[MV-SI candidate 0f92a62fd9f1d40cab20] {_initialized, _initializing}
 writer root       -> contracts/core/Settings.sol::Settings.initialize(address)
 writer effect     -> @openzeppelin/contracts-upgradeable/proxy/utils/Initializable.sol:90
 written member    -> ('SV', '@openzeppelin/contracts-upgradeable/proxy/utils/Initializable.sol', 'Initializable._initialized')
 potentially stale -> ('SV', '@openzeppelin/contracts-upgradeable/proxy/utils/Initializable.sol', 'Initializable._initializing')
 reader witnesses  -> 2
 storage exposures -> 2
[MV-SI candidate 372099c1b56fe5fc6c80] {_initialized, _initializing}
 writer root       -> contracts/core/Settings.sol::Settings.initialize(address)
 writer effect     -> @openzeppelin/contracts-upgradeable/proxy/utils/Initializable.sol:92
 written member    -> ('SV', '@openzeppelin/contracts-upgradeable/proxy/utils/Initializable.sol', 'Initializable._initializing')
 potentially stale -> ('SV', '@openzeppelin/contracts-upgradeable/proxy/utils/Initializable.sol', 'Initializable._initialized')
 reader witnesses  -> 2
 storage exposures -> 2
[MV-SI candidate 43fa74ef2df5af67af2d] {_initialized, _initializing}
 writer root       -> contracts/core/Vault.sol::Vault.initialize(address,string,string,ServiceRegistry,IStrategy)
 writer effect     -> @openzeppelin/contracts-upgradeable/proxy/utils/Initializable.sol:92
 written member    -> ('SV', '@openzeppelin/contracts-upgradeable/proxy/utils/Initializable.sol', 'Initializable._initializing')
 potentially stale -> ('SV', '@openzeppelin/contracts-upgradeable/proxy/utils/Initializable.sol', 'Initializable._initialized')
 reader witnesses  -> 1
 storage exposures -> 1
[MV-SI candidate 48862c03c589a5469cca] {_balances, _totalSupply}
 writer root       -> @openzeppelin/contracts-upgradeable/token/ERC20/ERC20Upgradeable.sol::ERC20Upgradeable.transfer(address,uint256)
 writer effect     -> @openzeppelin/contracts-upgradeable/token/ERC20/ERC20Upgradeable.sol:239
 written member    -> ('SV', '@openzeppelin/contracts-upgradeable/token/ERC20/ERC20Upgradeable.sol', 'ERC20Upgradeable._balances')
 potentially stale -> ('SV', '@openzeppelin/contracts-upgradeable/token/ERC20/ERC20Upgradeable.sol', 'ERC20Upgradeable._totalSupply')
 reader witnesses  -> 9
 storage exposures -> 1
[MV-SI candidate 5db141f18ad2b5b2d6ed] {_balances, _totalSupply}
 writer root       -> @openzeppelin/contracts-upgradeable/token/ERC20/ERC20Upgradeable.sol::ERC20Upgradeable.transfer(address,uint256)
 writer effect     -> @openzeppelin/contracts-upgradeable/token/ERC20/ERC20Upgradeable.sol:236
 written member    -> ('SV', '@openzeppelin/contracts-upgradeable/token/ERC20/ERC20Upgradeable.sol', 'ERC20Upgradeable._balances')
 potentially stale -> ('SV', '@openzeppelin/contracts-upgradeable/token/ERC20/ERC20Upgradeable.sol', 'ERC20Upgradeable._totalSupply')
 reader witnesses  -> 9
 storage exposures -> 1
[MV-SI candidate 5f0942cc2c7af914302c] {_initialized, _initializing}
 writer root       -> contracts/mocks/BorrowerAttacker.sol::BorrowerAttacker.initialize(ServiceRegistry)
 writer effect     -> @openzeppelin/contracts-upgradeable/proxy/utils/Initializable.sol:90
 written member    -> ('SV', '@openzeppelin/contracts-upgradeable/proxy/utils/Initializable.sol', 'Initializable._initialized')
 potentially stale -> ('SV', '@openzeppelin/contracts-upgradeable/proxy/utils/Initializable.sol', 'Initializable._initializing')
 reader witnesses  -> 2
 storage exposures -> 1
[MV-SI candidate 649beaacae1a46a9a1b7] {_initialized, _initializing}
 writer root       -> contracts/core/Vault.sol::Vault.initialize(address,string,string,ServiceRegistry,IStrategy)
 writer effect     -> @openzeppelin/contracts-upgradeable/proxy/utils/Initializable.sol:90
 written member    -> ('SV', '@openzeppelin/contracts-upgradeable/proxy/utils/Initializable.sol', 'Initializable._initialized')
 potentially stale -> ('SV', '@openzeppelin/contracts-upgradeable/proxy/utils/Initializable.sol', 'Initializable._initializing')
 reader witnesses  -> 2
 storage exposures -> 1
[MV-SI candidate 6c4c2610f1aaeb94a380] {_initialized, _initializing}
 writer root       -> contracts/mocks/StrategyLeverageSettingsMock.sol::StrategyLeverageSettingsMock.initialize(address,address)
 writer effect     -> @openzeppelin/contracts-upgradeable/proxy/utils/Initializable.sol:96
 written member    -> ('SV', '@openzeppelin/contracts-upgradeable/proxy/utils/Initializable.sol', 'Initializable._initializing')
 potentially stale -> ('SV', '@openzeppelin/contracts-upgradeable/proxy/utils/Initializable.sol', 'Initializable._initialized')
 reader witnesses  -> 1
 storage exposures -> 1
[MV-SI candidate 73a3a9a3294892819910] {_initialized, _initializing}
 writer root       -> contracts/mocks/ERC3156FlashBorrowerMock.sol::FlashBorrowerMock.initialize(ServiceRegistry)
 writer effect     -> @openzeppelin/contracts-upgradeable/proxy/utils/Initializable.sol:90
 written member    -> ('SV', '@openzeppelin/contracts-upgradeable/proxy/utils/Initializable.sol', 'Initializable._initialized')
 potentially stale -> ('SV', '@openzeppelin/contracts-upgradeable/proxy/utils/Initializable.sol', 'Initializable._initializing')
 reader witnesses  -> 2
 storage exposures -> 1
[MV-SI candidate 7d28ec3f40774a23ab7f] {_initialized, _initializing}
 writer root       -> contracts/core/strategies/StrategyAAVEv3.sol::StrategyAAVEv3.initialize(address,address,ServiceRegistry,bytes32,bytes32,uint24,uint8)
 writer effect     -> @openzeppelin/contracts-upgradeable/proxy/utils/Initializable.sol:90
 written member    -> ('SV', '@openzeppelin/contracts-upgradeable/proxy/utils/Initializable.sol', 'Initializable._initialized')
 potentially stale -> ('SV', '@openzeppelin/contracts-upgradeable/proxy/utils/Initializable.sol', 'Initializable._initializing')
 reader witnesses  -> 6
 storage exposures -> 2
[MV-SI candidate 9669b3e352529496e48e] {_initialized, _initializing}
 writer root       -> contracts/core/strategies/StrategyAAVEv3WSTETH.sol::StrategyAAVEv3WstETH.initializeWstETH(address,address,ServiceRegistry,uint24,uint8)
 writer effect     -> @openzeppelin/contracts-upgradeable/proxy/utils/Initializable.sol:90
 written member    -> ('SV', '@openzeppelin/contracts-upgradeable/proxy/utils/Initializable.sol', 'Initializable._initialized')
 potentially stale -> ('SV', '@openzeppelin/contracts-upgradeable/proxy/utils/Initializable.sol', 'Initializable._initializing')
 reader witnesses  -> 4
 storage exposures -> 1
[MV-SI candidate 97fdad7b17bcc92b00b7] {PRICE_PRECISION, _price}
 writer root       -> contracts/mocks/UniV3RouterMock.sol::UniV3RouterMock.setPrice(uint256)
 writer effect     -> contracts/mocks/UniV3RouterMock.sol:78
 written member    -> ('SV', 'contracts/mocks/UniV3RouterMock.sol', 'UniV3RouterMock._price')
 potentially stale -> ('SV', 'contracts/mocks/UniV3RouterMock.sol', 'UniV3RouterMock.PRICE_PRECISION')
 reader witnesses  -> 24
 storage exposures -> 1
[MV-SI candidate 9c761c4cbcce66d96904] {_initialized, _initializing}
 writer root       -> contracts/mocks/BorrowerAttacker.sol::BorrowerAttacker.initialize(ServiceRegistry)
 writer effect     -> @openzeppelin/contracts-upgradeable/proxy/utils/Initializable.sol:92
 written member    -> ('SV', '@openzeppelin/contracts-upgradeable/proxy/utils/Initializable.sol', 'Initializable._initializing')
 potentially stale -> ('SV', '@openzeppelin/contracts-upgradeable/proxy/utils/Initializable.sol', 'Initializable._initialized')
 reader witnesses  -> 1
 storage exposures -> 1
[MV-SI candidate 9d6f6e477496d29a37b2] {_initialized, _initializing}
 writer root       -> contracts/core/strategies/StrategyAAVEv3WSTETH.sol::StrategyAAVEv3WstETH.initializeWstETH(address,address,ServiceRegistry,uint24,uint8)
 writer effect     -> @openzeppelin/contracts-upgradeable/proxy/utils/Initializable.sol:96
 written member    -> ('SV', '@openzeppelin/contracts-upgradeable/proxy/utils/Initializable.sol', 'Initializable._initializing')
 potentially stale -> ('SV', '@openzeppelin/contracts-upgradeable/proxy/utils/Initializable.sol', 'Initializable._initialized')
 reader witnesses  -> 2
 storage exposures -> 1
[MV-SI candidate a7914f89d1e7eb66b93e] {_initialized, _initializing}
 writer root       -> contracts/mocks/BorrowerAttacker.sol::BorrowerAttacker.initialize(ServiceRegistry)
 writer effect     -> @openzeppelin/contracts-upgradeable/proxy/utils/Initializable.sol:96
 written member    -> ('SV', '@openzeppelin/contracts-upgradeable/proxy/utils/Initializable.sol', 'Initializable._initializing')
 potentially stale -> ('SV', '@openzeppelin/contracts-upgradeable/proxy/utils/Initializable.sol', 'Initializable._initialized')
 reader witnesses  -> 1
 storage exposures -> 1
[MV-SI candidate adc3f92750c462a37216] {_initialized, _initializing}
 writer root       -> contracts/core/Vault.sol::Vault.initialize(address,string,string,ServiceRegistry,IStrategy)
 writer effect     -> @openzeppelin/contracts-upgradeable/proxy/utils/Initializable.sol:96
 written member    -> ('SV', '@openzeppelin/contracts-upgradeable/proxy/utils/Initializable.sol', 'Initializable._initializing')
 potentially stale -> ('SV', '@openzeppelin/contracts-upgradeable/proxy/utils/Initializable.sol', 'Initializable._initialized')
 reader witnesses  -> 1
 storage exposures -> 1
[MV-SI candidate b7dc8587e81e3f5fc26c] {_initialized, _initializing}
 writer root       -> contracts/core/strategies/StrategyAAVEv3.sol::StrategyAAVEv3.initialize(address,address,ServiceRegistry,bytes32,bytes32,uint24,uint8)
 writer effect     -> @openzeppelin/contracts-upgradeable/proxy/utils/Initializable.sol:96
 written member    -> ('SV', '@openzeppelin/contracts-upgradeable/proxy/utils/Initializable.sol', 'Initializable._initializing')
 potentially stale -> ('SV', '@openzeppelin/contracts-upgradeable/proxy/utils/Initializable.sol', 'Initializable._initialized')
 reader witnesses  -> 3
 storage exposures -> 2
[MV-SI candidate bb74090be7143c17e2e3] {_initialized, _initializing}
 writer root       -> contracts/mocks/ERC3156FlashBorrowerMock.sol::FlashBorrowerMock.initialize(ServiceRegistry)
 writer effect     -> @openzeppelin/contracts-upgradeable/proxy/utils/Initializable.sol:92
 written member    -> ('SV', '@openzeppelin/contracts-upgradeable/proxy/utils/Initializable.sol', 'Initializable._initializing')
 potentially stale -> ('SV', '@openzeppelin/contracts-upgradeable/proxy/utils/Initializable.sol', 'Initializable._initialized')
 reader witnesses  -> 1
 storage exposures -> 1
[MV-SI candidate c754317e856378b048dc] {_balances, _totalSupply}
 writer root       -> @openzeppelin/contracts-upgradeable/token/ERC20/ERC20Upgradeable.sol::ERC20Upgradeable.transferFrom(address,address,uint256)
 writer effect     -> @openzeppelin/contracts-upgradeable/token/ERC20/ERC20Upgradeable.sol:236
 written member    -> ('SV', '@openzeppelin/contracts-upgradeable/token/ERC20/ERC20Upgradeable.sol', 'ERC20Upgradeable._balances')
 potentially stale -> ('SV', '@openzeppelin/contracts-upgradeable/token/ERC20/ERC20Upgradeable.sol', 'ERC20Upgradeable._totalSupply')
 reader witnesses  -> 9
 storage exposures -> 1
[MV-SI candidate c8393b688e939ed404f6] {_initialized, _initializing}
 writer root       -> contracts/mocks/StrategyLeverageSettingsMock.sol::StrategyLeverageSettingsMock.initialize(address,address)
 writer effect     -> @openzeppelin/contracts-upgradeable/proxy/utils/Initializable.sol:92
 written member    -> ('SV', '@openzeppelin/contracts-upgradeable/proxy/utils/Initializable.sol', 'Initializable._initializing')
 potentially stale -> ('SV', '@openzeppelin/contracts-upgradeable/proxy/utils/Initializable.sol', 'Initializable._initialized')
 reader witnesses  -> 1
 storage exposures -> 1
[MV-SI candidate ca45d2dc28427d04a107] {_balances, _totalSupply}
 writer root       -> contracts/core/Vault.sol::Vault.rebalance()
 writer effect     -> @openzeppelin/contracts-upgradeable/token/ERC20/ERC20Upgradeable.sol:261
 written member    -> ('SV', '@openzeppelin/contracts-upgradeable/token/ERC20/ERC20Upgradeable.sol', 'ERC20Upgradeable._totalSupply')
 potentially stale -> ('SV', '@openzeppelin/contracts-upgradeable/token/ERC20/ERC20Upgradeable.sol', 'ERC20Upgradeable._balances')
 reader witnesses  -> 13
 storage exposures -> 1
[MV-SI candidate cc39f8e329ea508f63c2] {_initialized, _initializing}
 writer root       -> contracts/mocks/ERC3156FlashBorrowerMock.sol::FlashBorrowerMock.initialize(ServiceRegistry)
 writer effect     -> @openzeppelin/contracts-upgradeable/proxy/utils/Initializable.sol:96
 written member    -> ('SV', '@openzeppelin/contracts-upgradeable/proxy/utils/Initializable.sol', 'Initializable._initializing')
 potentially stale -> ('SV', '@openzeppelin/contracts-upgradeable/proxy/utils/Initializable.sol', 'Initializable._initialized')
 reader witnesses  -> 1
 storage exposures -> 1
[MV-SI candidate cdc8adc408b7ef180fac] {_initialized, _initializing}
 writer root       -> contracts/core/strategies/StrategyAAVEv3.sol::StrategyAAVEv3.initialize(address,address,ServiceRegistry,bytes32,bytes32,uint24,uint8)
 writer effect     -> @openzeppelin/contracts-upgradeable/proxy/utils/Initializable.sol:92
 written member    -> ('SV', '@openzeppelin/contracts-upgradeable/proxy/utils/Initializable.sol', 'Initializable._initializing')
 potentially stale -> ('SV', '@openzeppelin/contracts-upgradeable/proxy/utils/Initializable.sol', 'Initializable._initialized')
 reader witnesses  -> 3
 storage exposures -> 2
[MV-SI candidate df6e147dfbdb2bbe9c8b] {_balances, _totalSupply}
 writer root       -> contracts/core/Vault.sol::Vault.rebalance()
 writer effect     -> @openzeppelin/contracts-upgradeable/token/ERC20/ERC20Upgradeable.sol:264
 written member    -> ('SV', '@openzeppelin/contracts-upgradeable/token/ERC20/ERC20Upgradeable.sol', 'ERC20Upgradeable._balances')
 potentially stale -> ('SV', '@openzeppelin/contracts-upgradeable/token/ERC20/ERC20Upgradeable.sol', 'ERC20Upgradeable._totalSupply')
 reader witnesses  -> 9
 storage exposures -> 1
[MV-SI candidate e4b1f9fdbd177d1c7a7a] {_initialized, _initializing}
 writer root       -> contracts/core/Settings.sol::Settings.initialize(address)
 writer effect     -> @openzeppelin/contracts-upgradeable/proxy/utils/Initializable.sol:96
 written member    -> ('SV', '@openzeppelin/contracts-upgradeable/proxy/utils/Initializable.sol', 'Initializable._initializing')
 potentially stale -> ('SV', '@openzeppelin/contracts-upgradeable/proxy/utils/Initializable.sol', 'Initializable._initialized')
 reader witnesses  -> 2
 storage exposures -> 2
[MV-SI candidate f2f8327d7615b0114afb] {_initialized, _initializing}
 writer root       -> contracts/mocks/StrategyLeverageSettingsMock.sol::StrategyLeverageSettingsMock.initialize(address,address)
 writer effect     -> @openzeppelin/contracts-upgradeable/proxy/utils/Initializable.sol:90
 written member    -> ('SV', '@openzeppelin/contracts-upgradeable/proxy/utils/Initializable.sol', 'Initializable._initialized')
 potentially stale -> ('SV', '@openzeppelin/contracts-upgradeable/proxy/utils/Initializable.sol', 'Initializable._initializing')
 reader witnesses  -> 1
 storage exposures -> 1
[MV-SI candidate f38e6450102c1dfc14d9] {PRICE_PRECISION, _exchangeRate}
 writer root       -> contracts/mocks/WstETH.sol::WstETHMock.setExchangeRate(uint256)
 writer effect     -> contracts/mocks/WstETH.sol:50
 written member    -> ('SV', 'contracts/mocks/WstETH.sol', 'WstETHMock._exchangeRate')
 potentially stale -> ('SV', 'contracts/mocks/WstETH.sol', 'WstETHMock.PRICE_PRECISION')
 reader witnesses  -> 2
 storage exposures -> 1Reference: https://github.com/crytic/slither/wiki/Detector-Documentation
INFO:Slither:. analyzed (151 contracts with 1 detectors), 29 result(s) found
