'/tmp/.svm/0.8.9/solc-0.8.9 --version' running
'solc --standard-json --allow-paths /tmp/analysis-input' running
Warning: Warning: SPDX license identifier not provided in source file. Before publishing, consider adding a comment containing "SPDX-License-Identifier: <SPDX-License>" to each source file. Use "SPDX-License-Identifier: UNLICENSED" for non-open-source code. Please see https://spdx.org for more information.
--> contracts/interfaces/IEscrow.sol


Warning: Warning: SPDX license identifier not provided in source file. Before publishing, consider adding a comment containing "SPDX-License-Identifier: <SPDX-License>" to each source file. Use "SPDX-License-Identifier: UNLICENSED" for non-open-source code. Please see https://spdx.org for more information.
--> contracts/interfaces/IEscrowedLine.sol


Warning: Warning: SPDX license identifier not provided in source file. Before publishing, consider adding a comment containing "SPDX-License-Identifier: <SPDX-License>" to each source file. Use "SPDX-License-Identifier: UNLICENSED" for non-open-source code. Please see https://spdx.org for more information.
--> contracts/interfaces/IInterestRateCredit.sol


Warning: Warning: SPDX license identifier not provided in source file. Before publishing, consider adding a comment containing "SPDX-License-Identifier: <SPDX-License>" to each source file. Use "SPDX-License-Identifier: UNLICENSED" for non-open-source code. Please see https://spdx.org for more information.
--> contracts/interfaces/ILineFactory.sol


Warning: Warning: SPDX license identifier not provided in source file. Before publishing, consider adding a comment containing "SPDX-License-Identifier: <SPDX-License>" to each source file. Use "SPDX-License-Identifier: UNLICENSED" for non-open-source code. Please see https://spdx.org for more information.
--> contracts/interfaces/ILineOfCredit.sol


Warning: Warning: SPDX license identifier not provided in source file. Before publishing, consider adding a comment containing "SPDX-License-Identifier: <SPDX-License>" to each source file. Use "SPDX-License-Identifier: UNLICENSED" for non-open-source code. Please see https://spdx.org for more information.
--> contracts/interfaces/IModuleFactory.sol


Warning: Warning: SPDX license identifier not provided in source file. Before publishing, consider adding a comment containing "SPDX-License-Identifier: <SPDX-License>" to each source file. Use "SPDX-License-Identifier: UNLICENSED" for non-open-source code. Please see https://spdx.org for more information.
--> contracts/interfaces/IOracle.sol


Warning: Warning: SPDX license identifier not provided in source file. Before publishing, consider adding a comment containing "SPDX-License-Identifier: <SPDX-License>" to each source file. Use "SPDX-License-Identifier: UNLICENSED" for non-open-source code. Please see https://spdx.org for more information.
--> contracts/interfaces/ISecuredLine.sol


Warning: Warning: SPDX license identifier not provided in source file. Before publishing, consider adding a comment containing "SPDX-License-Identifier: <SPDX-License>" to each source file. Use "SPDX-License-Identifier: UNLICENSED" for non-open-source code. Please see https://spdx.org for more information.
--> contracts/interfaces/ISpigot.sol


Warning: Warning: SPDX license identifier not provided in source file. Before publishing, consider adding a comment containing "SPDX-License-Identifier: <SPDX-License>" to each source file. Use "SPDX-License-Identifier: UNLICENSED" for non-open-source code. Please see https://spdx.org for more information.
--> contracts/interfaces/ISpigotedLine.sol


Warning: Warning: SPDX license identifier not provided in source file. Before publishing, consider adding a comment containing "SPDX-License-Identifier: <SPDX-License>" to each source file. Use "SPDX-License-Identifier: UNLICENSED" for non-open-source code. Please see https://spdx.org for more information.
--> contracts/modules/credit/EscrowedLine.sol


Warning: Warning: SPDX license identifier not provided in source file. Before publishing, consider adding a comment containing "SPDX-License-Identifier: <SPDX-License>" to each source file. Use "SPDX-License-Identifier: UNLICENSED" for non-open-source code. Please see https://spdx.org for more information.
--> contracts/modules/credit/LineOfCredit.sol


Warning: Warning: SPDX license identifier not provided in source file. Before publishing, consider adding a comment containing "SPDX-License-Identifier: <SPDX-License>" to each source file. Use "SPDX-License-Identifier: UNLICENSED" for non-open-source code. Please see https://spdx.org for more information.
--> contracts/modules/credit/SecuredLine.sol


Warning: Warning: SPDX license identifier not provided in source file. Before publishing, consider adding a comment containing "SPDX-License-Identifier: <SPDX-License>" to each source file. Use "SPDX-License-Identifier: UNLICENSED" for non-open-source code. Please see https://spdx.org for more information.
--> contracts/modules/credit/SpigotedLine.sol


Warning: Warning: SPDX license identifier not provided in source file. Before publishing, consider adding a comment containing "SPDX-License-Identifier: <SPDX-License>" to each source file. Use "SPDX-License-Identifier: UNLICENSED" for non-open-source code. Please see https://spdx.org for more information.
--> contracts/modules/escrow/Escrow.sol


Warning: Warning: SPDX license identifier not provided in source file. Before publishing, consider adding a comment containing "SPDX-License-Identifier: <SPDX-License>" to each source file. Use "SPDX-License-Identifier: UNLICENSED" for non-open-source code. Please see https://spdx.org for more information.
--> contracts/modules/factories/LineFactory.sol


Warning: Warning: SPDX license identifier not provided in source file. Before publishing, consider adding a comment containing "SPDX-License-Identifier: <SPDX-License>" to each source file. Use "SPDX-License-Identifier: UNLICENSED" for non-open-source code. Please see https://spdx.org for more information.
--> contracts/modules/factories/ModuleFactory.sol


Warning: Warning: SPDX license identifier not provided in source file. Before publishing, consider adding a comment containing "SPDX-License-Identifier: <SPDX-License>" to each source file. Use "SPDX-License-Identifier: UNLICENSED" for non-open-source code. Please see https://spdx.org for more information.
--> contracts/modules/interest-rate/InterestRateCredit.sol


Warning: Warning: SPDX license identifier not provided in source file. Before publishing, consider adding a comment containing "SPDX-License-Identifier: <SPDX-License>" to each source file. Use "SPDX-License-Identifier: UNLICENSED" for non-open-source code. Please see https://spdx.org for more information.
--> contracts/modules/spigot/Spigot.sol


Warning: Warning: SPDX license identifier not provided in source file. Before publishing, consider adding a comment containing "SPDX-License-Identifier: <SPDX-License>" to each source file. Use "SPDX-License-Identifier: UNLICENSED" for non-open-source code. Please see https://spdx.org for more information.
--> contracts/utils/CreditLib.sol


Warning: Warning: SPDX license identifier not provided in source file. Before publishing, consider adding a comment containing "SPDX-License-Identifier: <SPDX-License>" to each source file. Use "SPDX-License-Identifier: UNLICENSED" for non-open-source code. Please see https://spdx.org for more information.
--> contracts/utils/CreditListLib.sol


Warning: Warning: SPDX license identifier not provided in source file. Before publishing, consider adding a comment containing "SPDX-License-Identifier: <SPDX-License>" to each source file. Use "SPDX-License-Identifier: UNLICENSED" for non-open-source code. Please see https://spdx.org for more information.
--> contracts/utils/EscrowLib.sol


Warning: Warning: SPDX license identifier not provided in source file. Before publishing, consider adding a comment containing "SPDX-License-Identifier: <SPDX-License>" to each source file. Use "SPDX-License-Identifier: UNLICENSED" for non-open-source code. Please see https://spdx.org for more information.
--> contracts/utils/LineFactoryLib.sol


Warning: Warning: SPDX license identifier not provided in source file. Before publishing, consider adding a comment containing "SPDX-License-Identifier: <SPDX-License>" to each source file. Use "SPDX-License-Identifier: UNLICENSED" for non-open-source code. Please see https://spdx.org for more information.
--> contracts/utils/LineLib.sol


Warning: Warning: SPDX license identifier not provided in source file. Before publishing, consider adding a comment containing "SPDX-License-Identifier: <SPDX-License>" to each source file. Use "SPDX-License-Identifier: UNLICENSED" for non-open-source code. Please see https://spdx.org for more information.
--> contracts/utils/MutualConsent.sol


Warning: Warning: SPDX license identifier not provided in source file. Before publishing, consider adding a comment containing "SPDX-License-Identifier: <SPDX-License>" to each source file. Use "SPDX-License-Identifier: UNLICENSED" for non-open-source code. Please see https://spdx.org for more information.
--> contracts/utils/SpigotLib.sol


Warning: Warning: SPDX license identifier not provided in source file. Before publishing, consider adding a comment containing "SPDX-License-Identifier: <SPDX-License>" to each source file. Use "SPDX-License-Identifier: UNLICENSED" for non-open-source code. Please see https://spdx.org for more information.
--> contracts/utils/SpigotedLineLib.sol


Warning: Warning: Unnamed return variable can remain unassigned. Add an explicit return with value to all non-reverting code paths or name the variable.
   --> contracts/modules/credit/LineOfCredit.sol:235:18:
    |
235 |         returns (bytes32)
    |                  ^^^^^^^


Warning: Warning: Unnamed return variable can remain unassigned. Add an explicit return with value to all non-reverting code paths or name the variable.
   --> contracts/modules/credit/LineOfCredit.sol:255:16:
    |
255 |       returns (bool)
    |                ^^^^


Warning: Warning: Unnamed return variable can remain unassigned. Add an explicit return with value to all non-reverting code paths or name the variable.
   --> contracts/modules/credit/LineOfCredit.sol:271:16:
    |
271 |       returns (bool)
    |                ^^^^


Warning: Warning: Unnamed return variable can remain unassigned. Add an explicit return with value to all non-reverting code paths or name the variable.
   --> contracts/modules/credit/LineOfCredit.sol:516:54:
    |
516 |     function _sortIntoQ(bytes32 p) internal returns (bool) {
    |                                                      ^^^^


Warning: Warning: Unnamed return variable can remain unassigned when the function is called when "SecuredLine" is the most derived contract. Add an explicit return with value to all non-reverting code paths or name the variable.
   --> contracts/modules/credit/SpigotedLine.sol:229:18:
    |
229 |         returns (bool)
    |                  ^^^^


Warning: Warning: Unreachable code.
   --> contracts/utils/SpigotedLineLib.sol:207:9:
    |
207 |         return false;
    |         ^^^^^^^^^^^^


Warning: Warning: Unreachable code.
   --> contracts/utils/SpigotedLineLib.sol:234:9:
    |
234 |         return false;
    |         ^^^^^^^^^^^^


Warning: Warning: Function state mutability can be restricted to view
  --> contracts/modules/oracle/Oracle.sol:22:5:
   |
22 |     function getLatestAnswer(address token) external returns (int) {
   |     ^ (Relevant source part starts here and spans across multiple lines).



[mvscan-config] {"ATOMIC_GROUP": [], "DIVERGENCE_BUDGET": 1000, "ENABLE_BRANCH_GROUPS": true, "ENABLE_EXTERNAL_STATE": true, "ENABLE_MULTI_RETURN_GROUPS": false, "MAPPING_MODE": "precise", "MERGE_OVERLOADS": false, "MVSCAN_ABLATION": "no_multi_return_groups", "MVSCAN_CONTEXTUAL_KEYS": true, "MVSCAN_INCLUDE_SCALAR_WITNESSES": false, "MVSCAN_INTERFACE_DISPATCH": false, "MVSCAN_MAX_CONTEXTS_PER_OWNER_BLOCK": 128, "MVSCAN_MAX_DISPATCH_TARGETS": 16, "MVSCAN_REQUIRE_DISTINCT_OUTER_ROOTS": false, "MVSCAN_ROOT_CONTEXT_SINKS": false, "NOOP_WRITE_FILTER": true, "REQUIRE_SAME_SLOT_KEY": true, "SINK_TEST": "none", "USER_CALLABLE_ALWAYS": [], "USER_CALLABLE_DENY": []}
[mvscan-stage] icfg-built blocks=1182 vars=77
[mvscan-stage] root-seeding-done eligible_exposures=89 seeded=54 multi_exposure_entry_blocks=22 collapsed_contextual_aliases=35 excluded_dependency=0 excluded_interface=68 excluded_library=39 excluded_abstract=18 missing_entry_point=17 missing_entry_block=0
[mvscan-pairs] call_target_digest=18583d67a30356a0de0551756fa7a1fb1976897720e5b2be701309dd4cb6e04f candidate_count=12 candidate_digest=be131812c7b1bdd2eb54f28172badf91a97f1a31b307019bbff8bbfe5aee3e5e context_instance_count=174 eligible_readers=40 eligible_writers=75 execution_context_digest=652f204e0d8e6e7fc5da722e8f5bb1dd5090b2785cd655fb7afb2ffcce8205c9 insensitive_readers_filtered=96 invalid_partial_write_filtered=0 must_full_relation_filtered=0 omitted_member_evidence_filtered=0 omitted_member_not_sensitive_filtered=112 owner_context_pairs=174 owner_context_pairs_considered=9012 raw_block_pairs=602 reader_witness_count=174 relation_base_members_shadowed=12 relation_context_incompatible=2796 relation_digest=376e763c8a4fd5c85945619fed3dbf77e58d87060e9ffacc459ca61f00cc1dbc relation_members_raw=51 relation_origins_registered=5 relation_origins_rejected_unary_after_shadowing=27 relation_origins_seen=32 relation_unbound_key_templates=86 root_context_sink_filtered=0 same_outer_root_filtered=0 same_static_block_filtered=5 scalar_variables_skipped=25 storage_context_mismatch=5930 variables_considered=30
INFO:Detectors:

[MV-SI candidate 27b3fd8af60f962b5288] {count, credits, ids[@const::0]}
 writer root       -> contracts/modules/credit/LineOfCredit.sol::LineOfCredit.close(bytes32)
 writer effect     -> contracts/modules/credit/LineOfCredit.sol:495
 written member    -> ('SV', 'contracts/modules/credit/LineOfCredit.sol', 'LineOfCredit.credits')
 potentially stale -> ('MS', 'contracts/modules/credit/LineOfCredit.sol', 'LineOfCredit.ids', '@const::0'), ('SV', 'contracts/modules/credit/LineOfCredit.sol', 'LineOfCredit.count')
 reader witnesses  -> 35
 storage exposures -> 3
[MV-SI candidate 5607d15cea31ed1e11e2] {credits, ids[@local::contracts/modules/credit/LineOfCredit.sol::LineOfCredit._sortIntoQ(bytes32)::LocalVariable::i_1]}
 writer root       -> contracts/modules/credit/LineOfCredit.sol::LineOfCredit.borrow(bytes32,uint256)
 writer effect     -> contracts/modules/credit/LineOfCredit.sol:532
 written member    -> ('MS', 'contracts/modules/credit/LineOfCredit.sol', 'LineOfCredit.ids', '@local::contracts/modules/credit/LineOfCredit.sol::LineOfCredit._sortIntoQ(bytes32)::LocalVariable::i_1')
 potentially stale -> ('SV', 'contracts/modules/credit/LineOfCredit.sol', 'LineOfCredit.credits')
 reader witnesses  -> 16
 storage exposures -> 3
[MV-SI candidate 62ad32f72602a3f27be6] {count, credits, ids[@const::0]}
 writer root       -> contracts/modules/credit/LineOfCredit.sol::LineOfCredit.addCredit(uint128,uint128,uint256,address,address)
 writer effect     -> contracts/modules/credit/LineOfCredit.sol:451
 written member    -> ('SV', 'contracts/modules/credit/LineOfCredit.sol', 'LineOfCredit.count')
 potentially stale -> ('MS', 'contracts/modules/credit/LineOfCredit.sol', 'LineOfCredit.ids', '@const::0'), ('SV', 'contracts/modules/credit/LineOfCredit.sol', 'LineOfCredit.credits')
 reader witnesses  -> 16
 storage exposures -> 3
[MV-SI candidate 77b8eb29f711604c1353] {count, credits, ids[@const::0]}
 writer root       -> contracts/modules/credit/LineOfCredit.sol::LineOfCredit.close(bytes32)
 writer effect     -> contracts/modules/credit/LineOfCredit.sol:499
 written member    -> ('SV', 'contracts/modules/credit/LineOfCredit.sol', 'LineOfCredit.count')
 potentially stale -> ('MS', 'contracts/modules/credit/LineOfCredit.sol', 'LineOfCredit.ids', '@const::0'), ('SV', 'contracts/modules/credit/LineOfCredit.sol', 'LineOfCredit.credits')
 reader witnesses  -> 16
 storage exposures -> 3
[MV-SI candidate 8917c8e05fceb58acce0] {credits, ids[@const::0]}
 writer root       -> contracts/modules/credit/LineOfCredit.sol::LineOfCredit.close(bytes32)
 writer effect     -> contracts/modules/credit/LineOfCredit.sol:495
 written member    -> ('SV', 'contracts/modules/credit/LineOfCredit.sol', 'LineOfCredit.credits')
 potentially stale -> ('MS', 'contracts/modules/credit/LineOfCredit.sol', 'LineOfCredit.ids', '@const::0')
 reader witnesses  -> 10
 storage exposures -> 3
[MV-SI candidate 9fa20a0263e4b915ce2d] {credits, ids[@local::contracts/modules/credit/LineOfCredit.sol::LineOfCredit._sortIntoQ(bytes32)::LocalVariable::i_1]}
 writer root       -> contracts/modules/credit/LineOfCredit.sol::LineOfCredit.depositAndClose()
 writer effect     -> contracts/modules/credit/LineOfCredit.sol:495
 written member    -> ('SV', 'contracts/modules/credit/LineOfCredit.sol', 'LineOfCredit.credits')
 potentially stale -> ('MS', 'contracts/modules/credit/LineOfCredit.sol', 'LineOfCredit.ids', '@local::contracts/modules/credit/LineOfCredit.sol::LineOfCredit._sortIntoQ(bytes32)::LocalVariable::i_1')
 reader witnesses  -> 3
 storage exposures -> 3
[MV-SI candidate a2a8aee94bec7c0ac8a1] {credits, ids[@const::0]}
 writer root       -> contracts/modules/credit/LineOfCredit.sol::LineOfCredit.depositAndClose()
 writer effect     -> contracts/modules/credit/LineOfCredit.sol:495
 written member    -> ('SV', 'contracts/modules/credit/LineOfCredit.sol', 'LineOfCredit.credits')
 potentially stale -> ('MS', 'contracts/modules/credit/LineOfCredit.sol', 'LineOfCredit.ids', '@const::0')
 reader witnesses  -> 10
 storage exposures -> 3
[MV-SI candidate b07ffb5ad365abe3fc09] {count, credits, ids[@const::0]}
 writer root       -> contracts/modules/credit/LineOfCredit.sol::LineOfCredit.depositAndClose()
 writer effect     -> contracts/modules/credit/LineOfCredit.sol:499
 written member    -> ('SV', 'contracts/modules/credit/LineOfCredit.sol', 'LineOfCredit.count')
 potentially stale -> ('MS', 'contracts/modules/credit/LineOfCredit.sol', 'LineOfCredit.ids', '@const::0'), ('SV', 'contracts/modules/credit/LineOfCredit.sol', 'LineOfCredit.credits')
 reader witnesses  -> 16
 storage exposures -> 3
[MV-SI candidate b297acf566398a9bb78b] {credits, ids[@local::contracts/modules/credit/LineOfCredit.sol::LineOfCredit._sortIntoQ(bytes32)::LocalVariable::i_1]}
 writer root       -> contracts/modules/credit/LineOfCredit.sol::LineOfCredit.close(bytes32)
 writer effect     -> contracts/modules/credit/LineOfCredit.sol:495
 written member    -> ('SV', 'contracts/modules/credit/LineOfCredit.sol', 'LineOfCredit.credits')
 potentially stale -> ('MS', 'contracts/modules/credit/LineOfCredit.sol', 'LineOfCredit.ids', '@local::contracts/modules/credit/LineOfCredit.sol::LineOfCredit._sortIntoQ(bytes32)::LocalVariable::i_1')
 reader witnesses  -> 3
 storage exposures -> 3
[MV-SI candidate d003d5ef8e1fa5e1c79f] {credits[@local::contracts/modules/credit/SpigotedLine.sol::SpigotedLine.useAndRepay(uint256)::LocalVariable::id_1], ids[@const::0], unusedTokens[@local::contracts/modules/credit/SpigotedLine.sol::SpigotedLine.useAndRepay(uint256)::ReferenceVariable::REF_414]}
 writer root       -> contracts/modules/credit/SpigotedLine.sol::SpigotedLine.useAndRepay(uint256)
 writer effect     -> contracts/modules/credit/SpigotedLine.sol:146
 written member    -> ('MS', 'contracts/modules/credit/LineOfCredit.sol', 'LineOfCredit.credits', '@local::contracts/modules/credit/SpigotedLine.sol::SpigotedLine.useAndRepay(uint256)::LocalVariable::id_1')
 potentially stale -> ('MS', 'contracts/modules/credit/LineOfCredit.sol', 'LineOfCredit.ids', '@const::0'), ('MS', 'contracts/modules/credit/SpigotedLine.sol', 'SpigotedLine.unusedTokens', '@local::contracts/modules/credit/SpigotedLine.sol::SpigotedLine.useAndRepay(uint256)::ReferenceVariable::REF_414')
 reader witnesses  -> 7
 storage exposures -> 2
[MV-SI candidate d18c2ca315d7d1be69b6] {credits[@local::contracts/modules/credit/SpigotedLine.sol::SpigotedLine.useAndRepay(uint256)::LocalVariable::id_1], ids[@const::0]}
 writer root       -> contracts/modules/credit/SpigotedLine.sol::SpigotedLine.useAndRepay(uint256)
 writer effect     -> contracts/modules/credit/SpigotedLine.sol:146
 written member    -> ('MS', 'contracts/modules/credit/LineOfCredit.sol', 'LineOfCredit.credits', '@local::contracts/modules/credit/SpigotedLine.sol::SpigotedLine.useAndRepay(uint256)::LocalVariable::id_1')
 potentially stale -> ('MS', 'contracts/modules/credit/LineOfCredit.sol', 'LineOfCredit.ids', '@const::0')
 reader witnesses  -> 7
 storage exposures -> 2
[MV-SI candidate dcb5a8f0636bc4abea7c] {count, credits, ids[@const::0]}
 writer root       -> contracts/modules/credit/LineOfCredit.sol::LineOfCredit.depositAndClose()
 writer effect     -> contracts/modules/credit/LineOfCredit.sol:495
 written member    -> ('SV', 'contracts/modules/credit/LineOfCredit.sol', 'LineOfCredit.credits')
 potentially stale -> ('MS', 'contracts/modules/credit/LineOfCredit.sol', 'LineOfCredit.ids', '@const::0'), ('SV', 'contracts/modules/credit/LineOfCredit.sol', 'LineOfCredit.count')
 reader witnesses  -> 35
 storage exposures -> 3Reference: https://github.com/crytic/slither/wiki/Detector-Documentation
INFO:Slither:mvscan-standard-input.json analyzed (38 contracts with 1 detectors), 12 result(s) found
