'/tmp/.svm/0.8.25/solc-0.8.25 --version' running
'solc --standard-json --allow-paths /tmp/analysis-input' running
[mvscan-config] {"ATOMIC_GROUP": [], "DIVERGENCE_BUDGET": 1000, "ENABLE_BRANCH_GROUPS": false, "ENABLE_EXTERNAL_STATE": true, "ENABLE_MULTI_RETURN_GROUPS": true, "MAPPING_MODE": "precise", "MERGE_OVERLOADS": false, "MVSCAN_ABLATION": "no_branch_groups", "MVSCAN_CONTEXTUAL_KEYS": true, "MVSCAN_INCLUDE_SCALAR_WITNESSES": false, "MVSCAN_INTERFACE_DISPATCH": false, "MVSCAN_MAX_CONTEXTS_PER_OWNER_BLOCK": 128, "MVSCAN_MAX_DISPATCH_TARGETS": 16, "MVSCAN_REQUIRE_DISTINCT_OUTER_ROOTS": false, "MVSCAN_ROOT_CONTEXT_SINKS": false, "NOOP_WRITE_FILTER": true, "REQUIRE_SAME_SLOT_KEY": true, "SINK_TEST": "none", "USER_CALLABLE_ALWAYS": [], "USER_CALLABLE_DENY": []}
[mvscan-stage] icfg-built blocks=4428 vars=290
[mvscan-stage] root-seeding-done eligible_exposures=208 seeded=173 multi_exposure_entry_blocks=17 collapsed_contextual_aliases=35 excluded_dependency=0 excluded_interface=163 excluded_library=0 excluded_abstract=60 missing_entry_point=0 missing_entry_block=0
[mvscan-pairs] call_target_digest=882eed6eb999ad32101a05b42b5ce0148648da72457a063c620103277587cfd2 candidate_count=4 candidate_digest=7ed2dd0e005d8eb12a8f7484f1c8426a5b17eee240f3c435262211643760dd39 context_instance_count=17 eligible_readers=15 eligible_writers=10 execution_context_digest=0a681715c3987ddb04a94d531d982309c5a9520afa78c5a7db0c954c0268b93d insensitive_readers_filtered=10 invalid_partial_write_filtered=0 must_full_relation_filtered=0 omitted_member_evidence_filtered=0 omitted_member_not_sensitive_filtered=6 owner_context_pairs=34 owner_context_pairs_considered=114 raw_block_pairs=58 reader_witness_count=34 relation_base_members_shadowed=0 relation_context_incompatible=74 relation_digest=d4ca6e930e2ba1e727e3b8b0dc6b59a240b3a2f986f2498a538b1c111c79fb90 relation_members_raw=18 relation_origins_registered=3 relation_origins_rejected_unary_after_shadowing=12 relation_origins_rejected_unreachable=52 relation_origins_seen=15 relation_unbound_key_templates=4 root_context_sink_filtered=0 same_outer_root_filtered=0 same_static_block_filtered=4 scalar_variables_skipped=242 storage_context_mismatch=0 variables_considered=245
INFO:Detectors:

[MV-SI candidate 29269393e2a9759eca39] {_userLockedAmounts, discountFactor}
 writer root       -> src/managers/MigrationManager.sol::MigrationManager.configUpdated()
 writer effect     -> src/managers/MigrationManager.sol:74
 written member    -> ('SV', 'src/managers/MigrationManager.sol', 'MigrationManager.discountFactor')
 potentially stale -> ('SV', 'src/managers/MigrationManager.sol', 'MigrationManager._userLockedAmounts')
 reader witnesses  -> 10
 storage exposures -> 1
[MV-SI candidate 9aa1b2f5a584c06ac2f4] {_userLockedAmounts, discountFactor}
 writer root       -> src/managers/MigrationManager.sol::MigrationManager.loadMigrationSnapshot(address[],IMigrationManager.MigrationSnapshotData[])
 writer effect     -> src/managers/MigrationManager.sol:115
 written member    -> ('SV', 'src/managers/MigrationManager.sol', 'MigrationManager._userLockedAmounts')
 potentially stale -> ('SV', 'src/managers/MigrationManager.sol', 'MigrationManager.discountFactor')
 reader witnesses  -> 8
 storage exposures -> 1
[MV-SI candidate de8036d3ee369d80e58a] {_userLockedAmounts, discountFactor}
 writer root       -> src/managers/MigrationManager.sol::MigrationManager.loadMigrationSnapshot(address[],IMigrationManager.MigrationSnapshotData[])
 writer effect     -> src/managers/MigrationManager.sol:111
 written member    -> ('SV', 'src/managers/MigrationManager.sol', 'MigrationManager._userLockedAmounts')
 potentially stale -> ('SV', 'src/managers/MigrationManager.sol', 'MigrationManager.discountFactor')
 reader witnesses  -> 8
 storage exposures -> 1
[MV-SI candidate f612fabf0d3a71cbcdde] {_userLockedAmounts, discountFactor}
 writer root       -> src/managers/MigrationManager.sol::MigrationManager.loadMigrationSnapshot(address[],IMigrationManager.MigrationSnapshotData[])
 writer effect     -> src/managers/MigrationManager.sol:109
 written member    -> ('SV', 'src/managers/MigrationManager.sol', 'MigrationManager._userLockedAmounts')
 potentially stale -> ('SV', 'src/managers/MigrationManager.sol', 'MigrationManager.discountFactor')
 reader witnesses  -> 8
 storage exposures -> 1Reference: https://github.com/crytic/slither/wiki/Detector-Documentation
INFO:Slither:mvscan-standard-input.json analyzed (108 contracts with 1 detectors), 4 result(s) found
