'/tmp/.svm/0.8.18/solc-0.8.18 --version' running
'solc --standard-json --allow-paths /tmp/analysis-input' running
Warning: Warning: This contract has a payable fallback function, but no receive ether function. Consider adding a receive ether function.
 --> src/governance/GovernorBravoDelegator.sol:7:1:
  |
7 | contract GovernorBravoDelegator is GovernorBravoDelegatorStorage, GovernorBravoEvents {
  | ^ (Relevant source part starts here and spans across multiple lines).
Note: The payable fallback function is defined here.
  --> src/governance/GovernorBravoDelegator.sol:71:5:
   |
71 |     fallback() external payable {
   |     ^ (Relevant source part starts here and spans across multiple lines).


Warning: Warning: This contract has a payable fallback function, but no receive ether function. Consider adding a receive ether function.
 --> src/out-of-scope/governance/GovernorBravoDelegator.sol:6:1:
  |
6 | contract GovernorBravoDelegator is GovernorBravoDelegatorStorage, GovernorBravoEvents {
  | ^ (Relevant source part starts here and spans across multiple lines).
Note: The payable fallback function is defined here.
  --> src/out-of-scope/governance/GovernorBravoDelegator.sol:70:5:
   |
70 |     fallback() external payable {
   |     ^ (Relevant source part starts here and spans across multiple lines).


Warning: Warning: This contract has a payable fallback function, but no receive ether function. Consider adding a receive ether function.
  --> src/ulysses-omnichain/BranchBridgeAgent.sol:58:1:
   |
58 | contract BranchBridgeAgent is IBranchBridgeAgent {
   | ^ (Relevant source part starts here and spans across multiple lines).
Note: The payable fallback function is defined here.
    --> src/ulysses-omnichain/BranchBridgeAgent.sol:1419:5:
     |
1419 |     fallback() external payable {}
     |     ^^^^^^^^^^^^^^^^^^^^^^^^^^^^^^


Warning: Warning: This contract has a payable fallback function, but no receive ether function. Consider adding a receive ether function.
  --> src/ulysses-omnichain/ArbitrumBranchBridgeAgent.sol:67:1:
   |
67 | contract ArbitrumBranchBridgeAgent is BranchBridgeAgent {
   | ^ (Relevant source part starts here and spans across multiple lines).
Note: The payable fallback function is defined here.
    --> src/ulysses-omnichain/BranchBridgeAgent.sol:1419:5:
     |
1419 |     fallback() external payable {}
     |     ^^^^^^^^^^^^^^^^^^^^^^^^^^^^^^


Warning: Warning: This contract has a payable fallback function, but no receive ether function. Consider adding a receive ether function.
  --> src/ulysses-omnichain/CoreBranchRouter.sol:19:1:
   |
19 | contract CoreBranchRouter is BaseBranchRouter {
   | ^ (Relevant source part starts here and spans across multiple lines).
Note: The payable fallback function is defined here.
   --> src/ulysses-omnichain/CoreBranchRouter.sol:284:5:
    |
284 |     fallback() external payable {}
    |     ^^^^^^^^^^^^^^^^^^^^^^^^^^^^^^


Warning: Warning: This contract has a payable fallback function, but no receive ether function. Consider adding a receive ether function.
  --> src/ulysses-omnichain/ArbitrumCoreBranchRouter.sol:37:1:
   |
37 | contract ArbitrumCoreBranchRouter is CoreBranchRouter {
   | ^ (Relevant source part starts here and spans across multiple lines).
Note: The payable fallback function is defined here.
   --> src/ulysses-omnichain/CoreBranchRouter.sol:284:5:
    |
284 |     fallback() external payable {}
    |     ^^^^^^^^^^^^^^^^^^^^^^^^^^^^^^


Warning: Warning: This contract has a payable fallback function, but no receive ether function. Consider adding a receive ether function.
  --> src/ulysses-omnichain/RootBridgeAgent.sol:90:1:
   |
90 | contract RootBridgeAgent is IRootBridgeAgent {
   | ^ (Relevant source part starts here and spans across multiple lines).
Note: The payable fallback function is defined here.
    --> src/ulysses-omnichain/RootBridgeAgent.sol:1334:5:
     |
1334 |     fallback() external payable {}
     |     ^^^^^^^^^^^^^^^^^^^^^^^^^^^^^^


Warning: Warning: Visibility for constructor is ignored. If you want the contract to be non-deployable, making it "abstract" is sufficient.
 --> src/governance/GovernorBravoDelegator.sol:8:5:
  |
8 |     constructor(
  |     ^ (Relevant source part starts here and spans across multiple lines).


Warning: Warning: Visibility for constructor is ignored. If you want the contract to be non-deployable, making it "abstract" is sufficient.
 --> src/out-of-scope/governance/GovernorBravoDelegator.sol:7:5:
  |
7 |     constructor(
  |     ^ (Relevant source part starts here and spans across multiple lines).


Warning: Warning: Unreachable code.
    --> src/ulysses-omnichain/BranchBridgeAgent.sol:1037:13:
     |
1037 |             return;
     |             ^^^^^^^


Warning: Warning: Unreachable code.
    --> src/ulysses-omnichain/BranchBridgeAgent.sol:1052:13:
     |
1052 |             return;
     |             ^^^^^^^


Warning: Warning: Unreachable code.
    --> src/ulysses-omnichain/BranchBridgeAgent.sol:1071:13:
     |
1071 |             return;
     |             ^^^^^^^


Warning: Warning: Unreachable code.
    --> src/ulysses-omnichain/BranchBridgeAgent.sol:1151:17:
     |
1151 |                 return (true, "already executed tx");
     |                 ^^^^^^^^^^^^^^^^^^^^^^^^^^^^^^^^^^^^


Warning: Warning: Unreachable code.
    --> src/ulysses-omnichain/BranchBridgeAgent.sol:1173:17:
     |
1173 |                 return (true, "already executed tx");
     |                 ^^^^^^^^^^^^^^^^^^^^^^^^^^^^^^^^^^^^


Warning: Warning: Unreachable code.
    --> src/ulysses-omnichain/BranchBridgeAgent.sol:1197:17:
     |
1197 |                 return (true, "already executed tx");
     |                 ^^^^^^^^^^^^^^^^^^^^^^^^^^^^^^^^^^^^



[mvscan-config] {"ATOMIC_GROUP": [], "DIVERGENCE_BUDGET": 1000, "ENABLE_BRANCH_GROUPS": false, "ENABLE_EXTERNAL_STATE": true, "ENABLE_MULTI_RETURN_GROUPS": true, "MAPPING_MODE": "precise", "MERGE_OVERLOADS": false, "MVSCAN_ABLATION": "no_branch_groups", "MVSCAN_CONTEXTUAL_KEYS": true, "MVSCAN_INCLUDE_SCALAR_WITNESSES": false, "MVSCAN_INTERFACE_DISPATCH": false, "MVSCAN_MAX_CONTEXTS_PER_OWNER_BLOCK": 128, "MVSCAN_MAX_DISPATCH_TARGETS": 16, "MVSCAN_REQUIRE_DISTINCT_OUTER_ROOTS": false, "MVSCAN_ROOT_CONTEXT_SINKS": false, "NOOP_WRITE_FILTER": true, "REQUIRE_SAME_SLOT_KEY": true, "SINK_TEST": "none", "USER_CALLABLE_ALWAYS": [], "USER_CALLABLE_DENY": []}
[mvscan-stage] icfg-built blocks=9163 vars=630
[mvscan-stage] root-seeding-done eligible_exposures=756 seeded=453 multi_exposure_entry_blocks=77 collapsed_contextual_aliases=303 excluded_dependency=0 excluded_interface=395 excluded_library=8 excluded_abstract=240 missing_entry_point=8 missing_entry_block=0
[mvscan-pairs] call_target_digest=0733e9f8720580dad067d59e0f0dfabcc59f7dd76b77db8726c6851d1d62fd66 candidate_count=18 candidate_digest=a2a5b83e39a9234c14411b2664de41b231e6fcdf00924ef722209c88b1f8ff61 context_instance_count=42 eligible_readers=38 eligible_writers=43 execution_context_digest=05cf0801d2d464750c59dbe1045212620b00c73941fd845526398c2c74758265 insensitive_readers_filtered=361 invalid_partial_write_filtered=0 must_full_relation_filtered=0 omitted_member_evidence_filtered=0 omitted_member_not_sensitive_filtered=589 owner_context_pairs=42 owner_context_pairs_considered=22311 raw_block_pairs=241 reader_witness_count=42 relation_base_members_shadowed=0 relation_context_incompatible=2073 relation_digest=e88714f4e2c94cae81a188dfbb7be3f983d0ce219cc37fee9ebc0455a4e5d520 relation_members_raw=64 relation_origins_registered=17 relation_origins_rejected_unary_after_shadowing=30 relation_origins_rejected_unreachable=57 relation_origins_seen=47 relation_unbound_key_templates=154 root_context_sink_filtered=0 same_outer_root_filtered=0 same_static_block_filtered=16 scalar_variables_skipped=312 storage_context_mismatch=19607 variables_considered=329
INFO:Detectors:

[MV-SI candidate 105af4ee82797b059cd9] {balanceOf[$arg0], userDelegatedVotes[$arg0]}
 writer root       -> src/erc-20/ERC20MultiVotes.sol::ERC20MultiVotes.transfer(address,uint256)
 writer effect     -> src/erc-20/ERC20MultiVotes.sol:353
 written member    -> ('MS', 'src/erc-20/ERC20MultiVotes.sol', 'ERC20MultiVotes.userDelegatedVotes', '$arg0')
 potentially stale -> ('MS', 'lib/solmate/src/tokens/ERC20.sol', 'ERC20.balanceOf', '$arg0')
 reader witnesses  -> 3
 storage exposures -> 1
[MV-SI candidate 243bad63241865e79c47] {balanceOf[$arg0], userDelegatedVotes[$arg0]}
 writer root       -> src/erc-20/ERC20Gauges.sol::ERC20Gauges.transferFrom(address,address,uint256)
 writer effect     -> src/erc-20/ERC20MultiVotes.sol:353
 written member    -> ('MS', 'src/erc-20/ERC20MultiVotes.sol', 'ERC20MultiVotes.userDelegatedVotes', '$arg0')
 potentially stale -> ('MS', 'lib/solmate/src/tokens/ERC20.sol', 'ERC20.balanceOf', '$arg0')
 reader witnesses  -> 1
 storage exposures -> 1
[MV-SI candidate 47d60c89caf7eef1c881] {balanceOf[$arg0], userDelegatedVotes[$arg0]}
 writer root       -> src/erc-20/ERC20MultiVotes.sol::ERC20MultiVotes.transferFrom(address,address,uint256)
 writer effect     -> src/erc-20/ERC20MultiVotes.sol:353
 written member    -> ('MS', 'src/erc-20/ERC20MultiVotes.sol', 'ERC20MultiVotes.userDelegatedVotes', '$arg0')
 potentially stale -> ('MS', 'lib/solmate/src/tokens/ERC20.sol', 'ERC20.balanceOf', '$arg0')
 reader witnesses  -> 3
 storage exposures -> 1
[MV-SI candidate 51660483a9412c3cb440] {balanceOf[$arg0], getUserBoost[$arg0]}
 writer root       -> src/erc-20/ERC20Boost.sol::ERC20Boost.attach(address)
 writer effect     -> src/erc-20/ERC20Boost.sol:127
 written member    -> ('MS', 'src/erc-20/ERC20Boost.sol', 'ERC20Boost.getUserBoost', '$arg0')
 potentially stale -> ('MS', 'lib/solmate/src/tokens/ERC20.sol', 'ERC20.balanceOf', '$arg0')
 reader witnesses  -> 1
 storage exposures -> 1
[MV-SI candidate 5795fd13bc834833f2ff] {balanceOf[$arg0], userDelegatedVotes[$arg0]}
 writer root       -> src/erc-20/ERC20MultiVotes.sol::ERC20MultiVotes.delegate(address)
 writer effect     -> src/erc-20/ERC20MultiVotes.sol:200
 written member    -> ('MS', 'src/erc-20/ERC20MultiVotes.sol', 'ERC20MultiVotes.userDelegatedVotes', '$arg0')
 potentially stale -> ('MS', 'lib/solmate/src/tokens/ERC20.sol', 'ERC20.balanceOf', '$arg0')
 reader witnesses  -> 4
 storage exposures -> 2
[MV-SI candidate 61a75624245f95ba0c68] {balanceOf[$arg0], userDelegatedVotes[$arg0]}
 writer root       -> src/erc-20/ERC20MultiVotes.sol::ERC20MultiVotes.transferFrom(address,address,uint256)
 writer effect     -> lib/solmate/src/tokens/ERC20.sol:99
 written member    -> ('MS', 'lib/solmate/src/tokens/ERC20.sol', 'ERC20.balanceOf', '$arg0')
 potentially stale -> ('MS', 'src/erc-20/ERC20MultiVotes.sol', 'ERC20MultiVotes.userDelegatedVotes', '$arg0')
 reader witnesses  -> 2
 storage exposures -> 1
[MV-SI candidate 632d858f528983b28d13] {balanceOf[$arg0], userDelegatedVotes[$arg0]}
 writer root       -> src/erc-20/ERC20Gauges.sol::ERC20Gauges.transfer(address,uint256)
 writer effect     -> src/erc-20/ERC20MultiVotes.sol:353
 written member    -> ('MS', 'src/erc-20/ERC20MultiVotes.sol', 'ERC20MultiVotes.userDelegatedVotes', '$arg0')
 potentially stale -> ('MS', 'lib/solmate/src/tokens/ERC20.sol', 'ERC20.balanceOf', '$arg0')
 reader witnesses  -> 1
 storage exposures -> 1
[MV-SI candidate 65ea97b05de709992301] {balanceOf[$arg0], userDelegatedVotes[$arg0]}
 writer root       -> src/erc-20/ERC20MultiVotes.sol::ERC20MultiVotes.delegate(address)
 writer effect     -> src/erc-20/ERC20MultiVotes.sol:229
 written member    -> ('MS', 'src/erc-20/ERC20MultiVotes.sol', 'ERC20MultiVotes.userDelegatedVotes', '$arg0')
 potentially stale -> ('MS', 'lib/solmate/src/tokens/ERC20.sol', 'ERC20.balanceOf', '$arg0')
 reader witnesses  -> 4
 storage exposures -> 2
[MV-SI candidate 7a4e0436bf819efd9f04] {balanceOf[$arg0], userDelegatedVotes[$arg0]}
 writer root       -> src/hermes/tokens/bHermesVotes.sol::bHermesVotes.mint(address,uint256)
 writer effect     -> lib/solmate/src/tokens/ERC20.sol:189
 written member    -> ('MS', 'lib/solmate/src/tokens/ERC20.sol', 'ERC20.balanceOf', '$arg0')
 potentially stale -> ('MS', 'src/erc-20/ERC20MultiVotes.sol', 'ERC20MultiVotes.userDelegatedVotes', '$arg0')
 reader witnesses  -> 2
 storage exposures -> 1
[MV-SI candidate 7d120cd0bf1183f938b3] {balanceOf[$arg0], userDelegatedVotes[$arg0]}
 writer root       -> src/erc-20/ERC20MultiVotes.sol::ERC20MultiVotes.transferFrom(address,address,uint256)
 writer effect     -> lib/solmate/src/tokens/ERC20.sol:104
 written member    -> ('MS', 'lib/solmate/src/tokens/ERC20.sol', 'ERC20.balanceOf', '$arg0')
 potentially stale -> ('MS', 'src/erc-20/ERC20MultiVotes.sol', 'ERC20MultiVotes.userDelegatedVotes', '$arg0')
 reader witnesses  -> 2
 storage exposures -> 1
[MV-SI candidate 8066065e4d236473352b] {balanceOf[$arg0], userDelegatedVotes[$arg0]}
 writer root       -> src/erc-20/ERC20MultiVotes.sol::ERC20MultiVotes.transfer(address,uint256)
 writer effect     -> lib/solmate/src/tokens/ERC20.sol:82
 written member    -> ('MS', 'lib/solmate/src/tokens/ERC20.sol', 'ERC20.balanceOf', '$arg0')
 potentially stale -> ('MS', 'src/erc-20/ERC20MultiVotes.sol', 'ERC20MultiVotes.userDelegatedVotes', '$arg0')
 reader witnesses  -> 2
 storage exposures -> 1
[MV-SI candidate 84861d7019046e6637b2] {balanceOf[$arg0], getUserBoost[$arg0]}
 writer root       -> src/erc-20/ERC20Boost.sol::ERC20Boost.decrementAllGaugesAllBoost()
 writer effect     -> src/erc-20/ERC20Boost.sol:249
 written member    -> ('MS', 'src/erc-20/ERC20Boost.sol', 'ERC20Boost.getUserBoost', '$arg0')
 potentially stale -> ('MS', 'lib/solmate/src/tokens/ERC20.sol', 'ERC20.balanceOf', '$arg0')
 reader witnesses  -> 1
 storage exposures -> 1
[MV-SI candidate a3de95d796f373f1077d] {balanceOf[$arg0], userDelegatedVotes[$arg0]}
 writer root       -> src/hermes/tokens/bHermesVotes.sol::bHermesVotes.burn(address,uint256)
 writer effect     -> lib/solmate/src/tokens/ERC20.sol:196
 written member    -> ('MS', 'lib/solmate/src/tokens/ERC20.sol', 'ERC20.balanceOf', '$arg0')
 potentially stale -> ('MS', 'src/erc-20/ERC20MultiVotes.sol', 'ERC20MultiVotes.userDelegatedVotes', '$arg0')
 reader witnesses  -> 2
 storage exposures -> 1
[MV-SI candidate ae0a3629cbcafbe26360] {balanceOf[$arg0], userDelegatedVotes[$arg0]}
 writer root       -> src/erc-20/ERC20MultiVotes.sol::ERC20MultiVotes.transfer(address,uint256)
 writer effect     -> lib/solmate/src/tokens/ERC20.sol:77
 written member    -> ('MS', 'lib/solmate/src/tokens/ERC20.sol', 'ERC20.balanceOf', '$arg0')
 potentially stale -> ('MS', 'src/erc-20/ERC20MultiVotes.sol', 'ERC20MultiVotes.userDelegatedVotes', '$arg0')
 reader witnesses  -> 2
 storage exposures -> 1
[MV-SI candidate b54b2915e1140c983c06] {balanceOf[$arg0], userDelegatedVotes[$arg0]}
 writer root       -> src/erc-20/ERC20MultiVotes.sol::ERC20MultiVotes.incrementDelegation(address,uint256)
 writer effect     -> src/erc-20/ERC20MultiVotes.sol:200
 written member    -> ('MS', 'src/erc-20/ERC20MultiVotes.sol', 'ERC20MultiVotes.userDelegatedVotes', '$arg0')
 potentially stale -> ('MS', 'lib/solmate/src/tokens/ERC20.sol', 'ERC20.balanceOf', '$arg0')
 reader witnesses  -> 4
 storage exposures -> 2
[MV-SI candidate cd441b46e35e3e254d90] {balanceOf[$arg0], userDelegatedVotes[$arg0]}
 writer root       -> src/erc-20/ERC20MultiVotes.sol::ERC20MultiVotes.undelegate(address,uint256)
 writer effect     -> src/erc-20/ERC20MultiVotes.sol:229
 written member    -> ('MS', 'src/erc-20/ERC20MultiVotes.sol', 'ERC20MultiVotes.userDelegatedVotes', '$arg0')
 potentially stale -> ('MS', 'lib/solmate/src/tokens/ERC20.sol', 'ERC20.balanceOf', '$arg0')
 reader witnesses  -> 4
 storage exposures -> 2
[MV-SI candidate e6780de3f945b3be0693] {balanceOf[$arg0], userDelegatedVotes[$arg0]}
 writer root       -> src/hermes/tokens/bHermesVotes.sol::bHermesVotes.burn(address,uint256)
 writer effect     -> src/erc-20/ERC20MultiVotes.sol:353
 written member    -> ('MS', 'src/erc-20/ERC20MultiVotes.sol', 'ERC20MultiVotes.userDelegatedVotes', '$arg0')
 potentially stale -> ('MS', 'lib/solmate/src/tokens/ERC20.sol', 'ERC20.balanceOf', '$arg0')
 reader witnesses  -> 3
 storage exposures -> 1
[MV-SI candidate f680674aa4f6115d1027] {balanceOf[$arg0], getUserBoost[$arg0]}
 writer root       -> src/erc-20/ERC20Boost.sol::ERC20Boost.updateUserBoost(address)
 writer effect     -> src/erc-20/ERC20Boost.sol:169
 written member    -> ('MS', 'src/erc-20/ERC20Boost.sol', 'ERC20Boost.getUserBoost', '$arg0')
 potentially stale -> ('MS', 'lib/solmate/src/tokens/ERC20.sol', 'ERC20.balanceOf', '$arg0')
 reader witnesses  -> 1
 storage exposures -> 1Reference: https://github.com/crytic/slither/wiki/Detector-Documentation
INFO:Slither:mvscan-standard-input.json analyzed (227 contracts with 1 detectors), 18 result(s) found
