'/tmp/.svm/0.8.9/solc-0.8.9 --version' running
'solc --standard-json --allow-paths /tmp/analysis-input' running
Warning: Warning: Contract code size exceeds 24576 bytes (a limit introduced in Spurious Dragon). This contract may not be deployable on mainnet. Consider enabling the optimizer (with a low "runs" value!), turning off revert strings, or using libraries.
  --> contracts/dex-v2/pool/VaderPoolV2.sol:26:1:
   |
26 | contract VaderPoolV2 is IVaderPoolV2, BasePoolV2, Ownable {
   | ^ (Relevant source part starts here and spans across multiple lines).


Warning: Warning: Contract code size exceeds 24576 bytes (a limit introduced in Spurious Dragon). This contract may not be deployable on mainnet. Consider enabling the optimizer (with a low "runs" value!), turning off revert strings, or using libraries.
  --> contracts/dex/pool/VaderPoolFactory.sol:22:1:
   |
22 | contract VaderPoolFactory is IVaderPoolFactory, ProtocolConstants, Ownable {
   | ^ (Relevant source part starts here and spans across multiple lines).


Warning: Warning: Contract code size exceeds 24576 bytes (a limit introduced in Spurious Dragon). This contract may not be deployable on mainnet. Consider enabling the optimizer (with a low "runs" value!), turning off revert strings, or using libraries.
  --> contracts/mocks/MockUniswapV2Router.sol:14:1:
   |
14 | contract MockUniswapV2Router is IUniswapV2Router02 {
   | ^ (Relevant source part starts here and spans across multiple lines).



[mvscan-config] {"ATOMIC_GROUP": [], "DIVERGENCE_BUDGET": 1000, "ENABLE_BRANCH_GROUPS": false, "ENABLE_EXTERNAL_STATE": true, "ENABLE_MULTI_RETURN_GROUPS": true, "MAPPING_MODE": "precise", "MERGE_OVERLOADS": false, "MVSCAN_ABLATION": "no_branch_groups", "MVSCAN_CONTEXTUAL_KEYS": true, "MVSCAN_INCLUDE_SCALAR_WITNESSES": false, "MVSCAN_INTERFACE_DISPATCH": false, "MVSCAN_MAX_CONTEXTS_PER_OWNER_BLOCK": 128, "MVSCAN_MAX_DISPATCH_TARGETS": 16, "MVSCAN_REQUIRE_DISTINCT_OUTER_ROOTS": false, "MVSCAN_ROOT_CONTEXT_SINKS": false, "NOOP_WRITE_FILTER": true, "REQUIRE_SAME_SLOT_KEY": true, "SINK_TEST": "none", "USER_CALLABLE_ALWAYS": [], "USER_CALLABLE_DENY": []}
[mvscan-stage] icfg-built blocks=3727 vars=232
[mvscan-stage] root-seeding-done eligible_exposures=285 seeded=160 multi_exposure_entry_blocks=52 collapsed_contextual_aliases=125 excluded_dependency=0 excluded_interface=150 excluded_library=0 excluded_abstract=23 missing_entry_point=2 missing_entry_block=0
[mvscan-pairs] call_target_digest=351a2e418eda4273ddeb3ed4e53ebb4e81e95e744fc05c68af5a02ad88474ec5 candidate_count=0 candidate_digest=4f53cda18c2baa0c0354bb5f9a3ecbe5ed12ab4d8e11ba873c2f11161202b945 context_instance_count=0 execution_context_digest=75a111da52fc5ea63ee77b5b5fae854f62ce73824983b4b5da441dd9a5d53d01 insensitive_readers_filtered=19 invalid_partial_write_filtered=0 must_full_relation_filtered=0 omitted_member_evidence_filtered=0 omitted_member_not_sensitive_filtered=0 owner_context_pairs=0 owner_context_pairs_considered=0 reader_witness_count=0 relation_base_members_shadowed=0 relation_context_incompatible=0 relation_digest=6672edf19380869cef2e43be65e20380437fc0a7564b9fd2b8fad4f07cc97e6d relation_members_raw=20 relation_origins_registered=1 relation_origins_rejected_unary_after_shadowing=17 relation_origins_rejected_unreachable=25 relation_origins_seen=18 relation_unbound_key_templates=20 root_context_sink_filtered=0 same_outer_root_filtered=0 scalar_variables_skipped=134 storage_context_mismatch=0 variables_considered=135
INFO:Slither:mvscan-standard-input.json analyzed (110 contracts with 1 detectors), 0 result(s) found
